
 Primary working directories    : /scr/yuriaoto/job.023604/molpro.cdp6M238m6
 Secondary working directories  : /scr/yuriaoto/job.023604/molpro.cdp6M238m6
 Wavefunction directory         : /scr/yuriaoto/job.023604/
 Main file repository           : /scr/yuriaoto/job.023604/molpro.cdp6M238m6/

 id        : yuriaoto

 Nodes             nprocs
 t-rex.ufabc.int.br    1

 Using customized tuning parameters: mindgm=8; mindgv=16; mindgc=1; mindgr=1; noblas=0; minvec=7
 default implementation of scratch files=df  


 Variables initialized (933), CPU time= 0.01 sec
 ***,
 memory,40,m
 gprint,orbital,basis,civector
 gthresh,thrprint=0,printci=0.0
 file,3,wfu.dat,old
 
 {ccsd,CC_NORM_MAX=10.0
 nosingle
 thresh,printci=0.0,ENERGY=1.0E-10,COEFF=1.0E-12
 print,ref=1
 core,0
 wf,10,1,0;
 }
 
 Commands  initialized (760), CPU time= 0.02 sec, 617 directives.
 Default parameters read. Elapsed time= 0.07 sec

 Checking input...
 Passed
1


                                         ***  PROGRAM SYSTEM MOLPRO  ***
                                       Copyright, TTI GmbH Stuttgart, 2015
                                    Version 2019.2 linked Abr  7 2019 15:10:35


 **********************************************************************************************************************************
 LABEL *                                                                                 
  64 bit serial version                                                                  DATE: 05-Jun-20          TIME: 21:35:21  
 **********************************************************************************************************************************

 SHA1:             3a8a58c585c929645742fb5a1b7541a4ad1da699
 **********************************************************************************************************************************


 THRESHOLDS:

 ZERO    =  1.00D-12  ONEINT  =  1.00D-12  TWOINT  =  1.00D-11  PREFAC  =  1.00D-14  XXXXXX  =  1.00D-09  EORDER  =  1.00D-04
 ENERGY  =  0.00D+00  ETEST   =  0.00D+00  EDENS   =  0.00D+00  THRDEDEF=  1.00D-06  GRADIENT=  1.00D-02  STEP    =  1.00D-03
 ORBITAL =  1.00D-05  CIVEC   =  1.00D-05  COEFF   =  1.00D-04  PRINTCI =  0.00D+00  PUNCHCI =  9.90D+01  OPTGRAD =  3.00D-04
 OPTENERG=  1.00D-06  OPTSTEP =  3.00D-04  THRGRAD =  1.00D-10  COMPRESS=  1.00D-11  VARMIN  =  1.00D-07  VARMAX  =  1.00D-03
 THRDOUB =  0.00D+00  THRDIV  =  1.00D-05  THRRED  =  1.00D-07  THRPSP  =  1.00D+00  THRDC   =  1.00D-10  THRCS   =  1.00D-10
 THRNRM  =  1.00D-08  THREQ   =  0.00D+00  THRDE   =  1.00D+00  THRREF  =  1.00D-05  SPARFAC =  1.00D+00  THRDLP  =  1.00D-07
 THRDIA  =  1.00D-10  THRDLS  =  1.00D-07  THRGPS  =  0.00D+00  THRKEX  =  0.00D+00  THRDIS  =  2.00D-01  THRVAR  =  1.00D-10
 THRLOC  =  1.00D-06  THRGAP  =  1.00D-06  THRLOCT = -1.00D+00  THRGAPT = -1.00D+00  THRORB  =  1.00D-06  THRMLTP =  0.00D+00
 THRCPQCI=  1.00D-10  KEXTA   =  0.00D+00  THRCOARS=  0.00D+00  SYMTOL  =  1.00D-06  GRADTOL =  1.00D-06  THROVL  =  1.00D-08
 THRORTH =  1.00D-08  GRID    =  1.00D-06  GRIDMAX =  1.00D-03  DTMAX   =  0.00D+00  THROCCDE=  1.00D-01  THROCCDE=  1.00D-01
 THRPRINT=  0.00D+00


 Variable memory set to   40000000 words,  buffer space 



 Permanent file  3  wfu.dat  assigned.  Implementation=df    Size= 14.09 MB


 PROGRAM * RESTART 


 Reading variables from file 3

 _FNUC           =      0.00000000
 _BASIS          =    STO-3G
 _NELEC          =     10.00000000
 _PROGRAM        =    HF-SCF
 _DMZ            =      0.40258781
 _DMX_SCF        =      0.00000000
 _DMY_SCF        =      0.00000000
 _DMZ_SCF        =      0.40258781
 _HOMO           =      3.10000000
 _EHOMO          =     -0.37075380
 _LUMO           =      4.10000000
 _ELUMO          =      0.24307043
 _ENERGY         =    -74.70421439
 _ENERGY_METHOD  =    HF
 _ENERGY_BASIS   =    STO-3G
 _ENUC           =      5.86779464
 _EPS1(1:3)      =    -20.30905298    -1.14293528    -0.37075380
 _EPS2           =     -0.39986588
 _EPS3           =     -0.40622684
 _IPROC_MPP      =      0.00000000
 _IPROC_MPPX     =      0.00000000
 _ORBITAL        =   2100.30000000
 _STATUS         =      1.00000000
 _DATE           =    21-Oct-19
 _LASTORB        =    RHF
 _OUTPUT         =    /scr/yuriaoto/job.022438/RHF.xml
 _PGROUP         =    C2v 
 _TIME           =    13:44:19
 R               =      1.50000000
 A               =    104.40000000

 Geometry written to block  1 of record 700


 **********************************************************************************************************************************
 DATASETS  * FILE   NREC   LENGTH (MB)   RECORD NAMES
              3       5       14.78       500      610      700     1000     2100   
                                          VAR    BASINP    GEOM     BASIS     RHF  

 PROGRAMS   *        TOTAL   RESTART
 CPU TIMES  *         0.16      0.01
 REAL TIME  *         0.20 SEC
 DISK USED  *        26.85 MB
 **********************************************************************************************************************************


 Recomputing integrals since basis changed


 Using spherical harmonics

 Library entry H      S STO-3G               selected for orbital group  1
 Library entry O      S STO-3G               selected for orbital group  2
 Library entry O      P STO-3G               selected for orbital group  2


 PROGRAM * SEWARD (Integral evaluation for generally contracted gaussian basis sets)     Author: Roland Lindh, 1990

 Geometry written to block  1 of record 700

 Orientation using atomic masses  
 Molecule type: Asymmetric top,     Order of principal axis = 2
 Symmetry elements: X,Y
 Rotational constants:     116.3109047    333.9781665    178.4618522 GHz  (calculated with average atomic masses)

 Point group  C2v 



 ATOMIC COORDINATES

 NR  ATOM    CHARGE       X              Y              Z

   1  H1      1.00    0.000000000   -2.239764854    1.542934271
   2  H2      1.00    0.000000000    2.239764854    1.542934271
   3  O       8.00    0.000000000    0.000000000   -0.194405436


 BASIS DATA

   Nr Sym  Nuc  Type         Exponents   Contraction coefficients

    1.1 A1    1  1s           3.425251     0.154329
              2  1s           0.623914     0.535328
                              0.168855     0.444635
    2.1 A1    3  1s         130.709320     0.154329
                             23.808861     0.535328
                              6.443608     0.444635
    3.1 A1    3  1s           5.033151    -0.099967
                              1.169596     0.399513
                              0.380389     0.700115
    4.1 A1    3  2pz          5.033151     0.155916
                              1.169596     0.607684
                              0.380389     0.391957
    1.2 B1    3  2px          5.033151     0.155916
                              1.169596     0.607684
                              0.380389     0.391957
    1.3 B2    1  1s           3.425251     0.154329
              2 -1s           0.623914     0.535328
                              0.168855     0.444635
    2.3 B2    3  2py          5.033151     0.155916
                              1.169596     0.607684
                              0.380389     0.391957

 NUCLEAR CHARGE:                   10
 NUMBER OF PRIMITIVE AOS:          21
 NUMBER OF SYMMETRY AOS:           21
 NUMBER OF CONTRACTIONS:            7   (    4A1  +    1B1  +    2B2  +    0A2  )
 NUMBER OF CORE ORBITALS:           1   (    1A1  +    0B1  +    0B2  +    0A2  )
 NUMBER OF VALENCE ORBITALS:        6   (    3A1  +    1B1  +    2B2  +    0A2  )


 NUCLEAR REPULSION ENERGY    5.86779464

 Eigenvalues of metric

         1 0.638E+00 0.897E+00 0.110E+01 0.143E+01
         2 0.100E+01
         3 0.746E+00 0.119E+01


 Contracted 2-electron integrals neglected if value below      1.0D-11
 AO integral compression algorithm  1   Integral accuracy      1.0D-11

     0.262 MB (compressed) written to integral file (100.0%)


 NUMBER OF SORTED TWO-ELECTRON INTEGRALS:        191.     BUFFER LENGTH:  32768
 NUMBER OF SEGMENTS:   1  SEGMENT LENGTH:        191      RECORD LENGTH: 524288

 Memory used in sort:       0.56 MW

 SORT1 READ         227. AND WROTE         171. INTEGRALS IN      1 RECORDS. CPU TIME:     0.00 SEC, REAL TIME:     0.01 SEC
 SORT2 READ         171. AND WROTE         191. INTEGRALS IN      1 RECORDS. CPU TIME:     0.00 SEC, REAL TIME:     0.00 SEC

 FILE SIZES:   FILE 1:    30.2 MBYTE,  FILE 4:     4.2 MBYTE,   TOTAL:     34.4 MBYTE

 OPERATOR DM      FOR CENTER  0  COORDINATES:    0.000000    0.000000    0.000000


 **********************************************************************************************************************************
 DATASETS  * FILE   NREC   LENGTH (MB)   RECORD NAMES
              1      19       29.95       500      700      610      900      950      970     1000      129      960     1100   
                                          VAR     GEOM    BASINP   SYMINP    ZMAT    AOBASIS   BASIS     P2S    ABASIS      S 
                                         1400     1410     1200     1210     1080     1600     1650     1300     1700   
                                           T        V       H0       H01     AOSYM     SMH    MOLCAS    ERIS     OPER   

              3       5       14.78       500      610      700     1000     2100   
                                          VAR    BASINP    GEOM     BASIS     RHF  

 PROGRAMS   *        TOTAL       INT   RESTART
 CPU TIMES  *         0.30      0.14      0.01
 REAL TIME  *         0.43 SEC
 DISK USED  *        49.45 MB
 **********************************************************************************************************************************


 PROGRAM * CCSD (Closed-shell coupled cluster)     Authors: C. Hampel, H.-J. Werner, 1991, M. Deegan, P.J. Knowles, 1992


 Input parameters for THRESH:

 ENERGY   =    1.00D-10
 COEFF    =    1.00D-12
 PRINTCI  =    0.000000
 THRPRINT =    0.000000

 Convergence thresholds:  THRVAR = 1.00D-24  THRDEN = 1.00D-10

 Number of closed-shell orbitals:   5 (   3   1   1 )
 Number of external orbitals:       2 (   1   0   1 )

 Molecular orbitals read from record     2100.3  Type=RHF/CANONICAL (state 1.1)

 Number of N-1 electron functions:               0
 Number of N-2 electron functions:              11
 Number of singly external CSFs:                 0
 Number of doubly external CSFs:                22
 Total number of CSFs:                          23

 Length of J-op  integral file:               0.00 MB
 Length of K-op  integral file:               0.03 MB
 Length of 3-ext integral record:             0.00 MB

 Integral transformation finished. Total CPU:   0.00 sec, npass=  1  Memory used:   0.07 MW

 Reference energy:                    -74.70421439

 MP2 singlet pair energy:              -0.09779340
 MP2 triplet pair energy:              -0.01304423
 MP2 correlation energy:               -0.11083762
 MP2 total energy:                    -74.81505202

 SCS-MP2 correlation energy:           -0.12546848   (PS=  1.200000  PT=  0.333333)
 SCS-MP2 total energy:                -74.82968288

 ITER.      SQ.NORM     CORR.ENERGY   TOTAL ENERGY   ENERGY CHANGE        DEN1      VAR(S)    VAR(P)  DIIS     TIME  TIME/IT
   1      1.12540016    -0.15156782   -74.85578222    -0.04073020    -0.02487409  0.00D+00  0.78D-02  1  1     0.02     0.00
   2      1.19922829    -0.16606406   -74.87027845    -0.01449624    -0.02770927  0.00D+00  0.29D-03  2  2     0.02     0.00
   3      1.20532797    -0.16599607   -74.87021046     0.00006800    -0.00171237  0.00D+00  0.65D-04  3  3     0.02     0.00
   4      1.20926558    -0.16633053   -74.87054492    -0.00033447    -0.00081493  0.00D+00  0.17D-04  4  4     0.02     0.00
   5      1.21141958    -0.16639025   -74.87060465    -0.00005972    -0.00042327  0.00D+00  0.31D-06  5  5     0.03     0.00
   6      1.21157998    -0.16639747   -74.87061186    -0.00000721    -0.00003741  0.00D+00  0.32D-07  6  6     0.03     0.00
   7      1.21151235    -0.16639462   -74.87060901     0.00000285     0.00001528  0.00D+00  0.86D-09  6  2     0.03     0.00
   8      1.21151744    -0.16639523   -74.87060962    -0.00000061    -0.00000060  0.00D+00  0.51D-10  6  1     0.03     0.00
   9      1.21152015    -0.16639538   -74.87060977    -0.00000015    -0.00000074  0.00D+00  0.42D-11  6  4     0.04     0.00
  10      1.21152072    -0.16639526   -74.87060965     0.00000012    -0.00000024  0.00D+00  0.25D-12  6  3     0.04     0.00
  11      1.21152088    -0.16639527   -74.87060966    -0.00000001    -0.00000003  0.00D+00  0.23D-13  6  5     0.04     0.00
  12      1.21152089    -0.16639528   -74.87060967    -0.00000001     0.00000000  0.00D+00  0.20D-14  6  6     0.04     0.00
  13      1.21152085    -0.16639528   -74.87060967     0.00000000     0.00000001  0.00D+00  0.19D-15  6  2     0.05     0.00
  14      1.21152085    -0.16639528   -74.87060967    -0.00000000     0.00000000  0.00D+00  0.56D-17  6  1     0.05     0.00
  15      1.21152085    -0.16639528   -74.87060967    -0.00000000    -0.00000000  0.00D+00  0.39D-18  6  4     0.05     0.00
  16      1.21152085    -0.16639528   -74.87060967     0.00000000     0.00000000  0.00D+00  0.15D-19  6  3     0.05     0.00
  17      1.21152085    -0.16639528   -74.87060967     0.00000000     0.00000000  0.00D+00  0.17D-20  6  5     0.05     0.00
  18      1.21152085    -0.16639528   -74.87060967    -0.00000000    -0.00000000  0.00D+00  0.96D-22  6  6     0.06     0.00
  19      1.21152085    -0.16639528   -74.87060967     0.00000000    -0.00000000  0.00D+00  0.13D-22  6  2     0.06     0.00
  20      1.21152085    -0.16639528   -74.87060967     0.00000000    -0.00000000  0.00D+00  0.58D-24  6  1     0.06     0.00


 Doubles amplitudes (print threshold =  0.000E+00):

         I         J         SYM. A    SYM. B    A         B      T(IJ, AB)

         1         1         1         1         1         1     -0.00027528
         1         1         3         3         1         1     -0.00025132
         2         1         1         1         1         1     -0.00044068
         2         1         3         3         1         1     -0.00065581
         2         2         1         1         1         1     -0.02357906
         2         2         3         3         1         1     -0.02211928
         3         1         1         1         1         1     -0.00018947
         3         1         3         3         1         1      0.00016210
         3         2         1         1         1         1     -0.04298016
         3         2         3         3         1         1      0.00179488
         3         3         1         1         1         1     -0.21885134
         3         3         3         3         1         1     -0.10021593
         4         4         1         1         1         1     -0.02213664
         4         4         3         3         1         1     -0.01678829
         5         5         1         1         1         1     -0.11558995
         5         5         3         3         1         1     -0.19933611
         5         1         1         3         1         1      0.00020496
         5         1         3         1         1         1     -0.00001248
         5         2         1         3         1         1      0.02305710
         5         2         3         1         1         1      0.02544055
         5         3         1         3         1         1      0.14979205
         5         3         3         1         1         1      0.15440061


 RESULTS
 =======

  Reference energy                    -74.704214390777

  Correlated core orbitals:             1.1
  Orbital energies:                   -20.3091

  CCD core-core energy                 -0.000008889921
  CCD core-valence energy              -0.000043036875
  CCD valence correlation energy       -0.166343351865

  CCD singlet pair energy              -0.165190605415
  CCD triplet pair energy              -0.001204673245
  CCD correlation energy               -0.166395278660

 !CCD total energy                    -74.870609669437

 Timing summary (sec):

 STEP                 CPU(USER)    SYS     CPU(TOT)    WALL
 CCSD iterations         0.06      0.01      0.07      0.07

 Program statistics:

 Available memory in ccsd:                39999100
 Min. memory needed in ccsd:                   865
 Max. memory used in ccsd:                     865
 Max. memory used in cckext:                 33876 (20 integral passes)



 **********************************************************************************************************************************
 DATASETS  * FILE   NREC   LENGTH (MB)   RECORD NAMES
              1      20       29.96       500      700      610      900      950      970     1000      129      960     1100   
                                          VAR     GEOM    BASINP   SYMINP    ZMAT    AOBASIS   BASIS     P2S    ABASIS      S 
                                         1400     1410     1200     1210     1080     1600     1650     1300     1700     1380   
                                           T        V       H0       H01     AOSYM     SMH    MOLCAS    ERIS     OPER     JKOP   

              3       5       14.78       500      610      700     1000     2100   
                                          VAR    BASINP    GEOM     BASIS     RHF  

 PROGRAMS   *        TOTAL      CCSD       INT   RESTART
 CPU TIMES  *         0.42      0.12      0.14      0.01
 REAL TIME  *         0.57 SEC
 DISK USED  *        49.45 MB
 **********************************************************************************************************************************
 Molecular orbitals read from record     2100.3  Type=RHF/CANONICAL (state 1.1)
 Occupation numbers read from record     2100.3  Type=RHF/RHF (state 1.1)
 Orbital energies read from record       2100.3  Type=RHF/CANONICAL (state 1.1)
 Redundancy group numbers read from rec  2100.3  Type=RHF/RHF (state 1.1)

 CCSD/STO-3G energy=    -74.870609669437

            CCSD
    -74.87060967
 **********************************************************************************************************************************
 Molpro calculation terminated
