
 Primary working directories    : /scr/yuriaoto/job.023723/molpro.V6BJSafDey
 Secondary working directories  : /scr/yuriaoto/job.023723/molpro.V6BJSafDey
 Wavefunction directory         : /scr/yuriaoto/job.023723/
 Main file repository           : /scr/yuriaoto/job.023723/molpro.V6BJSafDey/

 id        : yuriaoto

 Nodes             nprocs
 t-rex.ufabc.int.br    1

 Using customized tuning parameters: mindgm=8; mindgv=16; mindgc=1; mindgr=1; noblas=0; minvec=7
 default implementation of scratch files=df  


 Variables initialized (933), CPU time= 0.00 sec
 ***,
 memory,40,m
 gprint,orbital,basis,civector
 gthresh,printci=0.0,thrprint=0
 file,3,wfu.dat,old
 
 {bccd,SAVEORB=2150.2,print,CC_NORM_MAX=10.0
 thresh,printci=0.0,ENERGY=1.0E-10,COEFF=1.0E-12
 print,ref=1
 wf,6,1,0;
 }
 
 {put,xml,orbitals.xml; orbital,2150.2; nosort; novariables}
 
 Commands  initialized (760), CPU time= 0.01 sec, 617 directives.
 Default parameters read. Elapsed time= 0.03 sec

 Checking input...
 Passed
1


                                         ***  PROGRAM SYSTEM MOLPRO  ***
                                       Copyright, TTI GmbH Stuttgart, 2015
                                    Version 2019.2 linked Abr  7 2019 15:10:35


 **********************************************************************************************************************************
 LABEL *                                                                                 
  64 bit serial version                                                                  DATE: 05-Jun-20          TIME: 23:41:25  
 **********************************************************************************************************************************

 SHA1:             3a8a58c585c929645742fb5a1b7541a4ad1da699
 **********************************************************************************************************************************


 THRESHOLDS:

 ZERO    =  1.00D-12  ONEINT  =  1.00D-12  TWOINT  =  1.00D-11  PREFAC  =  1.00D-14  XXXXXX  =  1.00D-09  EORDER  =  1.00D-04
 ENERGY  =  0.00D+00  ETEST   =  0.00D+00  EDENS   =  0.00D+00  THRDEDEF=  1.00D-06  GRADIENT=  1.00D-02  STEP    =  1.00D-03
 ORBITAL =  1.00D-05  CIVEC   =  1.00D-05  COEFF   =  1.00D-04  PRINTCI =  0.00D+00  PUNCHCI =  9.90D+01  OPTGRAD =  3.00D-04
 OPTENERG=  1.00D-06  OPTSTEP =  3.00D-04  THRGRAD =  1.00D-10  COMPRESS=  1.00D-11  VARMIN  =  1.00D-07  VARMAX  =  1.00D-03
 THRDOUB =  0.00D+00  THRDIV  =  1.00D-05  THRRED  =  1.00D-07  THRPSP  =  1.00D+00  THRDC   =  1.00D-10  THRCS   =  1.00D-10
 THRNRM  =  1.00D-08  THREQ   =  0.00D+00  THRDE   =  1.00D+00  THRREF  =  1.00D-05  SPARFAC =  1.00D+00  THRDLP  =  1.00D-07
 THRDIA  =  1.00D-10  THRDLS  =  1.00D-07  THRGPS  =  0.00D+00  THRKEX  =  0.00D+00  THRDIS  =  2.00D-01  THRVAR  =  1.00D-10
 THRLOC  =  1.00D-06  THRGAP  =  1.00D-06  THRLOCT = -1.00D+00  THRGAPT = -1.00D+00  THRORB  =  1.00D-06  THRMLTP =  0.00D+00
 THRCPQCI=  1.00D-10  KEXTA   =  0.00D+00  THRCOARS=  0.00D+00  SYMTOL  =  1.00D-06  GRADTOL =  1.00D-06  THROVL  =  1.00D-08
 THRORTH =  1.00D-08  GRID    =  1.00D-06  GRIDMAX =  1.00D-03  DTMAX   =  0.00D+00  THROCCDE=  1.00D-01  THROCCDE=  1.00D-01
 THRPRINT=  0.00D+00


 Variable memory set to   40000000 words,  buffer space 



 Permanent file  3  wfu.dat  assigned.  Implementation=df    Size= 14.08 MB


 PROGRAM * RESTART 


 Reading variables from file 3

 _FNUC           =      0.00000000
 _BASIS          =    6-31G
 _NELEC          =      6.00000000
 _PROGRAM        =    RHF-SCF
 _DMX_SCF        =      0.00000000
 _DMY_SCF        =      0.00000000
 _DMZ_SCF        =      0.00000000
 _HOMO           =      2.10000000
 _EHOMO          =     -0.17851736
 _LUMO           =      2.50000000
 _ELUMO          =      0.01777251
 _ENERGY         =    -14.86544674
 _ENERGY_METHOD  =    RHF
 _ENERGY_BASIS   =    6-31G
 _ENUC           =      1.80000000
 _EPS1(1:5)      =     -2.44083670    -0.17851736     0.06347959     0.19419351     0.22544151
 _EPS2(1:2)      =      0.04562594     0.20818036
 _EPS3(1:2)      =      0.04562594     0.20818036
 _EPS5(1:5)      =     -2.44048575     0.01777251     0.13971385     0.26575149     0.54809025
 _EPS6(1:2)      =      0.09250729     0.27049360
 _EPS7(1:2)      =      0.09250729     0.27049360
 _IPROC_MPP      =      0.00000000
 _IPROC_MPPX     =      0.00000000
 _ORBITAL        =   2100.30000000
 _STATUS         =      1.00000000
 _DATE           =    21-Oct-19
 _LASTORB        =    RHF
 _OUTPUT         =    /scr/yuriaoto/job.022400/RHF.xml
 _PGROUP         =    D2h 
 _TIME           =    10:18:24
 R               =      5.00000000

 Geometry written to block  1 of record 700


 **********************************************************************************************************************************
 DATASETS  * FILE   NREC   LENGTH (MB)   RECORD NAMES
              3       5       14.77       500      610      700     1000     2100   
                                          VAR    BASINP    GEOM     BASIS     RHF  

 PROGRAMS   *        TOTAL   RESTART
 CPU TIMES  *         0.09      0.01
 REAL TIME  *         0.12 SEC
 DISK USED  *        26.84 MB
 **********************************************************************************************************************************


 Recomputing integrals since basis changed


 Using spherical harmonics

 Library entry LI     S 6-31G                selected for orbital group  1
 Library entry LI     P 6-31G                selected for orbital group  1


 PROGRAM * SEWARD (Integral evaluation for generally contracted gaussian basis sets)     Author: Roland Lindh, 1990

 Geometry written to block  1 of record 700

 Orientation using atomic masses  
 Molecule type: Linear
 User-specified symmetry elements: X,Y,Z
 Symmetry elements: X,Y,Z
 Rotational constants:      20.8009354     20.8009354      0.0000000 GHz  (calculated with average atomic masses)

 Point group  D2h 



 ATOMIC COORDINATES

 NR  ATOM    CHARGE       X              Y              Z

   1  LI1     3.00    0.000000000    0.000000000   -2.500000000
   2  LI2     3.00    0.000000000    0.000000000    2.500000000

 Bond lengths in Bohr (Angstrom)

 1-2  5.000000000
     ( 2.645886055)


 BASIS DATA

   Nr Sym  Nuc  Type         Exponents   Contraction coefficients

    1.1 Ag    1  1s         642.418910     0.002143
              2  1s          96.798515     0.016209
                             22.091121     0.077316
                              6.201070     0.245786
                              1.935118     0.470189
                              0.636736     0.345471
    2.1 Ag    1  1s           2.324918    -0.035092
              2  1s           0.632430    -0.191233
                              0.079053     1.083988
    3.1 Ag    1  1s           0.035962     1.000000
              2  1s    
    4.1 Ag    1  2pz          2.324918     0.008942
              2 -2pz          0.632430     0.141009
                              0.079053     0.945364
    5.1 Ag    1  2pz          0.035962     1.000000
              2 -2pz   
    1.2 B3u   1  2px          2.324918     0.008942
              2  2px          0.632430     0.141009
                              0.079053     0.945364
    2.2 B3u   1  2px          0.035962     1.000000
              2  2px   
    1.3 B2u   1  2py          2.324918     0.008942
              2  2py          0.632430     0.141009
                              0.079053     0.945364
    2.3 B2u   1  2py          0.035962     1.000000
              2  2py   
    1.5 B1u   1  1s         642.418910     0.002143
              2 -1s          96.798515     0.016209
                             22.091121     0.077316
                              6.201070     0.245786
                              1.935118     0.470189
                              0.636736     0.345471
    2.5 B1u   1  1s           2.324918    -0.035092
              2 -1s           0.632430    -0.191233
                              0.079053     1.083988
    3.5 B1u   1  1s           0.035962     1.000000
              2 -1s    
    4.5 B1u   1  2pz          2.324918     0.008942
              2  2pz          0.632430     0.141009
                              0.079053     0.945364
    5.5 B1u   1  2pz          0.035962     1.000000
              2  2pz   
    1.6 B2g   1  2px          2.324918     0.008942
              2 -2px          0.632430     0.141009
                              0.079053     0.945364
    2.6 B2g   1  2px          0.035962     1.000000
              2 -2px   
    1.7 B3g   1  2py          2.324918     0.008942
              2 -2py          0.632430     0.141009
                              0.079053     0.945364
    2.7 B3g   1  2py          0.035962     1.000000
              2 -2py   

 NUCLEAR CHARGE:                    6
 NUMBER OF PRIMITIVE AOS:          44
 NUMBER OF SYMMETRY AOS:           44
 NUMBER OF CONTRACTIONS:           18   (    5Ag  +    2B3u +    2B2u +    0B1g +    5B1u +    2B2g +    2B3g +    0Au  )
 NUMBER OF CORE ORBITALS:           2   (    1Ag  +    0B3u +    0B2u +    0B1g +    1B1u +    0B2g +    0B3g +    0Au  )
 NUMBER OF VALENCE ORBITALS:        8   (    2Ag  +    1B3u +    1B2u +    0B1g +    2B1u +    1B2g +    1B3g +    0Au  )


 NUCLEAR REPULSION ENERGY    1.80000000

 Eigenvalues of metric

         1 0.103E+00 0.180E+00 0.946E+00 0.140E+01 0.370E+01
         2 0.252E+00 0.273E+01
         3 0.252E+00 0.273E+01
         5 0.422E-02 0.112E+00 0.166E+00 0.962E+00 0.242E+01
         6 0.108E+00 0.907E+00
         7 0.108E+00 0.907E+00


 Contracted 2-electron integrals neglected if value below      1.0D-11
 AO integral compression algorithm  1   Integral accuracy      1.0D-11

     0.262 MB (compressed) written to integral file (100.0%)


 NUMBER OF SORTED TWO-ELECTRON INTEGRALS:       2829.     BUFFER LENGTH:  32768
 NUMBER OF SEGMENTS:   1  SEGMENT LENGTH:       2829      RECORD LENGTH: 524288

 Memory used in sort:       0.56 MW

 SORT1 READ        8184. AND WROTE        2829. INTEGRALS IN      1 RECORDS. CPU TIME:     0.00 SEC, REAL TIME:     0.01 SEC
 SORT2 READ        2829. AND WROTE        2829. INTEGRALS IN      1 RECORDS. CPU TIME:     0.00 SEC, REAL TIME:     0.00 SEC

 FILE SIZES:   FILE 1:    30.2 MBYTE,  FILE 4:     4.2 MBYTE,   TOTAL:     34.4 MBYTE

 OPERATOR DM      FOR CENTER  0  COORDINATES:    0.000000    0.000000    0.000000


 **********************************************************************************************************************************
 DATASETS  * FILE   NREC   LENGTH (MB)   RECORD NAMES
              1      19       29.97       500      700      610      900      950      970     1000      129      960     1100   
                                          VAR     GEOM    BASINP   SYMINP    ZMAT    AOBASIS   BASIS     P2S    ABASIS      S 
                                         1400     1410     1200     1210     1080     1600     1650     1300     1700   
                                           T        V       H0       H01     AOSYM     SMH    MOLCAS    ERIS     OPER   

              3       5       14.77       500      610      700     1000     2100   
                                          VAR    BASINP    GEOM     BASIS     RHF  

 PROGRAMS   *        TOTAL       INT   RESTART
 CPU TIMES  *         0.20      0.10      0.01
 REAL TIME  *         0.32 SEC
 DISK USED  *        49.44 MB
 **********************************************************************************************************************************


 PROGRAM * BCCD (Closed-shell Brueckner coupled-cluster)     Authors: C. Hampel, H.-J. Werner, 1991, M. Deegan, P.J. Knowles, 1992


 Input parameters for THRESH:

 ENERGY   =    1.00D-10
 COEFF    =    1.00D-12
 PRINTCI  =    0.000000
 THRPRINT =    0.000000

 Convergence thresholds:  THRVAR = 1.00D-24  THRDEN = 1.00D-10

 Number of core orbitals:           2 (   1   0   0   0   1   0   0 )
 Number of closed-shell orbitals:   1 (   1   0   0   0   0   0   0 )
 Number of external orbitals:      15 (   3   2   2   0   4   2   2 )

 Molecular orbitals read from record     2100.3  Type=RHF/CANONICAL (state 1.1)

 Number of N-1 electron functions:               1
 Number of N-2 electron functions:               1
 Number of singly external CSFs:                 3
 Number of doubly external CSFs:                28
 Total number of CSFs:                          32

 Brueckner orbitals will be computed and saved on record    2150.2

 Length of J-op  integral file:               0.00 MB
 Length of K-op  integral file:               0.04 MB

 Integral transformation finished. Total CPU:   0.00 sec, npass=  1  Memory used:   0.07 MW

 Reference energy:                    -14.86544674

 MP2 singles energy:                   -0.00000000
 MP2 singlet pair energy:              -0.01556723
 MP2 triplet pair energy:               0.00000000
 MP2 correlation energy:               -0.01556723
 MP2 total energy:                    -14.88101397

 SCS-MP2 correlation energy:           -0.01868067   (PS=  1.200000  PT=  0.333333)
 SCS-MP2 total energy:                -14.88412741

 ITER.      SQ.NORM     CORR.ENERGY   TOTAL ENERGY   ENERGY CHANGE        DEN1      VAR(S)    VAR(P)  DIIS     TIME  TIME/IT
   1      1.04772142    -0.02367079   -14.88911753    -0.00810356    -0.00434599  0.11D-03  0.28D-02  1  1     0.00     0.00
   2      1.09154197    -0.02579209   -14.89121606    -0.00212130    -0.00685003  0.59D-04  0.12D-02  2  2     0.00     0.00
   3      1.09658285    -0.02729572   -14.89255083    -0.00150363    -0.00030149  0.18D-05  0.66D-04  3  3     0.01     0.00
   4      1.10175155    -0.02742765   -14.89264133    -0.00013193    -0.00057697  0.29D-06  0.54D-05  4  4     0.01     0.00
   5      1.09827379    -0.02739485   -14.89259288     0.00003280     0.00041281  0.14D-06  0.15D-05  5  5     0.01     0.00
   6      1.10076577    -0.02741601   -14.89263500    -0.00002116    -0.00027356  0.20D-07  0.85D-06  6  6     0.01     0.00
   7      1.09973653    -0.02739888   -14.89260813     0.00001713     0.00011320  0.24D-07  0.24D-06  6  1     0.01     0.00
   8      1.10000716    -0.02740473   -14.89261997    -0.00000585    -0.00002599  0.41D-09  0.80D-08  6  4     0.01     0.00
   9      1.09987643    -0.02740296   -14.89261715     0.00000176     0.00001337  0.34D-09  0.38D-08  6  3     0.01     0.00
  10      1.09989435    -0.02740364   -14.89261851    -0.00000068    -0.00000159  0.23D-11  0.11D-09  6  2     0.01     0.00
  11      1.09989436    -0.02740350   -14.89261832     0.00000014     0.00000002  0.38D-11  0.59D-11  6  5     0.01     0.00
  12      1.09989435    -0.02740343   -14.89261832     0.00000007     0.00000003  0.17D-12  0.86D-12  6  6     0.02     0.00
  13      1.09989436    -0.02740341   -14.89261832     0.00000002     0.00000001  0.11D-13  0.48D-13  6  1     0.02     0.00
  14      1.09989437    -0.02740341   -14.89261832     0.00000000     0.00000000  0.32D-14  0.13D-13  6  4     0.02     0.00
  15      1.09989437    -0.02740341   -14.89261832    -0.00000000     0.00000000  0.27D-16  0.15D-14  6  3     0.02     0.00
  16      1.09989438    -0.02740341   -14.89261832    -0.00000000    -0.00000000  0.74D-16  0.29D-15  6  2     0.02     0.00
  17      1.09989438    -0.02740341   -14.89261832     0.00000000     0.00000000  0.22D-16  0.33D-16  6  5     0.02     0.00
  18      1.09989437    -0.02740341   -14.89261832     0.00000000     0.00000000  0.27D-17  0.12D-16  6  6     0.02     0.00
  19      1.09989437    -0.02740341   -14.89261832     0.00000000     0.00000000  0.44D-18  0.22D-17  6  1     0.02     0.00
  20      1.09989437    -0.02740341   -14.89261832    -0.00000000     0.00000000  0.96D-19  0.25D-18  6  4     0.03     0.00
  21      1.09989437    -0.02740341   -14.89261832    -0.00000000    -0.00000000  0.37D-20  0.71D-19  6  3     0.03     0.00
  22      1.09989437    -0.02740341   -14.89261832    -0.00000000    -0.00000000  0.41D-21  0.23D-19  6  6     0.03     0.00
  23      1.09989437    -0.02740341   -14.89261832    -0.00000000    -0.00000000  0.78D-22  0.14D-20  6  2     0.03     0.00
  24      1.09989437    -0.02740341   -14.89261832    -0.00000000    -0.00000000  0.14D-23  0.30D-22  6  5     0.03     0.00
  25      1.09989437    -0.02740341   -14.89261832     0.00000000    -0.00000000  0.18D-23  0.36D-23  6  1     0.03     0.00
  26      1.09989437    -0.02740341   -14.89261832    -0.00000000    -0.00000000  0.98D-24  0.13D-23  6  4     0.03     0.00
  27      1.09989437    -0.02740341   -14.89261832    -0.00000000    -0.00000000  0.11D-25  0.82D-25  6  3     0.03     0.00

 Norm of t1 vector:      0.00000000      S-energy:    -0.00000000      T1 diagnostic:  0.00000000

 Orbital rotation generators (print threshold =  0.000E+00):

         I         SYM. A    A   T(IA)

         1         1         1     -0.01526460
         1         1         2      0.00759916
         1         1         3      0.01720487

 Doubles amplitudes (print threshold =  0.000E+00):

         I         J         SYM. A    SYM. B    A         B      T(IJ, AB)

         1         1         1         1         1         1     -0.07079901
         1         1         1         1         1         2      0.05695337
         1         1         1         1         1         3      0.00169549
         1         1         1         1         2         1      0.05695337
         1         1         1         1         2         2     -0.05460226
         1         1         1         1         2         3      0.00299901
         1         1         1         1         3         1      0.00169549
         1         1         1         1         3         2      0.00299901
         1         1         1         1         3         3     -0.00432220
         1         1         2         2         1         1     -0.14306043
         1         1         2         2         1         2     -0.06948214
         1         1         2         2         2         1     -0.06948214
         1         1         2         2         2         2     -0.03687131
         1         1         3         3         1         1     -0.14306043
         1         1         3         3         1         2     -0.06948214
         1         1         3         3         2         1     -0.06948214
         1         1         3         3         2         2     -0.03687131
         1         1         5         5         1         1     -0.10481765
         1         1         5         5         1         2      0.06197521
         1         1         5         5         1         3     -0.00401096
         1         1         5         5         1         4      0.02554711
         1         1         5         5         2         1      0.06197521
         1         1         5         5         2         2     -0.03951922
         1         1         5         5         2         3      0.00233245
         1         1         5         5         2         4     -0.01826849
         1         1         5         5         3         1     -0.00401096
         1         1         5         5         3         2      0.00233245
         1         1         5         5         3         3      0.00003432
         1         1         5         5         3         4      0.00109385
         1         1         5         5         4         1      0.02554711
         1         1         5         5         4         2     -0.01826849
         1         1         5         5         4         3      0.00109385
         1         1         5         5         4         4     -0.01160869
         1         1         6         6         1         1      0.00085787
         1         1         6         6         1         2     -0.00096172
         1         1         6         6         2         1     -0.00096172
         1         1         6         6         2         2     -0.00312336
         1         1         7         7         1         1      0.00085787
         1         1         7         7         1         2     -0.00096172
         1         1         7         7         2         1     -0.00096172
         1         1         7         7         2         2     -0.00312336


 RESULTS
 =======

  Reference energy                    -14.865214907935
  BCCD singlet pair energy             -0.027403411737
  BCCD triplet pair energy              0.000000000000
  BCCD correlation energy              -0.027403411737

 !BCCD total energy                   -14.892618319672

 Approximate expectation values using Brueckner orbitals

 !BCCD(ref) STATE  1.1 Dipole momen     0.00000000     0.00000000     0.00000000
 Dipole moment /Debye                   0.00000000     0.00000000     0.00000000

 Brueckner orbitals saved on record           2150.2 (orbital set 1)
 Brueckner density (ref) saved on record      2150.2 (density set 1)

 Brueckner orbitals
 ==================

   Orb     Occ           Coefficients

                         1 1s      1 1s      1 1s      1 2pz     1 2pz  

   2.1    2.0000000   -0.212596  0.323192  0.483540  0.134939 -0.039790

 Timing summary (sec):

 STEP                 CPU(USER)    SYS     CPU(TOT)    WALL
 Transformation          0.01      0.01      0.02      0.01
 CCSD iterations         0.04      0.00      0.04      0.07

 Program statistics:

 Available memory in ccsd:                39999196
 Min. memory needed in ccsd:                  1038
 Max. memory used in ccsd:                    1038
 Max. memory used in cckext:                 33501 (27 integral passes)



 **********************************************************************************************************************************
 DATASETS  * FILE   NREC   LENGTH (MB)   RECORD NAMES
              1      20       29.97       500      700      610      900      950      970     1000      129      960     1100   
                                          VAR     GEOM    BASINP   SYMINP    ZMAT    AOBASIS   BASIS     P2S    ABASIS      S 
                                         1400     1410     1200     1210     1080     1600     1650     1300     1700     1380   
                                           T        V       H0       H01     AOSYM     SMH    MOLCAS    ERIS     OPER     JKOP   

              2       4        2.74       700     1000      520     2150   
                                         GEOM     BASIS   MCVARS    BCCD   

              3       5       14.77       500      610      700     1000     2100   
                                          VAR    BASINP    GEOM     BASIS     RHF  

 PROGRAMS   *        TOTAL      BCCD       INT   RESTART
 CPU TIMES  *         0.28      0.07      0.10      0.01
 REAL TIME  *         0.42 SEC
 DISK USED  *        49.44 MB
 **********************************************************************************************************************************

 Dump information in style XML to orbitals.xml                                                                    

 Variables will not be exported.
 Molecular orbitals read from record     2150.2  Type=BCCD/BRUECKNER (state 1.1)
 Occupation numbers read from record     2150.2  Type=BCCD/BRUECKNER (state 1.1)

 No orbital energies found for orbital set 0

 No redundancy group numbers found for orbital set 0

 **********************************************************************************************************************************

 BCCD/6-31G energy=    -14.892618319672

            BCCD
    -14.89261832
 **********************************************************************************************************************************
 Molpro calculation terminated
