
 Primary working directories    : /scr/yuriaoto/job.023253/molpro.S2IZ9wuZDK
 Secondary working directories  : /scr/yuriaoto/job.023253/molpro.S2IZ9wuZDK
 Wavefunction directory         : /scr/yuriaoto/job.023253/
 Main file repository           : /scr/yuriaoto/job.023253/molpro.S2IZ9wuZDK/

 id        : yuriaoto

 Nodes             nprocs
 t-rex.ufabc.int.br    1

 Using customized tuning parameters: mindgm=8; mindgv=16; mindgc=1; mindgr=1; noblas=0; minvec=7
 default implementation of scratch files=df  


 Variables initialized (933), CPU time= 0.00 sec
 ***,
 memory,40,m
 gprint,orbital,basis,civector
 gthresh,thrprint=0,printci=0.0
 file,3,wfu.dat,old
 
 {ccsd,CC_NORM_MAX=10.0
 thresh,printci=0.0,ENERGY=1.0E-10,COEFF=1.0E-12
 print,ref=1
 core,0
 wf,6,1,0;
 }
 
 Commands  initialized (760), CPU time= 0.01 sec, 617 directives.
 Default parameters read. Elapsed time= 0.05 sec

 Checking input...
 Passed
1


                                         ***  PROGRAM SYSTEM MOLPRO  ***
                                       Copyright, TTI GmbH Stuttgart, 2015
                                    Version 2019.2 linked Abr  7 2019 15:10:35


 **********************************************************************************************************************************
 LABEL *                                                                                 
  64 bit serial version                                                                  DATE: 30-May-20          TIME: 20:28:02  
 **********************************************************************************************************************************

 SHA1:             3a8a58c585c929645742fb5a1b7541a4ad1da699
 **********************************************************************************************************************************


 THRESHOLDS:

 ZERO    =  1.00D-12  ONEINT  =  1.00D-12  TWOINT  =  1.00D-11  PREFAC  =  1.00D-14  XXXXXX  =  1.00D-09  EORDER  =  1.00D-04
 ENERGY  =  0.00D+00  ETEST   =  0.00D+00  EDENS   =  0.00D+00  THRDEDEF=  1.00D-06  GRADIENT=  1.00D-02  STEP    =  1.00D-03
 ORBITAL =  1.00D-05  CIVEC   =  1.00D-05  COEFF   =  1.00D-04  PRINTCI =  0.00D+00  PUNCHCI =  9.90D+01  OPTGRAD =  3.00D-04
 OPTENERG=  1.00D-06  OPTSTEP =  3.00D-04  THRGRAD =  1.00D-10  COMPRESS=  1.00D-11  VARMIN  =  1.00D-07  VARMAX  =  1.00D-03
 THRDOUB =  0.00D+00  THRDIV  =  1.00D-05  THRRED  =  1.00D-07  THRPSP  =  1.00D+00  THRDC   =  1.00D-10  THRCS   =  1.00D-10
 THRNRM  =  1.00D-08  THREQ   =  0.00D+00  THRDE   =  1.00D+00  THRREF  =  1.00D-05  SPARFAC =  1.00D+00  THRDLP  =  1.00D-07
 THRDIA  =  1.00D-10  THRDLS  =  1.00D-07  THRGPS  =  0.00D+00  THRKEX  =  0.00D+00  THRDIS  =  2.00D-01  THRVAR  =  1.00D-10
 THRLOC  =  1.00D-06  THRGAP  =  1.00D-06  THRLOCT = -1.00D+00  THRGAPT = -1.00D+00  THRORB  =  1.00D-06  THRMLTP =  0.00D+00
 THRCPQCI=  1.00D-10  KEXTA   =  0.00D+00  THRCOARS=  0.00D+00  SYMTOL  =  1.00D-06  GRADTOL =  1.00D-06  THROVL  =  1.00D-08
 THRORTH =  1.00D-08  GRID    =  1.00D-06  GRIDMAX =  1.00D-03  DTMAX   =  0.00D+00  THROCCDE=  1.00D-01  THROCCDE=  1.00D-01
 THRPRINT=  0.00D+00


 Variable memory set to   40000000 words,  buffer space 



 Permanent file  3  wfu.dat  assigned.  Implementation=df    Size= 14.08 MB


 PROGRAM * RESTART 


 Reading variables from file 3

 _FNUC           =      0.00000000
 _BASIS          =    6-31G
 _NELEC          =      6.00000000
 _PROGRAM        =    RHF-SCF
 _DMX_SCF        =      0.00000000
 _DMY_SCF        =      0.00000000
 _DMZ_SCF        =      0.00000000
 _HOMO           =      2.10000000
 _EHOMO          =     -0.17851736
 _LUMO           =      2.50000000
 _ELUMO          =      0.01777251
 _ENERGY         =    -14.86544674
 _ENERGY_METHOD  =    RHF
 _ENERGY_BASIS   =    6-31G
 _ENUC           =      1.80000000
 _EPS1(1:5)      =     -2.44083670    -0.17851736     0.06347959     0.19419351     0.22544151
 _EPS2(1:2)      =      0.04562594     0.20818036
 _EPS3(1:2)      =      0.04562594     0.20818036
 _EPS5(1:5)      =     -2.44048575     0.01777251     0.13971385     0.26575149     0.54809025
 _EPS6(1:2)      =      0.09250729     0.27049360
 _EPS7(1:2)      =      0.09250729     0.27049360
 _IPROC_MPP      =      0.00000000
 _IPROC_MPPX     =      0.00000000
 _ORBITAL        =   2100.30000000
 _STATUS         =      1.00000000
 _DATE           =    21-Oct-19
 _LASTORB        =    RHF
 _OUTPUT         =    /scr/yuriaoto/job.022400/RHF.xml
 _PGROUP         =    D2h 
 _TIME           =    10:18:24
 R               =      5.00000000

 Geometry written to block  1 of record 700


 **********************************************************************************************************************************
 DATASETS  * FILE   NREC   LENGTH (MB)   RECORD NAMES
              3       5       14.77       500      610      700     1000     2100   
                                          VAR    BASINP    GEOM     BASIS     RHF  

 PROGRAMS   *        TOTAL   RESTART
 CPU TIMES  *         0.12      0.02
 REAL TIME  *         0.14 SEC
 DISK USED  *        26.84 MB
 **********************************************************************************************************************************


 Recomputing integrals since basis changed


 Using spherical harmonics

 Library entry LI     S 6-31G                selected for orbital group  1
 Library entry LI     P 6-31G                selected for orbital group  1


 PROGRAM * SEWARD (Integral evaluation for generally contracted gaussian basis sets)     Author: Roland Lindh, 1990

 Geometry written to block  1 of record 700

 Orientation using atomic masses  
 Molecule type: Linear
 User-specified symmetry elements: X,Y,Z
 Symmetry elements: X,Y,Z
 Rotational constants:      20.8009354     20.8009354      0.0000000 GHz  (calculated with average atomic masses)

 Point group  D2h 



 ATOMIC COORDINATES

 NR  ATOM    CHARGE       X              Y              Z

   1  LI1     3.00    0.000000000    0.000000000   -2.500000000
   2  LI2     3.00    0.000000000    0.000000000    2.500000000

 Bond lengths in Bohr (Angstrom)

 1-2  5.000000000
     ( 2.645886055)


 BASIS DATA

   Nr Sym  Nuc  Type         Exponents   Contraction coefficients

    1.1 Ag    1  1s         642.418910     0.002143
              2  1s          96.798515     0.016209
                             22.091121     0.077316
                              6.201070     0.245786
                              1.935118     0.470189
                              0.636736     0.345471
    2.1 Ag    1  1s           2.324918    -0.035092
              2  1s           0.632430    -0.191233
                              0.079053     1.083988
    3.1 Ag    1  1s           0.035962     1.000000
              2  1s    
    4.1 Ag    1  2pz          2.324918     0.008942
              2 -2pz          0.632430     0.141009
                              0.079053     0.945364
    5.1 Ag    1  2pz          0.035962     1.000000
              2 -2pz   
    1.2 B3u   1  2px          2.324918     0.008942
              2  2px          0.632430     0.141009
                              0.079053     0.945364
    2.2 B3u   1  2px          0.035962     1.000000
              2  2px   
    1.3 B2u   1  2py          2.324918     0.008942
              2  2py          0.632430     0.141009
                              0.079053     0.945364
    2.3 B2u   1  2py          0.035962     1.000000
              2  2py   
    1.5 B1u   1  1s         642.418910     0.002143
              2 -1s          96.798515     0.016209
                             22.091121     0.077316
                              6.201070     0.245786
                              1.935118     0.470189
                              0.636736     0.345471
    2.5 B1u   1  1s           2.324918    -0.035092
              2 -1s           0.632430    -0.191233
                              0.079053     1.083988
    3.5 B1u   1  1s           0.035962     1.000000
              2 -1s    
    4.5 B1u   1  2pz          2.324918     0.008942
              2  2pz          0.632430     0.141009
                              0.079053     0.945364
    5.5 B1u   1  2pz          0.035962     1.000000
              2  2pz   
    1.6 B2g   1  2px          2.324918     0.008942
              2 -2px          0.632430     0.141009
                              0.079053     0.945364
    2.6 B2g   1  2px          0.035962     1.000000
              2 -2px   
    1.7 B3g   1  2py          2.324918     0.008942
              2 -2py          0.632430     0.141009
                              0.079053     0.945364
    2.7 B3g   1  2py          0.035962     1.000000
              2 -2py   

 NUCLEAR CHARGE:                    6
 NUMBER OF PRIMITIVE AOS:          44
 NUMBER OF SYMMETRY AOS:           44
 NUMBER OF CONTRACTIONS:           18   (    5Ag  +    2B3u +    2B2u +    0B1g +    5B1u +    2B2g +    2B3g +    0Au  )
 NUMBER OF CORE ORBITALS:           2   (    1Ag  +    0B3u +    0B2u +    0B1g +    1B1u +    0B2g +    0B3g +    0Au  )
 NUMBER OF VALENCE ORBITALS:        8   (    2Ag  +    1B3u +    1B2u +    0B1g +    2B1u +    1B2g +    1B3g +    0Au  )


 NUCLEAR REPULSION ENERGY    1.80000000

 Eigenvalues of metric

         1 0.103E+00 0.180E+00 0.946E+00 0.140E+01 0.370E+01
         2 0.252E+00 0.273E+01
         3 0.252E+00 0.273E+01
         5 0.422E-02 0.112E+00 0.166E+00 0.962E+00 0.242E+01
         6 0.108E+00 0.907E+00
         7 0.108E+00 0.907E+00


 Contracted 2-electron integrals neglected if value below      1.0D-11
 AO integral compression algorithm  1   Integral accuracy      1.0D-11

     0.262 MB (compressed) written to integral file (100.0%)


 NUMBER OF SORTED TWO-ELECTRON INTEGRALS:       2829.     BUFFER LENGTH:  32768
 NUMBER OF SEGMENTS:   1  SEGMENT LENGTH:       2829      RECORD LENGTH: 524288

 Memory used in sort:       0.56 MW

 SORT1 READ        8184. AND WROTE        2829. INTEGRALS IN      1 RECORDS. CPU TIME:     0.00 SEC, REAL TIME:     0.00 SEC
 SORT2 READ        2829. AND WROTE        2829. INTEGRALS IN      1 RECORDS. CPU TIME:     0.01 SEC, REAL TIME:     0.01 SEC

 FILE SIZES:   FILE 1:    30.2 MBYTE,  FILE 4:     4.2 MBYTE,   TOTAL:     34.4 MBYTE

 OPERATOR DM      FOR CENTER  0  COORDINATES:    0.000000    0.000000    0.000000


 **********************************************************************************************************************************
 DATASETS  * FILE   NREC   LENGTH (MB)   RECORD NAMES
              1      19       29.97       500      700      610      900      950      970     1000      129      960     1100   
                                          VAR     GEOM    BASINP   SYMINP    ZMAT    AOBASIS   BASIS     P2S    ABASIS      S 
                                         1400     1410     1200     1210     1080     1600     1650     1300     1700   
                                           T        V       H0       H01     AOSYM     SMH    MOLCAS    ERIS     OPER   

              3       5       14.77       500      610      700     1000     2100   
                                          VAR    BASINP    GEOM     BASIS     RHF  

 PROGRAMS   *        TOTAL       INT   RESTART
 CPU TIMES  *         0.27      0.15      0.02
 REAL TIME  *         0.43 SEC
 DISK USED  *        49.44 MB
 **********************************************************************************************************************************


 PROGRAM * CCSD (Closed-shell coupled cluster)     Authors: C. Hampel, H.-J. Werner, 1991, M. Deegan, P.J. Knowles, 1992


 Input parameters for THRESH:

 ENERGY   =    1.00D-10
 COEFF    =    1.00D-12
 PRINTCI  =    0.000000
 THRPRINT =    0.000000

 Convergence thresholds:  THRVAR = 1.00D-24  THRDEN = 1.00D-10

 Number of closed-shell orbitals:   3 (   2   0   0   0   1   0   0 )
 Number of external orbitals:      15 (   3   2   2   0   4   2   2 )

 Molecular orbitals read from record     2100.3  Type=RHF/CANONICAL (state 1.1)

 Number of N-1 electron functions:               3
 Number of N-2 electron functions:               6
 Number of singly external CSFs:                10
 Number of doubly external CSFs:               205
 Total number of CSFs:                         216

 Length of J-op  integral file:               0.00 MB
 Length of K-op  integral file:               0.04 MB
 Length of 3-ext integral record:             0.00 MB

 Integral transformation finished. Total CPU:   0.00 sec, npass=  1  Memory used:   0.07 MW

 Reference energy:                    -14.86544674

 MP2 singlet pair energy:              -0.01624341
 MP2 triplet pair energy:              -0.00012344
 MP2 correlation energy:               -0.01636685
 MP2 total energy:                    -14.88181359

 SCS-MP2 correlation energy:           -0.01956890   (PS=  1.200000  PT=  0.333333)
 SCS-MP2 total energy:                -14.88501563

 ITER.      SQ.NORM     CORR.ENERGY   TOTAL ENERGY   ENERGY CHANGE        DEN1      VAR(S)    VAR(P)  DIIS     TIME  TIME/IT
   1      1.04776221    -0.02441243   -14.88985917    -0.00804558    -0.00431625  0.12D-03  0.27D-02  1  1     0.02     0.00
   2      1.08445088    -0.02777945   -14.89322619    -0.00336702    -0.00572622  0.21D-04  0.25D-03  2  2     0.03     0.00
   3      1.09506660    -0.02780106   -14.89324780    -0.00002161    -0.00106384  0.24D-05  0.46D-04  3  3     0.03     0.00
   4      1.09955129    -0.02783528   -14.89328202    -0.00003423    -0.00030577  0.64D-06  0.37D-05  4  4     0.03     0.00
   5      1.10067014    -0.02788632   -14.89333306    -0.00005104    -0.00008979  0.11D-07  0.54D-06  5  5     0.03     0.00
   6      1.10070080    -0.02786583   -14.89331257     0.00002049     0.00000692  0.12D-07  0.12D-06  6  6     0.04     0.00
   7      1.10077629    -0.02786635   -14.89331309    -0.00000052    -0.00000449  0.76D-08  0.20D-07  6  1     0.04     0.00
   8      1.10078872    -0.02786627   -14.89331300     0.00000009    -0.00000028  0.22D-08  0.39D-08  6  2     0.04     0.00
   9      1.10079570    -0.02786608   -14.89331282     0.00000019    -0.00000091  0.32D-09  0.55D-09  6  3     0.04     0.00
  10      1.10078834    -0.02786620   -14.89331294    -0.00000012     0.00000073  0.39D-10  0.66D-10  6  4     0.04     0.00
  11      1.10078505    -0.02786626   -14.89331300    -0.00000006     0.00000034  0.99D-11  0.66D-11  6  5     0.05     0.00
  12      1.10078385    -0.02786628   -14.89331302    -0.00000002     0.00000011  0.33D-11  0.15D-11  6  6     0.05     0.00
  13      1.10078348    -0.02786629   -14.89331303    -0.00000000     0.00000001  0.64D-12  0.36D-12  6  2     0.05     0.00
  14      1.10078336    -0.02786629   -14.89331302     0.00000000    -0.00000000  0.10D-12  0.14D-12  6  1     0.05     0.00
  15      1.10078330    -0.02786629   -14.89331303    -0.00000000     0.00000000  0.11D-13  0.53D-13  6  3     0.05     0.00
  16      1.10078324    -0.02786629   -14.89331303    -0.00000000     0.00000000  0.10D-14  0.10D-13  6  4     0.06     0.00
  17      1.10078322    -0.02786629   -14.89331303    -0.00000000     0.00000000  0.75D-15  0.18D-14  6  5     0.06     0.00
  18      1.10078322    -0.02786629   -14.89331303    -0.00000000     0.00000000  0.19D-15  0.46D-15  6  6     0.06     0.00
  19      1.10078323    -0.02786629   -14.89331303     0.00000000    -0.00000000  0.38D-16  0.10D-15  6  2     0.06     0.00
  20      1.10078323    -0.02786629   -14.89331303     0.00000000    -0.00000000  0.69D-17  0.15D-16  6  1     0.07     0.00
  21      1.10078323    -0.02786629   -14.89331303    -0.00000000     0.00000000  0.21D-17  0.23D-17  6  3     0.07     0.00
  22      1.10078323    -0.02786629   -14.89331303    -0.00000000     0.00000000  0.82D-18  0.53D-18  6  4     0.07     0.00
  23      1.10078323    -0.02786629   -14.89331303    -0.00000000     0.00000000  0.28D-18  0.13D-18  6  6     0.07     0.00
  24      1.10078323    -0.02786629   -14.89331303    -0.00000000     0.00000000  0.11D-19  0.12D-19  6  5     0.08     0.00
  25      1.10078323    -0.02786629   -14.89331303     0.00000000    -0.00000000  0.15D-20  0.35D-20  6  2     0.08     0.00
  26      1.10078323    -0.02786629   -14.89331303     0.00000000    -0.00000000  0.37D-22  0.39D-21  6  1     0.08     0.00
  27      1.10078323    -0.02786629   -14.89331303     0.00000000    -0.00000000  0.73D-23  0.11D-21  6  3     0.08     0.00
  28      1.10078323    -0.02786629   -14.89331303     0.00000000    -0.00000000  0.51D-24  0.24D-22  6  4     0.08     0.00
  29      1.10078323    -0.02786629   -14.89331303     0.00000000    -0.00000000  0.13D-24  0.48D-23  6  6     0.09     0.00
  30      1.10078323    -0.02786629   -14.89331303     0.00000000    -0.00000000  0.25D-24  0.61D-24  6  5     0.09     0.00

 Norm of t1 vector:      0.03698533      S-energy:     0.00000000      T1 diagnostic:  0.01067675
                                                                       D1 diagnostic:  0.02614552

 Singles amplitudes (print threshold =  0.000E+00):

         I         SYM. A    A   T(IA)

         1         1         1      0.00009836
         1         1         2     -0.00015622
         1         1         3      0.00012037
         2         1         1     -0.01710987
         2         1         2      0.00887083
         2         1         3      0.01766771
         3         5         1     -0.00033726
         3         5         2      0.00035240
         3         5         3      0.00001096
         3         5         4      0.00028910

 Doubles amplitudes (print threshold =  0.000E+00):

         I         J         SYM. A    SYM. B    A         B      T(IJ, AB)

         1         1         1         1         1         1     -0.00003036
         1         1         1         1         1         2      0.00023982
         1         1         1         1         1         3      0.00010157
         1         1         1         1         2         1      0.00023982
         1         1         1         1         2         2     -0.00073169
         1         1         1         1         2         3     -0.00042146
         1         1         1         1         3         1      0.00010157
         1         1         1         1         3         2     -0.00042146
         1         1         1         1         3         3     -0.00069226
         1         1         2         2         1         1      0.00015910
         1         1         2         2         1         2     -0.00016330
         1         1         2         2         2         1     -0.00016330
         1         1         2         2         2         2     -0.00096923
         1         1         3         3         1         1      0.00015910
         1         1         3         3         1         2     -0.00016330
         1         1         3         3         2         1     -0.00016330
         1         1         3         3         2         2     -0.00096923
         1         1         5         5         1         1     -0.00043816
         1         1         5         5         1         2      0.00075645
         1         1         5         5         1         3     -0.00021805
         1         1         5         5         1         4     -0.00001189
         1         1         5         5         2         1      0.00075645
         1         1         5         5         2         2     -0.00113148
         1         1         5         5         2         3      0.00032582
         1         1         5         5         2         4      0.00003595
         1         1         5         5         3         1     -0.00021805
         1         1         5         5         3         2      0.00032582
         1         1         5         5         3         3     -0.00079651
         1         1         5         5         3         4     -0.00080810
         1         1         5         5         4         1     -0.00001189
         1         1         5         5         4         2      0.00003595
         1         1         5         5         4         3     -0.00080810
         1         1         5         5         4         4     -0.00131442
         1         1         6         6         1         1     -0.00001356
         1         1         6         6         1         2     -0.00014110
         1         1         6         6         2         1     -0.00014110
         1         1         6         6         2         2     -0.00133781
         1         1         7         7         1         1     -0.00001356
         1         1         7         7         1         2     -0.00014110
         1         1         7         7         2         1     -0.00014110
         1         1         7         7         2         2     -0.00133781
         2         1         1         1         1         1     -0.00068270
         2         1         1         1         1         2      0.00142090
         2         1         1         1         1         3      0.00105799
         2         1         1         1         2         1      0.00080756
         2         1         1         1         2         2     -0.00174977
         2         1         1         1         2         3     -0.00135054
         2         1         1         1         3         1      0.00034976
         2         1         1         1         3         2     -0.00078869
         2         1         1         1         3         3     -0.00037930
         2         1         2         2         1         1     -0.00060960
         2         1         2         2         1         2     -0.00150121
         2         1         2         2         2         1     -0.00066967
         2         1         2         2         2         2     -0.00196245
         2         1         3         3         1         1     -0.00060960
         2         1         3         3         1         2     -0.00150121
         2         1         3         3         2         1     -0.00066967
         2         1         3         3         2         2     -0.00196245
         2         1         5         5         1         1      0.00027093
         2         1         5         5         1         2     -0.00029599
         2         1         5         5         1         3     -0.00055330
         2         1         5         5         1         4     -0.00088601
         2         1         5         5         2         1     -0.00046874
         2         1         5         5         2         2      0.00052878
         2         1         5         5         2         3      0.00016978
         2         1         5         5         2         4      0.00054521
         2         1         5         5         3         1     -0.00014283
         2         1         5         5         3         2      0.00021406
         2         1         5         5         3         3     -0.00086091
         2         1         5         5         3         4     -0.00096177
         2         1         5         5         4         1     -0.00032246
         2         1         5         5         4         2      0.00038356
         2         1         5         5         4         3     -0.00086553
         2         1         5         5         4         4     -0.00067805
         2         1         6         6         1         1     -0.00016196
         2         1         6         6         1         2     -0.00092701
         2         1         6         6         2         1     -0.00033817
         2         1         6         6         2         2     -0.00210149
         2         1         7         7         1         1     -0.00016196
         2         1         7         7         1         2     -0.00092701
         2         1         7         7         2         1     -0.00033817
         2         1         7         7         2         2     -0.00210149
         2         2         1         1         1         1     -0.07048743
         2         2         1         1         1         2      0.05662006
         2         2         1         1         1         3      0.00163213
         2         2         1         1         2         1      0.05662006
         2         2         1         1         2         2     -0.05428668
         2         2         1         1         2         3      0.00309928
         2         2         1         1         3         1      0.00163213
         2         2         1         1         3         2      0.00309928
         2         2         1         1         3         3     -0.00431910
         2         2         2         2         1         1     -0.14254489
         2         2         2         2         1         2     -0.06917586
         2         2         2         2         2         1     -0.06917586
         2         2         2         2         2         2     -0.03665617
         2         2         3         3         1         1     -0.14254489
         2         2         3         3         1         2     -0.06917586
         2         2         3         3         2         1     -0.06917586
         2         2         3         3         2         2     -0.03665617
         2         2         5         5         1         1     -0.10490448
         2         2         5         5         1         2      0.06199223
         2         2         5         5         1         3     -0.00403339
         2         2         5         5         1         4      0.02557456
         2         2         5         5         2         1      0.06199223
         2         2         5         5         2         2     -0.03953473
         2         2         5         5         2         3      0.00233269
         2         2         5         5         2         4     -0.01830435
         2         2         5         5         3         1     -0.00403339
         2         2         5         5         3         2      0.00233269
         2         2         5         5         3         3      0.00006573
         2         2         5         5         3         4      0.00114117
         2         2         5         5         4         1      0.02557456
         2         2         5         5         4         2     -0.01830435
         2         2         5         5         4         3      0.00114117
         2         2         5         5         4         4     -0.01159377
         2         2         6         6         1         1      0.00080899
         2         2         6         6         1         2     -0.00095737
         2         2         6         6         2         1     -0.00095737
         2         2         6         6         2         2     -0.00303839
         2         2         7         7         1         1      0.00080899
         2         2         7         7         1         2     -0.00095737
         2         2         7         7         2         1     -0.00095737
         2         2         7         7         2         2     -0.00303839
         3         3         1         1         1         1     -0.00001388
         3         3         1         1         1         2      0.00020351
         3         3         1         1         1         3      0.00007757
         3         3         1         1         2         1      0.00020351
         3         3         1         1         2         2     -0.00065161
         3         3         1         1         2         3     -0.00036892
         3         3         1         1         3         1      0.00007757
         3         3         1         1         3         2     -0.00036892
         3         3         1         1         3         3     -0.00065909
         3         3         2         2         1         1      0.00016618
         3         3         2         2         1         2     -0.00014344
         3         3         2         2         2         1     -0.00014344
         3         3         2         2         2         2     -0.00091572
         3         3         3         3         1         1      0.00016618
         3         3         3         3         1         2     -0.00014344
         3         3         3         3         2         1     -0.00014344
         3         3         3         3         2         2     -0.00091572
         3         3         5         5         1         1     -0.00044328
         3         3         5         5         1         2      0.00076266
         3         3         5         5         1         3     -0.00023414
         3         3         5         5         1         4     -0.00002847
         3         3         5         5         2         1      0.00076266
         3         3         5         5         2         2     -0.00113892
         3         3         5         5         2         3      0.00034528
         3         3         5         5         2         4      0.00005598
         3         3         5         5         3         1     -0.00023414
         3         3         5         5         3         2      0.00034528
         3         3         5         5         3         3     -0.00085201
         3         3         5         5         3         4     -0.00086609
         3         3         5         5         4         1     -0.00002847
         3         3         5         5         4         2      0.00005598
         3         3         5         5         4         3     -0.00086609
         3         3         5         5         4         4     -0.00137552
         3         3         6         6         1         1     -0.00001496
         3         3         6         6         1         2     -0.00014981
         3         3         6         6         2         1     -0.00014981
         3         3         6         6         2         2     -0.00139130
         3         3         7         7         1         1     -0.00001496
         3         3         7         7         1         2     -0.00014981
         3         3         7         7         2         1     -0.00014981
         3         3         7         7         2         2     -0.00139130
         3         1         1         5         1         1      0.00009746
         3         1         1         5         1         2     -0.00011933
         3         1         1         5         1         3     -0.00023446
         3         1         1         5         1         4     -0.00036895
         3         1         1         5         2         1     -0.00001686
         3         1         1         5         2         2     -0.00000236
         3         1         1         5         2         3      0.00066601
         3         1         1         5         2         4      0.00096037
         3         1         1         5         3         1      0.00048839
         3         1         1         5         3         2     -0.00068490
         3         1         1         5         3         3      0.00061911
         3         1         1         5         3         4      0.00041180
         3         1         2         6         1         1     -0.00003072
         3         1         2         6         1         2     -0.00029550
         3         1         2         6         2         1     -0.00012246
         3         1         2         6         2         2     -0.00114386
         3         1         3         7         1         1     -0.00003072
         3         1         3         7         1         2     -0.00029550
         3         1         3         7         2         1     -0.00012246
         3         1         3         7         2         2     -0.00114386
         3         1         5         1         1         1      0.00008867
         3         1         5         1         1         2      0.00000244
         3         1         5         1         1         3      0.00050131
         3         1         5         1         2         1     -0.00010850
         3         1         5         1         2         2     -0.00002619
         3         1         5         1         2         3     -0.00070074
         3         1         5         1         3         1     -0.00026431
         3         1         5         1         3         2      0.00073208
         3         1         5         1         3         3      0.00066103
         3         1         5         1         4         1     -0.00039933
         3         1         5         1         4         2      0.00102801
         3         1         5         1         4         3      0.00045437
         3         1         6         2         1         1     -0.00003371
         3         1         6         2         1         2     -0.00013064
         3         1         6         2         2         1     -0.00031472
         3         1         6         2         2         2     -0.00119595
         3         1         7         3         1         1     -0.00003371
         3         1         7         3         1         2     -0.00013064
         3         1         7         3         2         1     -0.00031472
         3         1         7         3         2         2     -0.00119595
         3         2         1         5         1         1     -0.00038838
         3         2         1         5         1         2      0.00025849
         3         2         1         5         1         3     -0.00033095
         3         2         1         5         1         4     -0.00019869
         3         2         1         5         2         1      0.00082361
         3         2         1         5         2         2     -0.00050765
         3         2         1         5         2         3      0.00082410
         3         2         1         5         2         4      0.00055464
         3         2         1         5         3         1      0.00020561
         3         2         1         5         3         2      0.00012655
         3         2         1         5         3         3      0.00063229
         3         2         1         5         3         4      0.00074603
         3         2         2         6         1         1     -0.00024137
         3         2         2         6         1         2     -0.00048869
         3         2         2         6         2         1     -0.00078903
         3         2         2         6         2         2     -0.00177752
         3         2         3         7         1         1     -0.00024137
         3         2         3         7         1         2     -0.00048869
         3         2         3         7         2         1     -0.00078903
         3         2         3         7         2         2     -0.00177752
         3         2         5         1         1         1     -0.00038761
         3         2         5         1         1         2      0.00052830
         3         2         5         1         1         3     -0.00012540
         3         2         5         1         2         1      0.00048003
         3         2         5         1         2         2     -0.00065764
         3         2         5         1         2         3      0.00009256
         3         2         5         1         3         1     -0.00132113
         3         2         5         1         3         2      0.00165997
         3         2         5         1         3         3      0.00066267
         3         2         5         1         4         1     -0.00131885
         3         2         5         1         4         2      0.00157173
         3         2         5         1         4         3      0.00094378
         3         2         6         2         1         1     -0.00025208
         3         2         6         2         1         2     -0.00033810
         3         2         6         2         2         1     -0.00156205
         3         2         6         2         2         2     -0.00216236
         3         2         7         3         1         1     -0.00025208
         3         2         7         3         1         2     -0.00033810
         3         2         7         3         2         1     -0.00156205
         3         2         7         3         2         2     -0.00216236


 RESULTS
 =======

  Reference energy                    -14.865446739187

  Correlated core orbitals:             1.1       1.5
  Orbital energies:                    -2.4408   -2.4405

  CCSD core-core energy                -0.000304708061
  CCSD core-valence energy             -0.000495336160
  CCSD valence correlation energy      -0.027066243020

  CCSD singlet pair energy             -0.027755627594
  CCSD triplet pair energy             -0.000110661242
  CCSD correlation energy              -0.027866287241

 !CCSD total energy                   -14.893313026428

 Timing summary (sec):

 STEP                 CPU(USER)    SYS     CPU(TOT)    WALL
 Transformation          0.01      0.00      0.01      0.01
 CCSD iterations         0.08      0.03      0.11      0.10

 Program statistics:

 Available memory in ccsd:                39999164
 Min. memory needed in ccsd:                  1955
 Max. memory used in ccsd:                    2057
 Max. memory used in cckext:                 34355 (30 integral passes)



 **********************************************************************************************************************************
 DATASETS  * FILE   NREC   LENGTH (MB)   RECORD NAMES
              1      20       29.99       500      700      610      900      950      970     1000      129      960     1100   
                                          VAR     GEOM    BASINP   SYMINP    ZMAT    AOBASIS   BASIS     P2S    ABASIS      S 
                                         1400     1410     1200     1210     1080     1600     1650     1300     1700     1380   
                                           T        V       H0       H01     AOSYM     SMH    MOLCAS    ERIS     OPER     JKOP   

              3       5       14.77       500      610      700     1000     2100   
                                          VAR    BASINP    GEOM     BASIS     RHF  

 PROGRAMS   *        TOTAL      CCSD       INT   RESTART
 CPU TIMES  *         0.43      0.16      0.15      0.02
 REAL TIME  *         0.62 SEC
 DISK USED  *        49.44 MB
 **********************************************************************************************************************************
 Molecular orbitals read from record     2100.3  Type=RHF/CANONICAL (state 1.1)
 Occupation numbers read from record     2100.3  Type=RHF/RHF (state 1.1)
 Orbital energies read from record       2100.3  Type=RHF/CANONICAL (state 1.1)
 Redundancy group numbers read from rec  2100.3  Type=RHF/RHF (state 1.1)

 CCSD/6-31G energy=    -14.893313026428

            CCSD
    -14.89331303
 **********************************************************************************************************************************
 Molpro calculation terminated
