
 Primary working directories    : /scr/yuriaoto/job.023496/molpro.t38Rkxcl3Y
 Secondary working directories  : /scr/yuriaoto/job.023496/molpro.t38Rkxcl3Y
 Wavefunction directory         : /scr/yuriaoto/job.023496/
 Main file repository           : /scr/yuriaoto/job.023496/molpro.t38Rkxcl3Y/

 id        : yuriaoto

 Nodes             nprocs
 t-rex.ufabc.int.br    1

 Using customized tuning parameters: mindgm=8; mindgv=16; mindgc=1; mindgr=1; noblas=0; minvec=7
 default implementation of scratch files=df  


 Variables initialized (933), CPU time= 0.01 sec
 ***,
 memory,40,m
 gprint,orbital,basis,civector
 gthresh,thrprint=0,printci=0.0
 file,3,wfu.dat,old
 
 {cisd,CC_NORM_MAX=10.0
 thresh,printci=0.0,ENERGY=1.0E-10,COEFF=1.0E-12
 print,ref=1
 core,0
 wf,6,1,0;
 }
 
 Commands  initialized (760), CPU time= 0.01 sec, 617 directives.
 Default parameters read. Elapsed time= 0.05 sec

 Checking input...
 Passed
1


                                         ***  PROGRAM SYSTEM MOLPRO  ***
                                       Copyright, TTI GmbH Stuttgart, 2015
                                    Version 2019.2 linked Abr  7 2019 15:10:35


 **********************************************************************************************************************************
 LABEL *                                                                                 
  64 bit serial version                                                                  DATE: 02-Jun-20          TIME: 00:56:22  
 **********************************************************************************************************************************

 SHA1:             3a8a58c585c929645742fb5a1b7541a4ad1da699
 **********************************************************************************************************************************


 THRESHOLDS:

 ZERO    =  1.00D-12  ONEINT  =  1.00D-12  TWOINT  =  1.00D-11  PREFAC  =  1.00D-14  XXXXXX  =  1.00D-09  EORDER  =  1.00D-04
 ENERGY  =  0.00D+00  ETEST   =  0.00D+00  EDENS   =  0.00D+00  THRDEDEF=  1.00D-06  GRADIENT=  1.00D-02  STEP    =  1.00D-03
 ORBITAL =  1.00D-05  CIVEC   =  1.00D-05  COEFF   =  1.00D-04  PRINTCI =  0.00D+00  PUNCHCI =  9.90D+01  OPTGRAD =  3.00D-04
 OPTENERG=  1.00D-06  OPTSTEP =  3.00D-04  THRGRAD =  1.00D-10  COMPRESS=  1.00D-11  VARMIN  =  1.00D-07  VARMAX  =  1.00D-03
 THRDOUB =  0.00D+00  THRDIV  =  1.00D-05  THRRED  =  1.00D-07  THRPSP  =  1.00D+00  THRDC   =  1.00D-10  THRCS   =  1.00D-10
 THRNRM  =  1.00D-08  THREQ   =  0.00D+00  THRDE   =  1.00D+00  THRREF  =  1.00D-05  SPARFAC =  1.00D+00  THRDLP  =  1.00D-07
 THRDIA  =  1.00D-10  THRDLS  =  1.00D-07  THRGPS  =  0.00D+00  THRKEX  =  0.00D+00  THRDIS  =  2.00D-01  THRVAR  =  1.00D-10
 THRLOC  =  1.00D-06  THRGAP  =  1.00D-06  THRLOCT = -1.00D+00  THRGAPT = -1.00D+00  THRORB  =  1.00D-06  THRMLTP =  0.00D+00
 THRCPQCI=  1.00D-10  KEXTA   =  0.00D+00  THRCOARS=  0.00D+00  SYMTOL  =  1.00D-06  GRADTOL =  1.00D-06  THROVL  =  1.00D-08
 THRORTH =  1.00D-08  GRID    =  1.00D-06  GRIDMAX =  1.00D-03  DTMAX   =  0.00D+00  THROCCDE=  1.00D-01  THROCCDE=  1.00D-01
 THRPRINT=  0.00D+00


 Variable memory set to   40000000 words,  buffer space 



 Permanent file  3  wfu.dat  assigned.  Implementation=df    Size= 14.08 MB


 PROGRAM * RESTART 


 Reading variables from file 3

 _FNUC           =      0.00000000
 _BASIS          =    6-31G
 _NELEC          =      6.00000000
 _PROGRAM        =    RHF-SCF
 _DMX_SCF        =      0.00000000
 _DMY_SCF        =      0.00000000
 _DMZ_SCF        =      0.00000000
 _HOMO           =      2.10000000
 _EHOMO          =     -0.17851736
 _LUMO           =      2.50000000
 _ELUMO          =      0.01777251
 _ENERGY         =    -14.86544674
 _ENERGY_METHOD  =    RHF
 _ENERGY_BASIS   =    6-31G
 _ENUC           =      1.80000000
 _EPS1(1:5)      =     -2.44083670    -0.17851736     0.06347959     0.19419351     0.22544151
 _EPS2(1:2)      =      0.04562594     0.20818036
 _EPS3(1:2)      =      0.04562594     0.20818036
 _EPS5(1:5)      =     -2.44048575     0.01777251     0.13971385     0.26575149     0.54809025
 _EPS6(1:2)      =      0.09250729     0.27049360
 _EPS7(1:2)      =      0.09250729     0.27049360
 _IPROC_MPP      =      0.00000000
 _IPROC_MPPX     =      0.00000000
 _ORBITAL        =   2100.30000000
 _STATUS         =      1.00000000
 _DATE           =    21-Oct-19
 _LASTORB        =    RHF
 _OUTPUT         =    /scr/yuriaoto/job.022400/RHF.xml
 _PGROUP         =    D2h 
 _TIME           =    10:18:24
 R               =      5.00000000

 Geometry written to block  1 of record 700


 **********************************************************************************************************************************
 DATASETS  * FILE   NREC   LENGTH (MB)   RECORD NAMES
              3       5       14.77       500      610      700     1000     2100   
                                          VAR    BASINP    GEOM     BASIS     RHF  

 PROGRAMS   *        TOTAL   RESTART
 CPU TIMES  *         0.11      0.01
 REAL TIME  *         0.14 SEC
 DISK USED  *        26.84 MB
 **********************************************************************************************************************************


 Recomputing integrals since basis changed


 Using spherical harmonics

 Library entry LI     S 6-31G                selected for orbital group  1
 Library entry LI     P 6-31G                selected for orbital group  1


 PROGRAM * SEWARD (Integral evaluation for generally contracted gaussian basis sets)     Author: Roland Lindh, 1990

 Geometry written to block  1 of record 700

 Orientation using atomic masses  
 Molecule type: Linear
 User-specified symmetry elements: X,Y,Z
 Symmetry elements: X,Y,Z
 Rotational constants:      20.8009354     20.8009354      0.0000000 GHz  (calculated with average atomic masses)

 Point group  D2h 



 ATOMIC COORDINATES

 NR  ATOM    CHARGE       X              Y              Z

   1  LI1     3.00    0.000000000    0.000000000   -2.500000000
   2  LI2     3.00    0.000000000    0.000000000    2.500000000

 Bond lengths in Bohr (Angstrom)

 1-2  5.000000000
     ( 2.645886055)


 BASIS DATA

   Nr Sym  Nuc  Type         Exponents   Contraction coefficients

    1.1 Ag    1  1s         642.418910     0.002143
              2  1s          96.798515     0.016209
                             22.091121     0.077316
                              6.201070     0.245786
                              1.935118     0.470189
                              0.636736     0.345471
    2.1 Ag    1  1s           2.324918    -0.035092
              2  1s           0.632430    -0.191233
                              0.079053     1.083988
    3.1 Ag    1  1s           0.035962     1.000000
              2  1s    
    4.1 Ag    1  2pz          2.324918     0.008942
              2 -2pz          0.632430     0.141009
                              0.079053     0.945364
    5.1 Ag    1  2pz          0.035962     1.000000
              2 -2pz   
    1.2 B3u   1  2px          2.324918     0.008942
              2  2px          0.632430     0.141009
                              0.079053     0.945364
    2.2 B3u   1  2px          0.035962     1.000000
              2  2px   
    1.3 B2u   1  2py          2.324918     0.008942
              2  2py          0.632430     0.141009
                              0.079053     0.945364
    2.3 B2u   1  2py          0.035962     1.000000
              2  2py   
    1.5 B1u   1  1s         642.418910     0.002143
              2 -1s          96.798515     0.016209
                             22.091121     0.077316
                              6.201070     0.245786
                              1.935118     0.470189
                              0.636736     0.345471
    2.5 B1u   1  1s           2.324918    -0.035092
              2 -1s           0.632430    -0.191233
                              0.079053     1.083988
    3.5 B1u   1  1s           0.035962     1.000000
              2 -1s    
    4.5 B1u   1  2pz          2.324918     0.008942
              2  2pz          0.632430     0.141009
                              0.079053     0.945364
    5.5 B1u   1  2pz          0.035962     1.000000
              2  2pz   
    1.6 B2g   1  2px          2.324918     0.008942
              2 -2px          0.632430     0.141009
                              0.079053     0.945364
    2.6 B2g   1  2px          0.035962     1.000000
              2 -2px   
    1.7 B3g   1  2py          2.324918     0.008942
              2 -2py          0.632430     0.141009
                              0.079053     0.945364
    2.7 B3g   1  2py          0.035962     1.000000
              2 -2py   

 NUCLEAR CHARGE:                    6
 NUMBER OF PRIMITIVE AOS:          44
 NUMBER OF SYMMETRY AOS:           44
 NUMBER OF CONTRACTIONS:           18   (    5Ag  +    2B3u +    2B2u +    0B1g +    5B1u +    2B2g +    2B3g +    0Au  )
 NUMBER OF CORE ORBITALS:           2   (    1Ag  +    0B3u +    0B2u +    0B1g +    1B1u +    0B2g +    0B3g +    0Au  )
 NUMBER OF VALENCE ORBITALS:        8   (    2Ag  +    1B3u +    1B2u +    0B1g +    2B1u +    1B2g +    1B3g +    0Au  )


 NUCLEAR REPULSION ENERGY    1.80000000

 Eigenvalues of metric

         1 0.103E+00 0.180E+00 0.946E+00 0.140E+01 0.370E+01
         2 0.252E+00 0.273E+01
         3 0.252E+00 0.273E+01
         5 0.422E-02 0.112E+00 0.166E+00 0.962E+00 0.242E+01
         6 0.108E+00 0.907E+00
         7 0.108E+00 0.907E+00


 Contracted 2-electron integrals neglected if value below      1.0D-11
 AO integral compression algorithm  1   Integral accuracy      1.0D-11

     0.262 MB (compressed) written to integral file (100.0%)


 NUMBER OF SORTED TWO-ELECTRON INTEGRALS:       2829.     BUFFER LENGTH:  32768
 NUMBER OF SEGMENTS:   1  SEGMENT LENGTH:       2829      RECORD LENGTH: 524288

 Memory used in sort:       0.56 MW

 SORT1 READ        8184. AND WROTE        2829. INTEGRALS IN      1 RECORDS. CPU TIME:     0.00 SEC, REAL TIME:     0.00 SEC
 SORT2 READ        2829. AND WROTE        2829. INTEGRALS IN      1 RECORDS. CPU TIME:     0.01 SEC, REAL TIME:     0.01 SEC

 FILE SIZES:   FILE 1:    30.2 MBYTE,  FILE 4:     4.2 MBYTE,   TOTAL:     34.4 MBYTE

 OPERATOR DM      FOR CENTER  0  COORDINATES:    0.000000    0.000000    0.000000


 **********************************************************************************************************************************
 DATASETS  * FILE   NREC   LENGTH (MB)   RECORD NAMES
              1      19       29.97       500      700      610      900      950      970     1000      129      960     1100   
                                          VAR     GEOM    BASINP   SYMINP    ZMAT    AOBASIS   BASIS     P2S    ABASIS      S 
                                         1400     1410     1200     1210     1080     1600     1650     1300     1700   
                                           T        V       H0       H01     AOSYM     SMH    MOLCAS    ERIS     OPER   

              3       5       14.77       500      610      700     1000     2100   
                                          VAR    BASINP    GEOM     BASIS     RHF  

 PROGRAMS   *        TOTAL       INT   RESTART
 CPU TIMES  *         0.26      0.15      0.01
 REAL TIME  *         0.43 SEC
 DISK USED  *        49.44 MB
 **********************************************************************************************************************************


 PROGRAM * CISD (Closed-shell CI(SD))     Authors: C. Hampel, H.-J. Werner, 1991, M. Deegan, P.J. Knowles, 1992


 Input parameters for THRESH:

 ENERGY   =    1.00D-10
 COEFF    =    1.00D-12
 PRINTCI  =    0.000000
 THRPRINT =    0.000000

 Convergence thresholds:  THRVAR = 1.00D-24  THRDEN = 1.00D-10

 Number of closed-shell orbitals:   3 (   2   0   0   0   1   0   0 )
 Number of external orbitals:      15 (   3   2   2   0   4   2   2 )

 Molecular orbitals read from record     2100.3  Type=RHF/CANONICAL (state 1.1)

 Number of N-1 electron functions:               3
 Number of N-2 electron functions:               6
 Number of singly external CSFs:                10
 Number of doubly external CSFs:               205
 Total number of CSFs:                         216

 Length of J-op  integral file:               0.00 MB
 Length of K-op  integral file:               0.04 MB

 Integral transformation finished. Total CPU:   0.00 sec, npass=  1  Memory used:   0.07 MW

 Reference energy:                    -14.86544674

 MP2 singlet pair energy:              -0.01624341
 MP2 triplet pair energy:              -0.00012344
 MP2 correlation energy:               -0.01636685
 MP2 total energy:                    -14.88181359

 SCS-MP2 correlation energy:           -0.01956890   (PS=  1.200000  PT=  0.333333)
 SCS-MP2 total energy:                -14.88501563

 ITER.      SQ.NORM     CORR.ENERGY   TOTAL ENERGY   ENERGY CHANGE        DEN1      VAR(S)    VAR(P)  DIIS     TIME  TIME/IT
   1      1.04773340    -0.02423152   -14.88967826    -0.00786467    -0.00430965  0.12D-03  0.27D-02  1  1     0.02     0.00
   2      1.08148765    -0.02557049   -14.89101723    -0.00133897    -0.00530885  0.21D-04  0.23D-03  2  2     0.02     0.00
   3      1.09695889    -0.02756468   -14.89301142    -0.00199418    -0.00171724  0.16D-05  0.45D-04  3  3     0.02     0.00
   4      1.09950102    -0.02780541   -14.89325215    -0.00024074    -0.00007271  0.65D-06  0.35D-05  4  4     0.03     0.00
   5      1.10016485    -0.02783506   -14.89328180    -0.00002965    -0.00003194  0.11D-07  0.53D-06  5  5     0.03     0.00
   6      1.10049871    -0.02783768   -14.89328442    -0.00000262    -0.00002946  0.18D-07  0.12D-06  6  6     0.03     0.00
   7      1.10051406    -0.02783807   -14.89328481    -0.00000039     0.00000176  0.77D-08  0.17D-07  6  2     0.03     0.00
   8      1.10055122    -0.02783818   -14.89328492    -0.00000011    -0.00000342  0.19D-08  0.40D-08  6  1     0.04     0.00
   9      1.10055051    -0.02783820   -14.89328494    -0.00000002     0.00000007  0.23D-09  0.36D-09  6  4     0.04     0.00
  10      1.10055116    -0.02783820   -14.89328494    -0.00000000    -0.00000018  0.39D-10  0.53D-10  6  3     0.04     0.00
  11      1.10054859    -0.02783820   -14.89328494    -0.00000000     0.00000023  0.85D-11  0.37D-11  6  5     0.04     0.00
  12      1.10054818    -0.02783820   -14.89328494    -0.00000000     0.00000002  0.27D-11  0.10D-11  6  6     0.05     0.00
  13      1.10054786    -0.02783820   -14.89328494    -0.00000000     0.00000001  0.61D-12  0.33D-12  6  2     0.05     0.00
  14      1.10054768    -0.02783820   -14.89328494    -0.00000000     0.00000001  0.83D-13  0.12D-12  6  1     0.05     0.00
  15      1.10054756    -0.02783820   -14.89328494    -0.00000000     0.00000001  0.30D-14  0.38D-13  6  4     0.05     0.00
  16      1.10054751    -0.02783820   -14.89328494    -0.00000000     0.00000000  0.75D-15  0.95D-14  6  3     0.05     0.00
  17      1.10054750    -0.02783820   -14.89328494    -0.00000000     0.00000000  0.68D-15  0.13D-14  6  5     0.06     0.00
  18      1.10054750    -0.02783820   -14.89328494    -0.00000000    -0.00000000  0.18D-15  0.26D-15  6  6     0.06     0.00
  19      1.10054751    -0.02783820   -14.89328494     0.00000000    -0.00000000  0.39D-16  0.63D-16  6  2     0.06     0.00
  20      1.10054751    -0.02783820   -14.89328494    -0.00000000    -0.00000000  0.84D-17  0.14D-16  6  1     0.06     0.00
  21      1.10054751    -0.02783820   -14.89328494     0.00000000    -0.00000000  0.24D-17  0.28D-17  6  4     0.06     0.00
  22      1.10054751    -0.02783820   -14.89328494     0.00000000    -0.00000000  0.75D-18  0.64D-18  6  3     0.07     0.00
  23      1.10054751    -0.02783820   -14.89328494     0.00000000     0.00000000  0.16D-18  0.11D-18  6  6     0.07     0.00
  24      1.10054751    -0.02783820   -14.89328494     0.00000000     0.00000000  0.11D-19  0.19D-19  6  5     0.07     0.00
  25      1.10054751    -0.02783820   -14.89328494     0.00000000     0.00000000  0.92D-21  0.62D-20  6  2     0.07     0.00
  26      1.10054751    -0.02783820   -14.89328494     0.00000000     0.00000000  0.50D-22  0.42D-21  6  4     0.07     0.00
  27      1.10054751    -0.02783820   -14.89328494     0.00000000     0.00000000  0.35D-22  0.61D-22  6  1     0.08     0.00
  28      1.10054751    -0.02783820   -14.89328494     0.00000000     0.00000000  0.40D-23  0.87D-23  6  6     0.08     0.00
  29      1.10054751    -0.02783820   -14.89328494     0.00000000     0.00000000  0.71D-24  0.18D-23  6  3     0.08     0.00
  30      1.10054751    -0.02783820   -14.89328494     0.00000000     0.00000000  0.25D-25  0.44D-24  6  2     0.08     0.00


 ! DIPOLE MOMENTS:                      0.00000000     0.00000000     0.00000000



 Norm of t1 vector:      0.03683075      S-energy:    -0.00003431      T1 diagnostic:  0.01063212

 Singles amplitudes (print threshold =  0.000E+00):

         I         SYM. A    A   T(IA)

         1         1         1      0.00009372
         1         1         2     -0.00015321
         1         1         3      0.00012175
         2         1         1     -0.01701432
         2         1         2      0.00883508
         2         1         3      0.01761659
         3         5         1     -0.00033342
         3         5         2      0.00034806
         3         5         3      0.00001178
         3         5         4      0.00028695

 Doubles amplitudes (print threshold =  0.000E+00):

         I         J         SYM. A    SYM. B    A         B      T(IJ, AB)

         1         1         1         1         1         1     -0.00002787
         1         1         1         1         1         2      0.00023700
         1         1         1         1         1         3      0.00010104
         1         1         1         1         2         1      0.00023700
         1         1         1         1         2         2     -0.00072708
         1         1         1         1         2         3     -0.00041956
         1         1         1         1         3         1      0.00010104
         1         1         1         1         3         2     -0.00041956
         1         1         1         1         3         3     -0.00068911
         1         1         2         2         1         1      0.00016274
         1         1         2         2         1         2     -0.00016120
         1         1         2         2         2         1     -0.00016120
         1         1         2         2         2         2     -0.00096464
         1         1         3         3         1         1      0.00016274
         1         1         3         3         1         2     -0.00016120
         1         1         3         3         2         1     -0.00016120
         1         1         3         3         2         2     -0.00096464
         1         1         5         5         1         1     -0.00043413
         1         1         5         5         1         2      0.00075244
         1         1         5         5         1         3     -0.00021704
         1         1         5         5         1         4     -0.00001225
         1         1         5         5         2         1      0.00075244
         1         1         5         5         2         2     -0.00112649
         1         1         5         5         2         3      0.00032440
         1         1         5         5         2         4      0.00003609
         1         1         5         5         3         1     -0.00021704
         1         1         5         5         3         2      0.00032440
         1         1         5         5         3         3     -0.00079333
         1         1         5         5         3         4     -0.00080490
         1         1         5         5         4         1     -0.00001225
         1         1         5         5         4         2      0.00003609
         1         1         5         5         4         3     -0.00080490
         1         1         5         5         4         4     -0.00130901
         1         1         6         6         1         1     -0.00001354
         1         1         6         6         1         2     -0.00014048
         1         1         6         6         2         1     -0.00014048
         1         1         6         6         2         2     -0.00133226
         1         1         7         7         1         1     -0.00001354
         1         1         7         7         1         2     -0.00014048
         1         1         7         7         2         1     -0.00014048
         1         1         7         7         2         2     -0.00133226
         2         1         1         1         1         1     -0.00068684
         2         1         1         1         1         2      0.00142562
         2         1         1         1         1         3      0.00105789
         2         1         1         1         2         1      0.00081037
         2         1         1         1         2         2     -0.00175298
         2         1         1         1         2         3     -0.00135018
         2         1         1         1         3         1      0.00034894
         2         1         1         1         3         2     -0.00079018
         2         1         1         1         3         3     -0.00037857
         2         1         2         2         1         1     -0.00061734
         2         1         2         2         1         2     -0.00150479
         2         1         2         2         2         1     -0.00067279
         2         1         2         2         2         2     -0.00196418
         2         1         3         3         1         1     -0.00061734
         2         1         3         3         1         2     -0.00150479
         2         1         3         3         2         1     -0.00067279
         2         1         3         3         2         2     -0.00196418
         2         1         5         5         1         1      0.00026522
         2         1         5         5         1         2     -0.00029274
         2         1         5         5         1         3     -0.00055425
         2         1         5         5         1         4     -0.00088575
         2         1         5         5         2         1     -0.00046504
         2         1         5         5         2         2      0.00052651
         2         1         5         5         2         3      0.00017042
         2         1         5         5         2         4      0.00054490
         2         1         5         5         3         1     -0.00014315
         2         1         5         5         3         2      0.00021451
         2         1         5         5         3         3     -0.00086153
         2         1         5         5         3         4     -0.00096239
         2         1         5         5         4         1     -0.00032122
         2         1         5         5         4         2      0.00038293
         2         1         5         5         4         3     -0.00086583
         2         1         5         5         4         4     -0.00067885
         2         1         6         6         1         1     -0.00016168
         2         1         6         6         1         2     -0.00092703
         2         1         6         6         2         1     -0.00033797
         2         1         6         6         2         2     -0.00210203
         2         1         7         7         1         1     -0.00016168
         2         1         7         7         1         2     -0.00092703
         2         1         7         7         2         1     -0.00033797
         2         1         7         7         2         2     -0.00210203
         2         2         1         1         1         1     -0.07013701
         2         2         1         1         1         2      0.05642415
         2         2         1         1         1         3      0.00134348
         2         2         1         1         2         1      0.05642415
         2         2         1         1         2         2     -0.05418534
         2         2         1         1         2         3      0.00325613
         2         2         1         1         3         1      0.00134348
         2         2         1         1         3         2      0.00325613
         2         2         1         1         3         3     -0.00402071
         2         2         2         2         1         1     -0.14236139
         2         2         2         2         1         2     -0.06910545
         2         2         2         2         2         1     -0.06910545
         2         2         2         2         2         2     -0.03663286
         2         2         3         3         1         1     -0.14236139
         2         2         3         3         1         2     -0.06910545
         2         2         3         3         2         1     -0.06910545
         2         2         3         3         2         2     -0.03663286
         2         2         5         5         1         1     -0.10474743
         2         2         5         5         1         2      0.06191519
         2         2         5         5         1         3     -0.00402149
         2         2         5         5         1         4      0.02555800
         2         2         5         5         2         1      0.06191519
         2         2         5         5         2         2     -0.03950005
         2         2         5         5         2         3      0.00232262
         2         2         5         5         2         4     -0.01830238
         2         2         5         5         3         1     -0.00402149
         2         2         5         5         3         2      0.00232262
         2         2         5         5         3         3      0.00006878
         2         2         5         5         3         4      0.00114284
         2         2         5         5         4         1      0.02555800
         2         2         5         5         4         2     -0.01830238
         2         2         5         5         4         3      0.00114284
         2         2         5         5         4         4     -0.01159315
         2         2         6         6         1         1      0.00077906
         2         2         6         6         1         2     -0.00097452
         2         2         6         6         2         1     -0.00097452
         2         2         6         6         2         2     -0.00304411
         2         2         7         7         1         1      0.00077906
         2         2         7         7         1         2     -0.00097452
         2         2         7         7         2         1     -0.00097452
         2         2         7         7         2         2     -0.00304411
         3         3         1         1         1         1     -0.00001135
         3         3         1         1         1         2      0.00020065
         3         3         1         1         1         3      0.00007704
         3         3         1         1         2         1      0.00020065
         3         3         1         1         2         2     -0.00064709
         3         3         1         1         2         3     -0.00036711
         3         3         1         1         3         1      0.00007704
         3         3         1         1         3         2     -0.00036711
         3         3         1         1         3         3     -0.00065609
         3         3         2         2         1         1      0.00016989
         3         3         2         2         1         2     -0.00014119
         3         3         2         2         2         1     -0.00014119
         3         3         2         2         2         2     -0.00091100
         3         3         3         3         1         1      0.00016989
         3         3         3         3         1         2     -0.00014119
         3         3         3         3         2         1     -0.00014119
         3         3         3         3         2         2     -0.00091100
         3         3         5         5         1         1     -0.00043934
         3         3         5         5         1         2      0.00075874
         3         3         5         5         1         3     -0.00023297
         3         3         5         5         1         4     -0.00002860
         3         3         5         5         2         1      0.00075874
         3         3         5         5         2         2     -0.00113402
         3         3         5         5         2         3      0.00034370
         3         3         5         5         2         4      0.00005589
         3         3         5         5         3         1     -0.00023297
         3         3         5         5         3         2      0.00034370
         3         3         5         5         3         3     -0.00084824
         3         3         5         5         3         4     -0.00086228
         3         3         5         5         4         1     -0.00002860
         3         3         5         5         4         2      0.00005589
         3         3         5         5         4         3     -0.00086228
         3         3         5         5         4         4     -0.00136955
         3         3         6         6         1         1     -0.00001490
         3         3         6         6         1         2     -0.00014898
         3         3         6         6         2         1     -0.00014898
         3         3         6         6         2         2     -0.00138491
         3         3         7         7         1         1     -0.00001490
         3         3         7         7         1         2     -0.00014898
         3         3         7         7         2         1     -0.00014898
         3         3         7         7         2         2     -0.00138491
         3         1         1         5         1         1      0.00009708
         3         1         1         5         1         2     -0.00011854
         3         1         1         5         1         3     -0.00023342
         3         1         1         5         1         4     -0.00036753
         3         1         1         5         2         1     -0.00001699
         3         1         1         5         2         2     -0.00000243
         3         1         1         5         2         3      0.00066324
         3         1         1         5         2         4      0.00095655
         3         1         1         5         3         1      0.00048691
         3         1         1         5         3         2     -0.00068267
         3         1         1         5         3         3      0.00061625
         3         1         1         5         3         4      0.00040978
         3         1         2         6         1         1     -0.00003062
         3         1         2         6         1         2     -0.00029495
         3         1         2         6         2         1     -0.00012191
         3         1         2         6         2         2     -0.00113925
         3         1         3         7         1         1     -0.00003062
         3         1         3         7         1         2     -0.00029495
         3         1         3         7         2         1     -0.00012191
         3         1         3         7         2         2     -0.00113925
         3         1         5         1         1         1      0.00008832
         3         1         5         1         1         2      0.00000218
         3         1         5         1         1         3      0.00049972
         3         1         5         1         2         1     -0.00010773
         3         1         5         1         2         2     -0.00002615
         3         1         5         1         2         3     -0.00069841
         3         1         5         1         3         1     -0.00026322
         3         1         5         1         3         2      0.00072900
         3         1         5         1         3         3      0.00065788
         3         1         5         1         4         1     -0.00039786
         3         1         5         1         4         2      0.00102388
         3         1         5         1         4         3      0.00045209
         3         1         6         2         1         1     -0.00003360
         3         1         6         2         1         2     -0.00012999
         3         1         6         2         2         1     -0.00031421
         3         1         6         2         2         2     -0.00119107
         3         1         7         3         1         1     -0.00003360
         3         1         7         3         1         2     -0.00012999
         3         1         7         3         2         1     -0.00031421
         3         1         7         3         2         2     -0.00119107
         3         2         1         5         1         1     -0.00038558
         3         2         1         5         1         2      0.00025610
         3         2         1         5         1         3     -0.00032980
         3         2         1         5         1         4     -0.00019904
         3         2         1         5         2         1      0.00082267
         3         2         1         5         2         2     -0.00050670
         3         2         1         5         2         3      0.00082395
         3         2         1         5         2         4      0.00055498
         3         2         1         5         3         1      0.00020352
         3         2         1         5         3         2      0.00012852
         3         2         1         5         3         3      0.00063200
         3         2         1         5         3         4      0.00074718
         3         2         2         6         1         1     -0.00024041
         3         2         2         6         1         2     -0.00048710
         3         2         2         6         2         1     -0.00078865
         3         2         2         6         2         2     -0.00177721
         3         2         3         7         1         1     -0.00024041
         3         2         3         7         1         2     -0.00048710
         3         2         3         7         2         1     -0.00078865
         3         2         3         7         2         2     -0.00177721
         3         2         5         1         1         1     -0.00038324
         3         2         5         1         1         2      0.00052598
         3         2         5         1         1         3     -0.00012929
         3         2         5         1         2         1      0.00047686
         3         2         5         1         2         2     -0.00065604
         3         2         5         1         2         3      0.00009538
         3         2         5         1         3         1     -0.00132229
         3         2         5         1         3         2      0.00166030
         3         2         5         1         3         3      0.00066484
         3         2         5         1         4         1     -0.00132257
         3         2         5         1         4         2      0.00157325
         3         2         5         1         4         3      0.00094865
         3         2         6         2         1         1     -0.00025189
         3         2         6         2         1         2     -0.00033793
         3         2         6         2         2         1     -0.00156171
         3         2         6         2         2         2     -0.00216251
         3         2         7         3         1         1     -0.00025189
         3         2         7         3         1         2     -0.00033793
         3         2         7         3         2         1     -0.00156171
         3         2         7         3         2         2     -0.00216251


 RESULTS
 =======

  Reference energy                    -14.865446739187

  Correlated core orbitals:             1.1       1.5
  Orbital energies:                    -2.4408   -2.4405

  CISD core-core energy                -0.000276958775
  CISD core-valence energy             -0.000454797051
  CISD valence correlation energy      -0.027106448314

  CISD singlet pair energy             -0.027702416958
  CISD triplet pair energy             -0.000101476037
  CISD correlation energy              -0.027838204140

 !CISD total energy                   -14.893284943326

 Timing summary (sec):

 STEP                 CPU(USER)    SYS     CPU(TOT)    WALL
 CCSD iterations         0.08      0.02      0.10      0.10

 Program statistics:

 Available memory in ccsd:                39999164
 Min. memory needed in ccsd:                  1955
 Max. memory used in ccsd:                    2057
 Max. memory used in cckext:                 34355 (30 integral passes)



 **********************************************************************************************************************************
 DATASETS  * FILE   NREC   LENGTH (MB)   RECORD NAMES
              1      20       29.98       500      700      610      900      950      970     1000      129      960     1100   
                                          VAR     GEOM    BASINP   SYMINP    ZMAT    AOBASIS   BASIS     P2S    ABASIS      S 
                                         1400     1410     1200     1210     1080     1600     1650     1300     1700     1380   
                                           T        V       H0       H01     AOSYM     SMH    MOLCAS    ERIS     OPER     JKOP   

              3       5       14.77       500      610      700     1000     2100   
                                          VAR    BASINP    GEOM     BASIS     RHF  

 PROGRAMS   *        TOTAL      CISD       INT   RESTART
 CPU TIMES  *         0.40      0.14      0.15      0.01
 REAL TIME  *         0.59 SEC
 DISK USED  *        49.44 MB
 **********************************************************************************************************************************
 Molecular orbitals read from record     2100.3  Type=RHF/CANONICAL (state 1.1)
 Occupation numbers read from record     2100.3  Type=RHF/RHF (state 1.1)
 Orbital energies read from record       2100.3  Type=RHF/CANONICAL (state 1.1)
 Redundancy group numbers read from rec  2100.3  Type=RHF/RHF (state 1.1)

 CISD/6-31G energy=    -14.893284943326

            CISD
    -14.89328494
 **********************************************************************************************************************************
 Molpro calculation terminated
