
 Primary working directories    : /scr/yuriaoto/job.023662/molpro.cp6monpmwE
 Secondary working directories  : /scr/yuriaoto/job.023662/molpro.cp6monpmwE
 Wavefunction directory         : /scr/yuriaoto/job.023662/
 Main file repository           : /scr/yuriaoto/job.023662/molpro.cp6monpmwE/

 id        : yuriaoto

 Nodes             nprocs
 t-rex.ufabc.int.br    1

 Using customized tuning parameters: mindgm=8; mindgv=16; mindgc=1; mindgr=1; noblas=0; minvec=7
 default implementation of scratch files=df  


 Variables initialized (933), CPU time= 0.00 sec
 ***,
 memory,40,m
 gprint,orbital,basis,civector
 gthresh,thrprint=0,printci=0.0
 file,3,wfu.dat,old
 
 {ccsd,CC_NORM_MAX=10000.0
 nosingle
 thresh,printci=0.0,ENERGY=1.0E-10,COEFF=1.0E-12
 print,ref=1
 wf,2,1,0;
 }
 
 Commands  initialized (760), CPU time= 0.01 sec, 617 directives.
 Default parameters read. Elapsed time= 0.04 sec

 Checking input...
 Passed
1


                                         ***  PROGRAM SYSTEM MOLPRO  ***
                                       Copyright, TTI GmbH Stuttgart, 2015
                                    Version 2019.2 linked Abr  7 2019 15:10:35


 **********************************************************************************************************************************
 LABEL *                                                                                 
  64 bit serial version                                                                  DATE: 05-Jun-20          TIME: 23:19:55  
 **********************************************************************************************************************************

 SHA1:             3a8a58c585c929645742fb5a1b7541a4ad1da699
 **********************************************************************************************************************************


 THRESHOLDS:

 ZERO    =  1.00D-12  ONEINT  =  1.00D-12  TWOINT  =  1.00D-11  PREFAC  =  1.00D-14  XXXXXX  =  1.00D-09  EORDER  =  1.00D-04
 ENERGY  =  0.00D+00  ETEST   =  0.00D+00  EDENS   =  0.00D+00  THRDEDEF=  1.00D-06  GRADIENT=  1.00D-02  STEP    =  1.00D-03
 ORBITAL =  1.00D-05  CIVEC   =  1.00D-05  COEFF   =  1.00D-04  PRINTCI =  0.00D+00  PUNCHCI =  9.90D+01  OPTGRAD =  3.00D-04
 OPTENERG=  1.00D-06  OPTSTEP =  3.00D-04  THRGRAD =  1.00D-10  COMPRESS=  1.00D-11  VARMIN  =  1.00D-07  VARMAX  =  1.00D-03
 THRDOUB =  0.00D+00  THRDIV  =  1.00D-05  THRRED  =  1.00D-07  THRPSP  =  1.00D+00  THRDC   =  1.00D-10  THRCS   =  1.00D-10
 THRNRM  =  1.00D-08  THREQ   =  0.00D+00  THRDE   =  1.00D+00  THRREF  =  1.00D-05  SPARFAC =  1.00D+00  THRDLP  =  1.00D-07
 THRDIA  =  1.00D-10  THRDLS  =  1.00D-07  THRGPS  =  0.00D+00  THRKEX  =  0.00D+00  THRDIS  =  2.00D-01  THRVAR  =  1.00D-10
 THRLOC  =  1.00D-06  THRGAP  =  1.00D-06  THRLOCT = -1.00D+00  THRGAPT = -1.00D+00  THRORB  =  1.00D-06  THRMLTP =  0.00D+00
 THRCPQCI=  1.00D-10  KEXTA   =  0.00D+00  THRCOARS=  0.00D+00  SYMTOL  =  1.00D-06  GRADTOL =  1.00D-06  THROVL  =  1.00D-08
 THRORTH =  1.00D-08  GRID    =  1.00D-06  GRIDMAX =  1.00D-03  DTMAX   =  0.00D+00  THROCCDE=  1.00D-01  THROCCDE=  1.00D-01
 THRPRINT=  0.00D+00


 Variable memory set to   40000000 words,  buffer space 



 Permanent file  3  wfu.dat  assigned.  Implementation=df    Size= 14.08 MB


 PROGRAM * RESTART 


 Reading variables from file 3

 _FNUC           =      0.00000000
 _BASIS          =    CC-PVDZ
 _NELEC          =      2.00000000
 _PROGRAM        =    RHF-SCF
 _DMX            =     -0.00000000
 _DMY            =     -0.00000000
 _DMZ            =     -0.00000000
 _DMX_SCF        =     -0.00000000
 _DMY_SCF        =     -0.00000000
 _DMZ_SCF        =     -0.00000000
 _HOMO           =      1.10000000
 _EHOMO          =     -0.34086982
 _LUMO           =      2.10000000
 _ELUMO          =     -0.09520302
 _ENERGY         =     -0.85242437
 _ENERGY_METHOD  =    RHF
 _ENERGY_BASIS   =    cc-pVDZ
 _ENUC           =      0.20000000
 _EPS1(1:10)     =     -0.34086982    -0.09520302     0.61305106     0.67276230     1.46113314     1.46277864
                        1.46277864     1.46773963     1.46773963     1.50154450
 _IPROC_MPP      =      0.00000000
 _IPROC_MPPX     =      0.00000000
 _ORBITAL        =   2100.30000000
 _STATUS         =      1.00000000
 _DATE           =    16-Oct-19
 _LASTORB        =    RHF
 _OUTPUT         =    /scr/yuriaoto/job.022369/RHF.xml
 _PGROUP         =    C1  
 _TIME           =    09:32:01
 R               =      5.00000000

 Geometry written to block  1 of record 700


 **********************************************************************************************************************************
 DATASETS  * FILE   NREC   LENGTH (MB)   RECORD NAMES
              3       5       14.77       500      610      700     1000     2100   
                                          VAR    BASINP    GEOM     BASIS     RHF  

 PROGRAMS   *        TOTAL   RESTART
 CPU TIMES  *         0.12      0.01
 REAL TIME  *         0.14 SEC
 DISK USED  *        26.84 MB
 **********************************************************************************************************************************


 Recomputing integrals since basis changed


 Using spherical harmonics

 Library entry H      S cc-pVDZ              selected for orbital group  1
 Library entry H      P cc-pVDZ              selected for orbital group  1


 PROGRAM * SEWARD (Integral evaluation for generally contracted gaussian basis sets)     Author: Roland Lindh, 1990

 Geometry written to block  1 of record 700

 Orientation using atomic masses  
 Molecule type: Linear
 Rotational constants:     143.2419517    143.2419517      0.0000000 GHz  (calculated with average atomic masses)

 Point group  C1  



 ATOMIC COORDINATES

 NR  ATOM    CHARGE       X              Y              Z

   1  H1      1.00    0.000000000    0.000000000   -2.500000000
   2  H2      1.00    0.000000000    0.000000000    2.500000000


 BASIS DATA

   Nr Sym  Nuc  Type         Exponents   Contraction coefficients

    1.1 A     1  1s          13.010000     0.019685    0.000000
    2.1 A                     1.962000     0.137977    0.000000
                              0.444600     0.478148    0.000000
                              0.122000     0.501240    1.000000
    3.1 A     1  2px          0.727000     1.000000
    4.1 A     1  2py          0.727000     1.000000
    5.1 A     1  2pz          0.727000     1.000000
    6.1 A     2  1s          13.010000     0.019685    0.000000
    7.1 A                     1.962000     0.137977    0.000000
                              0.444600     0.478148    0.000000
                              0.122000     0.501240    1.000000
    8.1 A     2  2px          0.727000     1.000000
    9.1 A     2  2py          0.727000     1.000000
   10.1 A     2  2pz          0.727000     1.000000

 NUCLEAR CHARGE:                    2
 NUMBER OF PRIMITIVE AOS:          14
 NUMBER OF SYMMETRY AOS:           14
 NUMBER OF CONTRACTIONS:           10   (   10A   )
 NUMBER OF CORE ORBITALS:           0   (    0A   )
 NUMBER OF VALENCE ORBITALS:        2   (    2A   )


 NUCLEAR REPULSION ENERGY    0.20000000

 EXTRA SYMMETRY OF AOS IN SYMMETRY 1:   1 1 2 3 1 1 1 2 3 1

 Eigenvalues of metric

         1 0.832E-01 0.104E+00 0.993E+00 0.999E+00 0.100E+01 0.100E+01 0.100E+01 0.100E+01


 Contracted 2-electron integrals neglected if value below      1.0D-11
 AO integral compression algorithm  1   Integral accuracy      1.0D-11

     0.262 MB (compressed) written to integral file ( 64.6%)


 NUMBER OF SORTED TWO-ELECTRON INTEGRALS:       1540.     BUFFER LENGTH:  32768
 NUMBER OF SEGMENTS:   1  SEGMENT LENGTH:       1540      RECORD LENGTH: 524288

 Memory used in sort:       0.56 MW

 SORT1 READ        2389. AND WROTE         512. INTEGRALS IN      1 RECORDS. CPU TIME:     0.00 SEC, REAL TIME:     0.01 SEC
 SORT2 READ         512. AND WROTE        1540. INTEGRALS IN      1 RECORDS. CPU TIME:     0.01 SEC, REAL TIME:     0.00 SEC

 FILE SIZES:   FILE 1:    30.2 MBYTE,  FILE 4:     4.2 MBYTE,   TOTAL:     34.4 MBYTE

 OPERATOR DM      FOR CENTER  0  COORDINATES:    0.000000    0.000000    0.000000


 **********************************************************************************************************************************
 DATASETS  * FILE   NREC   LENGTH (MB)   RECORD NAMES
              1      19       29.94       500      700      610      900      950      970     1000      129      960     1100   
                                          VAR     GEOM    BASINP   SYMINP    ZMAT    AOBASIS   BASIS     P2S    ABASIS      S 
                                         1400     1410     1200     1210     1080     1600     1650     1300     1700   
                                           T        V       H0       H01     AOSYM     SMH    MOLCAS    ERIS     OPER   

              3       5       14.77       500      610      700     1000     2100   
                                          VAR    BASINP    GEOM     BASIS     RHF  

 PROGRAMS   *        TOTAL       INT   RESTART
 CPU TIMES  *         0.26      0.14      0.01
 REAL TIME  *         0.43 SEC
 DISK USED  *        49.42 MB
 **********************************************************************************************************************************


 PROGRAM * CCSD (Closed-shell coupled cluster)     Authors: C. Hampel, H.-J. Werner, 1991, M. Deegan, P.J. Knowles, 1992


 Input parameters for THRESH:

 ENERGY   =    1.00D-10
 COEFF    =    1.00D-12
 PRINTCI  =    0.000000
 THRPRINT =    0.000000

 Convergence thresholds:  THRVAR = 1.00D-24  THRDEN = 1.00D-10

 Number of closed-shell orbitals:   1 (   1 )
 Number of external orbitals:       9 (   9 )

 Molecular orbitals read from record     2100.3  Type=RHF/CANONICAL (state 1.1)

 Number of N-1 electron functions:               0
 Number of N-2 electron functions:               1
 Number of singly external CSFs:                 0
 Number of doubly external CSFs:                45
 Total number of CSFs:                          46

 Length of J-op  integral file:               0.00 MB
 Length of K-op  integral file:               0.04 MB
 Length of 3-ext integral record:             0.00 MB

 Integral transformation finished. Total CPU:   0.01 sec, npass=  1  Memory used:   0.07 MW

 Reference energy:                     -0.85242437

 MP2 singlet pair energy:              -0.07826033
 MP2 triplet pair energy:               0.00000000
 MP2 correlation energy:               -0.07826033
 MP2 total energy:                     -0.93068469

 SCS-MP2 correlation energy:           -0.09391239   (PS=  1.200000  PT=  0.333333)
 SCS-MP2 total energy:                 -0.94633676

 ITER.      SQ.NORM     CORR.ENERGY   TOTAL ENERGY   ENERGY CHANGE        DEN1      VAR(S)    VAR(P)  DIIS     TIME  TIME/IT
   1      1.26049400    -0.12840801    -0.98083237    -0.05014768    -0.02343615  0.00D+00  0.22D-01  1  1     0.02     0.00
   2      1.56469436    -0.14755329    -0.99997765    -0.01914528    -0.03928533  0.00D+00  0.47D-03  2  2     0.02     0.00
   3      1.53721099    -0.13710517    -0.98952954     0.01044811     0.00335065  0.00D+00  0.11D-04  3  3     0.02     0.00
   4      1.53522228    -0.13736828    -0.98979264    -0.00026311     0.00025739  0.00D+00  0.42D-07  4  4     0.03     0.00
   5      1.53800389    -0.13769414    -0.99011850    -0.00032586    -0.00031854  0.00D+00  0.92D-09  5  5     0.03     0.00
   6      1.53731573    -0.13761382    -0.99003819     0.00008032     0.00007817  0.00D+00  0.32D-10  6  6     0.03     0.00
   7      1.53728168    -0.13761038    -0.99003474     0.00000344     0.00000380  0.00D+00  0.86D-12  6  1     0.03     0.00
   8      1.53725640    -0.13760747    -0.99003184     0.00000290     0.00000285  0.00D+00  0.12D-13  6  2     0.03     0.00
   9      1.53725637    -0.13760748    -0.99003184    -0.00000000     0.00000000  0.00D+00  0.36D-16  6  3     0.04     0.00
  10      1.53725637    -0.13760748    -0.99003184    -0.00000000    -0.00000000  0.00D+00  0.13D-17  6  4     0.04     0.00
  11      1.53725637    -0.13760748    -0.99003184     0.00000000    -0.00000000  0.00D+00  0.13D-19  6  5     0.04     0.00
  12      1.53725637    -0.13760748    -0.99003184     0.00000000    -0.00000000  0.00D+00  0.19D-21  6  6     0.04     0.00
  13      1.53725637    -0.13760748    -0.99003184    -0.00000000    -0.00000000  0.00D+00  0.23D-23  6  1     0.04     0.00
  14      1.53725637    -0.13760748    -0.99003184     0.00000000     0.00000000  0.00D+00  0.24D-24  6  2     0.04     0.00


 Doubles amplitudes (print threshold =  0.000E+00):

         I         J         SYM. A    SYM. B    A         B      T(IJ, AB)

         1         1         1         1         1         1     -0.72461125
         1         1         1         1         1         2     -0.00000000
         1         1         1         1         1         3      0.07727448
         1         1         1         1         1         4      0.00000000
         1         1         1         1         1         5     -0.00000000
         1         1         1         1         1         6     -0.00000000
         1         1         1         1         1         7      0.00000000
         1         1         1         1         1         8     -0.00000000
         1         1         1         1         1         9     -0.00845294
         1         1         1         1         2         1     -0.00000000
         1         1         1         1         2         2      0.00414731
         1         1         1         1         2         3     -0.00000000
         1         1         1         1         2         4      0.00116415
         1         1         1         1         2         5     -0.00000000
         1         1         1         1         2         6     -0.00000000
         1         1         1         1         2         7     -0.00000000
         1         1         1         1         2         8     -0.00000000
         1         1         1         1         2         9     -0.00000000
         1         1         1         1         3         1      0.07727448
         1         1         1         1         3         2     -0.00000000
         1         1         1         1         3         3     -0.00662715
         1         1         1         1         3         4     -0.00000000
         1         1         1         1         3         5      0.00000000
         1         1         1         1         3         6      0.00000000
         1         1         1         1         3         7     -0.00000000
         1         1         1         1         3         8      0.00000000
         1         1         1         1         3         9      0.00157013
         1         1         1         1         4         1      0.00000000
         1         1         1         1         4         2      0.00116415
         1         1         1         1         4         3     -0.00000000
         1         1         1         1         4         4     -0.00468952
         1         1         1         1         4         5     -0.00000000
         1         1         1         1         4         6      0.00000000
         1         1         1         1         4         7     -0.00000000
         1         1         1         1         4         8      0.00000000
         1         1         1         1         4         9     -0.00000000
         1         1         1         1         5         1     -0.00000000
         1         1         1         1         5         2     -0.00000000
         1         1         1         1         5         3      0.00000000
         1         1         1         1         5         4     -0.00000000
         1         1         1         1         5         5     -0.00292749
         1         1         1         1         5         6      0.00000000
         1         1         1         1         5         7     -0.00000000
         1         1         1         1         5         8     -0.00000000
         1         1         1         1         5         9      0.00000000
         1         1         1         1         6         1     -0.00000000
         1         1         1         1         6         2     -0.00000000
         1         1         1         1         6         3      0.00000000
         1         1         1         1         6         4      0.00000000
         1         1         1         1         6         5      0.00000000
         1         1         1         1         6         6     -0.00292749
         1         1         1         1         6         7      0.00000000
         1         1         1         1         6         8     -0.00000000
         1         1         1         1         6         9      0.00000000
         1         1         1         1         7         1      0.00000000
         1         1         1         1         7         2     -0.00000000
         1         1         1         1         7         3     -0.00000000
         1         1         1         1         7         4     -0.00000000
         1         1         1         1         7         5     -0.00000000
         1         1         1         1         7         6      0.00000000
         1         1         1         1         7         7     -0.00075374
         1         1         1         1         7         8     -0.00000000
         1         1         1         1         7         9     -0.00000000
         1         1         1         1         8         1     -0.00000000
         1         1         1         1         8         2     -0.00000000
         1         1         1         1         8         3      0.00000000
         1         1         1         1         8         4      0.00000000
         1         1         1         1         8         5     -0.00000000
         1         1         1         1         8         6     -0.00000000
         1         1         1         1         8         7     -0.00000000
         1         1         1         1         8         8     -0.00075374
         1         1         1         1         8         9      0.00000000
         1         1         1         1         9         1     -0.00845294
         1         1         1         1         9         2     -0.00000000
         1         1         1         1         9         3      0.00157013
         1         1         1         1         9         4     -0.00000000
         1         1         1         1         9         5      0.00000000
         1         1         1         1         9         6      0.00000000
         1         1         1         1         9         7     -0.00000000
         1         1         1         1         9         8      0.00000000
         1         1         1         1         9         9     -0.00053259


 RESULTS
 =======

  Reference energy                     -0.852424365626
  CCD singlet pair energy              -0.137607475779
  CCD triplet pair energy               0.000000000000
  CCD correlation energy               -0.137607475779

 !CCD total energy                     -0.990031841405

 Timing summary (sec):

 STEP                 CPU(USER)    SYS     CPU(TOT)    WALL
 Transformation          0.01      0.00      0.01      0.01
 CCSD iterations         0.04      0.01      0.05      0.05

 Program statistics:

 Available memory in ccsd:                39999196
 Min. memory needed in ccsd:                  1573
 Max. memory used in ccsd:                    1573
 Max. memory used in cckext:                 33514 (14 integral passes)



 **********************************************************************************************************************************
 DATASETS  * FILE   NREC   LENGTH (MB)   RECORD NAMES
              1      20       29.95       500      700      610      900      950      970     1000      129      960     1100   
                                          VAR     GEOM    BASINP   SYMINP    ZMAT    AOBASIS   BASIS     P2S    ABASIS      S 
                                         1400     1410     1200     1210     1080     1600     1650     1300     1700     1380   
                                           T        V       H0       H01     AOSYM     SMH    MOLCAS    ERIS     OPER     JKOP   

              3       5       14.77       500      610      700     1000     2100   
                                          VAR    BASINP    GEOM     BASIS     RHF  

 PROGRAMS   *        TOTAL      CCSD       INT   RESTART
 CPU TIMES  *         0.37      0.11      0.14      0.01
 REAL TIME  *         0.55 SEC
 DISK USED  *        49.42 MB
 **********************************************************************************************************************************
 Molecular orbitals read from record     2100.3  Type=RHF/CANONICAL (state 1.1)
 Occupation numbers read from record     2100.3  Type=RHF/RHF (state 1.1)
 Orbital energies read from record       2100.3  Type=RHF/CANONICAL (state 1.1)
 Redundancy group numbers read from rec  2100.3  Type=RHF/RHF (state 1.1)

 CCSD/cc-pVDZ energy=     -0.990031841405

            CCSD
     -0.99003184
 **********************************************************************************************************************************
 Molpro calculation terminated
