
 Primary working directories    : /scr/yuriaoto/job.022429/molpro.dcDukqXEY4
 Secondary working directories  : /scr/yuriaoto/job.022429/molpro.dcDukqXEY4
 Wavefunction directory         : /scr/yuriaoto/job.022429/
 Main file repository           : /scr/yuriaoto/job.022429/molpro.dcDukqXEY4/

 id        : yuriaoto

 Nodes             nprocs
 t-rex.ufabc.int.br    1

 Using customized tuning parameters: mindgm=8; mindgv=16; mindgc=1; mindgr=1; noblas=0; minvec=7
 default implementation of scratch files=df  


 Variables initialized (933), CPU time= 0.00 sec
 ***,
 memory,40,m
 gprint,orbital,basis,civector
 gthresh,thrprint=0,printci=0.0
 file,3,wfu.dat,new
 
 R = 0.96 ANG
 A = 104.4
 
 basis = 6-31g
 
 geometry={H1
           O,H1,R
           H2,O,R,H1,A}
 
 {hf
 wf, 10, 1, 0
 orbital,2100.3
 }
 
 {put,xml,orbitals.xml; nosort; novariables}
 
 Commands  initialized (760), CPU time= 0.01 sec, 617 directives.
 Default parameters read. Elapsed time= 0.03 sec

 Checking input...
 Passed
1


                                         ***  PROGRAM SYSTEM MOLPRO  ***
                                       Copyright, TTI GmbH Stuttgart, 2015
                                    Version 2019.2 linked Abr  7 2019 15:10:35


 **********************************************************************************************************************************
 LABEL *                                                                                 
  64 bit serial version                                                                  DATE: 21-Oct-19          TIME: 13:25:56  
 **********************************************************************************************************************************

 SHA1:             3a8a58c585c929645742fb5a1b7541a4ad1da699
 **********************************************************************************************************************************


 THRESHOLDS:

 ZERO    =  1.00D-12  ONEINT  =  1.00D-12  TWOINT  =  1.00D-11  PREFAC  =  1.00D-14  XXXXXX  =  1.00D-09  EORDER  =  1.00D-04
 ENERGY  =  0.00D+00  ETEST   =  0.00D+00  EDENS   =  0.00D+00  THRDEDEF=  1.00D-06  GRADIENT=  1.00D-02  STEP    =  1.00D-03
 ORBITAL =  1.00D-05  CIVEC   =  1.00D-05  COEFF   =  1.00D-04  PRINTCI =  0.00D+00  PUNCHCI =  9.90D+01  OPTGRAD =  3.00D-04
 OPTENERG=  1.00D-06  OPTSTEP =  3.00D-04  THRGRAD =  1.00D-10  COMPRESS=  1.00D-11  VARMIN  =  1.00D-07  VARMAX  =  1.00D-03
 THRDOUB =  0.00D+00  THRDIV  =  1.00D-05  THRRED  =  1.00D-07  THRPSP  =  1.00D+00  THRDC   =  1.00D-10  THRCS   =  1.00D-10
 THRNRM  =  1.00D-08  THREQ   =  0.00D+00  THRDE   =  1.00D+00  THRREF  =  1.00D-05  SPARFAC =  1.00D+00  THRDLP  =  1.00D-07
 THRDIA  =  1.00D-10  THRDLS  =  1.00D-07  THRGPS  =  0.00D+00  THRKEX  =  0.00D+00  THRDIS  =  2.00D-01  THRVAR  =  1.00D-10
 THRLOC  =  1.00D-06  THRGAP  =  1.00D-06  THRLOCT = -1.00D+00  THRGAPT = -1.00D+00  THRORB  =  1.00D-06  THRMLTP =  0.00D+00
 THRCPQCI=  1.00D-10  KEXTA   =  0.00D+00  THRCOARS=  0.00D+00  SYMTOL  =  1.00D-06  GRADTOL =  1.00D-06  THROVL  =  1.00D-08
 THRORTH =  1.00D-08  GRID    =  1.00D-06  GRIDMAX =  1.00D-03  DTMAX   =  0.00D+00  THROCCDE=  1.00D-01  THROCCDE=  1.00D-01
 THRPRINT=  0.00D+00


 Variable memory set to   40000000 words,  buffer space 



 Permanent file  3  wfu.dat  assigned.  Implementation=df  



 **********************************************************************************************************************************
 DATASETS  * FILE   NREC   LENGTH (MB)   RECORD NAMES
              3       1        0.03       500   
                                          VAR  

 PROGRAMS   *        TOTAL      FILE
 CPU TIMES  *         0.08      0.00
 REAL TIME  *         0.09 SEC
 DISK USED  *         0.09 MB
 **********************************************************************************************************************************
 SETTING R              =         0.96000000  ANG                             
 SETTING A              =       104.40000000                                  
 SETTING BASIS          =    6-31G


 Recomputing integrals since basis changed


 Using spherical harmonics

 Library entry H      S 6-31G                selected for orbital group  1
 Library entry O      S 6-31G                selected for orbital group  2
 Library entry O      P 6-31G                selected for orbital group  2


 PROGRAM * SEWARD (Integral evaluation for generally contracted gaussian basis sets)     Author: Roland Lindh, 1990

 Geometry written to block  1 of record 700

 Orientation using atomic masses  
 Molecule type: Asymmetric top,     Order of principal axis = 2
 Symmetry elements: X,Y
 Rotational constants:     283.9621697    815.3763831    435.6978814 GHz  (calculated with average atomic masses)

 Point group  C2v 



 ATOMIC COORDINATES

 NR  ATOM    CHARGE       X              Y              Z

   1  H1      1.00    0.000000000   -1.433449507    0.987477933
   2  H2      1.00    0.000000000    1.433449507    0.987477933
   3  O       8.00    0.000000000    0.000000000   -0.124419479

 Bond lengths in Bohr (Angstrom)

 1-3  1.814137080  2-3  1.814137080
     ( 0.960000000)     ( 0.960000000)

 Bond angles

  1-3-2  104.40000000


 BASIS DATA

   Nr Sym  Nuc  Type         Exponents   Contraction coefficients

    1.1 A1    1  1s          18.731137     0.033495
              2  1s           2.825394     0.234727
                              0.640122     0.813757
    2.1 A1    1  1s           0.161278     1.000000
              2  1s    
    3.1 A1    3  1s        5484.671700     0.001831
                            825.234950     0.013950
                            188.046960     0.068445
                             52.964500     0.232714
                             16.897570     0.470193
                              5.799635     0.358521
    4.1 A1    3  1s          15.539616    -0.110778
                              3.599934    -0.148026
                              1.013762     1.130767
    5.1 A1    3  1s           0.270006     1.000000
    6.1 A1    3  2pz         15.539616     0.070874
                              3.599934     0.339753
                              1.013762     0.727159
    7.1 A1    3  2pz          0.270006     1.000000
    1.2 B1    3  2px         15.539616     0.070874
                              3.599934     0.339753
                              1.013762     0.727159
    2.2 B1    3  2px          0.270006     1.000000
    1.3 B2    1  1s          18.731137     0.033495
              2 -1s           2.825394     0.234727
                              0.640122     0.813757
    2.3 B2    1  1s           0.161278     1.000000
              2 -1s    
    3.3 B2    3  2py         15.539616     0.070874
                              3.599934     0.339753
                              1.013762     0.727159
    4.3 B2    3  2py          0.270006     1.000000

 NUCLEAR CHARGE:                   10
 NUMBER OF PRIMITIVE AOS:          30
 NUMBER OF SYMMETRY AOS:           30
 NUMBER OF CONTRACTIONS:           13   (    7A1  +    2B1  +    4B2  +    0A2  )
 NUMBER OF CORE ORBITALS:           1   (    1A1  +    0B1  +    0B2  +    0A2  )
 NUMBER OF VALENCE ORBITALS:        6   (    3A1  +    1B1  +    2B2  +    0A2  )


 NUCLEAR REPULSION ENERGY    9.16842912

 Eigenvalues of metric

         1 0.681E-01 0.322E+00 0.424E+00 0.681E+00 0.101E+01 0.163E+01 0.344E+01
         2 0.498E+00 0.150E+01
         3 0.120E+00 0.328E+00 0.742E+00 0.224E+01


 Contracted 2-electron integrals neglected if value below      1.0D-11
 AO integral compression algorithm  1   Integral accuracy      1.0D-11

     0.262 MB (compressed) written to integral file (100.0%)


 NUMBER OF SORTED TWO-ELECTRON INTEGRALS:       1649.     BUFFER LENGTH:  32768
 NUMBER OF SEGMENTS:   1  SEGMENT LENGTH:       1649      RECORD LENGTH: 524288

 Memory used in sort:       0.56 MW

 SORT1 READ        2701. AND WROTE        1487. INTEGRALS IN      1 RECORDS. CPU TIME:     0.00 SEC, REAL TIME:     0.00 SEC
 SORT2 READ        1487. AND WROTE        1649. INTEGRALS IN      1 RECORDS. CPU TIME:     0.00 SEC, REAL TIME:     0.00 SEC

 FILE SIZES:   FILE 1:    30.2 MBYTE,  FILE 4:     4.2 MBYTE,   TOTAL:     34.4 MBYTE

 OPERATOR DM      FOR CENTER  0  COORDINATES:    0.000000    0.000000    0.000000


 **********************************************************************************************************************************
 DATASETS  * FILE   NREC   LENGTH (MB)   RECORD NAMES
              1      19       29.97       500      610      700      900      950      970     1000      129      960     1100   
                                          VAR    BASINP    GEOM    SYMINP    ZMAT    AOBASIS   BASIS     P2S    ABASIS      S 
                                         1400     1410     1200     1210     1080     1600     1650     1300     1700   
                                           T        V       H0       H01     AOSYM     SMH    MOLCAS    ERIS     OPER   

              3       4       12.29       500      610      700     1000   
                                          VAR    BASINP    GEOM     BASIS   

 PROGRAMS   *        TOTAL       INT      FILE
 CPU TIMES  *         0.19      0.10      0.00
 REAL TIME  *         0.33 SEC
 DISK USED  *        46.97 MB
 **********************************************************************************************************************************


 PROGRAM * RHF-SCF (CLOSED SHELL)       Authors: W. Meyer, H.-J. Werner


 NUMBER OF ELECTRONS:       5+    5-    SPACE SYMMETRY=1    SPIN SYMMETRY: Singlet 
 CONVERGENCE THRESHOLDS:    1.00E-05 (Density)    1.00E-07 (Energy)
 MAX. NUMBER OF ITERATIONS:       60
 INTERPOLATION TYPE:            DIIS
 INTERPOLATION STEPS:              2 (START)      1 (STEP)
 LEVEL SHIFTS:                  0.00 (CLOSED)  0.00 (OPEN) 




   Atom=H  basis=MINAO             lmin=0  lmax=0
   Atom=O  basis=MINAO             lmin=0  lmax=1

 Orbital guess generated from atomic densities. Full valence occupancy:    4   1   2   0

 Molecular orbital dump at record        2100.3

 Initial occupancy:   3   1   1

 ITERATION    DDIFF          GRAD             ENERGY        2-EL.EN.            DIPOLE MOMENTS         DIIS   ORB.
    1      0.000D+00      0.000D+00       -75.94254404     77.759659    0.00000    0.00000    1.34411    0    start
    2      0.000D+00      0.529D-01       -75.97422295     74.206584    0.00000    0.00000    1.01666    1    diag
    3      0.599D-01      0.292D-01       -75.98368777     75.632491    0.00000    0.00000    1.06544    2    diag
    4      0.210D-01      0.287D-02       -75.98389510     75.555462    0.00000    0.00000    1.03942    3    diag
    5      0.359D-02      0.499D-03       -75.98390228     75.560075    0.00000    0.00000    1.03658    4    diag
    6      0.787D-03      0.696D-04       -75.98390244     75.559768    0.00000    0.00000    1.03601    5    diag
    7      0.133D-03      0.629D-05       -75.98390244     75.559736    0.00000    0.00000    1.03599    6    diag
    8      0.930D-05      0.853D-06       -75.98390244     75.559718    0.00000    0.00000    1.03599    0    orth

 Final occupancy:   3   1   1

 !RHF STATE  1.1 Energy               -75.983902444804
 Nuclear energy                         9.16842912
 One-electron energy                 -122.93219060
 Two-electron energy                   37.77985903
 Virial quotient                       -0.99997781
 !RHF STATE  1.1 Dipole moment          0.00000000     0.00000000     1.03598798
 Dipole moment /Debye                   0.00000000     0.00000000     2.63304632

 MOLECULAR ORBITALS
 ==================

   Orb  Occ    Energy       Coefficients

                            1 1s      1 1s      2 1s      2 1s      2 1s      2 2pz     2 2pz  

   1.1   2   -20.5610     0.000176  0.002792  0.995786  0.021950 -0.008035  0.002096 -0.001948

   2.1   2    -1.3550     0.197325 -0.011593 -0.212489  0.469154  0.480264  0.111070  0.060668

   3.1   2    -0.5604     0.203854  0.114683  0.075841 -0.180893 -0.306335  0.550181  0.402610

                            2 2px     2 2px  

   1.2   2    -0.5013     0.641865  0.509737

                            1 1s      1 1s      2 2py     2 2py  

   1.3   2    -0.7085    -0.371591 -0.175891  0.505473  0.270273


 HOMO      1.2    -0.501286 =     -13.6407eV
 LUMO      4.1     0.203102 =       5.5267eV
 LUMO-HOMO         0.704388 =      19.1674eV


 **********************************************************************************************************************************
 DATASETS  * FILE   NREC   LENGTH (MB)   RECORD NAMES
              1      19       29.97       500      610      700      900      950      970     1000      129      960     1100   
                                          VAR    BASINP    GEOM    SYMINP    ZMAT    AOBASIS   BASIS     P2S    ABASIS      S 
                                         1400     1410     1200     1210     1080     1600     1650     1300     1700   
                                           T        V       H0       H01     AOSYM     SMH    MOLCAS    ERIS     OPER   

              3       5       14.78       500      610      700     1000     2100   
                                          VAR    BASINP    GEOM     BASIS     RHF  

 PROGRAMS   *        TOTAL    HF-SCF       INT      FILE
 CPU TIMES  *         0.25      0.06      0.10      0.00
 REAL TIME  *         0.41 SEC
 DISK USED  *        46.97 MB
 **********************************************************************************************************************************

 Dump information in style XML to orbitals.xml                                                                    

 Variables will not be exported.
 Molecular orbitals read from record     2100.3  Type=RHF/CANONICAL (state 1.1)
 Occupation numbers read from record     2100.3  Type=RHF/RHF (state 1.1)
 Orbital energies read from record       2100.3  Type=RHF/CANONICAL (state 1.1)
 Redundancy group numbers read from rec  2100.3  Type=RHF/RHF (state 1.1)

 **********************************************************************************************************************************

 HF/6-31G energy=    -75.983902444804

          HF-SCF
    -75.98390244
 **********************************************************************************************************************************
 Molpro calculation terminated
