
 Primary working directories    : /scr/yuriaoto/job.032939/molpro.eyT7q71kaj
 Secondary working directories  : /scr/yuriaoto/job.032939/molpro.eyT7q71kaj
 Wavefunction directory         : /scr/yuriaoto/job.032939/
 Main file repository           : /scr/yuriaoto/job.032939/molpro.eyT7q71kaj/

 id        : yuriaoto

 Nodes             nprocs
 t-rex.ufabc.int.br    1

 Using customized tuning parameters: mindgm=8; mindgv=16; mindgc=1; mindgr=1; noblas=0; minvec=7
 default implementation of scratch files=df  


 Variables initialized (933), CPU time= 0.00 sec
 ***,
 memory,40,m
 gthresh,thrprint=0,printci=0.0
 file,3,wfu.dat,old
 
 {ccsd,CC_NORM_MAX=25.0,maxit=100
 nosingle
 thresh,printci=0.0,ENERGY=1.0E-10,COEFF=1.0E-12
 print,ref=1
 wf,4,1,0;
 }
 
 Commands  initialized (760), CPU time= 0.01 sec, 617 directives.
 Default parameters read. Elapsed time= 0.05 sec

 Checking input...
 Passed
1


                                         ***  PROGRAM SYSTEM MOLPRO  ***
                                       Copyright, TTI GmbH Stuttgart, 2015
                                    Version 2019.2 linked Abr  7 2019 15:10:35


 **********************************************************************************************************************************
 LABEL *                                                                                 
  64 bit serial version                                                                  DATE: 21-Apr-21          TIME: 21:06:09  
 **********************************************************************************************************************************

 SHA1:             3a8a58c585c929645742fb5a1b7541a4ad1da699
 **********************************************************************************************************************************

 THRESHOLDS:

 ZERO    =  1.00D-12  ONEINT  =  1.00D-12  TWOINT  =  1.00D-11  PREFAC  =  1.00D-14  XXXXXX  =  1.00D-09  EORDER  =  1.00D-04
 ENERGY  =  0.00D+00  ETEST   =  0.00D+00  EDENS   =  0.00D+00  THRDEDEF=  1.00D-06  GRADIENT=  1.00D-02  STEP    =  1.00D-03
 ORBITAL =  1.00D-05  CIVEC   =  1.00D-05  COEFF   =  1.00D-04  PRINTCI =  0.00D+00  PUNCHCI =  9.90D+01  OPTGRAD =  3.00D-04
 OPTENERG=  1.00D-06  OPTSTEP =  3.00D-04  THRGRAD =  1.00D-10  COMPRESS=  1.00D-11  VARMIN  =  1.00D-07  VARMAX  =  1.00D-03
 THRDOUB =  0.00D+00  THRDIV  =  1.00D-05  THRRED  =  1.00D-07  THRPSP  =  1.00D+00  THRDC   =  1.00D-10  THRCS   =  1.00D-10
 THRNRM  =  1.00D-08  THREQ   =  0.00D+00  THRDE   =  1.00D+00  THRREF  =  1.00D-05  SPARFAC =  1.00D+00  THRDLP  =  1.00D-07
 THRDIA  =  1.00D-10  THRDLS  =  1.00D-07  THRGPS  =  0.00D+00  THRKEX  =  0.00D+00  THRDIS  =  2.00D-01  THRVAR  =  1.00D-10
 THRLOC  =  1.00D-06  THRGAP  =  1.00D-06  THRLOCT = -1.00D+00  THRGAPT = -1.00D+00  THRORB  =  1.00D-06  THRMLTP =  0.00D+00
 THRCPQCI=  1.00D-10  KEXTA   =  0.00D+00  THRCOARS=  0.00D+00  SYMTOL  =  1.00D-06  GRADTOL =  1.00D-06  THROVL  =  1.00D-08
 THRORTH =  1.00D-08  GRID    =  1.00D-06  GRIDMAX =  1.00D-03  DTMAX   =  0.00D+00  THROCCDE=  1.00D-01  THROCCDE=  1.00D-01
 THRPRINT=  0.00D+00


 Variable memory set to   40000000 words,  buffer space 



 Permanent file  3  wfu.dat  assigned.  Implementation=df    Size= 14.07 MB


 PROGRAM * RESTART 


 Reading variables from file 3

 _FNUC           =      0.00000000
 _BASIS          =    STO-3G
 _NELEC          =      4.00000000
 _PROGRAM        =    RHF-SCF
 _DMX_SCF        =      0.00000000
 _DMY_SCF        =      0.00000000
 _DMZ_SCF        =      0.00000000
 _HOMO           =      2.10000000
 _EHOMO          =     -0.25403769
 _LUMO           =      1.20000000
 _ELUMO          =      0.22108596
 _ENERGY         =    -14.35188048
 _ENERGY_METHOD  =    RHF
 _ENERGY_BASIS   =    STO-3G
 _ENUC           =      0.00000000
 _IPROC_MPP      =      0.00000000
 _IPROC_MPPX     =      0.00000000
 _ORBITAL        =   2100.30000000
 _STATUS         =      1.00000000
 _DATE           =    25-Feb-21
 _LASTORB        =    RHF
 _OUTPUT         =    /scr/yuriaoto/job.032875/RHF.xml
 _PGROUP         =    D2h 
 _TIME           =    14:33:04

 Geometry written to block  1 of record 700


 **********************************************************************************************************************************
 DATASETS  * FILE   NREC   LENGTH (MB)   RECORD NAMES
              3       5       14.75       500      610      700     1000     2100   
                                          VAR    BASINP    GEOM     BASIS     RHF  

 PROGRAMS   *        TOTAL   RESTART
 CPU TIMES  *         0.16      0.02
 REAL TIME  *         0.21 SEC
 DISK USED  *        26.82 MB
 **********************************************************************************************************************************


 Recomputing integrals since basis changed


 Using spherical harmonics

 Library entry BE     S STO-3G               selected for orbital group  1
 Library entry BE     P STO-3G               selected for orbital group  1


 PROGRAM * SEWARD (Integral evaluation for generally contracted gaussian basis sets)     Author: Roland Lindh, 1990

 Geometry written to block  1 of record 700

 Orientation using atomic masses  
 Molecule type: Atom
 Symmetry elements: X,Y,Z
 Rotational constants:       0.0000000      0.0000000      0.0000000 GHz  (calculated with average atomic masses)

 Point group  D2h 



 ATOMIC COORDINATES

 NR  ATOM    CHARGE       X              Y              Z

   1  BE      4.00    0.000000000    0.000000000    0.000000000

 NUCLEAR CHARGE:                    4
 NUMBER OF PRIMITIVE AOS:          15
 NUMBER OF SYMMETRY AOS:           15
 NUMBER OF CONTRACTIONS:            5   (    2Ag  +    1B3u +    1B2u +    0B1g +    1B1u +    0B2g +    0B3g +    0Au  )
 NUMBER OF CORE ORBITALS:           1   (    1Ag  +    0B3u +    0B2u +    0B1g +    0B1u +    0B2g +    0B3g +    0Au  )
 NUMBER OF VALENCE ORBITALS:        4   (    1Ag  +    1B3u +    1B2u +    0B1g +    1B1u +    0B2g +    0B3g +    0Au  )


 NUCLEAR REPULSION ENERGY    0.00000000

 Eigenvalues of metric

         1 0.740E+00 0.126E+01
         2 0.100E+01
         3 0.100E+01
         5 0.100E+01


 Contracted 2-electron integrals neglected if value below      1.0D-11
 AO integral compression algorithm  1   Integral accuracy      1.0D-11

     0.262 MB (compressed) written to integral file (100.0%)


 NUMBER OF SORTED TWO-ELECTRON INTEGRALS:         45.     BUFFER LENGTH:  32768
 NUMBER OF SEGMENTS:   1  SEGMENT LENGTH:         45      RECORD LENGTH: 524288

 Memory used in sort:       0.56 MW

 SORT1 READ          61. AND WROTE          45. INTEGRALS IN      1 RECORDS. CPU TIME:     0.00 SEC, REAL TIME:     0.00 SEC
 SORT2 READ          45. AND WROTE          45. INTEGRALS IN      1 RECORDS. CPU TIME:     0.00 SEC, REAL TIME:     0.00 SEC

 FILE SIZES:   FILE 1:    30.2 MBYTE,  FILE 4:     4.2 MBYTE,   TOTAL:     34.4 MBYTE

 OPERATOR DM      FOR CENTER  0  COORDINATES:    0.000000    0.000000    0.000000


 **********************************************************************************************************************************
 DATASETS  * FILE   NREC   LENGTH (MB)   RECORD NAMES
              1      19       29.92       500      700      610      900      950      970     1000      129      960     1100   
                                          VAR     GEOM    BASINP   SYMINP    ZMAT    AOBASIS   BASIS     P2S    ABASIS      S 
                                         1400     1410     1200     1210     1080     1600     1650     1300     1700   
                                           T        V       H0       H01     AOSYM     SMH    MOLCAS    ERIS     OPER   

              3       5       14.75       500      610      700     1000     2100   
                                          VAR    BASINP    GEOM     BASIS     RHF  

 PROGRAMS   *        TOTAL       INT   RESTART
 CPU TIMES  *         0.35      0.18      0.02
 REAL TIME  *         1.17 SEC
 DISK USED  *        49.38 MB
 **********************************************************************************************************************************


 PROGRAM * CCSD (Closed-shell coupled cluster)     Authors: C. Hampel, H.-J. Werner, 1991, M. Deegan, P.J. Knowles, 1992


 Input parameters for THRESH:

 ENERGY   =    1.00D-10
 COEFF    =    1.00D-12
 PRINTCI  =    0.000000
 THRPRINT =    0.000000

 Convergence thresholds:  THRVAR = 1.00D-24  THRDEN = 1.00D-10

 Number of core orbitals:           1 (   1   0   0   0   0 )
 Number of closed-shell orbitals:   1 (   1   0   0   0   0 )
 Number of external orbitals:       3 (   0   1   1   0   1 )

 Molecular orbitals read from record     2100.3  Type=RHF/CANONICAL (state 1.1)

 Number of N-1 electron functions:               0
 Number of N-2 electron functions:               1
 Number of singly external CSFs:                 0
 Number of doubly external CSFs:                 3
 Total number of CSFs:                           4

 Length of J-op  integral file:               0.00 MB
 Length of K-op  integral file:               0.03 MB
 Length of 3-ext integral record:             0.00 MB

 Integral transformation finished. Total CPU:   0.00 sec, npass=  1  Memory used:   0.07 MW

 Reference energy:                    -14.35188048

 MP2 singlet pair energy:              -0.02379107
 MP2 triplet pair energy:               0.00000000
 MP2 correlation energy:               -0.02379107
 MP2 total energy:                    -14.37567154

 SCS-MP2 correlation energy:           -0.02854928   (PS=  1.200000  PT=  0.333333)
 SCS-MP2 total energy:                -14.38042976

 ITER.      SQ.NORM     CORR.ENERGY   TOTAL ENERGY   ENERGY CHANGE        DEN1      VAR(S)    VAR(P)  DIIS     TIME  TIME/IT
   1      1.05396541    -0.04358438   -14.39546486    -0.01979331    -0.01113768  0.00D+00  0.55D-02  1  1     0.02     0.00
   2      1.12178306    -0.05247093   -14.40435140    -0.00888655    -0.01754218  0.00D+00  0.89D-32  2  2     0.02     0.00
   3      1.11692107    -0.05141285   -14.40329333     0.00105808     0.00105808  0.00D+00  0.77D-37  3  3     0.02     0.00
   4      1.11711367    -0.05145518   -14.40333565    -0.00004233    -0.00004233  0.00D+00  0.29D-39  4  4     0.02     0.00
   5      1.11708322    -0.05144849   -14.40332896     0.00000669     0.00000669  0.00D+00  0.33D-40  5  5     0.03     0.00
   6      1.11708170    -0.05144815   -14.40332863     0.00000033     0.00000033  0.00D+00  0.12D-42  6  6     0.03     0.00
   7      1.11708156    -0.05144812   -14.40332860     0.00000003     0.00000003  0.00D+00  0.12D-48  6  2     0.03     0.00
   8      1.11708158    -0.05144813   -14.40332860    -0.00000000    -0.00000000  0.00D+00  0.20D-46  6  1     0.03     0.00
   9      1.11708158    -0.05144813   -14.40332860     0.00000000     0.00000000  0.00D+00  0.63D-57  6  3     0.03     0.00
  10      1.11708158    -0.05144813   -14.40332860     0.00000000     0.00000000  0.00D+00  0.35D-63  6  4     0.04     0.00


 Doubles amplitudes (print threshold =  0.000E+00):

         I         J         SYM. A    SYM. B    A         B      T(IJ, AB)

         1         1         2         2         1         1     -0.19755301
         1         1         3         3         1         1     -0.19755301
         1         1         5         5         1         1     -0.19755301


 RESULTS
 =======

  Reference energy                    -14.351880476202
  CCD singlet pair energy              -0.051448125930
  CCD triplet pair energy               0.000000000000
  CCD correlation energy               -0.051448125930

 !CCD total energy                    -14.403328602132

 Timing summary (sec):

 STEP                 CPU(USER)    SYS     CPU(TOT)    WALL
 CCSD iterations         0.04      0.00      0.04      0.03

 Program statistics:

 Available memory in ccsd:                39999196
 Min. memory needed in ccsd:                   137
 Max. memory used in ccsd:                     137
 Max. memory used in cckext:                 32885 (10 integral passes)



 **********************************************************************************************************************************
 DATASETS  * FILE   NREC   LENGTH (MB)   RECORD NAMES
              1      20       29.92       500      700      610      900      950      970     1000      129      960     1100   
                                          VAR     GEOM    BASINP   SYMINP    ZMAT    AOBASIS   BASIS     P2S    ABASIS      S 
                                         1400     1410     1200     1210     1080     1600     1650     1300     1700     1380   
                                           T        V       H0       H01     AOSYM     SMH    MOLCAS    ERIS     OPER     JKOP   

              3       5       14.75       500      610      700     1000     2100   
                                          VAR    BASINP    GEOM     BASIS     RHF  

 PROGRAMS   *        TOTAL      CCSD       INT   RESTART
 CPU TIMES  *         0.45      0.10      0.18      0.02
 REAL TIME  *         1.28 SEC
 DISK USED  *        49.38 MB
 **********************************************************************************************************************************
 Molecular orbitals read from record     2100.3  Type=RHF/CANONICAL (state 1.1)
 Occupation numbers read from record     2100.3  Type=RHF/RHF (state 1.1)
 Orbital energies read from record       2100.3  Type=RHF/CANONICAL (state 1.1)
 Redundancy group numbers read from rec  2100.3  Type=RHF/RHF (state 1.1)

 CCSD/STO-3G energy=    -14.403328602132

            CCSD
    -14.40332860
 **********************************************************************************************************************************
 Molpro calculation terminated
