
 Primary working directories    : /scr/yuriaoto/job.023299/molpro.Mw1UXh6ztH
 Secondary working directories  : /scr/yuriaoto/job.023299/molpro.Mw1UXh6ztH
 Wavefunction directory         : /scr/yuriaoto/job.023299/
 Main file repository           : /scr/yuriaoto/job.023299/molpro.Mw1UXh6ztH/

 id        : yuriaoto

 Nodes             nprocs
 t-rex.ufabc.int.br    1

 Using customized tuning parameters: mindgm=8; mindgv=16; mindgc=1; mindgr=1; noblas=0; minvec=7
 default implementation of scratch files=df  


 Variables initialized (933), CPU time= 0.00 sec
 ***,
 memory,40,m
 gprint,orbital,basis,civector
 gthresh,thrprint=0,printci=0.0
 file,3,wfu.dat,old
 
 {ccsd,CC_NORM_MAX=10000.0
 thresh,printci=0.0,ENERGY=1.0E-10,COEFF=1.0E-12
 print,ref=1
 core,0
 wf,8,1,0;
 }
 
 Commands  initialized (760), CPU time= 0.01 sec, 617 directives.
 Default parameters read. Elapsed time= 0.03 sec

 Checking input...
 Passed
1


                                         ***  PROGRAM SYSTEM MOLPRO  ***
                                       Copyright, TTI GmbH Stuttgart, 2015
                                    Version 2019.2 linked Abr  7 2019 15:10:35


 **********************************************************************************************************************************
 LABEL *                                                                                 
  64 bit serial version                                                                  DATE: 30-May-20          TIME: 20:47:50  
 **********************************************************************************************************************************

 SHA1:             3a8a58c585c929645742fb5a1b7541a4ad1da699
 **********************************************************************************************************************************


 THRESHOLDS:

 ZERO    =  1.00D-12  ONEINT  =  1.00D-12  TWOINT  =  1.00D-11  PREFAC  =  1.00D-14  XXXXXX  =  1.00D-09  EORDER  =  1.00D-04
 ENERGY  =  0.00D+00  ETEST   =  0.00D+00  EDENS   =  0.00D+00  THRDEDEF=  1.00D-06  GRADIENT=  1.00D-02  STEP    =  1.00D-03
 ORBITAL =  1.00D-05  CIVEC   =  1.00D-05  COEFF   =  1.00D-04  PRINTCI =  0.00D+00  PUNCHCI =  9.90D+01  OPTGRAD =  3.00D-04
 OPTENERG=  1.00D-06  OPTSTEP =  3.00D-04  THRGRAD =  1.00D-10  COMPRESS=  1.00D-11  VARMIN  =  1.00D-07  VARMAX  =  1.00D-03
 THRDOUB =  0.00D+00  THRDIV  =  1.00D-05  THRRED  =  1.00D-07  THRPSP  =  1.00D+00  THRDC   =  1.00D-10  THRCS   =  1.00D-10
 THRNRM  =  1.00D-08  THREQ   =  0.00D+00  THRDE   =  1.00D+00  THRREF  =  1.00D-05  SPARFAC =  1.00D+00  THRDLP  =  1.00D-07
 THRDIA  =  1.00D-10  THRDLS  =  1.00D-07  THRGPS  =  0.00D+00  THRKEX  =  0.00D+00  THRDIS  =  2.00D-01  THRVAR  =  1.00D-10
 THRLOC  =  1.00D-06  THRGAP  =  1.00D-06  THRLOCT = -1.00D+00  THRGAPT = -1.00D+00  THRORB  =  1.00D-06  THRMLTP =  0.00D+00
 THRCPQCI=  1.00D-10  KEXTA   =  0.00D+00  THRCOARS=  0.00D+00  SYMTOL  =  1.00D-06  GRADTOL =  1.00D-06  THROVL  =  1.00D-08
 THRORTH =  1.00D-08  GRID    =  1.00D-06  GRIDMAX =  1.00D-03  DTMAX   =  0.00D+00  THROCCDE=  1.00D-01  THROCCDE=  1.00D-01
 THRPRINT=  0.00D+00


 Variable memory set to   40000000 words,  buffer space 



 Permanent file  3  wfu.dat  assigned.  Implementation=df    Size= 14.20 MB


 PROGRAM * RESTART 


 Reading variables from file 3

 _FNUC           =      0.00000000
 _BASIS          =    6-31G
 _NELEC          =      8.00000000
 _PROGRAM        =    RHF-SCF
 _DMZ            =      0.00000000
 _DMX_SCF        =      0.00000000
 _DMY_SCF        =      0.00000000
 _DMZ_SCF        =      0.00000000
 _HOMO           =      1.20000000
 _EHOMO          =     -0.29037378
 _LUMO           =      1.40000000
 _ELUMO          =     -0.12087980
 _ENERGY         =     -3.27889494
 _ENERGY_METHOD  =    RHF
 _ENERGY_BASIS   =    6-31G
 _ENUC           =      4.02080883
 _EPS1(1:2)      =     -0.36198816     0.85378758
 _EPS2(1:2)      =     -0.29037378     0.94262813
 _EPS3(1:2)      =     -0.29037378     0.94262813
 _EPS4(1:2)      =     -0.12087980     1.04889847
 _EPS5(1:2)      =     -0.29037378     0.94262813
 _EPS6(1:2)      =     -0.12087980     1.04889847
 _EPS7(1:2)      =     -0.12087980     1.04889847
 _EPS8(1:2)      =     -0.05683457     1.17869424
 _IPROC_MPP      =      0.00000000
 _IPROC_MPPX     =      0.00000000
 _ORBITAL        =   2100.30000000
 _STATUS         =      1.00000000
 _DATE           =    23-Mar-20
 _LASTORB        =    RHF
 _OUTPUT         =    /scr/yuriaoto/job.022840/RHF.xml
 _PGROUP         =    D2h 
 _TIME           =    15:09:44
 R               =      1.50000000

 Geometry written to block  1 of record 700


 **********************************************************************************************************************************
 DATASETS  * FILE   NREC   LENGTH (MB)   RECORD NAMES
              3       5       14.89       500      610      700     1000     2100   
                                          VAR    BASINP    GEOM     BASIS     RHF  

 PROGRAMS   *        TOTAL   RESTART
 CPU TIMES  *         0.09      0.01
 REAL TIME  *         0.11 SEC
 DISK USED  *        26.98 MB
 **********************************************************************************************************************************


 Recomputing integrals since basis changed


 Using spherical harmonics

 Library entry H      S 6-31G                selected for orbital group  1


 PROGRAM * SEWARD (Integral evaluation for generally contracted gaussian basis sets)     Author: Roland Lindh, 1990

 Geometry written to block  1 of record 700


 Point group  D2h 



 ATOMIC COORDINATES

 NR  ATOM    CHARGE       X              Y              Z

   1  H1      1.00    2.834589187    2.834589187    2.834589187
   2  H2      1.00   -2.834589187   -2.834589187    2.834589187
   3  H3      1.00    2.834589187   -2.834589187    2.834589187
   4  H4      1.00   -2.834589187    2.834589187    2.834589187
   5  H5      1.00    2.834589187    2.834589187   -2.834589187
   6  H6      1.00   -2.834589187   -2.834589187   -2.834589187
   7  H7      1.00    2.834589187   -2.834589187   -2.834589187
   8  H8      1.00   -2.834589187    2.834589187   -2.834589187


 BASIS DATA

   Nr Sym  Nuc  Type         Exponents   Contraction coefficients

    1.1 Ag    1  1s          18.731137     0.033495
              2  1s           2.825394     0.234727
              3  1s           0.640122     0.813757
              4  1s    
              5  1s    
              6  1s    
              7  1s    
              8  1s    
    2.1 Ag    1  1s           0.161278     1.000000
              2  1s    
              3  1s    
              4  1s    
              5  1s    
              6  1s    
              7  1s    
              8  1s    
    1.2 B3u   1  1s          18.731137     0.033495
              2 -1s           2.825394     0.234727
              3  1s           0.640122     0.813757
              4 -1s    
              5  1s    
              6 -1s    
              7  1s    
              8 -1s    
    2.2 B3u   1  1s           0.161278     1.000000
              2 -1s    
              3  1s    
              4 -1s    
              5  1s    
              6 -1s    
              7  1s    
              8 -1s    
    1.3 B2u   1  1s          18.731137     0.033495
              2 -1s           2.825394     0.234727
              3 -1s           0.640122     0.813757
              4  1s    
              5  1s    
              6 -1s    
              7 -1s    
              8  1s    
    2.3 B2u   1  1s           0.161278     1.000000
              2 -1s    
              3 -1s    
              4  1s    
              5  1s    
              6 -1s    
              7 -1s    
              8  1s    
    1.4 B1g   1  1s          18.731137     0.033495
              2  1s           2.825394     0.234727
              3 -1s           0.640122     0.813757
              4 -1s    
              5  1s    
              6  1s    
              7 -1s    
              8 -1s    
    2.4 B1g   1  1s           0.161278     1.000000
              2  1s    
              3 -1s    
              4 -1s    
              5  1s    
              6  1s    
              7 -1s    
              8 -1s    
    1.5 B1u   1  1s          18.731137     0.033495
              2  1s           2.825394     0.234727
              3  1s           0.640122     0.813757
              4  1s    
              5 -1s    
              6 -1s    
              7 -1s    
              8 -1s    
    2.5 B1u   1  1s           0.161278     1.000000
              2  1s    
              3  1s    
              4  1s    
              5 -1s    
              6 -1s    
              7 -1s    
              8 -1s    
    1.6 B2g   1  1s          18.731137     0.033495
              2 -1s           2.825394     0.234727
              3  1s           0.640122     0.813757
              4 -1s    
              5 -1s    
              6  1s    
              7 -1s    
              8  1s    
    2.6 B2g   1  1s           0.161278     1.000000
              2 -1s    
              3  1s    
              4 -1s    
              5 -1s    
              6  1s    
              7 -1s    
              8  1s    
    1.7 B3g   1  1s          18.731137     0.033495
              2 -1s           2.825394     0.234727
              3 -1s           0.640122     0.813757
              4  1s    
              5 -1s    
              6  1s    
              7  1s    
              8 -1s    
    2.7 B3g   1  1s           0.161278     1.000000
              2 -1s    
              3 -1s    
              4  1s    
              5 -1s    
              6  1s    
              7  1s    
              8 -1s    
    1.8 Au    1  1s          18.731137     0.033495
              2  1s           2.825394     0.234727
              3 -1s           0.640122     0.813757
              4 -1s    
              5 -1s    
              6 -1s    
              7  1s    
              8  1s    
    2.8 Au    1  1s           0.161278     1.000000
              2  1s    
              3 -1s    
              4 -1s    
              5 -1s    
              6 -1s    
              7  1s    
              8  1s    

 NUCLEAR CHARGE:                    8
 NUMBER OF PRIMITIVE AOS:          32
 NUMBER OF SYMMETRY AOS:           32
 NUMBER OF CONTRACTIONS:           16   (    2Ag  +    2B3u +    2B2u +    2B1g +    2B1u +    2B2g +    2B3g +    2Au  )
 NUMBER OF CORE ORBITALS:           0   (    0Ag  +    0B3u +    0B2u +    0B1g +    0B1u +    0B2g +    0B3g +    0Au  )
 NUMBER OF VALENCE ORBITALS:        8   (    1Ag  +    1B3u +    1B2u +    1B1g +    1B1u +    1B2g +    1B3g +    1Au  )


 NUCLEAR REPULSION ENERGY    4.02080883

 Eigenvalues of metric

         1 0.422E+00 0.182E+01
         2 0.366E+00 0.170E+01
         3 0.366E+00 0.170E+01
         4 0.310E+00 0.161E+01
         5 0.366E+00 0.170E+01
         6 0.310E+00 0.161E+01
         7 0.310E+00 0.161E+01
         8 0.258E+00 0.153E+01


 Contracted 2-electron integrals neglected if value below      1.0D-11
 AO integral compression algorithm  1   Integral accuracy      1.0D-11

     0.262 MB (compressed) written to integral file (100.0%)


 NUMBER OF SORTED TWO-ELECTRON INTEGRALS:       1476.     BUFFER LENGTH:  32768
 NUMBER OF SEGMENTS:   1  SEGMENT LENGTH:       1476      RECORD LENGTH: 524288

 Memory used in sort:       0.56 MW

 SORT1 READ        8192. AND WROTE        1476. INTEGRALS IN      1 RECORDS. CPU TIME:     0.00 SEC, REAL TIME:     0.00 SEC
 SORT2 READ        1476. AND WROTE        1476. INTEGRALS IN      1 RECORDS. CPU TIME:     0.01 SEC, REAL TIME:     0.01 SEC

 FILE SIZES:   FILE 1:    30.3 MBYTE,  FILE 4:     4.2 MBYTE,   TOTAL:     34.6 MBYTE

 OPERATOR DM      FOR CENTER  0  COORDINATES:    0.000000    0.000000    0.000000


 **********************************************************************************************************************************
 DATASETS  * FILE   NREC   LENGTH (MB)   RECORD NAMES
              1      19       30.08       500      700      610      900      950      970     1000      129      960     1100   
                                          VAR     GEOM    BASINP   SYMINP    ZMAT    AOBASIS   BASIS     P2S    ABASIS      S 
                                         1400     1410     1200     1210     1080     1600     1650     1300     1700   
                                           T        V       H0       H01     AOSYM     SMH    MOLCAS    ERIS     OPER   

              3       5       14.89       500      610      700     1000     2100   
                                          VAR    BASINP    GEOM     BASIS     RHF  

 PROGRAMS   *        TOTAL       INT   RESTART
 CPU TIMES  *         0.24      0.15      0.01
 REAL TIME  *         0.39 SEC
 DISK USED  *        49.79 MB
 **********************************************************************************************************************************


 PROGRAM * CCSD (Closed-shell coupled cluster)     Authors: C. Hampel, H.-J. Werner, 1991, M. Deegan, P.J. Knowles, 1992


 Input parameters for THRESH:

 ENERGY   =    1.00D-10
 COEFF    =    1.00D-12
 PRINTCI  =    0.000000
 THRPRINT =    0.000000

 Convergence thresholds:  THRVAR = 1.00D-24  THRDEN = 1.00D-10

 Number of closed-shell orbitals:   4 (   1   1   1   0   1   0   0   0 )
 Number of external orbitals:      12 (   1   1   1   2   1   2   2   2 )

 Molecular orbitals read from record     2100.3  Type=RHF/CANONICAL (state 1.1)

 Number of N-1 electron functions:               4
 Number of N-2 electron functions:              10
 Number of singly external CSFs:                 4
 Number of doubly external CSFs:               172
 Total number of CSFs:                         177

 Length of J-op  integral file:               0.00 MB
 Length of K-op  integral file:               0.03 MB
 Length of 3-ext integral record:             0.00 MB

 Integral transformation finished. Total CPU:   0.00 sec, npass=  1  Memory used:   0.07 MW

 Reference energy:                     -3.27889494

 MP2 singlet pair energy:              -0.30420838
 MP2 triplet pair energy:              -0.01836691
 MP2 correlation energy:               -0.32257529
 MP2 total energy:                     -3.60147024

 SCS-MP2 correlation energy:           -0.37647836   (PS=  1.200000  PT=  0.333333)
 SCS-MP2 total energy:                 -3.65537330

 ITER.      SQ.NORM     CORR.ENERGY   TOTAL ENERGY   ENERGY CHANGE        DEN1      VAR(S)    VAR(P)  DIIS     TIME  TIME/IT
   1      2.29893478    -0.53724415    -3.81613909    -0.21466885    -0.06126615  0.81D-02  0.18D+00  1  1     0.02     0.01
   2      2.75467349    -0.64495825    -3.92385319    -0.10771410    -0.04625893  0.42D-02  0.19D+00  2  2     0.03     0.00
   3      1.70983880    -0.13985699    -3.41875193     0.50510126     0.26931332  0.72D-02  0.49D-01  3  3     0.03     0.00
   4      1.95961919    -0.16968098    -3.44857592    -0.02982399    -0.01539762  0.45D-02  0.59D-01  4  4     0.03     0.00
   5      7.76473111    -0.20915977    -3.48805472    -0.03947880     0.01666097  0.62D-03  0.24D-01  5  5     0.04     0.00
   6      3.31422206    -0.22154024    -3.50043518    -0.01238047    -0.03859860  0.47D-03  0.97D-02  6  6     0.04     0.00
   7      2.12461846    -0.20151692    -3.48041186     0.02002332     0.00586718  0.49D-04  0.28D-02  6  1     0.04     0.00
   8      1.43106681    -0.23722783    -3.51612277    -0.03571091    -0.04308500  0.17D-04  0.94D-03  6  2     0.05     0.00
   9      1.70922063    -0.25086465    -3.52975959    -0.01363682    -0.01076576  0.36D-04  0.78D-03  6  3     0.05     0.00
  10      1.45683017    -0.24007708    -3.51897202     0.01078757     0.00695052  0.79D-05  0.46D-03  6  1     0.05     0.00
  11      1.69677018    -0.23291063    -3.51180557     0.00716645     0.00541434  0.24D-05  0.36D-03  6  6     0.05     0.00
  12      2.28874878    -0.22887243    -3.50776737     0.00403820     0.00539815  0.40D-05  0.45D-03  6  5     0.06     0.00
  13      1.76280001    -0.24683141    -3.52572635    -0.01795898    -0.01828653  0.70D-05  0.99D-04  6  4     0.06     0.00
  14      1.70447703    -0.24934660    -3.52824154    -0.00251519    -0.00280126  0.82D-05  0.74D-04  6  1     0.06     0.00
  15      2.02745289    -0.24094198    -3.51983692     0.00840462     0.00793004  0.38D-05  0.56D-04  6  2     0.06     0.00
  16      3.41151478    -0.21840507    -3.49730001     0.02253691     0.01989521  0.19D-05  0.71D-04  6  3     0.07     0.00
  17      2.64922411    -0.22158642    -3.50048136    -0.00318135    -0.00296025  0.25D-05  0.65D-04  6  6     0.07     0.00
  18      1.57941368    -0.25509407    -3.53398901    -0.03350765    -0.03014438  0.30D-06  0.40D-04  6  1     0.07     0.00
  19      2.44437835    -0.23162867    -3.51052361     0.02346540     0.02321542  0.57D-07  0.32D-04  6  4     0.07     0.00
  20      5.70462827    -0.20418737    -3.48308231     0.02744130     0.02747371  0.12D-06  0.48D-05  6  5     0.08     0.00
  21      3.12671061    -0.22331573    -3.50221067    -0.01912836    -0.01941939  0.99D-07  0.21D-05  6  2     0.08     0.00
  22      3.41210208    -0.21921273    -3.49810767     0.00410300     0.00364777  0.52D-07  0.20D-05  6  3     0.08     0.00
  23      1.62761239    -0.24680427    -3.52569921    -0.02759154    -0.02711066  0.40D-08  0.13D-05  6  6     0.08     0.00
  24      1.57050271    -0.25216410    -3.53105904    -0.00535983    -0.00525119  0.66D-08  0.13D-05  6  4     0.09     0.00
  25      3.11261292    -0.22166675    -3.50056169     0.03049735     0.02998976  0.11D-07  0.10D-05  6  5     0.09     0.00
  26     10.26094498    -0.17850332    -3.45739827     0.04316342     0.04243571  0.12D-08  0.95D-06  6  1     0.09     0.00
  27      8.47255280    -0.18669195    -3.46558689    -0.00818863    -0.00759887  0.14D-08  0.52D-06  6  3     0.09     0.00
  28      4.74450072    -0.20876490    -3.48765984    -0.02207295    -0.02145284  0.77D-09  0.41D-07  6  2     0.09     0.00
  29      2.39352183    -0.23042457    -3.50931951    -0.02165967    -0.02163484  0.32D-09  0.26D-07  6  6     0.10     0.00
  30      2.88242820    -0.22457285    -3.50346779     0.00585172     0.00587006  0.29D-09  0.28D-07  6  5     0.10     0.00
  31      2.45655833    -0.22960879    -3.50850373    -0.00503594    -0.00503850  0.39D-09  0.35D-07  6  4     0.10     0.00
  32      2.09078256    -0.23500233    -3.51389727    -0.00539354    -0.00541749  0.66D-09  0.60D-08  6  1     0.10     0.00
  33      5.31505913    -0.20522326    -3.48411820     0.02977907     0.02977582  0.75D-09  0.72D-07  6  2     0.11     0.00
  34      2.52376223    -0.22851295    -3.50740789    -0.02328969    -0.02329234  0.26D-09  0.71D-08  6  6     0.11     0.00
  35      1.60444896    -0.25685368    -3.53574862    -0.02834073    -0.02831564  0.31D-09  0.42D-07  6  3     0.11     0.00
  36      3.88160392    -0.21505637    -3.49395131     0.04179731     0.04179871  0.42D-09  0.16D-07  6  6     0.11     0.00
  37      8.45091580    -0.18802778    -3.46692272     0.02702859     0.02697568  0.72D-09  0.28D-07  6  2     0.11     0.00
  38      3.82977045    -0.21558229    -3.49447723    -0.02755451    -0.02751760  0.21D-10  0.10D-08  6  4     0.12     0.00
  39      3.10293199    -0.22211301    -3.50100795    -0.00653072    -0.00653210  0.55D-10  0.39D-09  6  3     0.12     0.00

 Norm of t1 vector:      0.09106798      S-energy:    -0.00000040      T1 diagnostic:  0.02276699
                                                                       D1 diagnostic:  0.03566892

 ?CONVERGENCE NOT REACHED AFTER MAX. ITERATIONS


 RESULTS
 =======

  Reference energy                     -3.278894941696
  CCSD singlet pair energy             -0.267293504724
  CCSD triplet pair energy              0.045180898269
  CCSD correlation energy              -0.222113010962

 !CCSD total energy                    -3.501007952658

 Timing summary (sec):

 STEP                 CPU(USER)    SYS     CPU(TOT)    WALL
 CCSD iterations         0.12      0.02      0.14      0.13

 Program statistics:

 Available memory in ccsd:                39999136
 Min. memory needed in ccsd:                  1533
 Max. memory used in ccsd:                    1601
 Max. memory used in cckext:                 34182 (39 integral passes)


 ? Error
 ? No convergence. This error exit can be avoided using the NOCHECK option
 ? The problem occurs in ccsd
