
 Primary working directories    : /scr/yuriaoto/job.022369/molpro.ybs4i0LUO8
 Secondary working directories  : /scr/yuriaoto/job.022369/molpro.ybs4i0LUO8
 Wavefunction directory         : /scr/yuriaoto/job.022369/
 Main file repository           : /scr/yuriaoto/job.022369/molpro.ybs4i0LUO8/

 id        : yuriaoto

 Nodes             nprocs
 t-rex.ufabc.int.br    1

 Using customized tuning parameters: mindgm=8; mindgv=16; mindgc=1; mindgr=1; noblas=0; minvec=7
 default implementation of scratch files=df  


 Variables initialized (933), CPU time= 0.00 sec
 ***,
 memory,40,m
 gprint,orbital=15,basis
 gthresh,thrprint=0
 file,3,wfu.dat,new
 
 r = 5.0
 basis = cc-pVDZ
 
 nosym
 geom={H1;H2,H1,r}
 
 {rhf
 wf,2,1,0
 orbital,2100.3
 }
 
 {put,xml,orbitals.xml; nosort; novariables}
 
 Commands  initialized (760), CPU time= 0.01 sec, 617 directives.
 Default parameters read. Elapsed time= 0.04 sec

 Checking input...
 Passed
1


                                         ***  PROGRAM SYSTEM MOLPRO  ***
                                       Copyright, TTI GmbH Stuttgart, 2015
                                    Version 2019.2 linked Abr  7 2019 15:10:35


 **********************************************************************************************************************************
 LABEL *                                                                                 
  64 bit serial version                                                                  DATE: 16-Oct-19          TIME: 09:32:01  
 **********************************************************************************************************************************

 SHA1:             3a8a58c585c929645742fb5a1b7541a4ad1da699
 **********************************************************************************************************************************


 THRESHOLDS:

 ZERO    =  1.00D-12  ONEINT  =  1.00D-12  TWOINT  =  1.00D-11  PREFAC  =  1.00D-14  XXXXXX  =  1.00D-09  EORDER  =  1.00D-04
 ENERGY  =  0.00D+00  ETEST   =  0.00D+00  EDENS   =  0.00D+00  THRDEDEF=  1.00D-06  GRADIENT=  1.00D-02  STEP    =  1.00D-03
 ORBITAL =  1.00D-05  CIVEC   =  1.00D-05  COEFF   =  1.00D-04  PRINTCI =  5.00D-02  PUNCHCI =  9.90D+01  OPTGRAD =  3.00D-04
 OPTENERG=  1.00D-06  OPTSTEP =  3.00D-04  THRGRAD =  1.00D-10  COMPRESS=  1.00D-11  VARMIN  =  1.00D-07  VARMAX  =  1.00D-03
 THRDOUB =  0.00D+00  THRDIV  =  1.00D-05  THRRED  =  1.00D-07  THRPSP  =  1.00D+00  THRDC   =  1.00D-10  THRCS   =  1.00D-10
 THRNRM  =  1.00D-08  THREQ   =  0.00D+00  THRDE   =  1.00D+00  THRREF  =  1.00D-05  SPARFAC =  1.00D+00  THRDLP  =  1.00D-07
 THRDIA  =  1.00D-10  THRDLS  =  1.00D-07  THRGPS  =  0.00D+00  THRKEX  =  0.00D+00  THRDIS  =  2.00D-01  THRVAR  =  1.00D-10
 THRLOC  =  1.00D-06  THRGAP  =  1.00D-06  THRLOCT = -1.00D+00  THRGAPT = -1.00D+00  THRORB  =  1.00D-06  THRMLTP =  0.00D+00
 THRCPQCI=  1.00D-10  KEXTA   =  0.00D+00  THRCOARS=  0.00D+00  SYMTOL  =  1.00D-06  GRADTOL =  1.00D-06  THROVL  =  1.00D-08
 THRORTH =  1.00D-08  GRID    =  1.00D-06  GRIDMAX =  1.00D-03  DTMAX   =  0.00D+00  THROCCDE=  1.00D-01  THROCCDE=  1.00D-01
 THRPRINT=  0.00D+00


 Variable memory set to   40000000 words,  buffer space 



 Permanent file  3  wfu.dat  assigned.  Implementation=df  



 **********************************************************************************************************************************
 DATASETS  * FILE   NREC   LENGTH (MB)   RECORD NAMES
              3       1        0.03       500   
                                          VAR  

 PROGRAMS   *        TOTAL      FILE
 CPU TIMES  *         0.11      0.00
 REAL TIME  *         0.11 SEC
 DISK USED  *         0.09 MB
 **********************************************************************************************************************************
 SETTING R              =         5.00000000                                  
 SETTING BASIS          =    CC-PVDZ
 ZSYMEL=NOSYM



 Recomputing integrals since basis changed


 Using spherical harmonics

 Library entry H      S cc-pVDZ              selected for orbital group  1
 Library entry H      P cc-pVDZ              selected for orbital group  1


 PROGRAM * SEWARD (Integral evaluation for generally contracted gaussian basis sets)     Author: Roland Lindh, 1990

 Geometry written to block  1 of record 700

 Orientation using atomic masses  
 Molecule type: Linear
 Rotational constants:     143.2419517    143.2419517      0.0000000 GHz  (calculated with average atomic masses)

 Point group  C1  



 ATOMIC COORDINATES

 NR  ATOM    CHARGE       X              Y              Z

   1  H1      1.00    0.000000000    0.000000000   -2.500000000
   2  H2      1.00    0.000000000    0.000000000    2.500000000


 BASIS DATA

   Nr Sym  Nuc  Type         Exponents   Contraction coefficients

    1.1 A     1  1s          13.010000     0.019685    0.000000
    2.1 A                     1.962000     0.137977    0.000000
                              0.444600     0.478148    0.000000
                              0.122000     0.501240    1.000000
    3.1 A     1  2px          0.727000     1.000000
    4.1 A     1  2py          0.727000     1.000000
    5.1 A     1  2pz          0.727000     1.000000
    6.1 A     2  1s          13.010000     0.019685    0.000000
    7.1 A                     1.962000     0.137977    0.000000
                              0.444600     0.478148    0.000000
                              0.122000     0.501240    1.000000
    8.1 A     2  2px          0.727000     1.000000
    9.1 A     2  2py          0.727000     1.000000
   10.1 A     2  2pz          0.727000     1.000000

 NUCLEAR CHARGE:                    2
 NUMBER OF PRIMITIVE AOS:          14
 NUMBER OF SYMMETRY AOS:           14
 NUMBER OF CONTRACTIONS:           10   (   10A   )
 NUMBER OF CORE ORBITALS:           0   (    0A   )
 NUMBER OF VALENCE ORBITALS:        2   (    2A   )


 NUCLEAR REPULSION ENERGY    0.20000000

 EXTRA SYMMETRY OF AOS IN SYMMETRY 1:   1 1 2 3 1 1 1 2 3 1

 Eigenvalues of metric

         1 0.832E-01 0.104E+00 0.993E+00 0.999E+00 0.100E+01 0.100E+01 0.100E+01 0.100E+01


 Contracted 2-electron integrals neglected if value below      1.0D-11
 AO integral compression algorithm  1   Integral accuracy      1.0D-11

     0.262 MB (compressed) written to integral file ( 64.6%)


 NUMBER OF SORTED TWO-ELECTRON INTEGRALS:       1540.     BUFFER LENGTH:  32768
 NUMBER OF SEGMENTS:   1  SEGMENT LENGTH:       1540      RECORD LENGTH: 524288

 Memory used in sort:       0.56 MW

 SORT1 READ        2389. AND WROTE         512. INTEGRALS IN      1 RECORDS. CPU TIME:     0.00 SEC, REAL TIME:     0.00 SEC
 SORT2 READ         512. AND WROTE        1540. INTEGRALS IN      1 RECORDS. CPU TIME:     0.00 SEC, REAL TIME:     0.01 SEC

 FILE SIZES:   FILE 1:    30.2 MBYTE,  FILE 4:     4.2 MBYTE,   TOTAL:     34.4 MBYTE

 OPERATOR DM      FOR CENTER  0  COORDINATES:    0.000000    0.000000    0.000000


 **********************************************************************************************************************************
 DATASETS  * FILE   NREC   LENGTH (MB)   RECORD NAMES
              1      19       29.94       500      610      700      900      950      970     1000      129      960     1100   
                                          VAR    BASINP    GEOM    SYMINP    ZMAT    AOBASIS   BASIS     P2S    ABASIS      S 
                                         1400     1410     1200     1210     1080     1600     1650     1300     1700   
                                           T        V       H0       H01     AOSYM     SMH    MOLCAS    ERIS     OPER   

              3       4       12.28       500      610      700     1000   
                                          VAR    BASINP    GEOM     BASIS   

 PROGRAMS   *        TOTAL       INT      FILE
 CPU TIMES  *         0.25      0.14      0.00
 REAL TIME  *         0.87 SEC
 DISK USED  *        46.93 MB
 **********************************************************************************************************************************


 PROGRAM * RHF-SCF (CLOSED SHELL)       Authors: W. Meyer, H.-J. Werner


 NUMBER OF ELECTRONS:       1+    1-    SPACE SYMMETRY=1    SPIN SYMMETRY: Singlet 
 CONVERGENCE THRESHOLDS:    1.00E-05 (Density)    1.00E-07 (Energy)
 MAX. NUMBER OF ITERATIONS:       60
 INTERPOLATION TYPE:            DIIS
 INTERPOLATION STEPS:              2 (START)      1 (STEP)
 LEVEL SHIFTS:                  0.00 (CLOSED)  0.00 (OPEN) 



 Orbital guess generated from atomic densities. Full valence occupancy:    2

 Molecular orbital dump at record        2100.3

 Initial occupancy:   1

 ITERATION    DDIFF          GRAD             ENERGY        2-EL.EN.            DIPOLE MOMENTS         DIIS   ORB.
    1      0.000D+00      0.000D+00        -0.85215994      0.745407    0.00000   -0.00000   -0.00000    0    start
    2      0.000D+00      0.415D-02        -0.85241822      0.742140   -0.00000   -0.00000    0.00000    1    diag
    3      0.607D-02      0.595D-03        -0.85242436      0.741412   -0.00000   -0.00000   -0.00000    2    diag
    4      0.124D-02      0.200D-04        -0.85242437      0.741369   -0.00000   -0.00000    0.00000    3    diag
    5      0.578D-04      0.630D-07        -0.85242437      0.741369   -0.00000   -0.00000   -0.00000    4    diag
    6      0.197D-06      0.299D-12        -0.85242437      0.741369   -0.00000   -0.00000   -0.00000    0    orth

 Final occupancy:   1

 !RHF STATE  1.1 Energy                -0.852424365626
 Nuclear energy                         0.20000000
 One-electron energy                   -1.42310908
 Two-electron energy                    0.37068472
 Virial quotient                       -1.27375347
 !RHF STATE  1.1 Dipole moment         -0.00000000    -0.00000000    -0.00000000
 Dipole moment /Debye                  -0.00000000    -0.00000000    -0.00000000

 MOLECULAR ORBITALS
 ==================

   Orb  Occ    Energy       Coefficients

                            1 1s      1 1s      1 2px     1 2py     1 2pz     2 1s      2 1s      2 2px     2 2py     2 2pz  


   1.1   2    -0.3409     0.507299  0.171986 -0.000000  0.000000  0.007528  0.507299  0.171986  0.000000 -0.000000 -0.007528

   2.1   0    -0.0952     0.546755  0.225915 -0.000000  0.000000 -0.010126 -0.546755 -0.225915 -0.000000  0.000000 -0.010126

   3.1   0     0.6131    -1.541510  1.524335  0.000000  0.000000  0.032145 -1.541510  1.524335  0.000000  0.000000 -0.032145

   4.1   0     0.6728    -1.606210  1.810494  0.000000  0.000000 -0.046505  1.606210 -1.810494  0.000000 -0.000000 -0.046505

   5.1   0     1.4611     0.130304 -0.158366  0.000000  0.000000  0.707035  0.130304 -0.158366  0.000000  0.000000 -0.707035

   6.1   0     1.4628     0.000000 -0.000000  0.634693 -0.311622  0.000000  0.000000 -0.000000  0.634693 -0.311622 -0.000000

   7.1   0     1.4628     0.000000 -0.000000  0.311622  0.634693 -0.000000  0.000000 -0.000000  0.311622  0.634693  0.000000

   8.1   0     1.4677    -0.000000  0.000000  0.472278 -0.526317 -0.000000 -0.000000  0.000000 -0.472278  0.526317  0.000000

   9.1   0     1.4677    -0.000000  0.000000  0.526317  0.472278 -0.000000 -0.000000  0.000000 -0.526317 -0.472278  0.000000

  10.1   0     1.5015    -0.194103  0.263810  0.000000  0.000000  0.708597  0.194103 -0.263810  0.000000  0.000000  0.708597


 HOMO      1.1    -0.340870 =      -9.2755eV
 LUMO      2.1    -0.095203 =      -2.5906eV
 LUMO-HOMO         0.245667 =       6.6849eV


 **********************************************************************************************************************************
 DATASETS  * FILE   NREC   LENGTH (MB)   RECORD NAMES
              1      19       29.94       500      610      700      900      950      970     1000      129      960     1100   
                                          VAR    BASINP    GEOM    SYMINP    ZMAT    AOBASIS   BASIS     P2S    ABASIS      S 
                                         1400     1410     1200     1210     1080     1600     1650     1300     1700   
                                           T        V       H0       H01     AOSYM     SMH    MOLCAS    ERIS     OPER   

              3       5       14.77       500      610      700     1000     2100   
                                          VAR    BASINP    GEOM     BASIS     RHF  

 PROGRAMS   *        TOTAL   RHF-SCF       INT      FILE
 CPU TIMES  *         0.32      0.07      0.14      0.00
 REAL TIME  *         1.06 SEC
 DISK USED  *        46.93 MB
 **********************************************************************************************************************************

 Dump information in style XML to orbitals.xml                                                                    

 Variables will not be exported.
 Molecular orbitals read from record     2100.3  Type=RHF/CANONICAL (state 1.1)
 Occupation numbers read from record     2100.3  Type=RHF/RHF (state 1.1)
 Orbital energies read from record       2100.3  Type=RHF/CANONICAL (state 1.1)
 Redundancy group numbers read from rec  2100.3  Type=RHF/RHF (state 1.1)

 **********************************************************************************************************************************

 RHF/cc-pVDZ energy=     -0.852424365626

         RHF-SCF
     -0.85242437
 **********************************************************************************************************************************
 Molpro calculation terminated
