
 Primary working directories    : /scr/yuriaoto/job.023713/molpro.INytAnjYSG
 Secondary working directories  : /scr/yuriaoto/job.023713/molpro.INytAnjYSG
 Wavefunction directory         : /scr/yuriaoto/job.023713/
 Main file repository           : /scr/yuriaoto/job.023713/molpro.INytAnjYSG/

 id        : yuriaoto

 Nodes             nprocs
 t-rex.ufabc.int.br    1

 Using customized tuning parameters: mindgm=8; mindgv=16; mindgc=1; mindgr=1; noblas=0; minvec=7
 default implementation of scratch files=df  


 Variables initialized (933), CPU time= 0.00 sec
 ***,
 memory,40,m
 gprint,orbital,basis,civector
 gthresh,printci=0.0,thrprint=0
 file,3,wfu.dat,old
 
 {bccd,SAVEORB=2150.2,print,CC_NORM_MAX=10.0
 thresh,printci=0.0,ENERGY=1.0E-10,COEFF=1.0E-12
 print,ref=1
 core,0
 wf,6,1,0;
 }
 
 {put,xml,orbitals.xml; orbital,2150.2; nosort; novariables}
 
 Commands  initialized (760), CPU time= 0.02 sec, 617 directives.
 Default parameters read. Elapsed time= 0.04 sec

 Checking input...
 Passed
1


                                         ***  PROGRAM SYSTEM MOLPRO  ***
                                       Copyright, TTI GmbH Stuttgart, 2015
                                    Version 2019.2 linked Abr  7 2019 15:10:35


 **********************************************************************************************************************************
 LABEL *                                                                                 
  64 bit serial version                                                                  DATE: 05-Jun-20          TIME: 23:38:05  
 **********************************************************************************************************************************

 SHA1:             3a8a58c585c929645742fb5a1b7541a4ad1da699
 **********************************************************************************************************************************


 THRESHOLDS:

 ZERO    =  1.00D-12  ONEINT  =  1.00D-12  TWOINT  =  1.00D-11  PREFAC  =  1.00D-14  XXXXXX  =  1.00D-09  EORDER  =  1.00D-04
 ENERGY  =  0.00D+00  ETEST   =  0.00D+00  EDENS   =  0.00D+00  THRDEDEF=  1.00D-06  GRADIENT=  1.00D-02  STEP    =  1.00D-03
 ORBITAL =  1.00D-05  CIVEC   =  1.00D-05  COEFF   =  1.00D-04  PRINTCI =  0.00D+00  PUNCHCI =  9.90D+01  OPTGRAD =  3.00D-04
 OPTENERG=  1.00D-06  OPTSTEP =  3.00D-04  THRGRAD =  1.00D-10  COMPRESS=  1.00D-11  VARMIN  =  1.00D-07  VARMAX  =  1.00D-03
 THRDOUB =  0.00D+00  THRDIV  =  1.00D-05  THRRED  =  1.00D-07  THRPSP  =  1.00D+00  THRDC   =  1.00D-10  THRCS   =  1.00D-10
 THRNRM  =  1.00D-08  THREQ   =  0.00D+00  THRDE   =  1.00D+00  THRREF  =  1.00D-05  SPARFAC =  1.00D+00  THRDLP  =  1.00D-07
 THRDIA  =  1.00D-10  THRDLS  =  1.00D-07  THRGPS  =  0.00D+00  THRKEX  =  0.00D+00  THRDIS  =  2.00D-01  THRVAR  =  1.00D-10
 THRLOC  =  1.00D-06  THRGAP  =  1.00D-06  THRLOCT = -1.00D+00  THRGAPT = -1.00D+00  THRORB  =  1.00D-06  THRMLTP =  0.00D+00
 THRCPQCI=  1.00D-10  KEXTA   =  0.00D+00  THRCOARS=  0.00D+00  SYMTOL  =  1.00D-06  GRADTOL =  1.00D-06  THROVL  =  1.00D-08
 THRORTH =  1.00D-08  GRID    =  1.00D-06  GRIDMAX =  1.00D-03  DTMAX   =  0.00D+00  THROCCDE=  1.00D-01  THROCCDE=  1.00D-01
 THRPRINT=  0.00D+00


 Variable memory set to   40000000 words,  buffer space 



 Permanent file  3  wfu.dat  assigned.  Implementation=df    Size= 14.08 MB


 PROGRAM * RESTART 


 Reading variables from file 3

 _FNUC           =      0.00000000
 _BASIS          =    USERDEF
 _NELEC          =      6.00000000
 _PROGRAM        =    RHF-SCF
 _DMZ            =     -0.00000000
 _DMX_SCF        =      0.00000000
 _DMY_SCF        =      0.00000000
 _DMZ_SCF        =     -0.00000000
 _HOMO           =      3.10000000
 _EHOMO          =     -0.18597655
 _LUMO           =      4.10000000
 _ELUMO          =      0.01067434
 _ENERGY         =    -14.86011275
 _ENERGY_METHOD  =    RHF
 _ENERGY_BASIS   =    USERDEF
 _ENUC           =      1.80000000
 _EPS1(1:6)      =     -2.46726903    -2.46691860    -0.18597655     0.01067434     0.13061279     0.19993170
 _IPROC_MPP      =      0.00000000
 _IPROC_MPPX     =      0.00000000
 _ORBITAL        =   2100.30000000
 _STATUS         =      1.00000000
 _DATE           =    27-Apr-20
 _LASTORB        =    RHF
 _OUTPUT         =    /scr/yuriaoto/job.023112/RHF.xml
 _PGROUP         =    C2v 
 _TIME           =    18:17:18
 R               =      5.00000000

 Geometry written to block  1 of record 700


 **********************************************************************************************************************************
 DATASETS  * FILE   NREC   LENGTH (MB)   RECORD NAMES
              3       5       14.77       500      610      700     1000     2100   
                                          VAR    BASINP    GEOM     BASIS     RHF  

 PROGRAMS   *        TOTAL   RESTART
 CPU TIMES  *         0.13      0.01
 REAL TIME  *         0.16 SEC
 DISK USED  *        26.84 MB
 **********************************************************************************************************************************


 Recomputing integrals since basis changed


 Using spherical harmonics



 PROGRAM * SEWARD (Integral evaluation for generally contracted gaussian basis sets)     Author: Roland Lindh, 1990

 Geometry written to block  1 of record 700

 Orientation using atomic masses  
 Molecule type: Linear
 User-specified symmetry elements: X,Y
 Symmetry elements: X,Y
 Rotational constants:      20.8009354     20.8009354      0.0000000 GHz  (calculated with average atomic masses)

 Point group  C2v 



 ATOMIC COORDINATES

 NR  ATOM    CHARGE       X              Y              Z

   1  LI1     3.00    0.000000000    0.000000000   -2.500000000
   2  LI2     3.00    0.000000000    0.000000000    2.500000000

 Bond lengths in Bohr (Angstrom)

 1-2  5.000000000
     ( 2.645886055)


 BASIS DATA

   Nr Sym  Nuc  Type         Exponents   Contraction coefficients

    1.1 A1    1  1s        1469.000000     0.000766   -0.000120    0.000000
    2.1 A1                  220.500000     0.005892   -0.000923    0.000000
    3.1 A1                   50.260000     0.029671   -0.004689    0.000000
                             14.240000     0.109180   -0.017682    0.000000
                              4.581000     0.282789   -0.048902    0.000000
                              1.580000     0.453123   -0.096009    0.000000
                              0.564000     0.274774   -0.136380    0.000000
                              0.073450     0.009751    0.575102    0.000000
                              0.028050    -0.003180    0.517661    1.000000
    4.1 A1    2  1s        1469.000000     0.000766   -0.000120    0.000000
    5.1 A1                  220.500000     0.005892   -0.000923    0.000000
    6.1 A1                   50.260000     0.029671   -0.004689    0.000000
                             14.240000     0.109180   -0.017682    0.000000
                              4.581000     0.282789   -0.048902    0.000000
                              1.580000     0.453123   -0.096009    0.000000
                              0.564000     0.274774   -0.136380    0.000000
                              0.073450     0.009751    0.575102    0.000000
                              0.028050    -0.003180    0.517661    1.000000

 NUCLEAR CHARGE:                    6
 NUMBER OF PRIMITIVE AOS:          18
 NUMBER OF SYMMETRY AOS:           18
 NUMBER OF CONTRACTIONS:            6   (    6A1  +    0B1  +    0B2  +    0A2  )
 NUMBER OF CORE ORBITALS:           2   (    2A1  +    0B1  +    0B2  +    0A2  )
 NUMBER OF VALENCE ORBITALS:        2   (    2A1  +    0B1  +    0B2  +    0A2  )


 NUCLEAR REPULSION ENERGY    1.80000000

 Eigenvalues of metric

         1 0.222E-01 0.436E-01 0.688E+00 0.991E+00 0.101E+01 0.324E+01


 Contracted 2-electron integrals neglected if value below      1.0D-11
 AO integral compression algorithm  1   Integral accuracy      1.0D-11

     0.262 MB (compressed) written to integral file (100.0%)


 NUMBER OF SORTED TWO-ELECTRON INTEGRALS:        231.     BUFFER LENGTH:  32768
 NUMBER OF SEGMENTS:   1  SEGMENT LENGTH:        231      RECORD LENGTH: 524288

 Memory used in sort:       0.56 MW

 SORT1 READ         567. AND WROTE         231. INTEGRALS IN      1 RECORDS. CPU TIME:     0.00 SEC, REAL TIME:     0.00 SEC
 SORT2 READ         231. AND WROTE         231. INTEGRALS IN      1 RECORDS. CPU TIME:     0.00 SEC, REAL TIME:     0.00 SEC

 FILE SIZES:   FILE 1:    30.2 MBYTE,  FILE 4:     4.2 MBYTE,   TOTAL:     34.4 MBYTE

 OPERATOR DM      FOR CENTER  0  COORDINATES:    0.000000    0.000000    0.000000


 **********************************************************************************************************************************
 DATASETS  * FILE   NREC   LENGTH (MB)   RECORD NAMES
              1      19       29.94       500      700      610      900      950      970     1000      129      960     1100   
                                          VAR     GEOM    BASINP   SYMINP    ZMAT    AOBASIS   BASIS     P2S    ABASIS      S 
                                         1400     1410     1200     1210     1080     1600     1650     1300     1700   
                                           T        V       H0       H01     AOSYM     SMH    MOLCAS    ERIS     OPER   

              3       5       14.77       500      610      700     1000     2100   
                                          VAR    BASINP    GEOM     BASIS     RHF  

 PROGRAMS   *        TOTAL       INT   RESTART
 CPU TIMES  *         0.27      0.13      0.01
 REAL TIME  *         0.39 SEC
 DISK USED  *        49.42 MB
 **********************************************************************************************************************************


 PROGRAM * BCCD (Closed-shell Brueckner coupled-cluster)     Authors: C. Hampel, H.-J. Werner, 1991, M. Deegan, P.J. Knowles, 1992


 Input parameters for THRESH:

 ENERGY   =    1.00D-10
 COEFF    =    1.00D-12
 PRINTCI  =    0.000000
 THRPRINT =    0.000000

 Convergence thresholds:  THRVAR = 1.00D-24  THRDEN = 1.00D-10

 Number of closed-shell orbitals:   3 (   3 )
 Number of external orbitals:       3 (   3 )

 Molecular orbitals read from record     2100.3  Type=RHF/CANONICAL (state 1.1)

 Number of N-1 electron functions:               3
 Number of N-2 electron functions:               6
 Number of singly external CSFs:                 9
 Number of doubly external CSFs:                45
 Total number of CSFs:                          55

 Brueckner orbitals will be computed and saved on record    2150.2

 Length of J-op  integral file:               0.00 MB
 Length of K-op  integral file:               0.03 MB

 Integral transformation finished. Total CPU:   0.00 sec, npass=  1  Memory used:   0.07 MW

 Reference energy:                    -14.86011275

 MP2 singles energy:                   -0.00000000
 MP2 singlet pair energy:              -0.00671909
 MP2 triplet pair energy:              -0.00000001
 MP2 correlation energy:               -0.00671910
 MP2 total energy:                    -14.86683185

 SCS-MP2 correlation energy:           -0.00806291   (PS=  1.200000  PT=  0.333333)
 SCS-MP2 total energy:                -14.86817566

 ITER.      SQ.NORM     CORR.ENERGY   TOTAL ENERGY   ENERGY CHANGE        DEN1      VAR(S)    VAR(P)  DIIS     TIME  TIME/IT
   1      1.02675375    -0.01174764   -14.87186039    -0.00502854    -0.00253358  0.42D-05  0.21D-02  1  1     0.01     0.00
   2      1.06882536    -0.01334116   -14.87345280    -0.00159352    -0.00532792  0.47D-05  0.10D-02  2  2     0.02     0.00
   3      1.06896847    -0.01461016   -14.87470564    -0.00126900     0.00015796  0.15D-05  0.25D-04  3  3     0.02     0.00
   4      1.07118374    -0.01465718   -14.87474227    -0.00004702    -0.00020852  0.67D-09  0.23D-05  4  4     0.02     0.00
   5      1.07154598    -0.01464799   -14.87473115     0.00000919    -0.00003435  0.14D-07  0.42D-07  5  5     0.03     0.00
   6      1.07134317    -0.01464480   -14.87472874     0.00000318     0.00002025  0.13D-08  0.13D-07  6  6     0.03     0.00
   7      1.07135731    -0.01464589   -14.87473016    -0.00000109    -0.00000101  0.20D-09  0.10D-09  6  2     0.03     0.00
   8      1.07135275    -0.01464570   -14.87473007     0.00000019     0.00000057  0.24D-10  0.24D-10  6  1     0.04     0.00
   9      1.07135294    -0.01464567   -14.87473010     0.00000003     0.00000001  0.22D-13  0.95D-12  6  3     0.04     0.00
  10      1.07135288    -0.01464567   -14.87473010     0.00000000     0.00000001  0.48D-13  0.12D-12  6  5     0.04     0.00
  11      1.07135288    -0.01464567   -14.87473010    -0.00000000    -0.00000000  0.77D-15  0.21D-14  6  4     0.05     0.00
  12      1.07135289    -0.01464567   -14.87473010    -0.00000000    -0.00000000  0.62D-17  0.51D-16  6  6     0.05     0.00
  13      1.07135289    -0.01464567   -14.87473010     0.00000000     0.00000000  0.14D-18  0.32D-17  6  2     0.05     0.00
  14      1.07135289    -0.01464567   -14.87473010    -0.00000000     0.00000000  0.19D-19  0.76D-19  6  1     0.05     0.00
  15      1.07135289    -0.01464567   -14.87473010    -0.00000000     0.00000000  0.75D-20  0.51D-20  6  3     0.06     0.00
  16      1.07135289    -0.01464567   -14.87473010    -0.00000000    -0.00000000  0.93D-21  0.52D-21  6  5     0.06     0.00
  17      1.07135289    -0.01464567   -14.87473010    -0.00000000    -0.00000000  0.17D-22  0.52D-22  6  4     0.06     0.00
  18      1.07135289    -0.01464567   -14.87473010    -0.00000000    -0.00000000  0.20D-25  0.90D-23  6  6     0.07     0.00
  19      1.07135289    -0.01464567   -14.87473010    -0.00000000     0.00000000  0.43D-26  0.65D-24  6  2     0.07     0.00

 Norm of t1 vector:      0.00000000      S-energy:    -0.00000000      T1 diagnostic:  0.00000000

 Orbital rotation generators (print threshold =  0.000E+00):

         I         SYM. A    A   T(IA)

         1         1         1     -0.00000000
         1         1         2     -0.00008412
         1         1         3      0.00000000
         2         1         1      0.00032131
         2         1         2     -0.00000000
         2         1         3     -0.00019200
         3         1         1      0.00000000
         3         1         2     -0.00801989
         3         1         3     -0.00000000

 Doubles amplitudes (print threshold =  0.000E+00):

         I         J         SYM. A    SYM. B    A         B      T(IJ, AB)

         1         1         1         1         1         1     -0.00037364
         1         1         1         1         1         2      0.00000000
         1         1         1         1         1         3      0.00058127
         1         1         1         1         2         1      0.00000000
         1         1         1         1         2         2     -0.00032093
         1         1         1         1         2         3     -0.00000000
         1         1         1         1         3         1      0.00058127
         1         1         1         1         3         2     -0.00000000
         1         1         1         1         3         3     -0.00071503
         2         1         1         1         1         1      0.00000000
         2         1         1         1         1         2      0.00047810
         2         1         1         1         1         3      0.00000000
         2         1         1         1         2         1      0.00048082
         2         1         1         1         2         2     -0.00000000
         2         1         1         1         2         3     -0.00053406
         2         1         1         1         3         1      0.00000000
         2         1         1         1         3         2     -0.00053143
         2         1         1         1         3         3      0.00000000
         2         2         1         1         1         1     -0.00037729
         2         2         1         1         1         2     -0.00000000
         2         2         1         1         1         3      0.00058488
         2         2         1         1         2         1     -0.00000000
         2         2         1         1         2         2     -0.00031937
         2         2         1         1         2         3      0.00000000
         2         2         1         1         3         1      0.00058488
         2         2         1         1         3         2      0.00000000
         2         2         1         1         3         3     -0.00071861
         3         1         1         1         1         1      0.00024183
         3         1         1         1         1         2     -0.00000000
         3         1         1         1         1         3     -0.00027511
         3         1         1         1         2         1     -0.00000000
         3         1         1         1         2         2      0.00005625
         3         1         1         1         2         3     -0.00000000
         3         1         1         1         3         1     -0.00034556
         3         1         1         1         3         2     -0.00000000
         3         1         1         1         3         3      0.00033567
         3         2         1         1         1         1     -0.00000000
         3         2         1         1         1         2     -0.00039076
         3         2         1         1         1         3      0.00000000
         3         2         1         1         2         1     -0.00048984
         3         2         1         1         2         2     -0.00000000
         3         2         1         1         2         3      0.00044788
         3         2         1         1         3         1      0.00000000
         3         2         1         1         3         2      0.00037550
         3         2         1         1         3         3     -0.00000000
         3         3         1         1         1         1     -0.22275715
         3         3         1         1         1         2      0.00000000
         3         3         1         1         1         3      0.09308664
         3         3         1         1         2         1      0.00000000
         3         3         1         1         2         2     -0.04729202
         3         3         1         1         2         3     -0.00000000
         3         3         1         1         3         1      0.09308664
         3         3         1         1         3         2     -0.00000000
         3         3         1         1         3         3     -0.04645624


 RESULTS
 =======

  Reference energy                    -14.860084432262

  Correlated core orbitals:             1.1       2.1
  Orbital energies:                    -2.4651   -2.4648

  BCCD core-core energy                -0.000033818940
  BCCD core-valence energy             -0.000005253601
  BCCD valence correlation energy      -0.014606598665

  BCCD singlet pair energy             -0.014645663266
  BCCD triplet pair energy             -0.000000007940
  BCCD correlation energy              -0.014645671206

 !BCCD total energy                   -14.874730103468

 Approximate expectation values using Brueckner orbitals

 !BCCD(ref) STATE  1.1 Dipole momen     0.00000000     0.00000000     0.00000000
 Dipole moment /Debye                   0.00000000     0.00000000     0.00000000

 Brueckner orbitals saved on record           2150.2 (orbital set 1)
 Brueckner density (ref) saved on record      2150.2 (density set 1)

 Brueckner orbitals
 ==================

   Orb     Occ           Coefficients

                         1 1s      1 1s      1 1s      2 1s      2 1s      2 1s   

   1.1    2.0000000    0.706913 -0.000090 -0.000127  0.706913 -0.000090 -0.000127

   2.1    2.0000000    0.707627  0.001518 -0.002179 -0.707627 -0.001518  0.002179

   3.1    2.0000000   -0.024529  0.668959 -0.105166 -0.024529  0.668959 -0.105166

 Timing summary (sec):

 STEP                 CPU(USER)    SYS     CPU(TOT)    WALL
 CCSD iterations         0.10      0.03      0.13      0.11

 Program statistics:

 Available memory in ccsd:                39999164
 Min. memory needed in ccsd:                   883
 Max. memory used in ccsd:                     883
 Max. memory used in cckext:                 33758 (19 integral passes)



 **********************************************************************************************************************************
 DATASETS  * FILE   NREC   LENGTH (MB)   RECORD NAMES
              1      20       29.95       500      700      610      900      950      970     1000      129      960     1100   
                                          VAR     GEOM    BASINP   SYMINP    ZMAT    AOBASIS   BASIS     P2S    ABASIS      S 
                                         1400     1410     1200     1210     1080     1600     1650     1300     1700     1380   
                                           T        V       H0       H01     AOSYM     SMH    MOLCAS    ERIS     OPER     JKOP   

              2       4        2.74       700     1000      520     2150   
                                         GEOM     BASIS   MCVARS    BCCD   

              3       5       14.77       500      610      700     1000     2100   
                                          VAR    BASINP    GEOM     BASIS     RHF  

 PROGRAMS   *        TOTAL      BCCD       INT   RESTART
 CPU TIMES  *         0.42      0.14      0.13      0.01
 REAL TIME  *         0.58 SEC
 DISK USED  *        49.42 MB
 **********************************************************************************************************************************

 Dump information in style XML to orbitals.xml                                                                    

 Variables will not be exported.
 Molecular orbitals read from record     2150.2  Type=BCCD/BRUECKNER (state 1.1)
 Occupation numbers read from record     2150.2  Type=BCCD/BRUECKNER (state 1.1)

 No orbital energies found for orbital set 0

 No redundancy group numbers found for orbital set 0

 **********************************************************************************************************************************

 BCCD/USERDEF energy=    -14.874730103468

            BCCD
    -14.87473010
 **********************************************************************************************************************************
 Molpro calculation terminated
