
 Primary working directories    : /scr/yuriaoto/job.022356/molpro.Ajftn65h6T
 Secondary working directories  : /scr/yuriaoto/job.022356/molpro.Ajftn65h6T
 Wavefunction directory         : /scr/yuriaoto/job.022356/
 Main file repository           : /scr/yuriaoto/job.022356/molpro.Ajftn65h6T/

 id        : yuriaoto

 Nodes             nprocs
 t-rex.ufabc.int.br    1

 Using customized tuning parameters: mindgm=8; mindgv=16; mindgc=1; mindgr=1; noblas=0; minvec=7
 default implementation of scratch files=df  


 Variables initialized (933), CPU time= 0.01 sec
 ***,
 memory,40,m
 gprint,orbital,basis,civector
 gthresh,thrprint=0,printci=0.0
 file,3,wfu.dat,old
 
 {cisd,CC_NORM_MAX=10.0
 thresh,printci=0.0,ENERGY=1.0E-10,COEFF=1.0E-12
 print,ref=1
 core,0
 wf,2,1,0;
 }
 
 Commands  initialized (760), CPU time= 0.01 sec, 617 directives.
 Default parameters read. Elapsed time= 0.04 sec

 Checking input...
 Passed
1


                                         ***  PROGRAM SYSTEM MOLPRO  ***
                                       Copyright, TTI GmbH Stuttgart, 2015
                                    Version 2019.2 linked Abr  7 2019 15:10:35


 **********************************************************************************************************************************
 LABEL *                                                                                 
  64 bit serial version                                                                  DATE: 16-Oct-19          TIME: 09:18:13  
 **********************************************************************************************************************************

 SHA1:             3a8a58c585c929645742fb5a1b7541a4ad1da699
 **********************************************************************************************************************************


 THRESHOLDS:

 ZERO    =  1.00D-12  ONEINT  =  1.00D-12  TWOINT  =  1.00D-11  PREFAC  =  1.00D-14  XXXXXX  =  1.00D-09  EORDER  =  1.00D-04
 ENERGY  =  0.00D+00  ETEST   =  0.00D+00  EDENS   =  0.00D+00  THRDEDEF=  1.00D-06  GRADIENT=  1.00D-02  STEP    =  1.00D-03
 ORBITAL =  1.00D-05  CIVEC   =  1.00D-05  COEFF   =  1.00D-04  PRINTCI =  0.00D+00  PUNCHCI =  9.90D+01  OPTGRAD =  3.00D-04
 OPTENERG=  1.00D-06  OPTSTEP =  3.00D-04  THRGRAD =  1.00D-10  COMPRESS=  1.00D-11  VARMIN  =  1.00D-07  VARMAX  =  1.00D-03
 THRDOUB =  0.00D+00  THRDIV  =  1.00D-05  THRRED  =  1.00D-07  THRPSP  =  1.00D+00  THRDC   =  1.00D-10  THRCS   =  1.00D-10
 THRNRM  =  1.00D-08  THREQ   =  0.00D+00  THRDE   =  1.00D+00  THRREF  =  1.00D-05  SPARFAC =  1.00D+00  THRDLP  =  1.00D-07
 THRDIA  =  1.00D-10  THRDLS  =  1.00D-07  THRGPS  =  0.00D+00  THRKEX  =  0.00D+00  THRDIS  =  2.00D-01  THRVAR  =  1.00D-10
 THRLOC  =  1.00D-06  THRGAP  =  1.00D-06  THRLOCT = -1.00D+00  THRGAPT = -1.00D+00  THRORB  =  1.00D-06  THRMLTP =  0.00D+00
 THRCPQCI=  1.00D-10  KEXTA   =  0.00D+00  THRCOARS=  0.00D+00  SYMTOL  =  1.00D-06  GRADTOL =  1.00D-06  THROVL  =  1.00D-08
 THRORTH =  1.00D-08  GRID    =  1.00D-06  GRIDMAX =  1.00D-03  DTMAX   =  0.00D+00  THROCCDE=  1.00D-01  THROCCDE=  1.00D-01
 THRPRINT=  0.00D+00


 Variable memory set to   40000000 words,  buffer space 



 Permanent file  3  wfu.dat  assigned.  Implementation=df    Size= 14.08 MB


 PROGRAM * RESTART 


 Reading variables from file 3

 _FNUC           =      0.00000000
 _BASIS          =    6-31G
 _NELEC          =      2.00000000
 _PROGRAM        =    RHF-SCF
 _DMZ            =     -0.00000000
 _DMX_SCF        =      0.00000000
 _DMY_SCF        =      0.00000000
 _DMZ_SCF        =     -0.00000000
 _HOMO           =      1.10000000
 _EHOMO          =     -0.33079533
 _LUMO           =      2.10000000
 _ELUMO          =     -0.08434775
 _ENERGY         =     -0.84318559
 _ENERGY_METHOD  =    RHF
 _ENERGY_BASIS   =    6-31G
 _ENUC           =      0.20000000
 _EPS1(1:4)      =     -0.33079533    -0.08434775     0.93794118     1.05066757
 _IPROC_MPP      =      0.00000000
 _IPROC_MPPX     =      0.00000000
 _ORBITAL        =   2100.30000000
 _STATUS         =      1.00000000
 _LASTORB        =    RHF
 _OUTPUT         =    /scr/yuriaoto/job.022353/RHF.xml
 _PGROUP         =    C1  
 _TIME           =    09:17:21
 R               =      5.00000000

 Geometry written to block  1 of record 700


 **********************************************************************************************************************************
 DATASETS  * FILE   NREC   LENGTH (MB)   RECORD NAMES
              3       5       14.76       500      610      700     1000     2100   
                                          VAR    BASINP    GEOM     BASIS     RHF  

 PROGRAMS   *        TOTAL   RESTART
 CPU TIMES  *         0.11      0.01
 REAL TIME  *         0.15 SEC
 DISK USED  *        26.83 MB
 **********************************************************************************************************************************


 Recomputing integrals since basis changed


 Using spherical harmonics

 Library entry H      S 6-31G                selected for orbital group  1


 PROGRAM * SEWARD (Integral evaluation for generally contracted gaussian basis sets)     Author: Roland Lindh, 1990

 Geometry written to block  1 of record 700

 Orientation using atomic masses  
 Molecule type: Linear
 Rotational constants:     143.2419517    143.2419517      0.0000000 GHz  (calculated with average atomic masses)

 Point group  C1  



 ATOMIC COORDINATES

 NR  ATOM    CHARGE       X              Y              Z

   1  H1      1.00    0.000000000    0.000000000   -2.500000000
   2  H2      1.00    0.000000000    0.000000000    2.500000000


 BASIS DATA

   Nr Sym  Nuc  Type         Exponents   Contraction coefficients

    1.1 A     1  1s          18.731137     0.033495
                              2.825394     0.234727
                              0.640122     0.813757
    2.1 A     1  1s           0.161278     1.000000
    3.1 A     2  1s          18.731137     0.033495
                              2.825394     0.234727
                              0.640122     0.813757
    4.1 A     2  1s           0.161278     1.000000

 NUCLEAR CHARGE:                    2
 NUMBER OF PRIMITIVE AOS:           8
 NUMBER OF SYMMETRY AOS:            8
 NUMBER OF CONTRACTIONS:            4   (    4A   )
 NUMBER OF CORE ORBITALS:           0   (    0A   )
 NUMBER OF VALENCE ORBITALS:        2   (    2A   )


 NUCLEAR REPULSION ENERGY    0.20000000

 Eigenvalues of metric

         1 0.296E+00 0.380E+00 0.157E+01 0.175E+01


 Contracted 2-electron integrals neglected if value below      1.0D-11
 AO integral compression algorithm  1   Integral accuracy      1.0D-11

     0.262 MB (compressed) written to integral file (100.0%)


 NUMBER OF SORTED TWO-ELECTRON INTEGRALS:         55.     BUFFER LENGTH:  32768
 NUMBER OF SEGMENTS:   1  SEGMENT LENGTH:         55      RECORD LENGTH: 524288

 Memory used in sort:       0.56 MW

 SORT1 READ         112. AND WROTE          55. INTEGRALS IN      1 RECORDS. CPU TIME:     0.00 SEC, REAL TIME:     0.01 SEC
 SORT2 READ          55. AND WROTE          55. INTEGRALS IN      1 RECORDS. CPU TIME:     0.00 SEC, REAL TIME:     0.01 SEC

 FILE SIZES:   FILE 1:    30.2 MBYTE,  FILE 4:     4.2 MBYTE,   TOTAL:     34.4 MBYTE

 OPERATOR DM      FOR CENTER  0  COORDINATES:    0.000000    0.000000    0.000000


 **********************************************************************************************************************************
 DATASETS  * FILE   NREC   LENGTH (MB)   RECORD NAMES
              1      19       29.93       500      700      610      900      950      970     1000      129      960     1100   
                                          VAR     GEOM    BASINP   SYMINP    ZMAT    AOBASIS   BASIS     P2S    ABASIS      S 
                                         1400     1410     1200     1210     1080     1600     1650     1300     1700   
                                           T        V       H0       H01     AOSYM     SMH    MOLCAS    ERIS     OPER   

              3       5       14.76       500      610      700     1000     2100   
                                          VAR    BASINP    GEOM     BASIS     RHF  

 PROGRAMS   *        TOTAL       INT   RESTART
 CPU TIMES  *         0.25      0.13      0.01
 REAL TIME  *         0.41 SEC
 DISK USED  *        49.41 MB
 **********************************************************************************************************************************


 PROGRAM * CISD (Closed-shell CI(SD))     Authors: C. Hampel, H.-J. Werner, 1991, M. Deegan, P.J. Knowles, 1992


 Input parameters for THRESH:

 ENERGY   =    1.00D-10
 COEFF    =    1.00D-12
 PRINTCI  =    0.000000
 THRPRINT =    0.000000

 Convergence thresholds:  THRVAR = 1.00D-24  THRDEN = 1.00D-10

 Number of closed-shell orbitals:   1 (   1 )
 Number of external orbitals:       3 (   3 )

 Molecular orbitals read from record     2100.3  Type=RHF/CANONICAL (state 1.1)

 Number of N-1 electron functions:               1
 Number of N-2 electron functions:               1
 Number of singly external CSFs:                 3
 Number of doubly external CSFs:                 6
 Total number of CSFs:                          10

 Length of J-op  integral file:               0.00 MB
 Length of K-op  integral file:               0.03 MB

 Integral transformation finished. Total CPU:   0.00 sec, npass=  1  Memory used:   0.07 MW

 Reference energy:                     -0.84318559

 MP2 singlet pair energy:              -0.07998310
 MP2 triplet pair energy:               0.00000000
 MP2 correlation energy:               -0.07998310
 MP2 total energy:                     -0.92316868

 SCS-MP2 correlation energy:           -0.09597972   (PS=  1.200000  PT=  0.333333)
 SCS-MP2 total energy:                 -0.93916530

 ITER.      SQ.NORM     CORR.ENERGY   TOTAL ENERGY   ENERGY CHANGE        DEN1      VAR(S)    VAR(P)  DIIS     TIME  TIME/IT
   1      1.30391127    -0.14052043    -0.98370601    -0.06053733    -0.03035540  0.24D-02  0.28D-01  1  1     0.01     0.01
   2      1.53948360    -0.14454864    -0.98773423    -0.00402821    -0.03368936  0.14D-05  0.14D-03  2  2     0.02     0.00
   3      1.65113584    -0.15564235    -0.99882794    -0.01109371    -0.01387665  0.42D-04  0.10D-03  3  3     0.02     0.00
   4      1.64961628    -0.15609425    -0.99927983    -0.00045189     0.00021765  0.26D-06  0.25D-06  4  4     0.02     0.00
   5      1.64074910    -0.15609635    -0.99928194    -0.00000211     0.00104912  0.56D-08  0.13D-08  5  5     0.02     0.00
   6      1.63725737    -0.15610517    -0.99929076    -0.00000882     0.00040899  0.33D-30  0.47D-31  6  6     0.02     0.00
   7      1.60036818    -0.15610626    -0.99929185    -0.00000109     0.00440222  0.24D-24  0.14D-24  6  3     0.02     0.00
   8      1.63621925    -0.15603012    -0.99921571     0.00007614    -0.00428013  0.40D-33  0.93D-33  6  1     0.02     0.00
   9      1.63626047    -0.15610632    -0.99929191    -0.00007620    -0.00000483  0.32D-32  0.53D-33  6  2     0.02     0.00
  10      1.63625636    -0.15610632    -0.99929191     0.00000000     0.00000048  0.16D-30  0.20D-32  6  4     0.02     0.00
  11      1.63625557    -0.15610632    -0.99929191    -0.00000000     0.00000009  0.64D-31  0.89D-33  6  6     0.03     0.00
  12      1.63621634    -0.15610632    -0.99929191    -0.00000000     0.00000460  0.42D-25  0.87D-26  6  5     0.03     0.00


 ! DIPOLE MOMENTS:                      0.00000000     0.00000000    -0.00000000



 Norm of t1 vector:      0.11105255      S-energy:    -0.00117661      T1 diagnostic:  0.05552627

 Singles amplitudes (print threshold =  0.000E+00):

         I         SYM. A    A   T(IA)

         1         1         1     -0.00000000
         1         1         2      0.07852601
         1         1         3      0.00000000

 Doubles amplitudes (print threshold =  0.000E+00):

         I         J         SYM. A    SYM. B    A         B      T(IJ, AB)

         1         1         1         1         1         1     -0.78356495
         1         1         1         1         1         2     -0.00000000
         1         1         1         1         1         3     -0.07011574
         1         1         1         1         2         1     -0.00000000
         1         1         1         1         2         2      0.00344001
         1         1         1         1         2         3      0.00000000
         1         1         1         1         3         1     -0.07011574
         1         1         1         1         3         2      0.00000000
         1         1         1         1         3         3     -0.00808512


 RESULTS
 =======

  Reference energy                     -0.843185588250
  CISD singlet pair energy             -0.154929705583
  CISD triplet pair energy              0.000000000000
  CISD correlation energy              -0.156106320367

 !CISD total energy                    -0.999291908617

 Timing summary (sec):

 STEP                 CPU(USER)    SYS     CPU(TOT)    WALL
 CCSD iterations         0.03      0.01      0.04      0.03

 Program statistics:

 Available memory in ccsd:                39999196
 Min. memory needed in ccsd:                   289
 Max. memory used in ccsd:                     289
 Max. memory used in cckext:                 32948 (12 integral passes)



 **********************************************************************************************************************************
 DATASETS  * FILE   NREC   LENGTH (MB)   RECORD NAMES
              1      20       29.94       500      700      610      900      950      970     1000      129      960     1100   
                                          VAR     GEOM    BASINP   SYMINP    ZMAT    AOBASIS   BASIS     P2S    ABASIS      S 
                                         1400     1410     1200     1210     1080     1600     1650     1300     1700     1380   
                                           T        V       H0       H01     AOSYM     SMH    MOLCAS    ERIS     OPER     JKOP   

              3       5       14.76       500      610      700     1000     2100   
                                          VAR    BASINP    GEOM     BASIS     RHF  

 PROGRAMS   *        TOTAL      CISD       INT   RESTART
 CPU TIMES  *         0.32      0.07      0.13      0.01
 REAL TIME  *         0.50 SEC
 DISK USED  *        49.41 MB
 **********************************************************************************************************************************
 Molecular orbitals read from record     2100.3  Type=RHF/CANONICAL (state 1.1)
 Occupation numbers read from record     2100.3  Type=RHF/RHF (state 1.1)
 Orbital energies read from record       2100.3  Type=RHF/CANONICAL (state 1.1)
 Redundancy group numbers read from rec  2100.3  Type=RHF/RHF (state 1.1)

 CISD/6-31G energy=     -0.999291908617

            CISD
     -0.99929191
 **********************************************************************************************************************************
 Molpro calculation terminated
