
 Primary working directories    : /scr/yuriaoto/job.023528/molpro.C4ycRPuIje
 Secondary working directories  : /scr/yuriaoto/job.023528/molpro.C4ycRPuIje
 Wavefunction directory         : /scr/yuriaoto/job.023528/
 Main file repository           : /scr/yuriaoto/job.023528/molpro.C4ycRPuIje/

 id        : yuriaoto

 Nodes             nprocs
 t-rex.ufabc.int.br    1

 Using customized tuning parameters: mindgm=8; mindgv=16; mindgc=1; mindgr=1; noblas=0; minvec=7
 default implementation of scratch files=df  


 Variables initialized (933), CPU time= 0.01 sec
 ***,
 memory,40,m
 gprint,orbital,basis,civector
 gthresh,thrprint=0,printci=0.0
 file,3,wfu.dat,old
 
 {ccsd,CC_NORM_MAX=10.0
 nosingle
 thresh,printci=0.0,ENERGY=1.0E-10,COEFF=1.0E-12
 print,ref=1
 wf,14,1,0;
 }
 
 Commands  initialized (760), CPU time= 0.01 sec, 617 directives.
 Default parameters read. Elapsed time= 0.04 sec

 Checking input...
 Passed
1


                                         ***  PROGRAM SYSTEM MOLPRO  ***
                                       Copyright, TTI GmbH Stuttgart, 2015
                                    Version 2019.2 linked Abr  7 2019 15:10:35


 **********************************************************************************************************************************
 LABEL *                                                                                 
  64 bit serial version                                                                  DATE: 03-Jun-20          TIME: 21:26:31  
 **********************************************************************************************************************************

 SHA1:             3a8a58c585c929645742fb5a1b7541a4ad1da699
 **********************************************************************************************************************************


 THRESHOLDS:

 ZERO    =  1.00D-12  ONEINT  =  1.00D-12  TWOINT  =  1.00D-11  PREFAC  =  1.00D-14  XXXXXX  =  1.00D-09  EORDER  =  1.00D-04
 ENERGY  =  0.00D+00  ETEST   =  0.00D+00  EDENS   =  0.00D+00  THRDEDEF=  1.00D-06  GRADIENT=  1.00D-02  STEP    =  1.00D-03
 ORBITAL =  1.00D-05  CIVEC   =  1.00D-05  COEFF   =  1.00D-04  PRINTCI =  0.00D+00  PUNCHCI =  9.90D+01  OPTGRAD =  3.00D-04
 OPTENERG=  1.00D-06  OPTSTEP =  3.00D-04  THRGRAD =  1.00D-10  COMPRESS=  1.00D-11  VARMIN  =  1.00D-07  VARMAX  =  1.00D-03
 THRDOUB =  0.00D+00  THRDIV  =  1.00D-05  THRRED  =  1.00D-07  THRPSP  =  1.00D+00  THRDC   =  1.00D-10  THRCS   =  1.00D-10
 THRNRM  =  1.00D-08  THREQ   =  0.00D+00  THRDE   =  1.00D+00  THRREF  =  1.00D-05  SPARFAC =  1.00D+00  THRDLP  =  1.00D-07
 THRDIA  =  1.00D-10  THRDLS  =  1.00D-07  THRGPS  =  0.00D+00  THRKEX  =  0.00D+00  THRDIS  =  2.00D-01  THRVAR  =  1.00D-10
 THRLOC  =  1.00D-06  THRGAP  =  1.00D-06  THRLOCT = -1.00D+00  THRGAPT = -1.00D+00  THRORB  =  1.00D-06  THRMLTP =  0.00D+00
 THRCPQCI=  1.00D-10  KEXTA   =  0.00D+00  THRCOARS=  0.00D+00  SYMTOL  =  1.00D-06  GRADTOL =  1.00D-06  THROVL  =  1.00D-08
 THRORTH =  1.00D-08  GRID    =  1.00D-06  GRIDMAX =  1.00D-03  DTMAX   =  0.00D+00  THROCCDE=  1.00D-01  THROCCDE=  1.00D-01
 THRPRINT=  0.00D+00


 Variable memory set to   40000000 words,  buffer space 



 Permanent file  3  wfu.dat  assigned.  Implementation=df    Size= 14.08 MB


 PROGRAM * RESTART 


 Reading variables from file 3

 _FNUC           =      0.00000000
 _BASIS          =    STO-3G
 _NELEC          =     14.00000000
 _PROGRAM        =    RHF-SCF
 _DMX_SCF        =      0.00000000
 _DMY_SCF        =      0.00000000
 _DMZ_SCF        =      0.00000000
 _HOMO           =      1.20000000
 _EHOMO          =     -0.33514998
 _LUMO           =      1.60000000
 _ELUMO          =      0.13183841
 _ENERGY         =   -107.19573485
 _ENERGY_METHOD  =    RHF
 _ENERGY_BASIS   =    STO-3G
 _ENUC           =     16.33333333
 _EPS1(1:3)      =    -15.41998288    -1.09914968    -0.41753252
 _EPS2           =     -0.33514998
 _EPS3           =     -0.33514998
 _EPS5(1:3)      =    -15.42035278    -0.79026435     0.43646798
 _EPS6           =      0.13183841
 _EPS7           =      0.13183841
 _IPROC_MPP      =      0.00000000
 _IPROC_MPPX     =      0.00000000
 _ORBITAL        =   2100.30000000
 _STATUS         =      1.00000000
 _DATE           =    28-May-20
 _LASTORB        =    RHF
 _OUTPUT         =    /scr/yuriaoto/job.023222/RHF.xml
 _PGROUP         =    D2h 
 _TIME           =    22:10:50
 R               =      3.00000000

 Geometry written to block  1 of record 700


 **********************************************************************************************************************************
 DATASETS  * FILE   NREC   LENGTH (MB)   RECORD NAMES
              3       5       14.77       500      610      700     1000     2100   
                                          VAR    BASINP    GEOM     BASIS     RHF  

 PROGRAMS   *        TOTAL   RESTART
 CPU TIMES  *         0.14      0.04
 REAL TIME  *         0.19 SEC
 DISK USED  *        26.84 MB
 **********************************************************************************************************************************


 Recomputing integrals since basis changed


 Using spherical harmonics

 Library entry N      S STO-3G               selected for orbital group  1
 Library entry N      P STO-3G               selected for orbital group  1


 PROGRAM * SEWARD (Integral evaluation for generally contracted gaussian basis sets)     Author: Roland Lindh, 1990

 Geometry written to block  1 of record 700

 Orientation using atomic masses  
 Molecule type: Linear
 User-specified symmetry elements: X,Y,Z
 Symmetry elements: X,Y,Z
 Rotational constants:      28.6329822     28.6329822      0.0000000 GHz  (calculated with average atomic masses)

 Point group  D2h 



 ATOMIC COORDINATES

 NR  ATOM    CHARGE       X              Y              Z

   1  N1      7.00    0.000000000    0.000000000   -1.500000000
   2  N2      7.00    0.000000000    0.000000000    1.500000000

 Bond lengths in Bohr (Angstrom)

 1-2  3.000000000
     ( 1.587531633)


 BASIS DATA

   Nr Sym  Nuc  Type         Exponents   Contraction coefficients

    1.1 Ag    1  1s          99.106169     0.154329
              2  1s          18.052312     0.535328
                              4.885660     0.444635
    2.1 Ag    1  1s           3.780456    -0.099967
              2  1s           0.878497     0.399513
                              0.285714     0.700115
    3.1 Ag    1  2pz          3.780456     0.155916
              2 -2pz          0.878497     0.607684
                              0.285714     0.391957
    1.2 B3u   1  2px          3.780456     0.155916
              2  2px          0.878497     0.607684
                              0.285714     0.391957
    1.3 B2u   1  2py          3.780456     0.155916
              2  2py          0.878497     0.607684
                              0.285714     0.391957
    1.5 B1u   1  1s          99.106169     0.154329
              2 -1s          18.052312     0.535328
                              4.885660     0.444635
    2.5 B1u   1  1s           3.780456    -0.099967
              2 -1s           0.878497     0.399513
                              0.285714     0.700115
    3.5 B1u   1  2pz          3.780456     0.155916
              2  2pz          0.878497     0.607684
                              0.285714     0.391957
    1.6 B2g   1  2px          3.780456     0.155916
              2 -2px          0.878497     0.607684
                              0.285714     0.391957
    1.7 B3g   1  2py          3.780456     0.155916
              2 -2py          0.878497     0.607684
                              0.285714     0.391957

 NUCLEAR CHARGE:                   14
 NUMBER OF PRIMITIVE AOS:          30
 NUMBER OF SYMMETRY AOS:           30
 NUMBER OF CONTRACTIONS:           10   (    3Ag  +    1B3u +    1B2u +    0B1g +    3B1u +    1B2g +    1B3g +    0Au  )
 NUMBER OF CORE ORBITALS:           2   (    1Ag  +    0B3u +    0B2u +    0B1g +    1B1u +    0B2g +    0B3g +    0Au  )
 NUMBER OF VALENCE ORBITALS:        8   (    2Ag  +    1B3u +    1B2u +    0B1g +    2B1u +    1B2g +    1B3g +    0Au  )


 NUCLEAR REPULSION ENERGY   16.33333333

 Eigenvalues of metric

         1 0.796E+00 0.112E+01 0.154E+01
         2 0.110E+01
         3 0.110E+01
         5 0.487E+00 0.851E+00 0.120E+01
         6 0.901E+00
         7 0.901E+00


 Contracted 2-electron integrals neglected if value below      1.0D-11
 AO integral compression algorithm  1   Integral accuracy      1.0D-11

     0.262 MB (compressed) written to integral file (100.0%)


 NUMBER OF SORTED TWO-ELECTRON INTEGRALS:        373.     BUFFER LENGTH:  32768
 NUMBER OF SEGMENTS:   1  SEGMENT LENGTH:        373      RECORD LENGTH: 524288

 Memory used in sort:       0.56 MW

 SORT1 READ         776. AND WROTE         373. INTEGRALS IN      1 RECORDS. CPU TIME:     0.01 SEC, REAL TIME:     0.00 SEC
 SORT2 READ         373. AND WROTE         373. INTEGRALS IN      1 RECORDS. CPU TIME:     0.00 SEC, REAL TIME:     0.01 SEC

 FILE SIZES:   FILE 1:    30.2 MBYTE,  FILE 4:     4.2 MBYTE,   TOTAL:     34.4 MBYTE

 OPERATOR DM      FOR CENTER  0  COORDINATES:    0.000000    0.000000    0.000000


 **********************************************************************************************************************************
 DATASETS  * FILE   NREC   LENGTH (MB)   RECORD NAMES
              1      19       29.94       500      700      610      900      950      970     1000      129      960     1100   
                                          VAR     GEOM    BASINP   SYMINP    ZMAT    AOBASIS   BASIS     P2S    ABASIS      S 
                                         1400     1410     1200     1210     1080     1600     1650     1300     1700   
                                           T        V       H0       H01     AOSYM     SMH    MOLCAS    ERIS     OPER   

              3       5       14.77       500      610      700     1000     2100   
                                          VAR    BASINP    GEOM     BASIS     RHF  

 PROGRAMS   *        TOTAL       INT   RESTART
 CPU TIMES  *         0.31      0.17      0.04
 REAL TIME  *         0.51 SEC
 DISK USED  *        49.42 MB
 **********************************************************************************************************************************


 PROGRAM * CCSD (Closed-shell coupled cluster)     Authors: C. Hampel, H.-J. Werner, 1991, M. Deegan, P.J. Knowles, 1992


 Input parameters for THRESH:

 ENERGY   =    1.00D-10
 COEFF    =    1.00D-12
 PRINTCI  =    0.000000
 THRPRINT =    0.000000

 Convergence thresholds:  THRVAR = 1.00D-24  THRDEN = 1.00D-10

 Number of core orbitals:           2 (   1   0   0   0   1   0   0 )
 Number of closed-shell orbitals:   5 (   2   1   1   0   1   0   0 )
 Number of external orbitals:       3 (   0   0   0   0   1   1   1 )

 Molecular orbitals read from record     2100.3  Type=RHF/CANONICAL (state 1.1)

 Number of N-1 electron functions:               0
 Number of N-2 electron functions:              11
 Number of singly external CSFs:                 0
 Number of doubly external CSFs:                28
 Total number of CSFs:                          29

 Length of J-op  integral file:               0.00 MB
 Length of K-op  integral file:               0.03 MB
 Length of 3-ext integral record:             0.00 MB

 Integral transformation finished. Total CPU:   0.00 sec, npass=  1  Memory used:   0.07 MW

 Reference energy:                   -107.19573485

 MP2 singlet pair energy:              -0.24958455
 MP2 triplet pair energy:              -0.19812787
 MP2 correlation energy:               -0.44771243
 MP2 total energy:                   -107.64344728

 SCS-MP2 correlation energy:           -0.42278103   (PS=  1.200000  PT=  0.333333)
 SCS-MP2 total energy:               -107.61851588

 ITER.      SQ.NORM     CORR.ENERGY   TOTAL ENERGY   ENERGY CHANGE        DEN1      VAR(S)    VAR(P)  DIIS     TIME  TIME/IT
   1      1.12401062    -0.33826957  -107.53400442     0.10944286     0.21468482  0.00D+00  0.11D+00  1  1     0.01     0.01
   2      1.19124451    -0.30850182  -107.50423667     0.02976775    -0.05692665  0.00D+00  0.58D-02  2  2     0.02     0.01
   3      1.25559264    -0.31891141  -107.51464626    -0.01040959    -0.01596255  0.00D+00  0.16D-02  3  3     0.02     0.01
   4      1.40997854    -0.33935077  -107.53508562    -0.02043936    -0.02715082  0.00D+00  0.31D-03  4  4     0.02     0.00
   5      1.41963082    -0.33779854  -107.53353339     0.00155223    -0.00262045  0.00D+00  0.57D-04  5  5     0.02     0.00
   6      1.41571861    -0.33484501  -107.53057986     0.00295353     0.00100098  0.00D+00  0.38D-05  6  6     0.02     0.00
   7      1.43347076    -0.33715952  -107.53289437    -0.00231452    -0.00240603  0.00D+00  0.36D-06  6  1     0.02     0.00
   8      1.43109223    -0.33699536  -107.53273021     0.00016417     0.00010563  0.00D+00  0.63D-07  6  2     0.02     0.00
   9      1.43120204    -0.33697126  -107.53270611     0.00002410     0.00004475  0.00D+00  0.10D-07  6  3     0.02     0.00
  10      1.43145467    -0.33699025  -107.53272510    -0.00001899    -0.00004143  0.00D+00  0.56D-09  6  4     0.02     0.00
  11      1.43149698    -0.33699285  -107.53272770    -0.00000259    -0.00000715  0.00D+00  0.59D-10  6  1     0.02     0.00
  12      1.43151364    -0.33699397  -107.53272882    -0.00000113    -0.00000302  0.00D+00  0.49D-11  6  2     0.02     0.00
  13      1.43151126    -0.33699387  -107.53272871     0.00000011     0.00000037  0.00D+00  0.22D-12  6  5     0.02     0.00
  14      1.43151056    -0.33699382  -107.53272867     0.00000004     0.00000011  0.00D+00  0.36D-13  6  6     0.02     0.00
  15      1.43151000    -0.33699379  -107.53272864     0.00000003     0.00000009  0.00D+00  0.25D-14  6  3     0.03     0.00
  16      1.43151007    -0.33699380  -107.53272865    -0.00000001    -0.00000001  0.00D+00  0.24D-15  6  4     0.03     0.00
  17      1.43151003    -0.33699380  -107.53272864     0.00000000     0.00000001  0.00D+00  0.31D-16  6  1     0.03     0.00
  18      1.43151003    -0.33699380  -107.53272865    -0.00000000    -0.00000000  0.00D+00  0.29D-17  6  2     0.03     0.00
  19      1.43151003    -0.33699380  -107.53272864     0.00000000     0.00000000  0.00D+00  0.34D-18  6  5     0.03     0.00
  20      1.43151003    -0.33699380  -107.53272864     0.00000000     0.00000000  0.00D+00  0.45D-19  6  6     0.03     0.00
  21      1.43151003    -0.33699380  -107.53272864     0.00000000     0.00000000  0.00D+00  0.63D-20  6  3     0.03     0.00
  22      1.43151003    -0.33699380  -107.53272864    -0.00000000    -0.00000000  0.00D+00  0.48D-21  6  2     0.03     0.00
  23      1.43151003    -0.33699380  -107.53272864     0.00000000     0.00000000  0.00D+00  0.76D-22  6  4     0.03     0.00
  24      1.43151003    -0.33699380  -107.53272864    -0.00000000    -0.00000000  0.00D+00  0.38D-23  6  1     0.04     0.00
  25      1.43151003    -0.33699380  -107.53272864     0.00000000     0.00000000  0.00D+00  0.67D-24  6  5     0.04     0.00


 Doubles amplitudes (print threshold =  0.000E+00):

         I         J         SYM. A    SYM. B    A         B      T(IJ, AB)

         1         1         5         5         1         1     -0.03373823
         1         1         6         6         1         1     -0.01215295
         1         1         7         7         1         1     -0.01215295
         2         1         5         5         1         1     -0.03568274
         2         1         6         6         1         1      0.00553051
         2         1         7         7         1         1      0.00553051
         2         2         5         5         1         1     -0.10198352
         2         2         6         6         1         1     -0.02167193
         2         2         7         7         1         1     -0.02167193
         3         3         5         5         1         1     -0.01926570
         3         3         6         6         1         1     -0.35570351
         3         3         7         7         1         1     -0.02943977
         4         4         5         5         1         1     -0.01926570
         4         4         6         6         1         1     -0.02943977
         4         4         7         7         1         1     -0.35570351
         5         5         5         5         1         1     -0.02879615
         5         5         6         6         1         1     -0.04079437
         5         5         7         7         1         1     -0.04079437
         3         1         5         6         1         1     -0.03953995
         3         1         6         5         1         1     -0.03561063
         3         2         5         6         1         1     -0.05040049
         3         2         6         5         1         1     -0.07705427
         4         1         5         7         1         1     -0.03953995
         4         1         7         5         1         1     -0.03561063
         4         2         5         7         1         1     -0.05040049
         4         2         7         5         1         1     -0.07705427
         4         3         6         7         1         1     -0.17536696
         4         3         7         6         1         1     -0.15089678


 RESULTS
 =======

  Reference energy                   -107.195734849517
  CCD singlet pair energy              -0.327132905427
  CCD triplet pair energy              -0.009860889987
  CCD correlation energy               -0.336993795413

 !CCD total energy                   -107.532728644931

 Timing summary (sec):

 STEP                 CPU(USER)    SYS     CPU(TOT)    WALL
 CCSD iterations         0.04      0.02      0.06      0.06

 Program statistics:

 Available memory in ccsd:                39999100
 Min. memory needed in ccsd:                   734
 Max. memory used in ccsd:                     734
 Max. memory used in cckext:                 33582 (25 integral passes)



 **********************************************************************************************************************************
 DATASETS  * FILE   NREC   LENGTH (MB)   RECORD NAMES
              1      20       29.95       500      700      610      900      950      970     1000      129      960     1100   
                                          VAR     GEOM    BASINP   SYMINP    ZMAT    AOBASIS   BASIS     P2S    ABASIS      S 
                                         1400     1410     1200     1210     1080     1600     1650     1300     1700     1380   
                                           T        V       H0       H01     AOSYM     SMH    MOLCAS    ERIS     OPER     JKOP   

              3       5       14.77       500      610      700     1000     2100   
                                          VAR    BASINP    GEOM     BASIS     RHF  

 PROGRAMS   *        TOTAL      CCSD       INT   RESTART
 CPU TIMES  *         0.38      0.07      0.17      0.04
 REAL TIME  *         0.61 SEC
 DISK USED  *        49.42 MB
 **********************************************************************************************************************************
 Molecular orbitals read from record     2100.3  Type=RHF/CANONICAL (state 1.1)
 Occupation numbers read from record     2100.3  Type=RHF/RHF (state 1.1)
 Orbital energies read from record       2100.3  Type=RHF/CANONICAL (state 1.1)
 Redundancy group numbers read from rec  2100.3  Type=RHF/RHF (state 1.1)

 CCSD/STO-3G energy=   -107.532728644931

            CCSD
   -107.53272864
 **********************************************************************************************************************************
 Molpro calculation terminated
