
 Primary working directories    : /scr/yuriaoto/job.023603/molpro.aKldIrXVeX
 Secondary working directories  : /scr/yuriaoto/job.023603/molpro.aKldIrXVeX
 Wavefunction directory         : /scr/yuriaoto/job.023603/
 Main file repository           : /scr/yuriaoto/job.023603/molpro.aKldIrXVeX/

 id        : yuriaoto

 Nodes             nprocs
 t-rex.ufabc.int.br    1

 Using customized tuning parameters: mindgm=8; mindgv=16; mindgc=1; mindgr=1; noblas=0; minvec=7
 default implementation of scratch files=df  


 Variables initialized (933), CPU time= 0.00 sec
 ***,
 memory,40,m
 gprint,orbital,basis,civector
 gthresh,printci=0.0,thrprint=0
 file,3,wfu.dat,old
 
 {bccd,SAVEORB=2150.2,print,CC_NORM_MAX=10.0
 thresh,printci=0.0,ENERGY=1.0E-10,COEFF=1.0E-12
 print,ref=1
 wf,10,1,0;
 }
 
 {put,xml,orbitals.xml; orbital,2150.2; nosort; novariables}
 
 Commands  initialized (760), CPU time= 0.01 sec, 617 directives.
 Default parameters read. Elapsed time= 0.04 sec

 Checking input...
 Passed
1


                                         ***  PROGRAM SYSTEM MOLPRO  ***
                                       Copyright, TTI GmbH Stuttgart, 2015
                                    Version 2019.2 linked Abr  7 2019 15:10:35


 **********************************************************************************************************************************
 LABEL *                                                                                 
  64 bit serial version                                                                  DATE: 05-Jun-20          TIME: 21:35:20  
 **********************************************************************************************************************************

 SHA1:             3a8a58c585c929645742fb5a1b7541a4ad1da699
 **********************************************************************************************************************************


 THRESHOLDS:

 ZERO    =  1.00D-12  ONEINT  =  1.00D-12  TWOINT  =  1.00D-11  PREFAC  =  1.00D-14  XXXXXX  =  1.00D-09  EORDER  =  1.00D-04
 ENERGY  =  0.00D+00  ETEST   =  0.00D+00  EDENS   =  0.00D+00  THRDEDEF=  1.00D-06  GRADIENT=  1.00D-02  STEP    =  1.00D-03
 ORBITAL =  1.00D-05  CIVEC   =  1.00D-05  COEFF   =  1.00D-04  PRINTCI =  0.00D+00  PUNCHCI =  9.90D+01  OPTGRAD =  3.00D-04
 OPTENERG=  1.00D-06  OPTSTEP =  3.00D-04  THRGRAD =  1.00D-10  COMPRESS=  1.00D-11  VARMIN  =  1.00D-07  VARMAX  =  1.00D-03
 THRDOUB =  0.00D+00  THRDIV  =  1.00D-05  THRRED  =  1.00D-07  THRPSP  =  1.00D+00  THRDC   =  1.00D-10  THRCS   =  1.00D-10
 THRNRM  =  1.00D-08  THREQ   =  0.00D+00  THRDE   =  1.00D+00  THRREF  =  1.00D-05  SPARFAC =  1.00D+00  THRDLP  =  1.00D-07
 THRDIA  =  1.00D-10  THRDLS  =  1.00D-07  THRGPS  =  0.00D+00  THRKEX  =  0.00D+00  THRDIS  =  2.00D-01  THRVAR  =  1.00D-10
 THRLOC  =  1.00D-06  THRGAP  =  1.00D-06  THRLOCT = -1.00D+00  THRGAPT = -1.00D+00  THRORB  =  1.00D-06  THRMLTP =  0.00D+00
 THRCPQCI=  1.00D-10  KEXTA   =  0.00D+00  THRCOARS=  0.00D+00  SYMTOL  =  1.00D-06  GRADTOL =  1.00D-06  THROVL  =  1.00D-08
 THRORTH =  1.00D-08  GRID    =  1.00D-06  GRIDMAX =  1.00D-03  DTMAX   =  0.00D+00  THROCCDE=  1.00D-01  THROCCDE=  1.00D-01
 THRPRINT=  0.00D+00


 Variable memory set to   40000000 words,  buffer space 



 Permanent file  3  wfu.dat  assigned.  Implementation=df    Size= 14.09 MB


 PROGRAM * RESTART 


 Reading variables from file 3

 _FNUC           =      0.00000000
 _BASIS          =    STO-3G
 _NELEC          =     10.00000000
 _PROGRAM        =    HF-SCF
 _DMZ            =      0.40258781
 _DMX_SCF        =      0.00000000
 _DMY_SCF        =      0.00000000
 _DMZ_SCF        =      0.40258781
 _HOMO           =      3.10000000
 _EHOMO          =     -0.37075380
 _LUMO           =      4.10000000
 _ELUMO          =      0.24307043
 _ENERGY         =    -74.70421439
 _ENERGY_METHOD  =    HF
 _ENERGY_BASIS   =    STO-3G
 _ENUC           =      5.86779464
 _EPS1(1:3)      =    -20.30905298    -1.14293528    -0.37075380
 _EPS2           =     -0.39986588
 _EPS3           =     -0.40622684
 _IPROC_MPP      =      0.00000000
 _IPROC_MPPX     =      0.00000000
 _ORBITAL        =   2100.30000000
 _STATUS         =      1.00000000
 _DATE           =    21-Oct-19
 _LASTORB        =    RHF
 _OUTPUT         =    /scr/yuriaoto/job.022438/RHF.xml
 _PGROUP         =    C2v 
 _TIME           =    13:44:19
 R               =      1.50000000
 A               =    104.40000000

 Geometry written to block  1 of record 700


 **********************************************************************************************************************************
 DATASETS  * FILE   NREC   LENGTH (MB)   RECORD NAMES
              3       5       14.78       500      610      700     1000     2100   
                                          VAR    BASINP    GEOM     BASIS     RHF  

 PROGRAMS   *        TOTAL   RESTART
 CPU TIMES  *         0.12      0.02
 REAL TIME  *         0.15 SEC
 DISK USED  *        26.85 MB
 **********************************************************************************************************************************


 Recomputing integrals since basis changed


 Using spherical harmonics

 Library entry H      S STO-3G               selected for orbital group  1
 Library entry O      S STO-3G               selected for orbital group  2
 Library entry O      P STO-3G               selected for orbital group  2


 PROGRAM * SEWARD (Integral evaluation for generally contracted gaussian basis sets)     Author: Roland Lindh, 1990

 Geometry written to block  1 of record 700

 Orientation using atomic masses  
 Molecule type: Asymmetric top,     Order of principal axis = 2
 Symmetry elements: X,Y
 Rotational constants:     116.3109047    333.9781665    178.4618522 GHz  (calculated with average atomic masses)

 Point group  C2v 



 ATOMIC COORDINATES

 NR  ATOM    CHARGE       X              Y              Z

   1  H1      1.00    0.000000000   -2.239764854    1.542934271
   2  H2      1.00    0.000000000    2.239764854    1.542934271
   3  O       8.00    0.000000000    0.000000000   -0.194405436


 BASIS DATA

   Nr Sym  Nuc  Type         Exponents   Contraction coefficients

    1.1 A1    1  1s           3.425251     0.154329
              2  1s           0.623914     0.535328
                              0.168855     0.444635
    2.1 A1    3  1s         130.709320     0.154329
                             23.808861     0.535328
                              6.443608     0.444635
    3.1 A1    3  1s           5.033151    -0.099967
                              1.169596     0.399513
                              0.380389     0.700115
    4.1 A1    3  2pz          5.033151     0.155916
                              1.169596     0.607684
                              0.380389     0.391957
    1.2 B1    3  2px          5.033151     0.155916
                              1.169596     0.607684
                              0.380389     0.391957
    1.3 B2    1  1s           3.425251     0.154329
              2 -1s           0.623914     0.535328
                              0.168855     0.444635
    2.3 B2    3  2py          5.033151     0.155916
                              1.169596     0.607684
                              0.380389     0.391957

 NUCLEAR CHARGE:                   10
 NUMBER OF PRIMITIVE AOS:          21
 NUMBER OF SYMMETRY AOS:           21
 NUMBER OF CONTRACTIONS:            7   (    4A1  +    1B1  +    2B2  +    0A2  )
 NUMBER OF CORE ORBITALS:           1   (    1A1  +    0B1  +    0B2  +    0A2  )
 NUMBER OF VALENCE ORBITALS:        6   (    3A1  +    1B1  +    2B2  +    0A2  )


 NUCLEAR REPULSION ENERGY    5.86779464

 Eigenvalues of metric

         1 0.638E+00 0.897E+00 0.110E+01 0.143E+01
         2 0.100E+01
         3 0.746E+00 0.119E+01


 Contracted 2-electron integrals neglected if value below      1.0D-11
 AO integral compression algorithm  1   Integral accuracy      1.0D-11

     0.262 MB (compressed) written to integral file (100.0%)


 NUMBER OF SORTED TWO-ELECTRON INTEGRALS:        191.     BUFFER LENGTH:  32768
 NUMBER OF SEGMENTS:   1  SEGMENT LENGTH:        191      RECORD LENGTH: 524288

 Memory used in sort:       0.56 MW

 SORT1 READ         227. AND WROTE         171. INTEGRALS IN      1 RECORDS. CPU TIME:     0.00 SEC, REAL TIME:     0.00 SEC
 SORT2 READ         171. AND WROTE         191. INTEGRALS IN      1 RECORDS. CPU TIME:     0.00 SEC, REAL TIME:     0.00 SEC

 FILE SIZES:   FILE 1:    30.2 MBYTE,  FILE 4:     4.2 MBYTE,   TOTAL:     34.4 MBYTE

 OPERATOR DM      FOR CENTER  0  COORDINATES:    0.000000    0.000000    0.000000


 **********************************************************************************************************************************
 DATASETS  * FILE   NREC   LENGTH (MB)   RECORD NAMES
              1      19       29.95       500      700      610      900      950      970     1000      129      960     1100   
                                          VAR     GEOM    BASINP   SYMINP    ZMAT    AOBASIS   BASIS     P2S    ABASIS      S 
                                         1400     1410     1200     1210     1080     1600     1650     1300     1700   
                                           T        V       H0       H01     AOSYM     SMH    MOLCAS    ERIS     OPER   

              3       5       14.78       500      610      700     1000     2100   
                                          VAR    BASINP    GEOM     BASIS     RHF  

 PROGRAMS   *        TOTAL       INT   RESTART
 CPU TIMES  *         0.26      0.14      0.02
 REAL TIME  *         0.38 SEC
 DISK USED  *        49.45 MB
 **********************************************************************************************************************************


 PROGRAM * BCCD (Closed-shell Brueckner coupled-cluster)     Authors: C. Hampel, H.-J. Werner, 1991, M. Deegan, P.J. Knowles, 1992


 Input parameters for THRESH:

 ENERGY   =    1.00D-10
 COEFF    =    1.00D-12
 PRINTCI  =    0.000000
 THRPRINT =    0.000000

 Convergence thresholds:  THRVAR = 1.00D-24  THRDEN = 1.00D-10

 Number of core orbitals:           1 (   1   0   0 )
 Number of closed-shell orbitals:   4 (   2   1   1 )
 Number of external orbitals:       2 (   1   0   1 )

 Molecular orbitals read from record     2100.3  Type=RHF/CANONICAL (state 1.1)

 Number of N-1 electron functions:               4
 Number of N-2 electron functions:               7
 Number of singly external CSFs:                 3
 Number of doubly external CSFs:                14
 Total number of CSFs:                          18

 Brueckner orbitals will be computed and saved on record    2150.2

 Length of J-op  integral file:               0.00 MB
 Length of K-op  integral file:               0.03 MB

 Integral transformation finished. Total CPU:   0.00 sec, npass=  1  Memory used:   0.07 MW

 Reference energy:                    -74.70421439

 MP2 singles energy:                   -0.00000000
 MP2 singlet pair energy:              -0.09771865
 MP2 triplet pair energy:              -0.01304104
 MP2 correlation energy:               -0.11075969
 MP2 total energy:                    -74.81497408

 SCS-MP2 correlation energy:           -0.12537681   (PS=  1.200000  PT=  0.333333)
 SCS-MP2 total energy:                -74.82959120

 ITER.      SQ.NORM     CORR.ENERGY   TOTAL ENERGY   ENERGY CHANGE        DEN1      VAR(S)    VAR(P)  DIIS     TIME  TIME/IT
   1      1.12609668    -0.15210360   -74.85631799    -0.04134391    -0.02491170  0.66D-03  0.78D-02  1  1     0.01     0.00
   2      1.20054249    -0.16324441   -74.86699494    -0.01114081    -0.02928279  0.14D-03  0.28D-02  2  2     0.01     0.00
   3      1.20966345    -0.16888887   -74.87199605    -0.00564445    -0.00294352  0.28D-04  0.13D-03  3  3     0.01     0.00
   4      1.21531160    -0.16937703   -74.87216421    -0.00048817    -0.00147726  0.51D-05  0.54D-04  4  4     0.02     0.00
   5      1.21709120    -0.16983242   -74.87240302    -0.00045539    -0.00043662  0.15D-05  0.83D-05  5  5     0.02     0.00
   6      1.21773867    -0.17006375   -74.87250073    -0.00023132    -0.00019701  0.20D-06  0.98D-06  6  6     0.02     0.00
   7      1.21797754    -0.17007600   -74.87251786    -0.00001225    -0.00002993  0.12D-06  0.18D-06  6  1     0.02     0.00
   8      1.21803223    -0.17004114   -74.87252274     0.00003486     0.00000844  0.30D-08  0.76D-08  6  2     0.02     0.00
   9      1.21807598    -0.17003908   -74.87252390     0.00000206    -0.00000881  0.51D-09  0.15D-08  6  3     0.02     0.00
  10      1.21807705    -0.17003931   -74.87252396    -0.00000023    -0.00000117  0.28D-10  0.11D-09  6  4     0.03     0.00
  11      1.21807559    -0.17003938   -74.87252366    -0.00000007     0.00000030  0.49D-13  0.77D-11  6  5     0.03     0.00
  12      1.21807498    -0.17003942   -74.87252369    -0.00000003     0.00000020  0.16D-12  0.92D-12  6  6     0.03     0.00
  13      1.21807473    -0.17003940   -74.87252372     0.00000002     0.00000011  0.31D-13  0.10D-12  6  1     0.03     0.00
  14      1.21807462    -0.17003942   -74.87252372    -0.00000002     0.00000002  0.39D-14  0.16D-13  6  6     0.03     0.00
  15      1.21807460    -0.17003941   -74.87252372     0.00000000     0.00000001  0.74D-15  0.16D-14  6  2     0.03     0.00
  16      1.21807461    -0.17003942   -74.87252373    -0.00000000    -0.00000001  0.50D-17  0.13D-15  6  3     0.03     0.00
  17      1.21807462    -0.17003942   -74.87252373     0.00000000    -0.00000000  0.27D-17  0.48D-17  6  4     0.04     0.00
  18      1.21807462    -0.17003942   -74.87252373    -0.00000000     0.00000000  0.21D-18  0.92D-18  6  5     0.04     0.00
  19      1.21807462    -0.17003942   -74.87252372    -0.00000000    -0.00000000  0.13D-19  0.15D-18  6  1     0.04     0.00
  20      1.21807462    -0.17003942   -74.87252372     0.00000000     0.00000000  0.16D-20  0.17D-19  6  6     0.04     0.00
  21      1.21807462    -0.17003942   -74.87252372     0.00000000     0.00000000  0.35D-21  0.94D-21  6  2     0.04     0.00
  22      1.21807462    -0.17003942   -74.87252372     0.00000000     0.00000000  0.87D-22  0.62D-22  6  3     0.04     0.00
  23      1.21807462    -0.17003942   -74.87252372     0.00000000     0.00000000  0.58D-23  0.92D-23  6  4     0.04     0.00
  24      1.21807462    -0.17003942   -74.87252372     0.00000000     0.00000000  0.84D-25  0.73D-24  6  3     0.04     0.00

 Norm of t1 vector:      0.00000000      S-energy:    -0.00000000      T1 diagnostic:  0.00000000

 Orbital rotation generators (print threshold =  0.000E+00):

         I         SYM. A    A   T(IA)

         1         1         1     -0.01946919
         2         1         1      0.03638272
         4         3         1      0.00851759

 Doubles amplitudes (print threshold =  0.000E+00):

         I         J         SYM. A    SYM. B    A         B      T(IJ, AB)

         1         1         1         1         1         1     -0.02539472
         1         1         3         3         1         1     -0.02088537
         2         1         1         1         1         1     -0.03743403
         2         1         3         3         1         1      0.00229020
         2         2         1         1         1         1     -0.22747213
         2         2         3         3         1         1     -0.10737212
         3         3         1         1         1         1     -0.02218848
         3         3         3         3         1         1     -0.01571655
         4         4         1         1         1         1     -0.10912671
         4         4         3         3         1         1     -0.20128553
         4         1         1         3         1         1      0.02006971
         4         1         3         1         1         1      0.02230167
         4         2         1         3         1         1      0.15318276
         4         2         3         1         1         1      0.15649614


 RESULTS
 =======

  Reference energy                    -74.702484308280
  BCCD singlet pair energy             -0.169138663449
  BCCD triplet pair energy             -0.000900753249
  BCCD correlation energy              -0.170039416699

 !BCCD total energy                   -74.872523724978

 Approximate expectation values using Brueckner orbitals

 !BCCD(ref) STATE  1.1 Dipole momen     0.00000000     0.00000000     0.29339832
 Dipole moment /Debye                   0.00000000     0.00000000     0.74569531

 Brueckner orbitals saved on record           2150.2 (orbital set 1)
 Brueckner density (ref) saved on record      2150.2 (density set 1)

 Brueckner orbitals
 ==================

   Orb     Occ           Coefficients

                         1 1s      2 1s      2 1s      2 2pz  

   2.1    2.0000000    0.111811 -0.255569  0.988862  0.032019

   3.1    2.0000000    0.622622  0.059087 -0.292511  0.680364

                         2 2px  

   1.2    2.0000000    1.000000

                         1 1s      2 2py  

   1.3    2.0000000   -0.655948  0.641215

 Timing summary (sec):

 STEP                 CPU(USER)    SYS     CPU(TOT)    WALL
 Transformation          0.02      0.00      0.02      0.03
 CCSD iterations         0.04      0.03      0.07      0.06

 Program statistics:

 Available memory in ccsd:                39999136
 Min. memory needed in ccsd:                   608
 Max. memory used in ccsd:                     608
 Max. memory used in cckext:                 33514 (24 integral passes)



 **********************************************************************************************************************************
 DATASETS  * FILE   NREC   LENGTH (MB)   RECORD NAMES
              1      20       29.95       500      700      610      900      950      970     1000      129      960     1100   
                                          VAR     GEOM    BASINP   SYMINP    ZMAT    AOBASIS   BASIS     P2S    ABASIS      S 
                                         1400     1410     1200     1210     1080     1600     1650     1300     1700     1380   
                                           T        V       H0       H01     AOSYM     SMH    MOLCAS    ERIS     OPER     JKOP   

              2       4        2.75       700     1000      520     2150   
                                         GEOM     BASIS   MCVARS    BCCD   

              3       5       14.78       500      610      700     1000     2100   
                                          VAR    BASINP    GEOM     BASIS     RHF  

 PROGRAMS   *        TOTAL      BCCD       INT   RESTART
 CPU TIMES  *         0.36      0.10      0.14      0.02
 REAL TIME  *         0.51 SEC
 DISK USED  *        49.45 MB
 **********************************************************************************************************************************

 Dump information in style XML to orbitals.xml                                                                    

 Variables will not be exported.
 Molecular orbitals read from record     2150.2  Type=BCCD/BRUECKNER (state 1.1)
 Occupation numbers read from record     2150.2  Type=BCCD/BRUECKNER (state 1.1)

 No orbital energies found for orbital set 0

 No redundancy group numbers found for orbital set 0

 **********************************************************************************************************************************

 BCCD/STO-3G energy=    -74.872523724978

            BCCD
    -74.87252372
 **********************************************************************************************************************************
 Molpro calculation terminated
