
 Primary working directories    : /scr/yuriaoto/job.023363/molpro.Ko3W2uRDlt
 Secondary working directories  : /scr/yuriaoto/job.023363/molpro.Ko3W2uRDlt
 Wavefunction directory         : /scr/yuriaoto/job.023363/
 Main file repository           : /scr/yuriaoto/job.023363/molpro.Ko3W2uRDlt/

 id        : yuriaoto

 Nodes             nprocs
 t-rex.ufabc.int.br    1

 Using customized tuning parameters: mindgm=8; mindgv=16; mindgc=1; mindgr=1; noblas=0; minvec=7
 default implementation of scratch files=df  


 Variables initialized (933), CPU time= 0.01 sec
 ***,
 memory,40,m
 gprint,orbital,basis,civector
 gthresh,thrprint=0,printci=0.0
 file,3,wfu.dat,old
 
 {ccsd,CC_NORM_MAX=10.0
 thresh,printci=0.0
 print,ref=1
 core,0
 wf,10,1,0;
 }
 
 Commands  initialized (760), CPU time= 0.01 sec, 617 directives.
 Default parameters read. Elapsed time= 0.04 sec

 Checking input...
 Passed
1


                                         ***  PROGRAM SYSTEM MOLPRO  ***
                                       Copyright, TTI GmbH Stuttgart, 2015
                                    Version 2019.2 linked Abr  7 2019 15:10:35


 **********************************************************************************************************************************
 LABEL *                                                                                 
  64 bit serial version                                                                  DATE: 02-Jun-20          TIME: 00:06:28  
 **********************************************************************************************************************************

 SHA1:             3a8a58c585c929645742fb5a1b7541a4ad1da699
 **********************************************************************************************************************************


 THRESHOLDS:

 ZERO    =  1.00D-12  ONEINT  =  1.00D-12  TWOINT  =  1.00D-11  PREFAC  =  1.00D-14  XXXXXX  =  1.00D-09  EORDER  =  1.00D-04
 ENERGY  =  0.00D+00  ETEST   =  0.00D+00  EDENS   =  0.00D+00  THRDEDEF=  1.00D-06  GRADIENT=  1.00D-02  STEP    =  1.00D-03
 ORBITAL =  1.00D-05  CIVEC   =  1.00D-05  COEFF   =  1.00D-04  PRINTCI =  0.00D+00  PUNCHCI =  9.90D+01  OPTGRAD =  3.00D-04
 OPTENERG=  1.00D-06  OPTSTEP =  3.00D-04  THRGRAD =  1.00D-10  COMPRESS=  1.00D-11  VARMIN  =  1.00D-07  VARMAX  =  1.00D-03
 THRDOUB =  0.00D+00  THRDIV  =  1.00D-05  THRRED  =  1.00D-07  THRPSP  =  1.00D+00  THRDC   =  1.00D-10  THRCS   =  1.00D-10
 THRNRM  =  1.00D-08  THREQ   =  0.00D+00  THRDE   =  1.00D+00  THRREF  =  1.00D-05  SPARFAC =  1.00D+00  THRDLP  =  1.00D-07
 THRDIA  =  1.00D-10  THRDLS  =  1.00D-07  THRGPS  =  0.00D+00  THRKEX  =  0.00D+00  THRDIS  =  2.00D-01  THRVAR  =  1.00D-10
 THRLOC  =  1.00D-06  THRGAP  =  1.00D-06  THRLOCT = -1.00D+00  THRGAPT = -1.00D+00  THRORB  =  1.00D-06  THRMLTP =  0.00D+00
 THRCPQCI=  1.00D-10  KEXTA   =  0.00D+00  THRCOARS=  0.00D+00  SYMTOL  =  1.00D-06  GRADTOL =  1.00D-06  THROVL  =  1.00D-08
 THRORTH =  1.00D-08  GRID    =  1.00D-06  GRIDMAX =  1.00D-03  DTMAX   =  0.00D+00  THROCCDE=  1.00D-01  THROCCDE=  1.00D-01
 THRPRINT=  0.00D+00


 Variable memory set to   40000000 words,  buffer space 



 Permanent file  3  wfu.dat  assigned.  Implementation=df    Size= 14.09 MB


 PROGRAM * RESTART 


 Reading variables from file 3

 _FNUC           =      0.00000000
 _BASIS          =    STO-3G
 _NELEC          =     10.00000000
 _PROGRAM        =    HF-SCF
 _DMZ            =      0.40258781
 _DMX_SCF        =      0.00000000
 _DMY_SCF        =      0.00000000
 _DMZ_SCF        =      0.40258781
 _HOMO           =      3.10000000
 _EHOMO          =     -0.37075380
 _LUMO           =      4.10000000
 _ELUMO          =      0.24307043
 _ENERGY         =    -74.70421439
 _ENERGY_METHOD  =    HF
 _ENERGY_BASIS   =    STO-3G
 _ENUC           =      5.86779464
 _EPS1(1:3)      =    -20.30905298    -1.14293528    -0.37075380
 _EPS2           =     -0.39986588
 _EPS3           =     -0.40622684
 _IPROC_MPP      =      0.00000000
 _IPROC_MPPX     =      0.00000000
 _ORBITAL        =   2100.30000000
 _STATUS         =      1.00000000
 _DATE           =    21-Oct-19
 _LASTORB        =    RHF
 _OUTPUT         =    /scr/yuriaoto/job.022438/RHF.xml
 _PGROUP         =    C2v 
 _TIME           =    13:44:19
 R               =      1.50000000
 A               =    104.40000000

 Geometry written to block  1 of record 700


 **********************************************************************************************************************************
 DATASETS  * FILE   NREC   LENGTH (MB)   RECORD NAMES
              3       5       14.78       500      610      700     1000     2100   
                                          VAR    BASINP    GEOM     BASIS     RHF  

 PROGRAMS   *        TOTAL   RESTART
 CPU TIMES  *         0.17      0.03
 REAL TIME  *         0.20 SEC
 DISK USED  *        26.85 MB
 **********************************************************************************************************************************


 Recomputing integrals since basis changed


 Using spherical harmonics

 Library entry H      S STO-3G               selected for orbital group  1
 Library entry O      S STO-3G               selected for orbital group  2
 Library entry O      P STO-3G               selected for orbital group  2


 PROGRAM * SEWARD (Integral evaluation for generally contracted gaussian basis sets)     Author: Roland Lindh, 1990

 Geometry written to block  1 of record 700

 Orientation using atomic masses  
 Molecule type: Asymmetric top,     Order of principal axis = 2
 Symmetry elements: X,Y
 Rotational constants:     116.3109047    333.9781665    178.4618522 GHz  (calculated with average atomic masses)

 Point group  C2v 



 ATOMIC COORDINATES

 NR  ATOM    CHARGE       X              Y              Z

   1  H1      1.00    0.000000000   -2.239764854    1.542934271
   2  H2      1.00    0.000000000    2.239764854    1.542934271
   3  O       8.00    0.000000000    0.000000000   -0.194405436


 BASIS DATA

   Nr Sym  Nuc  Type         Exponents   Contraction coefficients

    1.1 A1    1  1s           3.425251     0.154329
              2  1s           0.623914     0.535328
                              0.168855     0.444635
    2.1 A1    3  1s         130.709320     0.154329
                             23.808861     0.535328
                              6.443608     0.444635
    3.1 A1    3  1s           5.033151    -0.099967
                              1.169596     0.399513
                              0.380389     0.700115
    4.1 A1    3  2pz          5.033151     0.155916
                              1.169596     0.607684
                              0.380389     0.391957
    1.2 B1    3  2px          5.033151     0.155916
                              1.169596     0.607684
                              0.380389     0.391957
    1.3 B2    1  1s           3.425251     0.154329
              2 -1s           0.623914     0.535328
                              0.168855     0.444635
    2.3 B2    3  2py          5.033151     0.155916
                              1.169596     0.607684
                              0.380389     0.391957

 NUCLEAR CHARGE:                   10
 NUMBER OF PRIMITIVE AOS:          21
 NUMBER OF SYMMETRY AOS:           21
 NUMBER OF CONTRACTIONS:            7   (    4A1  +    1B1  +    2B2  +    0A2  )
 NUMBER OF CORE ORBITALS:           1   (    1A1  +    0B1  +    0B2  +    0A2  )
 NUMBER OF VALENCE ORBITALS:        6   (    3A1  +    1B1  +    2B2  +    0A2  )


 NUCLEAR REPULSION ENERGY    5.86779464

 Eigenvalues of metric

         1 0.638E+00 0.897E+00 0.110E+01 0.143E+01
         2 0.100E+01
         3 0.746E+00 0.119E+01


 Contracted 2-electron integrals neglected if value below      1.0D-11
 AO integral compression algorithm  1   Integral accuracy      1.0D-11

     0.262 MB (compressed) written to integral file (100.0%)


 NUMBER OF SORTED TWO-ELECTRON INTEGRALS:        191.     BUFFER LENGTH:  32768
 NUMBER OF SEGMENTS:   1  SEGMENT LENGTH:        191      RECORD LENGTH: 524288

 Memory used in sort:       0.56 MW

 SORT1 READ         227. AND WROTE         171. INTEGRALS IN      1 RECORDS. CPU TIME:     0.00 SEC, REAL TIME:     0.01 SEC
 SORT2 READ         171. AND WROTE         191. INTEGRALS IN      1 RECORDS. CPU TIME:     0.01 SEC, REAL TIME:     0.01 SEC

 FILE SIZES:   FILE 1:    30.2 MBYTE,  FILE 4:     4.2 MBYTE,   TOTAL:     34.4 MBYTE

 OPERATOR DM      FOR CENTER  0  COORDINATES:    0.000000    0.000000    0.000000


 **********************************************************************************************************************************
 DATASETS  * FILE   NREC   LENGTH (MB)   RECORD NAMES
              1      19       29.95       500      700      610      900      950      970     1000      129      960     1100   
                                          VAR     GEOM    BASINP   SYMINP    ZMAT    AOBASIS   BASIS     P2S    ABASIS      S 
                                         1400     1410     1200     1210     1080     1600     1650     1300     1700   
                                           T        V       H0       H01     AOSYM     SMH    MOLCAS    ERIS     OPER   

              3       5       14.78       500      610      700     1000     2100   
                                          VAR    BASINP    GEOM     BASIS     RHF  

 PROGRAMS   *        TOTAL       INT   RESTART
 CPU TIMES  *         0.32      0.15      0.03
 REAL TIME  *         0.51 SEC
 DISK USED  *        49.45 MB
 **********************************************************************************************************************************


 PROGRAM * CCSD (Closed-shell coupled cluster)     Authors: C. Hampel, H.-J. Werner, 1991, M. Deegan, P.J. Knowles, 1992


 Input parameters for THRESH:

 PRINTCI  =    0.000000
 THRPRINT =    0.000000

 Convergence thresholds:  THRVAR = 1.00D-08  THRDEN = 1.00D-06

 Number of closed-shell orbitals:   5 (   3   1   1 )
 Number of external orbitals:       2 (   1   0   1 )

 Molecular orbitals read from record     2100.3  Type=RHF/CANONICAL (state 1.1)

 Number of N-1 electron functions:               5
 Number of N-2 electron functions:              11
 Number of singly external CSFs:                 4
 Number of doubly external CSFs:                22
 Total number of CSFs:                          27

 Length of J-op  integral file:               0.00 MB
 Length of K-op  integral file:               0.03 MB
 Length of 3-ext integral record:             0.00 MB

 Integral transformation finished. Total CPU:   0.00 sec, npass=  1  Memory used:   0.07 MW

 Reference energy:                    -74.70421439

 MP2 singlet pair energy:              -0.09779340
 MP2 triplet pair energy:              -0.01304423
 MP2 correlation energy:               -0.11083762
 MP2 total energy:                    -74.81505202

 SCS-MP2 correlation energy:           -0.12546848   (PS=  1.200000  PT=  0.333333)
 SCS-MP2 total energy:                -74.82968288

 ITER.      SQ.NORM     CORR.ENERGY   TOTAL ENERGY   ENERGY CHANGE        DEN1      VAR(S)    VAR(P)  DIIS     TIME  TIME/IT
   1      1.12595099    -0.15213997   -74.85635436    -0.04130234    -0.02481312  0.67D-03  0.78D-02  1  1     0.01     0.00
   2      1.20538302    -0.16778815   -74.87200254    -0.01564818    -0.02891501  0.74D-04  0.37D-03  2  2     0.02     0.00
   3      1.21372872    -0.16779630   -74.87201069    -0.00000815    -0.00217359  0.84D-05  0.83D-04  3  3     0.02     0.00
   4      1.21920685    -0.16824186   -74.87245625    -0.00044556    -0.00098165  0.79D-05  0.18D-04  4  4     0.02     0.00
   5      1.22219640    -0.16830060   -74.87251499    -0.00005875    -0.00053599  0.18D-05  0.10D-05  5  5     0.02     0.00
   6      1.22234704    -0.16830179   -74.87251618    -0.00000119    -0.00003245  0.20D-06  0.21D-06  6  6     0.03     0.00
   7      1.22237597    -0.16830867   -74.87252306    -0.00000687    -0.00001613  0.15D-07  0.14D-07  6  1     0.03     0.00
   8      1.22240745    -0.16831068   -74.87252507    -0.00000202    -0.00001003  0.36D-08  0.26D-08  6  2     0.03     0.00
   9      1.22238981    -0.16831055   -74.87252494     0.00000013     0.00000284  0.21D-09  0.22D-09  6  3     0.03     0.00
  10      1.22238614    -0.16831083   -74.87252522    -0.00000028     0.00000157  0.51D-11  0.82D-11  6  4     0.04     0.00

 Norm of t1 vector:      0.06724232      S-energy:    -0.00000009      T1 diagnostic:  0.01503584
                                                                       D1 diagnostic:  0.04728626

 Singles amplitudes (print threshold =  0.000E+00):

         I         SYM. A    A   T(IA)

         1         1         1      0.00007327
         2         1         1     -0.01875473
         3         1         1      0.04340789
         5         3         1      0.00497743

 Doubles amplitudes (print threshold =  0.000E+00):

         I         J         SYM. A    SYM. B    A         B      T(IJ, AB)

         1         1         1         1         1         1     -0.00027404
         1         1         3         3         1         1     -0.00024625
         2         1         1         1         1         1     -0.00052113
         2         1         3         3         1         1     -0.00064526
         2         2         1         1         1         1     -0.02550749
         2         2         3         3         1         1     -0.02109803
         3         1         1         1         1         1     -0.00016244
         3         1         3         3         1         1      0.00015915
         3         2         1         1         1         1     -0.03750995
         3         2         3         3         1         1      0.00221384
         3         3         1         1         1         1     -0.22744248
         3         3         3         3         1         1     -0.10861158
         4         4         1         1         1         1     -0.02202052
         4         4         3         3         1         1     -0.01589345
         5         5         1         1         1         1     -0.10886246
         5         5         3         3         1         1     -0.20051705
         5         1         1         3         1         1      0.00019426
         5         1         3         1         1         1     -0.00000215
         5         2         1         3         1         1      0.02006189
         5         2         3         1         1         1      0.02213449
         5         3         1         3         1         1      0.15331165
         5         3         3         1         1         1      0.15718806


 RESULTS
 =======

  Reference energy                    -74.704214390777

  Correlated core orbitals:             1.1
  Orbital energies:                   -20.3091

  CCSD core-core energy                -0.000008785445
  CCSD core-valence energy             -0.000044929226
  CCSD valence correlation energy      -0.168257118801

  CCSD singlet pair energy             -0.167252166209
  CCSD triplet pair energy             -0.001058580805
  CCSD correlation energy              -0.168310833472

 !CCSD total energy                   -74.872525224249

 Timing summary (sec):

 STEP                 CPU(USER)    SYS     CPU(TOT)    WALL
 CCSD iterations         0.04      0.02      0.06      0.05

 Program statistics:

 Available memory in ccsd:                39999100
 Min. memory needed in ccsd:                   865
 Max. memory used in ccsd:                     865
 Max. memory used in cckext:                 33891 (10 integral passes)



 **********************************************************************************************************************************
 DATASETS  * FILE   NREC   LENGTH (MB)   RECORD NAMES
              1      20       29.96       500      700      610      900      950      970     1000      129      960     1100   
                                          VAR     GEOM    BASINP   SYMINP    ZMAT    AOBASIS   BASIS     P2S    ABASIS      S 
                                         1400     1410     1200     1210     1080     1600     1650     1300     1700     1380   
                                           T        V       H0       H01     AOSYM     SMH    MOLCAS    ERIS     OPER     JKOP   

              3       5       14.78       500      610      700     1000     2100   
                                          VAR    BASINP    GEOM     BASIS     RHF  

 PROGRAMS   *        TOTAL      CCSD       INT   RESTART
 CPU TIMES  *         0.42      0.10      0.15      0.03
 REAL TIME  *         0.63 SEC
 DISK USED  *        49.45 MB
 **********************************************************************************************************************************
 Molecular orbitals read from record     2100.3  Type=RHF/CANONICAL (state 1.1)
 Occupation numbers read from record     2100.3  Type=RHF/RHF (state 1.1)
 Orbital energies read from record       2100.3  Type=RHF/CANONICAL (state 1.1)
 Redundancy group numbers read from rec  2100.3  Type=RHF/RHF (state 1.1)

 CCSD/STO-3G energy=    -74.872525224249

            CCSD
    -74.87252522
 **********************************************************************************************************************************
 Molpro calculation terminated
