
 Primary working directories    : /scr/yuriaoto/job.023715/molpro.kcXNzpql8z
 Secondary working directories  : /scr/yuriaoto/job.023715/molpro.kcXNzpql8z
 Wavefunction directory         : /scr/yuriaoto/job.023715/
 Main file repository           : /scr/yuriaoto/job.023715/molpro.kcXNzpql8z/

 id        : yuriaoto

 Nodes             nprocs
 t-rex.ufabc.int.br    1

 Using customized tuning parameters: mindgm=8; mindgv=16; mindgc=1; mindgr=1; noblas=0; minvec=7
 default implementation of scratch files=df  


 Variables initialized (933), CPU time= 0.00 sec
 ***,
 memory,40,m
 gprint,orbital,basis,civector
 gthresh,printci=0.0,thrprint=0
 file,3,wfu.dat,old
 
 {bccd,SAVEORB=2150.2,print,CC_NORM_MAX=10.0
 thresh,printci=0.0,ENERGY=1.0E-10,COEFF=1.0E-12
 print,ref=1
 wf,6,1,0;
 }
 
 {put,xml,orbitals.xml; orbital,2150.2; nosort; novariables}
 
 Commands  initialized (760), CPU time= 0.00 sec, 617 directives.
 Default parameters read. Elapsed time= 0.03 sec

 Checking input...
 Passed
1


                                         ***  PROGRAM SYSTEM MOLPRO  ***
                                       Copyright, TTI GmbH Stuttgart, 2015
                                    Version 2019.2 linked Abr  7 2019 15:10:35


 **********************************************************************************************************************************
 LABEL *                                                                                 
  64 bit serial version                                                                  DATE: 05-Jun-20          TIME: 23:38:39  
 **********************************************************************************************************************************

 SHA1:             3a8a58c585c929645742fb5a1b7541a4ad1da699
 **********************************************************************************************************************************


 THRESHOLDS:

 ZERO    =  1.00D-12  ONEINT  =  1.00D-12  TWOINT  =  1.00D-11  PREFAC  =  1.00D-14  XXXXXX  =  1.00D-09  EORDER  =  1.00D-04
 ENERGY  =  0.00D+00  ETEST   =  0.00D+00  EDENS   =  0.00D+00  THRDEDEF=  1.00D-06  GRADIENT=  1.00D-02  STEP    =  1.00D-03
 ORBITAL =  1.00D-05  CIVEC   =  1.00D-05  COEFF   =  1.00D-04  PRINTCI =  0.00D+00  PUNCHCI =  9.90D+01  OPTGRAD =  3.00D-04
 OPTENERG=  1.00D-06  OPTSTEP =  3.00D-04  THRGRAD =  1.00D-10  COMPRESS=  1.00D-11  VARMIN  =  1.00D-07  VARMAX  =  1.00D-03
 THRDOUB =  0.00D+00  THRDIV  =  1.00D-05  THRRED  =  1.00D-07  THRPSP  =  1.00D+00  THRDC   =  1.00D-10  THRCS   =  1.00D-10
 THRNRM  =  1.00D-08  THREQ   =  0.00D+00  THRDE   =  1.00D+00  THRREF  =  1.00D-05  SPARFAC =  1.00D+00  THRDLP  =  1.00D-07
 THRDIA  =  1.00D-10  THRDLS  =  1.00D-07  THRGPS  =  0.00D+00  THRKEX  =  0.00D+00  THRDIS  =  2.00D-01  THRVAR  =  1.00D-10
 THRLOC  =  1.00D-06  THRGAP  =  1.00D-06  THRLOCT = -1.00D+00  THRGAPT = -1.00D+00  THRORB  =  1.00D-06  THRMLTP =  0.00D+00
 THRCPQCI=  1.00D-10  KEXTA   =  0.00D+00  THRCOARS=  0.00D+00  SYMTOL  =  1.00D-06  GRADTOL =  1.00D-06  THROVL  =  1.00D-08
 THRORTH =  1.00D-08  GRID    =  1.00D-06  GRIDMAX =  1.00D-03  DTMAX   =  0.00D+00  THROCCDE=  1.00D-01  THROCCDE=  1.00D-01
 THRPRINT=  0.00D+00


 Variable memory set to   40000000 words,  buffer space 



 Permanent file  3  wfu.dat  assigned.  Implementation=df    Size= 14.09 MB


 PROGRAM * RESTART 


 Reading variables from file 3

 _FNUC           =      0.00000000
 _BASIS          =    6-31G
 _NELEC          =      6.00000000
 _PROGRAM        =    RHF-SCF
 _DMX            =      0.00000000
 _DMY            =      0.00000000
 _DMZ            =     -0.00000000
 _DMX_SCF        =      0.00000000
 _DMY_SCF        =      0.00000000
 _DMZ_SCF        =     -0.00000000
 _HOMO           =      3.10000000
 _EHOMO          =     -0.17851751
 _LUMO           =      4.10000000
 _ELUMO          =      0.01777237
 _ENERGY         =    -14.86544674
 _ENERGY_METHOD  =    RHF
 _ENERGY_BASIS   =    6-31G
 _ENUC           =      1.80000000
 _EPS1(1:18)     =     -2.44083704    -2.44048610    -0.17851751     0.01777237     0.04562579     0.04562579
                        0.06347954     0.09250721     0.09250721     0.13971383     0.19419332     0.20818018
                        0.20818018     0.22544142     0.26575139     0.27049342     0.27049342     0.54809004
 _IPROC_MPP      =      0.00000000
 _IPROC_MPPX     =      0.00000000
 _ORBITAL        =   2100.30000000
 _STATUS         =      1.00000000
 _DATE           =    21-Oct-19
 _LASTORB        =    RHF
 _OUTPUT         =    /scr/yuriaoto/job.022406/RHF.xml
 _PGROUP         =    C1  
 _TIME           =    10:34:13
 R               =      5.00000000

 Geometry written to block  1 of record 700


 **********************************************************************************************************************************
 DATASETS  * FILE   NREC   LENGTH (MB)   RECORD NAMES
              3       5       14.77       500      610      700     1000     2100   
                                          VAR    BASINP    GEOM     BASIS     RHF  

 PROGRAMS   *        TOTAL   RESTART
 CPU TIMES  *         0.09      0.01
 REAL TIME  *         0.11 SEC
 DISK USED  *        26.84 MB
 **********************************************************************************************************************************


 Recomputing integrals since basis changed


 Using spherical harmonics

 Library entry LI     S 6-31G                selected for orbital group  1
 Library entry LI     P 6-31G                selected for orbital group  1


 PROGRAM * SEWARD (Integral evaluation for generally contracted gaussian basis sets)     Author: Roland Lindh, 1990

 Geometry written to block  1 of record 700

 Orientation using atomic masses  
 Molecule type: Linear
 Rotational constants:      20.8009354     20.8009354      0.0000000 GHz  (calculated with average atomic masses)

 Point group  C1  



 ATOMIC COORDINATES

 NR  ATOM    CHARGE       X              Y              Z

   1  LI1     3.00    0.000000000    0.000000000   -2.500000000
   2  LI2     3.00    0.000000000    0.000000000    2.500000000

 Bond lengths in Bohr (Angstrom)

 1-2  5.000000000
     ( 2.645886055)


 BASIS DATA

   Nr Sym  Nuc  Type         Exponents   Contraction coefficients

    1.1 A     1  1s         642.418910     0.002143
                             96.798515     0.016209
                             22.091121     0.077316
                              6.201070     0.245786
                              1.935118     0.470189
                              0.636736     0.345471
    2.1 A     1  1s           2.324918    -0.035092
                              0.632430    -0.191233
                              0.079053     1.083988
    3.1 A     1  1s           0.035962     1.000000
    4.1 A     1  2px          2.324918     0.008942
                              0.632430     0.141009
                              0.079053     0.945364
    5.1 A     1  2py          2.324918     0.008942
                              0.632430     0.141009
                              0.079053     0.945364
    6.1 A     1  2pz          2.324918     0.008942
                              0.632430     0.141009
                              0.079053     0.945364
    7.1 A     1  2px          0.035962     1.000000
    8.1 A     1  2py          0.035962     1.000000
    9.1 A     1  2pz          0.035962     1.000000
   10.1 A     2  1s         642.418910     0.002143
                             96.798515     0.016209
                             22.091121     0.077316
                              6.201070     0.245786
                              1.935118     0.470189
                              0.636736     0.345471
   11.1 A     2  1s           2.324918    -0.035092
                              0.632430    -0.191233
                              0.079053     1.083988
   12.1 A     2  1s           0.035962     1.000000
   13.1 A     2  2px          2.324918     0.008942
                              0.632430     0.141009
                              0.079053     0.945364
   14.1 A     2  2py          2.324918     0.008942
                              0.632430     0.141009
                              0.079053     0.945364
   15.1 A     2  2pz          2.324918     0.008942
                              0.632430     0.141009
                              0.079053     0.945364
   16.1 A     2  2px          0.035962     1.000000
   17.1 A     2  2py          0.035962     1.000000
   18.1 A     2  2pz          0.035962     1.000000

 NUCLEAR CHARGE:                    6
 NUMBER OF PRIMITIVE AOS:          44
 NUMBER OF SYMMETRY AOS:           44
 NUMBER OF CONTRACTIONS:           18   (   18A   )
 NUMBER OF CORE ORBITALS:           2   (    2A   )
 NUMBER OF VALENCE ORBITALS:        8   (    8A   )


 NUCLEAR REPULSION ENERGY    1.80000000

 EXTRA SYMMETRY OF AOS IN SYMMETRY 1:   1 1 1 2 3 1 2 3 1 1   1 1 2 3 1 2 3 1

 Eigenvalues of metric

         1 0.422E-02 0.103E+00 0.108E+00 0.108E+00 0.112E+00 0.166E+00 0.180E+00 0.252E+00


 Contracted 2-electron integrals neglected if value below      1.0D-11
 AO integral compression algorithm  1   Integral accuracy      1.0D-11

     0.262 MB (compressed) written to integral file ( 49.2%)


 NUMBER OF SORTED TWO-ELECTRON INTEGRALS:      14706.     BUFFER LENGTH:  32768
 NUMBER OF SEGMENTS:   1  SEGMENT LENGTH:      14706      RECORD LENGTH: 524288

 Memory used in sort:       0.57 MW

 SORT1 READ       26487. AND WROTE        4350. INTEGRALS IN      1 RECORDS. CPU TIME:     0.00 SEC, REAL TIME:     0.00 SEC
 SORT2 READ        4350. AND WROTE       14706. INTEGRALS IN      1 RECORDS. CPU TIME:     0.00 SEC, REAL TIME:     0.01 SEC

 FILE SIZES:   FILE 1:    30.2 MBYTE,  FILE 4:     4.2 MBYTE,   TOTAL:     34.4 MBYTE

 OPERATOR DM      FOR CENTER  0  COORDINATES:    0.000000    0.000000    0.000000


 **********************************************************************************************************************************
 DATASETS  * FILE   NREC   LENGTH (MB)   RECORD NAMES
              1      19       29.99       500      700      610      900      950      970     1000      129      960     1100   
                                          VAR     GEOM    BASINP   SYMINP    ZMAT    AOBASIS   BASIS     P2S    ABASIS      S 
                                         1400     1410     1200     1210     1080     1600     1650     1300     1700   
                                           T        V       H0       H01     AOSYM     SMH    MOLCAS    ERIS     OPER   

              3       5       14.77       500      610      700     1000     2100   
                                          VAR    BASINP    GEOM     BASIS     RHF  

 PROGRAMS   *        TOTAL       INT   RESTART
 CPU TIMES  *         0.20      0.11      0.01
 REAL TIME  *         0.32 SEC
 DISK USED  *        49.44 MB
 **********************************************************************************************************************************


 PROGRAM * BCCD (Closed-shell Brueckner coupled-cluster)     Authors: C. Hampel, H.-J. Werner, 1991, M. Deegan, P.J. Knowles, 1992


 Input parameters for THRESH:

 ENERGY   =    1.00D-10
 COEFF    =    1.00D-12
 PRINTCI  =    0.000000
 THRPRINT =    0.000000

 Convergence thresholds:  THRVAR = 1.00D-24  THRDEN = 1.00D-10

 Number of core orbitals:           2 (   2 )
 Number of closed-shell orbitals:   1 (   1 )
 Number of external orbitals:      15 (  15 )

 Molecular orbitals read from record     2100.3  Type=RHF/CANONICAL (state 1.1)

 Number of N-1 electron functions:               1
 Number of N-2 electron functions:               1
 Number of singly external CSFs:                15
 Number of doubly external CSFs:               120
 Total number of CSFs:                         136

 Brueckner orbitals will be computed and saved on record    2150.2

 Length of J-op  integral file:               0.00 MB
 Length of K-op  integral file:               0.06 MB

 Integral transformation finished. Total CPU:   0.00 sec, npass=  1  Memory used:   0.07 MW

 Reference energy:                    -14.86544674

 MP2 singles energy:                   -0.00000000
 MP2 singlet pair energy:              -0.01556723
 MP2 triplet pair energy:               0.00000000
 MP2 correlation energy:               -0.01556723
 MP2 total energy:                    -14.88101397

 SCS-MP2 correlation energy:           -0.01868068   (PS=  1.200000  PT=  0.333333)
 SCS-MP2 total energy:                -14.88412742

 ITER.      SQ.NORM     CORR.ENERGY   TOTAL ENERGY   ENERGY CHANGE        DEN1      VAR(S)    VAR(P)  DIIS     TIME  TIME/IT
   1      1.04772146    -0.02367080   -14.88911753    -0.00810356    -0.00434599  0.11D-03  0.28D-02  1  1     0.01     0.00
   2      1.09154211    -0.02579209   -14.89121607    -0.00212130    -0.00685006  0.59D-04  0.12D-02  2  2     0.01     0.00
   3      1.09658304    -0.02729572   -14.89255083    -0.00150363    -0.00030144  0.18D-05  0.66D-04  3  3     0.01     0.00
   4      1.10175414    -0.02742766   -14.89264134    -0.00013194    -0.00057730  0.29D-06  0.54D-05  4  4     0.01     0.00
   5      1.09827068    -0.02739482   -14.89259285     0.00003284     0.00041348  0.14D-06  0.15D-05  5  5     0.01     0.00
   6      1.10076808    -0.02741603   -14.89263503    -0.00002121    -0.00027419  0.20D-07  0.85D-06  6  6     0.02     0.00
   7      1.09973653    -0.02739886   -14.89260810     0.00001717     0.00011346  0.24D-07  0.24D-06  6  1     0.02     0.00
   8      1.10000679    -0.02740473   -14.89261997    -0.00000587    -0.00002594  0.41D-09  0.81D-08  6  4     0.02     0.00
   9      1.09987636    -0.02740297   -14.89261715     0.00000176     0.00001333  0.34D-09  0.38D-08  6  3     0.02     0.00
  10      1.09989435    -0.02740365   -14.89261851    -0.00000068    -0.00000160  0.21D-11  0.11D-09  6  2     0.02     0.00
  11      1.09989436    -0.02740350   -14.89261832     0.00000014     0.00000002  0.37D-11  0.59D-11  6  5     0.02     0.00
  12      1.09989435    -0.02740343   -14.89261832     0.00000007     0.00000003  0.17D-12  0.88D-12  6  6     0.03     0.00
  13      1.09989436    -0.02740341   -14.89261832     0.00000002     0.00000001  0.12D-13  0.48D-13  6  1     0.03     0.00
  14      1.09989437    -0.02740341   -14.89261832     0.00000000     0.00000000  0.37D-14  0.13D-13  6  4     0.03     0.00
  15      1.09989437    -0.02740341   -14.89261832    -0.00000000     0.00000000  0.27D-16  0.15D-14  6  3     0.03     0.00
  16      1.09989438    -0.02740341   -14.89261832    -0.00000000    -0.00000000  0.69D-16  0.29D-15  6  2     0.03     0.00
  17      1.09989438    -0.02740341   -14.89261832     0.00000000     0.00000000  0.20D-16  0.32D-16  6  5     0.04     0.00
  18      1.09989438    -0.02740341   -14.89261832     0.00000000     0.00000000  0.23D-17  0.11D-16  6  6     0.04     0.00
  19      1.09989437    -0.02740341   -14.89261832     0.00000000     0.00000000  0.43D-18  0.21D-17  6  1     0.04     0.00
  20      1.09989437    -0.02740341   -14.89261832    -0.00000000     0.00000000  0.95D-19  0.24D-18  6  4     0.04     0.00
  21      1.09989437    -0.02740341   -14.89261832    -0.00000000    -0.00000000  0.41D-20  0.69D-19  6  3     0.04     0.00
  22      1.09989437    -0.02740341   -14.89261832    -0.00000000    -0.00000000  0.56D-21  0.23D-19  6  2     0.05     0.00
  23      1.09989437    -0.02740341   -14.89261832    -0.00000000    -0.00000000  0.77D-22  0.15D-20  6  5     0.05     0.00
  24      1.09989437    -0.02740341   -14.89261832     0.00000000     0.00000000  0.47D-23  0.16D-21  6  6     0.05     0.00
  25      1.09989437    -0.02740341   -14.89261832     0.00000000     0.00000000  0.14D-22  0.40D-22  6  1     0.05     0.00
  26      1.09989437    -0.02740341   -14.89261832    -0.00000000    -0.00000000  0.79D-23  0.14D-22  6  4     0.05     0.00
  27      1.09989437    -0.02740341   -14.89261832    -0.00000000    -0.00000000  0.13D-24  0.19D-23  6  3     0.05     0.00
  28      1.09989437    -0.02740341   -14.89261832    -0.00000000    -0.00000000  0.21D-25  0.16D-24  6  2     0.06     0.00

 Norm of t1 vector:      0.00000000      S-energy:    -0.00000000      T1 diagnostic:  0.00000000

 Orbital rotation generators (print threshold =  0.000E+00):

         I         SYM. A    A   T(IA)

         1         1         1     -0.00000000
         1         1         2      0.00000000
         1         1         3      0.00000000
         1         1         4     -0.01526214
         1         1         5      0.00000000
         1         1         6      0.00000000
         1         1         7      0.00000000
         1         1         8      0.00760017
         1         1         9      0.00000000
         1         1        10      0.00000000
         1         1        11      0.01720584
         1         1        12     -0.00000000
         1         1        13     -0.00000000
         1         1        14     -0.00000000
         1         1        15      0.00000000

 Doubles amplitudes (print threshold =  0.000E+00):

         I         J         SYM. A    SYM. B    A         B      T(IJ, AB)

         1         1         1         1         1         1     -0.10481772
         1         1         1         1         1         2      0.00000000
         1         1         1         1         1         3     -0.00000000
         1         1         1         1         1         4      0.00000000
         1         1         1         1         1         5     -0.00000000
         1         1         1         1         1         6     -0.00000000
         1         1         1         1         1         7      0.06197519
         1         1         1         1         1         8     -0.00000000
         1         1         1         1         1         9      0.00000000
         1         1         1         1         1        10      0.00000000
         1         1         1         1         1        11      0.00000000
         1         1         1         1         1        12     -0.00401097
         1         1         1         1         1        13     -0.00000000
         1         1         1         1         1        14      0.00000000
         1         1         1         1         1        15      0.02554711
         1         1         1         1         2         1      0.00000000
         1         1         1         1         2         2     -0.14306048
         1         1         1         1         2         3     -0.00000000
         1         1         1         1         2         4     -0.00000000
         1         1         1         1         2         5     -0.00000000
         1         1         1         1         2         6     -0.00000000
         1         1         1         1         2         7      0.00000000
         1         1         1         1         2         8     -0.00000000
         1         1         1         1         2         9     -0.03481837
         1         1         1         1         2        10     -0.06012855
         1         1         1         1         2        11     -0.00000000
         1         1         1         1         2        12      0.00000000
         1         1         1         1         2        13     -0.00000000
         1         1         1         1         2        14     -0.00000000
         1         1         1         1         2        15     -0.00000000
         1         1         1         1         3         1     -0.00000000
         1         1         1         1         3         2      0.00000000
         1         1         1         1         3         3     -0.14306048
         1         1         1         1         3         4     -0.00000000
         1         1         1         1         3         5      0.00000000
         1         1         1         1         3         6     -0.00000000
         1         1         1         1         3         7     -0.00000000
         1         1         1         1         3         8      0.00000000
         1         1         1         1         3         9      0.06012855
         1         1         1         1         3        10     -0.03481837
         1         1         1         1         3        11      0.00000000
         1         1         1         1         3        12     -0.00000000
         1         1         1         1         3        13     -0.00000000
         1         1         1         1         3        14      0.00000000
         1         1         1         1         3        15      0.00000000
         1         1         1         1         4         1      0.00000000
         1         1         1         1         4         2     -0.00000000
         1         1         1         1         4         3     -0.00000000
         1         1         1         1         4         4     -0.07079908
         1         1         1         1         4         5     -0.00000000
         1         1         1         1         4         6     -0.00000000
         1         1         1         1         4         7      0.00000000
         1         1         1         1         4         8      0.05695336
         1         1         1         1         4         9     -0.00000000
         1         1         1         1         4        10     -0.00000000
         1         1         1         1         4        11      0.00169552
         1         1         1         1         4        12      0.00000000
         1         1         1         1         4        13     -0.00000000
         1         1         1         1         4        14     -0.00000000
         1         1         1         1         4        15      0.00000000
         1         1         1         1         5         1     -0.00000000
         1         1         1         1         5         2     -0.00000000
         1         1         1         1         5         3      0.00000000
         1         1         1         1         5         4     -0.00000000
         1         1         1         1         5         5      0.00085787
         1         1         1         1         5         6      0.00000000
         1         1         1         1         5         7      0.00000000
         1         1         1         1         5         8     -0.00000000
         1         1         1         1         5         9      0.00000000
         1         1         1         1         5        10      0.00000000
         1         1         1         1         5        11     -0.00000000
         1         1         1         1         5        12     -0.00000000
         1         1         1         1         5        13      0.00003325
         1         1         1         1         5        14     -0.00096115
         1         1         1         1         5        15      0.00000000
         1         1         1         1         6         1     -0.00000000
         1         1         1         1         6         2     -0.00000000
         1         1         1         1         6         3     -0.00000000
         1         1         1         1         6         4     -0.00000000
         1         1         1         1         6         5      0.00000000
         1         1         1         1         6         6      0.00085787
         1         1         1         1         6         7      0.00000000
         1         1         1         1         6         8     -0.00000000
         1         1         1         1         6         9     -0.00000000
         1         1         1         1         6        10      0.00000000
         1         1         1         1         6        11     -0.00000000
         1         1         1         1         6        12     -0.00000000
         1         1         1         1         6        13     -0.00096115
         1         1         1         1         6        14     -0.00003325
         1         1         1         1         6        15     -0.00000000
         1         1         1         1         7         1      0.06197519
         1         1         1         1         7         2      0.00000000
         1         1         1         1         7         3     -0.00000000
         1         1         1         1         7         4      0.00000000
         1         1         1         1         7         5      0.00000000
         1         1         1         1         7         6      0.00000000
         1         1         1         1         7         7     -0.03951916
         1         1         1         1         7         8      0.00000000
         1         1         1         1         7         9      0.00000000
         1         1         1         1         7        10      0.00000000
         1         1         1         1         7        11     -0.00000000
         1         1         1         1         7        12      0.00233245
         1         1         1         1         7        13      0.00000000
         1         1         1         1         7        14      0.00000000
         1         1         1         1         7        15     -0.01826847
         1         1         1         1         8         1     -0.00000000
         1         1         1         1         8         2     -0.00000000
         1         1         1         1         8         3      0.00000000
         1         1         1         1         8         4      0.05695336
         1         1         1         1         8         5     -0.00000000
         1         1         1         1         8         6     -0.00000000
         1         1         1         1         8         7      0.00000000
         1         1         1         1         8         8     -0.05460220
         1         1         1         1         8         9     -0.00000000
         1         1         1         1         8        10     -0.00000000
         1         1         1         1         8        11      0.00299899
         1         1         1         1         8        12     -0.00000000
         1         1         1         1         8        13      0.00000000
         1         1         1         1         8        14      0.00000000
         1         1         1         1         8        15      0.00000000
         1         1         1         1         9         1      0.00000000
         1         1         1         1         9         2     -0.03481837
         1         1         1         1         9         3      0.06012855
         1         1         1         1         9         4     -0.00000000
         1         1         1         1         9         5      0.00000000
         1         1         1         1         9         6     -0.00000000
         1         1         1         1         9         7      0.00000000
         1         1         1         1         9         8     -0.00000000
         1         1         1         1         9         9     -0.03687126
         1         1         1         1         9        10      0.00000000
         1         1         1         1         9        11      0.00000000
         1         1         1         1         9        12      0.00000000
         1         1         1         1         9        13     -0.00000000
         1         1         1         1         9        14      0.00000000
         1         1         1         1         9        15     -0.00000000
         1         1         1         1        10         1      0.00000000
         1         1         1         1        10         2     -0.06012855
         1         1         1         1        10         3     -0.03481837
         1         1         1         1        10         4     -0.00000000
         1         1         1         1        10         5      0.00000000
         1         1         1         1        10         6      0.00000000
         1         1         1         1        10         7      0.00000000
         1         1         1         1        10         8     -0.00000000
         1         1         1         1        10         9     -0.00000000
         1         1         1         1        10        10     -0.03687126
         1         1         1         1        10        11     -0.00000000
         1         1         1         1        10        12     -0.00000000
         1         1         1         1        10        13      0.00000000
         1         1         1         1        10        14      0.00000000
         1         1         1         1        10        15     -0.00000000
         1         1         1         1        11         1      0.00000000
         1         1         1         1        11         2     -0.00000000
         1         1         1         1        11         3      0.00000000
         1         1         1         1        11         4      0.00169552
         1         1         1         1        11         5     -0.00000000
         1         1         1         1        11         6     -0.00000000
         1         1         1         1        11         7     -0.00000000
         1         1         1         1        11         8      0.00299899
         1         1         1         1        11         9      0.00000000
         1         1         1         1        11        10     -0.00000000
         1         1         1         1        11        11     -0.00432220
         1         1         1         1        11        12     -0.00000000
         1         1         1         1        11        13     -0.00000000
         1         1         1         1        11        14     -0.00000000
         1         1         1         1        11        15      0.00000000
         1         1         1         1        12         1     -0.00401097
         1         1         1         1        12         2      0.00000000
         1         1         1         1        12         3     -0.00000000
         1         1         1         1        12         4      0.00000000
         1         1         1         1        12         5     -0.00000000
         1         1         1         1        12         6     -0.00000000
         1         1         1         1        12         7      0.00233245
         1         1         1         1        12         8     -0.00000000
         1         1         1         1        12         9      0.00000000
         1         1         1         1        12        10     -0.00000000
         1         1         1         1        12        11     -0.00000000
         1         1         1         1        12        12      0.00003432
         1         1         1         1        12        13     -0.00000000
         1         1         1         1        12        14     -0.00000000
         1         1         1         1        12        15      0.00109385
         1         1         1         1        13         1     -0.00000000
         1         1         1         1        13         2     -0.00000000
         1         1         1         1        13         3     -0.00000000
         1         1         1         1        13         4     -0.00000000
         1         1         1         1        13         5      0.00003325
         1         1         1         1        13         6     -0.00096115
         1         1         1         1        13         7      0.00000000
         1         1         1         1        13         8      0.00000000
         1         1         1         1        13         9     -0.00000000
         1         1         1         1        13        10      0.00000000
         1         1         1         1        13        11     -0.00000000
         1         1         1         1        13        12     -0.00000000
         1         1         1         1        13        13     -0.00312336
         1         1         1         1        13        14     -0.00000000
         1         1         1         1        13        15     -0.00000000
         1         1         1         1        14         1      0.00000000
         1         1         1         1        14         2     -0.00000000
         1         1         1         1        14         3      0.00000000
         1         1         1         1        14         4     -0.00000000
         1         1         1         1        14         5     -0.00096115
         1         1         1         1        14         6     -0.00003325
         1         1         1         1        14         7      0.00000000
         1         1         1         1        14         8      0.00000000
         1         1         1         1        14         9      0.00000000
         1         1         1         1        14        10      0.00000000
         1         1         1         1        14        11     -0.00000000
         1         1         1         1        14        12     -0.00000000
         1         1         1         1        14        13     -0.00000000
         1         1         1         1        14        14     -0.00312336
         1         1         1         1        14        15      0.00000000
         1         1         1         1        15         1      0.02554711
         1         1         1         1        15         2     -0.00000000
         1         1         1         1        15         3      0.00000000
         1         1         1         1        15         4      0.00000000
         1         1         1         1        15         5      0.00000000
         1         1         1         1        15         6     -0.00000000
         1         1         1         1        15         7     -0.01826847
         1         1         1         1        15         8      0.00000000
         1         1         1         1        15         9     -0.00000000
         1         1         1         1        15        10     -0.00000000
         1         1         1         1        15        11      0.00000000
         1         1         1         1        15        12      0.00109385
         1         1         1         1        15        13     -0.00000000
         1         1         1         1        15        14      0.00000000
         1         1         1         1        15        15     -0.01160868


 RESULTS
 =======

  Reference energy                    -14.865214907801
  BCCD singlet pair energy             -0.027403411994
  BCCD triplet pair energy              0.000000000000
  BCCD correlation energy              -0.027403411994

 !BCCD total energy                   -14.892618319795

 Approximate expectation values using Brueckner orbitals

 !BCCD(ref) STATE  1.1 Dipole momen    -0.00000000     0.00000000     0.00000000
 Dipole moment /Debye                  -0.00000000     0.00000000     0.00000000

 Brueckner orbitals saved on record           2150.2 (orbital set 1)
 Brueckner density (ref) saved on record      2150.2 (density set 1)

 Brueckner orbitals
 ==================

   Orb     Occ           Coefficients

                         1 1s      1 1s      1 1s      1 2px     1 2py     1 2pz     1 2px     1 2py     1 2pz     2 1s   
                         2 1s      2 1s      2 2px     2 2py     2 2pz     2 2px     2 2py     2 2pz  

   3.1    2.0000000   -0.150328  0.228531  0.341914 -0.000000  0.000000  0.095416  0.000000  0.000000 -0.028136 -0.150328
                       0.228531  0.341914  0.000000  0.000000 -0.095416 -0.000000 -0.000000  0.028136

 Timing summary (sec):

 STEP                 CPU(USER)    SYS     CPU(TOT)    WALL
 Transformation          0.01      0.01      0.02      0.05
 CCSD iterations         0.06      0.02      0.08      0.04

 Program statistics:

 Available memory in ccsd:                39999196
 Min. memory needed in ccsd:                  4429
 Max. memory used in ccsd:                    4429
 Max. memory used in cckext:                 34946 (28 integral passes)



 **********************************************************************************************************************************
 DATASETS  * FILE   NREC   LENGTH (MB)   RECORD NAMES
              1      20       30.00       500      700      610      900      950      970     1000      129      960     1100   
                                          VAR     GEOM    BASINP   SYMINP    ZMAT    AOBASIS   BASIS     P2S    ABASIS      S 
                                         1400     1410     1200     1210     1080     1600     1650     1300     1700     1380   
                                           T        V       H0       H01     AOSYM     SMH    MOLCAS    ERIS     OPER     JKOP   

              2       4        2.75       700     1000      520     2150   
                                         GEOM     BASIS   MCVARS    BCCD   

              3       5       14.77       500      610      700     1000     2100   
                                          VAR    BASINP    GEOM     BASIS     RHF  

 PROGRAMS   *        TOTAL      BCCD       INT   RESTART
 CPU TIMES  *         0.30      0.10      0.11      0.01
 REAL TIME  *         0.44 SEC
 DISK USED  *        49.44 MB
 **********************************************************************************************************************************

 Dump information in style XML to orbitals.xml                                                                    

 Variables will not be exported.
 Molecular orbitals read from record     2150.2  Type=BCCD/BRUECKNER (state 1.1)
 Occupation numbers read from record     2150.2  Type=BCCD/BRUECKNER (state 1.1)

 No orbital energies found for orbital set 0

 No redundancy group numbers found for orbital set 0

 **********************************************************************************************************************************

 BCCD/6-31G energy=    -14.892618319795

            BCCD
    -14.89261832
 **********************************************************************************************************************************
 Molpro calculation terminated
