
 Primary working directories    : /scr/yuriaoto/job.023406/molpro.836G9w8RVP
 Secondary working directories  : /scr/yuriaoto/job.023406/molpro.836G9w8RVP
 Wavefunction directory         : /scr/yuriaoto/job.023406/
 Main file repository           : /scr/yuriaoto/job.023406/molpro.836G9w8RVP/

 id        : yuriaoto

 Nodes             nprocs
 t-rex.ufabc.int.br    1

 Using customized tuning parameters: mindgm=8; mindgv=16; mindgc=1; mindgr=1; noblas=0; minvec=7
 default implementation of scratch files=df  


 Variables initialized (933), CPU time= 0.01 sec
 ***,
 memory,40,m
 gprint,orbital,basis,civector
 gthresh,thrprint=0,printci=0.0
 file,3,wfu.dat,old
 
 {ccsd,CC_NORM_MAX=10.0
 thresh,printci=0.0,ENERGY=1.0E-10,COEFF=1.0E-12
 print,ref=1
 wf,18,1,0;
 }
 
 Commands  initialized (760), CPU time= 0.01 sec, 617 directives.
 Default parameters read. Elapsed time= 0.04 sec

 Checking input...
 Passed
1


                                         ***  PROGRAM SYSTEM MOLPRO  ***
                                       Copyright, TTI GmbH Stuttgart, 2015
                                    Version 2019.2 linked Abr  7 2019 15:10:35


 **********************************************************************************************************************************
 LABEL *                                                                                 
  64 bit serial version                                                                  DATE: 02-Jun-20          TIME: 00:21:26  
 **********************************************************************************************************************************

 SHA1:             3a8a58c585c929645742fb5a1b7541a4ad1da699
 **********************************************************************************************************************************


 THRESHOLDS:

 ZERO    =  1.00D-12  ONEINT  =  1.00D-12  TWOINT  =  1.00D-11  PREFAC  =  1.00D-14  XXXXXX  =  1.00D-09  EORDER  =  1.00D-04
 ENERGY  =  0.00D+00  ETEST   =  0.00D+00  EDENS   =  0.00D+00  THRDEDEF=  1.00D-06  GRADIENT=  1.00D-02  STEP    =  1.00D-03
 ORBITAL =  1.00D-05  CIVEC   =  1.00D-05  COEFF   =  1.00D-04  PRINTCI =  0.00D+00  PUNCHCI =  9.90D+01  OPTGRAD =  3.00D-04
 OPTENERG=  1.00D-06  OPTSTEP =  3.00D-04  THRGRAD =  1.00D-10  COMPRESS=  1.00D-11  VARMIN  =  1.00D-07  VARMAX  =  1.00D-03
 THRDOUB =  0.00D+00  THRDIV  =  1.00D-05  THRRED  =  1.00D-07  THRPSP  =  1.00D+00  THRDC   =  1.00D-10  THRCS   =  1.00D-10
 THRNRM  =  1.00D-08  THREQ   =  0.00D+00  THRDE   =  1.00D+00  THRREF  =  1.00D-05  SPARFAC =  1.00D+00  THRDLP  =  1.00D-07
 THRDIA  =  1.00D-10  THRDLS  =  1.00D-07  THRGPS  =  0.00D+00  THRKEX  =  0.00D+00  THRDIS  =  2.00D-01  THRVAR  =  1.00D-10
 THRLOC  =  1.00D-06  THRGAP  =  1.00D-06  THRLOCT = -1.00D+00  THRGAPT = -1.00D+00  THRORB  =  1.00D-06  THRMLTP =  0.00D+00
 THRCPQCI=  1.00D-10  KEXTA   =  0.00D+00  THRCOARS=  0.00D+00  SYMTOL  =  1.00D-06  GRADTOL =  1.00D-06  THROVL  =  1.00D-08
 THRORTH =  1.00D-08  GRID    =  1.00D-06  GRIDMAX =  1.00D-03  DTMAX   =  0.00D+00  THROCCDE=  1.00D-01  THROCCDE=  1.00D-01
 THRPRINT=  0.00D+00


 Variable memory set to   40000000 words,  buffer space 



 Permanent file  3  wfu.dat  assigned.  Implementation=df    Size= 14.08 MB


 PROGRAM * RESTART 


 Reading variables from file 3

 _FNUC           =      0.00000000
 _BASIS          =    6-31G
 _NELEC          =     18.00000000
 _PROGRAM        =    RHF-SCF
 _DMZ            =     -0.64056636
 _DMX_SCF        =      0.00000000
 _DMY_SCF        =      0.00000000
 _DMZ_SCF        =     -0.64056636
 _HOMO           =      2.20000000
 _EHOMO          =     -0.49295113
 _LUMO           =      6.10000000
 _ELUMO          =      0.32493986
 _ENERGY         =   -459.60831721
 _ENERGY_METHOD  =    RHF
 _ENERGY_BASIS   =    6-31G
 _ENUC           =     11.33333333
 _EPS1(1:9)      =   -104.81304705   -10.58851940    -8.06562948    -1.29348723    -0.68951886     0.32493986
                        0.41098157     0.59951917     1.47579847
 _EPS2(1:3)      =     -8.04437587    -0.49295113     0.61252577
 _EPS3(1:3)      =     -8.04437587    -0.49295113     0.61252577
 _IPROC_MPP      =      0.00000000
 _IPROC_MPPX     =      0.00000000
 _ORBITAL        =   2100.30000000
 _STATUS         =      1.00000000
 _DATE           =    31-May-20
 _LASTORB        =    RHF
 _OUTPUT         =    /scr/yuriaoto/job.023311/RHF.xml
 _PGROUP         =    C2v 
 _TIME           =    01:19:24
 R               =      1.50000000

 Geometry written to block  1 of record 700


 **********************************************************************************************************************************
 DATASETS  * FILE   NREC   LENGTH (MB)   RECORD NAMES
              3       5       14.77       500      610      700     1000     2100   
                                          VAR    BASINP    GEOM     BASIS     RHF  

 PROGRAMS   *        TOTAL   RESTART
 CPU TIMES  *         0.11      0.01
 REAL TIME  *         0.14 SEC
 DISK USED  *        26.84 MB
 **********************************************************************************************************************************


 Recomputing integrals since basis changed


 Using spherical harmonics

 Library entry H      S 6-31G                selected for orbital group  1
 Library entry CL     S 6-31G                selected for orbital group  2
 Library entry CL     P 6-31G                selected for orbital group  2


 PROGRAM * SEWARD (Integral evaluation for generally contracted gaussian basis sets)     Author: Roland Lindh, 1990

 Geometry written to block  1 of record 700

 Orientation using atomic masses  
 Molecule type: Linear
 User-specified symmetry elements: X,Y
 Symmetry elements: X,Y
 Rotational constants:     818.4131427    818.4131427      0.0000000 GHz  (calculated with average atomic masses)

 Point group  C2v 



 ATOMIC COORDINATES

 NR  ATOM    CHARGE       X              Y              Z

   1  H       1.00    0.000000000    0.000000000   -1.458533433
   2  CL     17.00    0.000000000    0.000000000    0.041466567

 Bond lengths in Bohr (Angstrom)

 1-2  1.500000000
     ( 0.793765816)


 BASIS DATA

   Nr Sym  Nuc  Type         Exponents   Contraction coefficients

    1.1 A1    1  1s          18.731137     0.033495
                              2.825394     0.234727
                              0.640122     0.813757
    2.1 A1    1  1s           0.161278     1.000000
    3.1 A1    2  1s       25180.100000     0.001833
                           3780.350000     0.014034
                            860.474000     0.069097
                            242.145000     0.237452
                             77.334900     0.483034
                             26.247000     0.339856
    4.1 A1    2  1s         491.765000    -0.002297
                            116.984000    -0.030714
                             37.415300    -0.112528
                             13.783400     0.045016
                              5.452150     0.589353
                              2.225880     0.465206
    5.1 A1    2  1s           3.186490    -0.251827
                              1.144270     0.061589
                              0.420377     1.060180
    6.1 A1    2  1s           0.142657     1.000000
    7.1 A1    2  2pz        491.765000     0.003989
                            116.984000     0.030318
                             37.415300     0.129880
                             13.783400     0.327951
                              5.452150     0.453527
                              2.225880     0.252154
    8.1 A1    2  2pz          3.186490    -0.014299
                              1.144270     0.323572
                              0.420377     0.743507
    9.1 A1    2  2pz          0.142657     1.000000
    1.2 B1    2  2px        491.765000     0.003989
                            116.984000     0.030318
                             37.415300     0.129880
                             13.783400     0.327951
                              5.452150     0.453527
                              2.225880     0.252154
    2.2 B1    2  2px          3.186490    -0.014299
                              1.144270     0.323572
                              0.420377     0.743507
    3.2 B1    2  2px          0.142657     1.000000
    1.3 B2    2  2py        491.765000     0.003989
                            116.984000     0.030318
                             37.415300     0.129880
                             13.783400     0.327951
                              5.452150     0.453527
                              2.225880     0.252154
    2.3 B2    2  2py          3.186490    -0.014299
                              1.144270     0.323572
                              0.420377     0.743507
    3.3 B2    2  2py          0.142657     1.000000

 NUCLEAR CHARGE:                   18
 NUMBER OF PRIMITIVE AOS:          50
 NUMBER OF SYMMETRY AOS:           50
 NUMBER OF CONTRACTIONS:           15   (    9A1  +    3B1  +    3B2  +    0A2  )
 NUMBER OF CORE ORBITALS:           5   (    3A1  +    1B1  +    1B2  +    0A2  )
 NUMBER OF VALENCE ORBITALS:        5   (    3A1  +    1B1  +    1B2  +    0A2  )


 NUCLEAR REPULSION ENERGY   11.33333333

 Eigenvalues of metric

         1 0.130E-01 0.193E+00 0.223E+00 0.485E+00 0.687E+00 0.973E+00 0.118E+01 0.187E+01
         2 0.323E+00 0.942E+00 0.174E+01
         3 0.323E+00 0.942E+00 0.174E+01


 Contracted 2-electron integrals neglected if value below      1.0D-11
 AO integral compression algorithm  1   Integral accuracy      1.0D-11

     0.262 MB (compressed) written to integral file (100.0%)


 NUMBER OF SORTED TWO-ELECTRON INTEGRALS:       2805.     BUFFER LENGTH:  32768
 NUMBER OF SEGMENTS:   1  SEGMENT LENGTH:       2805      RECORD LENGTH: 524288

 Memory used in sort:       0.56 MW

 SORT1 READ        5185. AND WROTE        2181. INTEGRALS IN      1 RECORDS. CPU TIME:     0.00 SEC, REAL TIME:     0.00 SEC
 SORT2 READ        2181. AND WROTE        2805. INTEGRALS IN      1 RECORDS. CPU TIME:     0.00 SEC, REAL TIME:     0.01 SEC

 FILE SIZES:   FILE 1:    30.2 MBYTE,  FILE 4:     4.2 MBYTE,   TOTAL:     34.4 MBYTE

 OPERATOR DM      FOR CENTER  0  COORDINATES:    0.000000    0.000000    0.000000


 **********************************************************************************************************************************
 DATASETS  * FILE   NREC   LENGTH (MB)   RECORD NAMES
              1      19       29.97       500      700      610      900      950      970     1000      129      960     1100   
                                          VAR     GEOM    BASINP   SYMINP    ZMAT    AOBASIS   BASIS     P2S    ABASIS      S 
                                         1400     1410     1200     1210     1080     1600     1650     1300     1700   
                                           T        V       H0       H01     AOSYM     SMH    MOLCAS    ERIS     OPER   

              3       5       14.77       500      610      700     1000     2100   
                                          VAR    BASINP    GEOM     BASIS     RHF  

 PROGRAMS   *        TOTAL       INT   RESTART
 CPU TIMES  *         0.28      0.16      0.01
 REAL TIME  *         0.45 SEC
 DISK USED  *        49.44 MB
 **********************************************************************************************************************************


 PROGRAM * CCSD (Closed-shell coupled cluster)     Authors: C. Hampel, H.-J. Werner, 1991, M. Deegan, P.J. Knowles, 1992


 Input parameters for THRESH:

 ENERGY   =    1.00D-10
 COEFF    =    1.00D-12
 PRINTCI  =    0.000000
 THRPRINT =    0.000000

 Convergence thresholds:  THRVAR = 1.00D-24  THRDEN = 1.00D-10

 Number of core orbitals:           5 (   3   1   1 )
 Number of closed-shell orbitals:   4 (   2   1   1 )
 Number of external orbitals:       6 (   4   1   1 )

 Molecular orbitals read from record     2100.3  Type=RHF/CANONICAL (state 1.1)

 Number of N-1 electron functions:               4
 Number of N-2 electron functions:              10
 Number of singly external CSFs:                10
 Number of doubly external CSFs:               100
 Total number of CSFs:                         111

 Length of J-op  integral file:               0.00 MB
 Length of K-op  integral file:               0.04 MB
 Length of 3-ext integral record:             0.00 MB

 Integral transformation finished. Total CPU:   0.00 sec, npass=  1  Memory used:   0.07 MW

 Reference energy:                   -459.60831721

 MP2 singlet pair energy:              -0.02750203
 MP2 triplet pair energy:              -0.00962058
 MP2 correlation energy:               -0.03712261
 MP2 total energy:                   -459.64543983

 SCS-MP2 correlation energy:           -0.03898858   (PS=  1.200000  PT=  0.333333)
 SCS-MP2 total energy:               -459.64730579

 ITER.      SQ.NORM     CORR.ENERGY   TOTAL ENERGY   ENERGY CHANGE        DEN1      VAR(S)    VAR(P)  DIIS     TIME  TIME/IT
   1      1.01786094    -0.04402110  -459.65233831    -0.00689848    -0.00525722  0.15D-03  0.34D-03  1  1     0.02     0.00
   2      1.01989422    -0.04449870  -459.65281592    -0.00047761    -0.00205327  0.98D-06  0.58D-05  2  2     0.02     0.00
   3      1.02001261    -0.04449177  -459.65280898     0.00000694    -0.00006054  0.84D-07  0.10D-06  3  3     0.02     0.00
   4      1.02001776    -0.04449649  -459.65281370    -0.00000472    -0.00000329  0.19D-08  0.23D-08  4  4     0.03     0.00
   5      1.02001697    -0.04449636  -459.65281358     0.00000013     0.00000063  0.13D-09  0.83D-10  5  5     0.03     0.00
   6      1.02001705    -0.04449634  -459.65281355     0.00000002    -0.00000002  0.22D-11  0.19D-11  6  6     0.03     0.00
   7      1.02001704    -0.04449634  -459.65281355    -0.00000000     0.00000000  0.29D-13  0.48D-13  6  1     0.04     0.00
   8      1.02001703    -0.04449634  -459.65281355     0.00000000     0.00000000  0.11D-14  0.19D-14  6  2     0.04     0.00
   9      1.02001704    -0.04449634  -459.65281355     0.00000000    -0.00000000  0.74D-16  0.56D-16  6  3     0.04     0.00
  10      1.02001704    -0.04449634  -459.65281355    -0.00000000    -0.00000000  0.13D-17  0.14D-17  6  4     0.04     0.00
  11      1.02001704    -0.04449634  -459.65281355    -0.00000000     0.00000000  0.71D-19  0.36D-19  6  5     0.04     0.00
  12      1.02001704    -0.04449634  -459.65281355     0.00000000     0.00000000  0.18D-20  0.23D-20  6  6     0.05     0.00
  13      1.02001704    -0.04449634  -459.65281355     0.00000000    -0.00000000  0.17D-21  0.12D-21  6  1     0.05     0.00
  14      1.02001704    -0.04449634  -459.65281355    -0.00000000     0.00000000  0.12D-22  0.58D-23  6  2     0.05     0.00
  15      1.02001704    -0.04449634  -459.65281355     0.00000000     0.00000000  0.13D-24  0.16D-24  6  3     0.05     0.00

 Norm of t1 vector:      0.01808108      S-energy:    -0.00000000      T1 diagnostic:  0.00452027
                                                                       D1 diagnostic:  0.00731866

 Singles amplitudes (print threshold =  0.000E+00):

         I         SYM. A    A   T(IA)

         1         1         1     -0.00014166
         1         1         2     -0.00315634
         1         1         3      0.00174224
         1         1         4     -0.00075553
         2         1         1     -0.00087725
         2         1         2      0.00203402
         2         1         3      0.00606624
         2         1         4     -0.00102091
         3         2         1      0.00731866
         4         3         1      0.00731866

 Doubles amplitudes (print threshold =  0.000E+00):

         I         J         SYM. A    SYM. B    A         B      T(IJ, AB)

         1         1         1         1         1         1     -0.00792707
         1         1         1         1         1         2      0.00309373
         1         1         1         1         1         3     -0.00187224
         1         1         1         1         1         4     -0.01071886
         1         1         1         1         2         1      0.00309373
         1         1         1         1         2         2     -0.01368087
         1         1         1         1         2         3      0.00048542
         1         1         1         1         2         4     -0.00421862
         1         1         1         1         3         1     -0.00187224
         1         1         1         1         3         2      0.00048542
         1         1         1         1         3         3     -0.00387597
         1         1         1         1         3         4     -0.00277093
         1         1         1         1         4         1     -0.01071886
         1         1         1         1         4         2     -0.00421862
         1         1         1         1         4         3     -0.00277093
         1         1         1         1         4         4     -0.02225884
         1         1         2         2         1         1     -0.00674917
         1         1         3         3         1         1     -0.00674917
         2         1         1         1         1         1      0.00486590
         2         1         1         1         1         2      0.00079211
         2         1         1         1         1         3      0.00078957
         2         1         1         1         1         4      0.00697936
         2         1         1         1         2         1     -0.00146212
         2         1         1         1         2         2      0.00963770
         2         1         1         1         2         3      0.00209965
         2         1         1         1         2         4      0.00516810
         2         1         1         1         3         1     -0.00476326
         2         1         1         1         3         2      0.00710552
         2         1         1         1         3         3     -0.01024934
         2         1         1         1         3         4     -0.00118494
         2         1         1         1         4         1      0.00669938
         2         1         1         1         4         2      0.00844545
         2         1         1         1         4         3      0.00450950
         2         1         1         1         4         4      0.01544026
         2         1         2         2         1         1     -0.00407663
         2         1         3         3         1         1     -0.00407663
         2         2         1         1         1         1     -0.02275450
         2         2         1         1         1         2     -0.00720109
         2         2         1         1         1         3      0.00303153
         2         2         1         1         1         4     -0.01575975
         2         2         1         1         2         1     -0.00720109
         2         2         1         1         2         2     -0.00989622
         2         2         1         1         2         3     -0.00111353
         2         2         1         1         2         4     -0.01084226
         2         2         1         1         3         1      0.00303153
         2         2         1         1         3         2     -0.00111353
         2         2         1         1         3         3     -0.03064355
         2         2         1         1         3         4      0.00877140
         2         2         1         1         4         1     -0.01575975
         2         2         1         1         4         2     -0.01084226
         2         2         1         1         4         3      0.00877140
         2         2         1         1         4         4     -0.02266788
         2         2         2         2         1         1     -0.00550082
         2         2         3         3         1         1     -0.00550082
         3         3         1         1         1         1     -0.00911375
         3         3         1         1         1         2     -0.00396353
         3         3         1         1         1         3     -0.00069415
         3         3         1         1         1         4     -0.00610306
         3         3         1         1         2         1     -0.00396353
         3         3         1         1         2         2     -0.01256441
         3         3         1         1         2         3      0.00717613
         3         3         1         1         2         4     -0.00086672
         3         3         1         1         3         1     -0.00069415
         3         3         1         1         3         2      0.00717613
         3         3         1         1         3         3     -0.01074585
         3         3         1         1         3         4     -0.00125227
         3         3         1         1         4         1     -0.00610306
         3         3         1         1         4         2     -0.00086672
         3         3         1         1         4         3     -0.00125227
         3         3         1         1         4         4     -0.00575189
         3         3         2         2         1         1     -0.04065767
         3         3         3         3         1         1     -0.00384435
         4         4         1         1         1         1     -0.00911375
         4         4         1         1         1         2     -0.00396353
         4         4         1         1         1         3     -0.00069415
         4         4         1         1         1         4     -0.00610306
         4         4         1         1         2         1     -0.00396353
         4         4         1         1         2         2     -0.01256441
         4         4         1         1         2         3      0.00717613
         4         4         1         1         2         4     -0.00086672
         4         4         1         1         3         1     -0.00069415
         4         4         1         1         3         2      0.00717613
         4         4         1         1         3         3     -0.01074585
         4         4         1         1         3         4     -0.00125227
         4         4         1         1         4         1     -0.00610306
         4         4         1         1         4         2     -0.00086672
         4         4         1         1         4         3     -0.00125227
         4         4         1         1         4         4     -0.00575189
         4         4         2         2         1         1     -0.00384435
         4         4         3         3         1         1     -0.04065767
         3         1         1         2         1         1     -0.00652416
         3         1         1         2         2         1      0.00208640
         3         1         1         2         3         1     -0.00496870
         3         1         1         2         4         1     -0.00674374
         3         1         2         1         1         1     -0.00985632
         3         1         2         1         1         2      0.01210219
         3         1         2         1         1         3     -0.00917792
         3         1         2         1         1         4     -0.00813465
         3         2         1         2         1         1     -0.00211533
         3         2         1         2         2         1      0.00104057
         3         2         1         2         3         1     -0.00917737
         3         2         1         2         4         1     -0.00049167
         3         2         2         1         1         1      0.00036483
         3         2         2         1         1         2     -0.00344245
         3         2         2         1         1         3     -0.02430901
         3         2         2         1         1         4      0.00272304
         4         1         1         3         1         1     -0.00652416
         4         1         1         3         2         1      0.00208640
         4         1         1         3         3         1     -0.00496870
         4         1         1         3         4         1     -0.00674374
         4         1         3         1         1         1     -0.00985632
         4         1         3         1         1         2      0.01210219
         4         1         3         1         1         3     -0.00917792
         4         1         3         1         1         4     -0.00813465
         4         2         1         3         1         1     -0.00211533
         4         2         1         3         2         1      0.00104057
         4         2         1         3         3         1     -0.00917737
         4         2         1         3         4         1     -0.00049167
         4         2         3         1         1         1      0.00036483
         4         2         3         1         1         2     -0.00344245
         4         2         3         1         1         3     -0.02430901
         4         2         3         1         1         4      0.00272304
         4         3         2         3         1         1     -0.00791411
         4         3         3         2         1         1     -0.02889921


 RESULTS
 =======

  Reference energy                   -459.608317213086
  CCSD singlet pair energy             -0.034708102450
  CCSD triplet pair energy             -0.009788238610
  CCSD correlation energy              -0.044496341116

 !CCSD total energy                  -459.652813554201

 Timing summary (sec):

 STEP                 CPU(USER)    SYS     CPU(TOT)    WALL
 Transformation          0.01      0.00      0.01      0.01
 CCSD iterations         0.05      0.02      0.07      0.07

 Program statistics:

 Available memory in ccsd:                39999136
 Min. memory needed in ccsd:                  1786
 Max. memory used in ccsd:                    1786
 Max. memory used in cckext:                 35330 (15 integral passes)



 **********************************************************************************************************************************
 DATASETS  * FILE   NREC   LENGTH (MB)   RECORD NAMES
              1      20       29.98       500      700      610      900      950      970     1000      129      960     1100   
                                          VAR     GEOM    BASINP   SYMINP    ZMAT    AOBASIS   BASIS     P2S    ABASIS      S 
                                         1400     1410     1200     1210     1080     1600     1650     1300     1700     1380   
                                           T        V       H0       H01     AOSYM     SMH    MOLCAS    ERIS     OPER     JKOP   

              3       5       14.77       500      610      700     1000     2100   
                                          VAR    BASINP    GEOM     BASIS     RHF  

 PROGRAMS   *        TOTAL      CCSD       INT   RESTART
 CPU TIMES  *         0.39      0.11      0.16      0.01
 REAL TIME  *         0.58 SEC
 DISK USED  *        49.44 MB
 **********************************************************************************************************************************
 Molecular orbitals read from record     2100.3  Type=RHF/CANONICAL (state 1.1)
 Occupation numbers read from record     2100.3  Type=RHF/RHF (state 1.1)
 Orbital energies read from record       2100.3  Type=RHF/CANONICAL (state 1.1)
 Redundancy group numbers read from rec  2100.3  Type=RHF/RHF (state 1.1)

 CCSD/6-31G energy=   -459.652813554201

            CCSD
   -459.65281355
 **********************************************************************************************************************************
 Molpro calculation terminated
