
 Primary working directories    : /scr/yuriaoto/job.023683/molpro.LDPup8U2Ll
 Secondary working directories  : /scr/yuriaoto/job.023683/molpro.LDPup8U2Ll
 Wavefunction directory         : /scr/yuriaoto/job.023683/
 Main file repository           : /scr/yuriaoto/job.023683/molpro.LDPup8U2Ll/

 id        : yuriaoto

 Nodes             nprocs
 t-rex.ufabc.int.br    1

 Using customized tuning parameters: mindgm=8; mindgv=16; mindgc=1; mindgr=1; noblas=0; minvec=7
 default implementation of scratch files=df  


 Variables initialized (933), CPU time= 0.00 sec
 ***,
 memory,40,m
 gprint,orbital,basis,civector
 gthresh,printci=0.0,thrprint=0
 file,3,wfu.dat,old
 
 {bccd,SAVEORB=2150.2,print,CC_NORM_MAX=10.0
 thresh,printci=0.0,ENERGY=1.0E-10,COEFF=1.0E-12
 print,ref=1
 wf,6,1,0;
 }
 
 {put,xml,orbitals.xml; orbital,2150.2; nosort; novariables}
 
 Commands  initialized (760), CPU time= 0.01 sec, 617 directives.
 Default parameters read. Elapsed time= 0.03 sec

 Checking input...
 Passed
1


                                         ***  PROGRAM SYSTEM MOLPRO  ***
                                       Copyright, TTI GmbH Stuttgart, 2015
                                    Version 2019.2 linked Abr  7 2019 15:10:35


 **********************************************************************************************************************************
 LABEL *                                                                                 
  64 bit serial version                                                                  DATE: 05-Jun-20          TIME: 23:30:08  
 **********************************************************************************************************************************

 SHA1:             3a8a58c585c929645742fb5a1b7541a4ad1da699
 **********************************************************************************************************************************


 THRESHOLDS:

 ZERO    =  1.00D-12  ONEINT  =  1.00D-12  TWOINT  =  1.00D-11  PREFAC  =  1.00D-14  XXXXXX  =  1.00D-09  EORDER  =  1.00D-04
 ENERGY  =  0.00D+00  ETEST   =  0.00D+00  EDENS   =  0.00D+00  THRDEDEF=  1.00D-06  GRADIENT=  1.00D-02  STEP    =  1.00D-03
 ORBITAL =  1.00D-05  CIVEC   =  1.00D-05  COEFF   =  1.00D-04  PRINTCI =  0.00D+00  PUNCHCI =  9.90D+01  OPTGRAD =  3.00D-04
 OPTENERG=  1.00D-06  OPTSTEP =  3.00D-04  THRGRAD =  1.00D-10  COMPRESS=  1.00D-11  VARMIN  =  1.00D-07  VARMAX  =  1.00D-03
 THRDOUB =  0.00D+00  THRDIV  =  1.00D-05  THRRED  =  1.00D-07  THRPSP  =  1.00D+00  THRDC   =  1.00D-10  THRCS   =  1.00D-10
 THRNRM  =  1.00D-08  THREQ   =  0.00D+00  THRDE   =  1.00D+00  THRREF  =  1.00D-05  SPARFAC =  1.00D+00  THRDLP  =  1.00D-07
 THRDIA  =  1.00D-10  THRDLS  =  1.00D-07  THRGPS  =  0.00D+00  THRKEX  =  0.00D+00  THRDIS  =  2.00D-01  THRVAR  =  1.00D-10
 THRLOC  =  1.00D-06  THRGAP  =  1.00D-06  THRLOCT = -1.00D+00  THRGAPT = -1.00D+00  THRORB  =  1.00D-06  THRMLTP =  0.00D+00
 THRCPQCI=  1.00D-10  KEXTA   =  0.00D+00  THRCOARS=  0.00D+00  SYMTOL  =  1.00D-06  GRADTOL =  1.00D-06  THROVL  =  1.00D-08
 THRORTH =  1.00D-08  GRID    =  1.00D-06  GRIDMAX =  1.00D-03  DTMAX   =  0.00D+00  THROCCDE=  1.00D-01  THROCCDE=  1.00D-01
 THRPRINT=  0.00D+00


 Variable memory set to   40000000 words,  buffer space 



 Permanent file  3  wfu.dat  assigned.  Implementation=df    Size= 14.09 MB


 PROGRAM * RESTART 


 Reading variables from file 3

 _FNUC           =      0.00000000
 _BASIS          =    CC-PVDZ
 _NELEC          =      6.00000000
 _PROGRAM        =    RHF-SCF
 _DMX_SCF        =      0.00000000
 _DMY_SCF        =      0.00000000
 _DMZ_SCF        =      0.00000000
 _HOMO           =      2.10000000
 _EHOMO          =     -0.18089003
 _LUMO           =      2.50000000
 _ELUMO          =      0.00860175
 _ENERGY         =    -14.86923112
 _ENERGY_METHOD  =    RHF
 _ENERGY_BASIS   =    cc-pVDZ
 _ENUC           =      1.80000000
 _EPS1(1:7)      =     -2.44754692    -0.18089003     0.04506451     0.14188695     0.17633377     0.31871808
                        0.45987531
 _EPS2(1:3)      =      0.03216991     0.16180289     0.35571558
 _EPS3(1:3)      =      0.03216991     0.16180289     0.35571558
 _EPS4           =      0.31871808
 _EPS5(1:7)      =     -2.44716908     0.00860175     0.08426831     0.25807888     0.31859242     0.39752665
                        0.94057166
 _EPS6(1:3)      =      0.06717723     0.21640604     0.51855068
 _EPS7(1:3)      =      0.06717723     0.21640604     0.51855068
 _EPS8           =      0.39752665
 _IPROC_MPP      =      0.00000000
 _IPROC_MPPX     =      0.00000000
 _ORBITAL        =   2100.30000000
 _STATUS         =      1.00000000
 _DATE           =    21-Oct-19
 _LASTORB        =    RHF
 _OUTPUT         =    /scr/yuriaoto/job.022402/RHF.xml
 _PGROUP         =    D2h 
 _TIME           =    10:20:37
 R               =      5.00000000

 Geometry written to block  1 of record 700


 **********************************************************************************************************************************
 DATASETS  * FILE   NREC   LENGTH (MB)   RECORD NAMES
              3       5       14.77       500      610      700     1000     2100   
                                          VAR    BASINP    GEOM     BASIS     RHF  

 PROGRAMS   *        TOTAL   RESTART
 CPU TIMES  *         0.09      0.01
 REAL TIME  *         0.12 SEC
 DISK USED  *        26.84 MB
 **********************************************************************************************************************************


 Recomputing integrals since basis changed


 Using spherical harmonics

 Library entry LI     S cc-pVDZ              selected for orbital group  1
 Library entry LI     P cc-pVDZ              selected for orbital group  1
 Library entry LI     D cc-pVDZ              selected for orbital group  1


 PROGRAM * SEWARD (Integral evaluation for generally contracted gaussian basis sets)     Author: Roland Lindh, 1990

 Geometry written to block  1 of record 700

 Orientation using atomic masses  
 Molecule type: Linear
 User-specified symmetry elements: X,Y,Z
 Symmetry elements: X,Y,Z
 Rotational constants:      20.8009354     20.8009354      0.0000000 GHz  (calculated with average atomic masses)

 Point group  D2h 



 ATOMIC COORDINATES

 NR  ATOM    CHARGE       X              Y              Z

   1  LI1     3.00    0.000000000    0.000000000   -2.500000000
   2  LI2     3.00    0.000000000    0.000000000    2.500000000

 Bond lengths in Bohr (Angstrom)

 1-2  5.000000000
     ( 2.645886055)


 BASIS DATA

   Nr Sym  Nuc  Type         Exponents   Contraction coefficients

    1.1 Ag    1  1s        1469.000000     0.000766   -0.000120    0.000000
    2.1 Ag    2  1s         220.500000     0.005892   -0.000923    0.000000
    3.1 Ag                   50.260000     0.029671   -0.004689    0.000000
                             14.240000     0.109180   -0.017682    0.000000
                              4.581000     0.282789   -0.048902    0.000000
                              1.580000     0.453123   -0.096009    0.000000
                              0.564000     0.274774   -0.136380    0.000000
                              0.073450     0.009751    0.575102    0.000000
                              0.028050    -0.003180    0.517661    1.000000
    4.1 Ag    1  2pz          1.534000     0.022784    0.000000
    5.1 Ag    2 -2pz          0.274900     0.139107    0.000000
                              0.073620     0.500375    0.000000
                              0.024030     0.508474    1.000000
    6.1 Ag    1  3d0          0.114400     1.000000
              2  3d0   
    7.1 Ag    1  3d2+         0.114400     1.000000
              2  3d2+  
    1.2 B3u   1  2px          1.534000     0.022784    0.000000
    2.2 B3u   2  2px          0.274900     0.139107    0.000000
                              0.073620     0.500375    0.000000
                              0.024030     0.508474    1.000000
    3.2 B3u   1  3d1+         0.114400     1.000000
              2 -3d1+  
    1.3 B2u   1  2py          1.534000     0.022784    0.000000
    2.3 B2u   2  2py          0.274900     0.139107    0.000000
                              0.073620     0.500375    0.000000
                              0.024030     0.508474    1.000000
    3.3 B2u   1  3d1-         0.114400     1.000000
              2 -3d1-  
    1.4 B1g   1  3d2-         0.114400     1.000000
              2  3d2-  
    1.5 B1u   1  1s        1469.000000     0.000766   -0.000120    0.000000
    2.5 B1u   2 -1s         220.500000     0.005892   -0.000923    0.000000
    3.5 B1u                  50.260000     0.029671   -0.004689    0.000000
                             14.240000     0.109180   -0.017682    0.000000
                              4.581000     0.282789   -0.048902    0.000000
                              1.580000     0.453123   -0.096009    0.000000
                              0.564000     0.274774   -0.136380    0.000000
                              0.073450     0.009751    0.575102    0.000000
                              0.028050    -0.003180    0.517661    1.000000
    4.5 B1u   1  2pz          1.534000     0.022784    0.000000
    5.5 B1u   2  2pz          0.274900     0.139107    0.000000
                              0.073620     0.500375    0.000000
                              0.024030     0.508474    1.000000
    6.5 B1u   1  3d0          0.114400     1.000000
              2 -3d0   
    7.5 B1u   1  3d2+         0.114400     1.000000
              2 -3d2+  
    1.6 B2g   1  2px          1.534000     0.022784    0.000000
    2.6 B2g   2 -2px          0.274900     0.139107    0.000000
                              0.073620     0.500375    0.000000
                              0.024030     0.508474    1.000000
    3.6 B2g   1  3d1+         0.114400     1.000000
              2  3d1+  
    1.7 B3g   1  2py          1.534000     0.022784    0.000000
    2.7 B3g   2 -2py          0.274900     0.139107    0.000000
                              0.073620     0.500375    0.000000
                              0.024030     0.508474    1.000000
    3.7 B3g   1  3d1-         0.114400     1.000000
              2  3d1-  
    1.8 Au    1  3d2-         0.114400     1.000000
              2 -3d2-  

 NUCLEAR CHARGE:                    6
 NUMBER OF PRIMITIVE AOS:          54
 NUMBER OF SYMMETRY AOS:           52
 NUMBER OF CONTRACTIONS:           28   (    7Ag  +    3B3u +    3B2u +    1B1g +    7B1u +    3B2g +    3B3g +    1Au  )
 NUMBER OF CORE ORBITALS:           2   (    1Ag  +    0B3u +    0B2u +    0B1g +    1B1u +    0B2g +    0B3g +    0Au  )
 NUMBER OF VALENCE ORBITALS:        8   (    2Ag  +    1B3u +    1B2u +    0B1g +    2B1u +    1B2g +    1B3g +    0Au  )


 NUCLEAR REPULSION ENERGY    1.80000000

 EXTRA SYMMETRY OF AOS IN SYMMETRY 1:   1 1 1 1 1 1 2
 EXTRA SYMMETRY OF AOS IN SYMMETRY 5:   1 1 1 1 1 1 2

 Eigenvalues of metric

         1 0.313E-01 0.101E+00 0.792E+00 0.106E+01 0.116E+01 0.124E+01 0.385E+01
         2 0.135E+00 0.138E+01 0.322E+01
         3 0.135E+00 0.138E+01 0.322E+01
         4 0.124E+01
         5 0.256E-02 0.901E-02 0.995E-01 0.761E+00 0.899E+00 0.115E+01 0.285E+01
         6 0.586E-01 0.230E+00 0.973E+00
         7 0.586E-01 0.230E+00 0.973E+00
         8 0.761E+00


 Contracted 2-electron integrals neglected if value below      1.0D-11
 AO integral compression algorithm  1   Integral accuracy      1.0D-11

     0.262 MB (compressed) written to integral file (100.0%)


 NUMBER OF SORTED TWO-ELECTRON INTEGRALS:      13015.     BUFFER LENGTH:  32768
 NUMBER OF SEGMENTS:   1  SEGMENT LENGTH:      13015      RECORD LENGTH: 524288

 Memory used in sort:       0.57 MW

 SORT1 READ       27440. AND WROTE       11779. INTEGRALS IN      1 RECORDS. CPU TIME:     0.00 SEC, REAL TIME:     0.00 SEC
 SORT2 READ       11779. AND WROTE       13015. INTEGRALS IN      1 RECORDS. CPU TIME:     0.01 SEC, REAL TIME:     0.01 SEC

 FILE SIZES:   FILE 1:    30.2 MBYTE,  FILE 4:     4.2 MBYTE,   TOTAL:     34.5 MBYTE

 OPERATOR DM      FOR CENTER  0  COORDINATES:    0.000000    0.000000    0.000000


 **********************************************************************************************************************************
 DATASETS  * FILE   NREC   LENGTH (MB)   RECORD NAMES
              1      19       30.04       500      700      610      900      950      970     1000      129      960     1100   
                                          VAR     GEOM    BASINP   SYMINP    ZMAT    AOBASIS   BASIS     P2S    ABASIS      S 
                                         1400     1410     1200     1210     1080     1600     1650     1300     1700   
                                           T        V       H0       H01     AOSYM     SMH    MOLCAS    ERIS     OPER   

              3       5       14.77       500      610      700     1000     2100   
                                          VAR    BASINP    GEOM     BASIS     RHF  

 PROGRAMS   *        TOTAL       INT   RESTART
 CPU TIMES  *         0.22      0.13      0.01
 REAL TIME  *         0.34 SEC
 DISK USED  *        49.46 MB
 **********************************************************************************************************************************


 PROGRAM * BCCD (Closed-shell Brueckner coupled-cluster)     Authors: C. Hampel, H.-J. Werner, 1991, M. Deegan, P.J. Knowles, 1992


 Input parameters for THRESH:

 ENERGY   =    1.00D-10
 COEFF    =    1.00D-12
 PRINTCI  =    0.000000
 THRPRINT =    0.000000

 Convergence thresholds:  THRVAR = 1.00D-24  THRDEN = 1.00D-10

 Number of core orbitals:           2 (   1   0   0   0   1   0   0   0 )
 Number of closed-shell orbitals:   1 (   1   0   0   0   0   0   0   0 )
 Number of external orbitals:      25 (   5   3   3   1   6   3   3   1 )

 Molecular orbitals read from record     2100.3  Type=RHF/CANONICAL (state 1.1)

 Number of N-1 electron functions:               1
 Number of N-2 electron functions:               1
 Number of singly external CSFs:                 5
 Number of doubly external CSFs:                62
 Total number of CSFs:                          68

 Brueckner orbitals will be computed and saved on record    2150.2

 Length of J-op  integral file:               0.00 MB
 Length of K-op  integral file:               0.04 MB

 Integral transformation finished. Total CPU:   0.00 sec, npass=  1  Memory used:   0.07 MW

 Reference energy:                    -14.86923112

 MP2 singles energy:                   -0.00000000
 MP2 singlet pair energy:              -0.01918815
 MP2 triplet pair energy:               0.00000000
 MP2 correlation energy:               -0.01918815
 MP2 total energy:                    -14.88841927

 SCS-MP2 correlation energy:           -0.02302578   (PS=  1.200000  PT=  0.333333)
 SCS-MP2 total energy:                -14.89225690

 ITER.      SQ.NORM     CORR.ENERGY   TOTAL ENERGY   ENERGY CHANGE        DEN1      VAR(S)    VAR(P)  DIIS     TIME  TIME/IT
   1      1.05139395    -0.02752570   -14.89675682    -0.00833755    -0.00445037  0.60D-04  0.28D-02  1  1     0.01     0.00
   2      1.09566346    -0.02974011   -14.89895699    -0.00221441    -0.00698112  0.33D-04  0.12D-02  2  2     0.01     0.00
   3      1.10137292    -0.03122806   -14.90035079    -0.00148795    -0.00038005  0.43D-05  0.73D-04  3  3     0.01     0.00
   4      1.10675085    -0.03133037   -14.90044071    -0.00010231    -0.00044384  0.58D-06  0.15D-04  4  4     0.02     0.00
   5      1.10525232    -0.03131163   -14.90042341     0.00001874     0.00019946  0.25D-06  0.18D-05  5  5     0.02     0.00
   6      1.10655344    -0.03132661   -14.90044624    -0.00001498    -0.00014309  0.12D-06  0.28D-06  6  6     0.02     0.00
   7      1.10588528    -0.03131715   -14.90043158     0.00000946     0.00007085  0.25D-07  0.12D-06  6  1     0.02     0.00
   8      1.10599523    -0.03132511   -14.90043962    -0.00000797    -0.00001366  0.68D-08  0.53D-08  6  3     0.02     0.00
   9      1.10592906    -0.03132471   -14.90043823     0.00000040     0.00000621  0.29D-09  0.12D-08  6  4     0.02     0.00
  10      1.10594145    -0.03132547   -14.90043895    -0.00000076    -0.00000158  0.51D-10  0.16D-09  6  2     0.02     0.00
  11      1.10594240    -0.03132541   -14.90043879     0.00000006    -0.00000008  0.45D-11  0.18D-10  6  5     0.03     0.00
  12      1.10594235    -0.03132542   -14.90043879    -0.00000001     0.00000000  0.12D-12  0.22D-11  6  6     0.03     0.00
  13      1.10594226    -0.03132543   -14.90043879    -0.00000000    -0.00000001  0.50D-13  0.88D-12  6  1     0.03     0.00
  14      1.10594218    -0.03132542   -14.90043879     0.00000000     0.00000000  0.44D-14  0.80D-13  6  3     0.03     0.00
  15      1.10594220    -0.03132542   -14.90043879     0.00000000    -0.00000000  0.13D-14  0.86D-14  6  4     0.03     0.00
  16      1.10594222    -0.03132542   -14.90043879     0.00000000    -0.00000000  0.81D-15  0.19D-14  6  2     0.03     0.00
  17      1.10594221    -0.03132542   -14.90043879    -0.00000000     0.00000000  0.27D-15  0.39D-15  6  5     0.03     0.00
  18      1.10594220    -0.03132542   -14.90043879    -0.00000000     0.00000000  0.35D-16  0.88D-16  6  6     0.04     0.00
  19      1.10594220    -0.03132542   -14.90043879    -0.00000000     0.00000000  0.45D-18  0.12D-16  6  1     0.04     0.00
  20      1.10594220    -0.03132542   -14.90043879    -0.00000000     0.00000000  0.67D-19  0.13D-17  6  3     0.04     0.00
  21      1.10594220    -0.03132542   -14.90043879    -0.00000000     0.00000000  0.21D-19  0.42D-18  6  4     0.04     0.00
  22      1.10594220    -0.03132542   -14.90043879    -0.00000000     0.00000000  0.46D-20  0.83D-19  6  2     0.04     0.00
  23      1.10594220    -0.03132542   -14.90043879    -0.00000000    -0.00000000  0.10D-20  0.12D-19  6  5     0.04     0.00
  24      1.10594220    -0.03132542   -14.90043879     0.00000000    -0.00000000  0.11D-21  0.21D-20  6  6     0.05     0.00
  25      1.10594220    -0.03132542   -14.90043879    -0.00000000    -0.00000000  0.46D-22  0.41D-21  6  1     0.05     0.00
  26      1.10594220    -0.03132542   -14.90043879    -0.00000000     0.00000000  0.73D-22  0.77D-22  6  3     0.05     0.00
  27      1.10594220    -0.03132542   -14.90043879     0.00000000    -0.00000000  0.22D-22  0.21D-22  6  4     0.05     0.00
  28      1.10594220    -0.03132542   -14.90043879     0.00000000    -0.00000000  0.77D-24  0.27D-23  6  2     0.05     0.00
  29      1.10594220    -0.03132542   -14.90043879     0.00000000    -0.00000000  0.10D-24  0.70D-24  6  5     0.05     0.00

 Norm of t1 vector:      0.00000000      S-energy:    -0.00000000      T1 diagnostic:  0.00000000

 Orbital rotation generators (print threshold =  0.000E+00):

         I         SYM. A    A   T(IA)

         1         1         1      0.01291709
         1         1         2     -0.00866020
         1         1         3     -0.00704884
         1         1         4      0.00000000
         1         1         5     -0.00321885

 Doubles amplitudes (print threshold =  0.000E+00):

         I         J         SYM. A    SYM. B    A         B      T(IJ, AB)

         1         1         1         1         1         1     -0.04982377
         1         1         1         1         1         2      0.05670291
         1         1         1         1         1         3     -0.00743771
         1         1         1         1         1         4     -0.00000000
         1         1         1         1         1         5     -0.01917462
         1         1         1         1         2         1      0.05670291
         1         1         1         1         2         2     -0.07133409
         1         1         1         1         2         3      0.00460421
         1         1         1         1         2         4      0.00000000
         1         1         1         1         2         5      0.02561532
         1         1         1         1         3         1     -0.00743771
         1         1         1         1         3         2      0.00460421
         1         1         1         1         3         3     -0.00465739
         1         1         1         1         3         4     -0.00000000
         1         1         1         1         3         5     -0.00190313
         1         1         1         1         4         1     -0.00000000
         1         1         1         1         4         2      0.00000000
         1         1         1         1         4         3     -0.00000000
         1         1         1         1         4         4     -0.00628108
         1         1         1         1         4         5      0.00000000
         1         1         1         1         5         1     -0.01917462
         1         1         1         1         5         2      0.02561532
         1         1         1         1         5         3     -0.00190313
         1         1         1         1         5         4      0.00000000
         1         1         1         1         5         5     -0.01196445
         1         1         2         2         1         1     -0.11923360
         1         1         2         2         1         2     -0.08435364
         1         1         2         2         1         3     -0.03204945
         1         1         2         2         2         1     -0.08435364
         1         1         2         2         2         2     -0.06220913
         1         1         2         2         2         3     -0.02524621
         1         1         2         2         3         1     -0.03204945
         1         1         2         2         3         2     -0.02524621
         1         1         2         2         3         3     -0.01347098
         1         1         3         3         1         1     -0.11923360
         1         1         3         3         1         2     -0.08435364
         1         1         3         3         1         3     -0.03204945
         1         1         3         3         2         1     -0.08435364
         1         1         3         3         2         2     -0.06220913
         1         1         3         3         2         3     -0.02524621
         1         1         3         3         3         1     -0.03204945
         1         1         3         3         3         2     -0.02524621
         1         1         3         3         3         3     -0.01347098
         1         1         4         4         1         1     -0.00628108
         1         1         5         5         1         1     -0.07661341
         1         1         5         5         1         2      0.05571708
         1         1         5         5         1         3     -0.00306694
         1         1         5         5         1         4     -0.03141205
         1         1         5         5         1         5      0.00000000
         1         1         5         5         1         6      0.00693867
         1         1         5         5         2         1      0.05571708
         1         1         5         5         2         2     -0.04202200
         1         1         5         5         2         3      0.00172177
         1         1         5         5         2         4      0.02535906
         1         1         5         5         2         5     -0.00000000
         1         1         5         5         2         6     -0.00641484
         1         1         5         5         3         1     -0.00306694
         1         1         5         5         3         2      0.00172177
         1         1         5         5         3         3     -0.00057985
         1         1         5         5         3         4     -0.00022168
         1         1         5         5         3         5      0.00000000
         1         1         5         5         3         6     -0.00014375
         1         1         5         5         4         1     -0.03141205
         1         1         5         5         4         2      0.02535906
         1         1         5         5         4         3     -0.00022168
         1         1         5         5         4         4     -0.01830589
         1         1         5         5         4         5      0.00000000
         1         1         5         5         4         6      0.00599213
         1         1         5         5         5         1      0.00000000
         1         1         5         5         5         2     -0.00000000
         1         1         5         5         5         3      0.00000000
         1         1         5         5         5         4      0.00000000
         1         1         5         5         5         5     -0.00198030
         1         1         5         5         5         6     -0.00000000
         1         1         5         5         6         1      0.00693867
         1         1         5         5         6         2     -0.00641484
         1         1         5         5         6         3     -0.00014375
         1         1         5         5         6         4      0.00599213
         1         1         5         5         6         5     -0.00000000
         1         1         5         5         6         6     -0.00358808
         1         1         6         6         1         1     -0.00094240
         1         1         6         6         1         2     -0.00194178
         1         1         6         6         1         3     -0.00137117
         1         1         6         6         2         1     -0.00194178
         1         1         6         6         2         2     -0.00403749
         1         1         6         6         2         3     -0.00269899
         1         1         6         6         3         1     -0.00137117
         1         1         6         6         3         2     -0.00269899
         1         1         6         6         3         3     -0.00237239
         1         1         7         7         1         1     -0.00094240
         1         1         7         7         1         2     -0.00194178
         1         1         7         7         1         3     -0.00137117
         1         1         7         7         2         1     -0.00194178
         1         1         7         7         2         2     -0.00403749
         1         1         7         7         2         3     -0.00269899
         1         1         7         7         3         1     -0.00137117
         1         1         7         7         3         2     -0.00269899
         1         1         7         7         3         3     -0.00237239
         1         1         8         8         1         1     -0.00198030


 RESULTS
 =======

  Reference energy                    -14.869113364682
  BCCD singlet pair energy             -0.031325424240
  BCCD triplet pair energy              0.000000000000
  BCCD correlation energy              -0.031325424240

 !BCCD total energy                   -14.900438788921

 Approximate expectation values using Brueckner orbitals

 !BCCD(ref) STATE  1.1 Dipole momen     0.00000000     0.00000000     0.00000000
 Dipole moment /Debye                   0.00000000     0.00000000     0.00000000

 Brueckner orbitals saved on record           2150.2 (orbital set 1)
 Brueckner density (ref) saved on record      2150.2 (density set 1)

 Brueckner orbitals
 ==================

   Orb     Occ           Coefficients

                         1 1s      1 1s      1 1s      1 2pz     1 2pz     1 3d0     1 3d2+ 

   2.1    2.0000000   -0.067092  0.794737 -0.050918  0.253151 -0.124485  0.005569  0.000000

 Timing summary (sec):

 STEP                 CPU(USER)    SYS     CPU(TOT)    WALL
 Transformation          0.01      0.00      0.01      0.03
 CCSD iterations         0.06      0.02      0.08      0.06

 Program statistics:

 Available memory in ccsd:                39999196
 Min. memory needed in ccsd:                  1922
 Max. memory used in ccsd:                    1922
 Max. memory used in cckext:                 34191 (29 integral passes)



 **********************************************************************************************************************************
 DATASETS  * FILE   NREC   LENGTH (MB)   RECORD NAMES
              1      20       30.05       500      700      610      900      950      970     1000      129      960     1100   
                                          VAR     GEOM    BASINP   SYMINP    ZMAT    AOBASIS   BASIS     P2S    ABASIS      S 
                                         1400     1410     1200     1210     1080     1600     1650     1300     1700     1380   
                                           T        V       H0       H01     AOSYM     SMH    MOLCAS    ERIS     OPER     JKOP   

              2       4        2.75       700     1000      520     2150   
                                         GEOM     BASIS   MCVARS    BCCD   

              3       5       14.77       500      610      700     1000     2100   
                                          VAR    BASINP    GEOM     BASIS     RHF  

 PROGRAMS   *        TOTAL      BCCD       INT   RESTART
 CPU TIMES  *         0.32      0.10      0.13      0.01
 REAL TIME  *         0.46 SEC
 DISK USED  *        49.46 MB
 **********************************************************************************************************************************

 Dump information in style XML to orbitals.xml                                                                    

 Variables will not be exported.
 Molecular orbitals read from record     2150.2  Type=BCCD/BRUECKNER (state 1.1)
 Occupation numbers read from record     2150.2  Type=BCCD/BRUECKNER (state 1.1)

 No orbital energies found for orbital set 0

 No redundancy group numbers found for orbital set 0

 **********************************************************************************************************************************

 BCCD/cc-pVDZ energy=    -14.900438788921

            BCCD
    -14.90043879
 **********************************************************************************************************************************
 Molpro calculation terminated
