
 Primary working directories    : /scr/yuriaoto/job.023276/molpro.HIw9p1cmhv
 Secondary working directories  : /scr/yuriaoto/job.023276/molpro.HIw9p1cmhv
 Wavefunction directory         : /scr/yuriaoto/job.023276/
 Main file repository           : /scr/yuriaoto/job.023276/molpro.HIw9p1cmhv/

 id        : yuriaoto

 Nodes             nprocs
 t-rex.ufabc.int.br    1

 Using customized tuning parameters: mindgm=8; mindgv=16; mindgc=1; mindgr=1; noblas=0; minvec=7
 default implementation of scratch files=df  


 Variables initialized (933), CPU time= 0.00 sec
 ***,
 memory,40,m
 gprint,orbital,basis,civector
 gthresh,thrprint=0,printci=0.0
 file,3,wfu.dat,old
 
 {ccsd,CC_NORM_MAX=20.0
 thresh,printci=0.0,ENERGY=1.0E-10,COEFF=1.0E-12
 print,ref=1
 core,0
 wf,14,1,0;
 }
 
 Commands  initialized (760), CPU time= 0.01 sec, 617 directives.
 Default parameters read. Elapsed time= 0.04 sec

 Checking input...
 Passed
1


                                         ***  PROGRAM SYSTEM MOLPRO  ***
                                       Copyright, TTI GmbH Stuttgart, 2015
                                    Version 2019.2 linked Abr  7 2019 15:10:35


 **********************************************************************************************************************************
 LABEL *                                                                                 
  64 bit serial version                                                                  DATE: 30-May-20          TIME: 20:39:16  
 **********************************************************************************************************************************

 SHA1:             3a8a58c585c929645742fb5a1b7541a4ad1da699
 **********************************************************************************************************************************


 THRESHOLDS:

 ZERO    =  1.00D-12  ONEINT  =  1.00D-12  TWOINT  =  1.00D-11  PREFAC  =  1.00D-14  XXXXXX  =  1.00D-09  EORDER  =  1.00D-04
 ENERGY  =  0.00D+00  ETEST   =  0.00D+00  EDENS   =  0.00D+00  THRDEDEF=  1.00D-06  GRADIENT=  1.00D-02  STEP    =  1.00D-03
 ORBITAL =  1.00D-05  CIVEC   =  1.00D-05  COEFF   =  1.00D-04  PRINTCI =  0.00D+00  PUNCHCI =  9.90D+01  OPTGRAD =  3.00D-04
 OPTENERG=  1.00D-06  OPTSTEP =  3.00D-04  THRGRAD =  1.00D-10  COMPRESS=  1.00D-11  VARMIN  =  1.00D-07  VARMAX  =  1.00D-03
 THRDOUB =  0.00D+00  THRDIV  =  1.00D-05  THRRED  =  1.00D-07  THRPSP  =  1.00D+00  THRDC   =  1.00D-10  THRCS   =  1.00D-10
 THRNRM  =  1.00D-08  THREQ   =  0.00D+00  THRDE   =  1.00D+00  THRREF  =  1.00D-05  SPARFAC =  1.00D+00  THRDLP  =  1.00D-07
 THRDIA  =  1.00D-10  THRDLS  =  1.00D-07  THRGPS  =  0.00D+00  THRKEX  =  0.00D+00  THRDIS  =  2.00D-01  THRVAR  =  1.00D-10
 THRLOC  =  1.00D-06  THRGAP  =  1.00D-06  THRLOCT = -1.00D+00  THRGAPT = -1.00D+00  THRORB  =  1.00D-06  THRMLTP =  0.00D+00
 THRCPQCI=  1.00D-10  KEXTA   =  0.00D+00  THRCOARS=  0.00D+00  SYMTOL  =  1.00D-06  GRADTOL =  1.00D-06  THROVL  =  1.00D-08
 THRORTH =  1.00D-08  GRID    =  1.00D-06  GRIDMAX =  1.00D-03  DTMAX   =  0.00D+00  THROCCDE=  1.00D-01  THROCCDE=  1.00D-01
 THRPRINT=  0.00D+00


 Variable memory set to   40000000 words,  buffer space 



 Permanent file  3  wfu.dat  assigned.  Implementation=df    Size= 14.08 MB


 PROGRAM * RESTART 


 Reading variables from file 3

 _FNUC           =      0.00000000
 _BASIS          =    STO-3G
 _NELEC          =     14.00000000
 _PROGRAM        =    RHF-SCF
 _DMX_SCF        =      0.00000000
 _DMY_SCF        =      0.00000000
 _DMZ_SCF        =      0.00000000
 _HOMO           =      1.20000000
 _EHOMO          =     -0.33514998
 _LUMO           =      1.60000000
 _ELUMO          =      0.13183841
 _ENERGY         =   -107.19573485
 _ENERGY_METHOD  =    RHF
 _ENERGY_BASIS   =    STO-3G
 _ENUC           =     16.33333333
 _EPS1(1:3)      =    -15.41998288    -1.09914968    -0.41753252
 _EPS2           =     -0.33514998
 _EPS3           =     -0.33514998
 _EPS5(1:3)      =    -15.42035278    -0.79026435     0.43646798
 _EPS6           =      0.13183841
 _EPS7           =      0.13183841
 _IPROC_MPP      =      0.00000000
 _IPROC_MPPX     =      0.00000000
 _ORBITAL        =   2100.30000000
 _STATUS         =      1.00000000
 _DATE           =    28-May-20
 _LASTORB        =    RHF
 _OUTPUT         =    /scr/yuriaoto/job.023222/RHF.xml
 _PGROUP         =    D2h 
 _TIME           =    22:10:50
 R               =      3.00000000

 Geometry written to block  1 of record 700


 **********************************************************************************************************************************
 DATASETS  * FILE   NREC   LENGTH (MB)   RECORD NAMES
              3       5       14.77       500      610      700     1000     2100   
                                          VAR    BASINP    GEOM     BASIS     RHF  

 PROGRAMS   *        TOTAL   RESTART
 CPU TIMES  *         0.12      0.01
 REAL TIME  *         0.14 SEC
 DISK USED  *        26.84 MB
 **********************************************************************************************************************************


 Recomputing integrals since basis changed


 Using spherical harmonics

 Library entry N      S STO-3G               selected for orbital group  1
 Library entry N      P STO-3G               selected for orbital group  1


 PROGRAM * SEWARD (Integral evaluation for generally contracted gaussian basis sets)     Author: Roland Lindh, 1990

 Geometry written to block  1 of record 700

 Orientation using atomic masses  
 Molecule type: Linear
 User-specified symmetry elements: X,Y,Z
 Symmetry elements: X,Y,Z
 Rotational constants:      28.6329822     28.6329822      0.0000000 GHz  (calculated with average atomic masses)

 Point group  D2h 



 ATOMIC COORDINATES

 NR  ATOM    CHARGE       X              Y              Z

   1  N1      7.00    0.000000000    0.000000000   -1.500000000
   2  N2      7.00    0.000000000    0.000000000    1.500000000

 Bond lengths in Bohr (Angstrom)

 1-2  3.000000000
     ( 1.587531633)


 BASIS DATA

   Nr Sym  Nuc  Type         Exponents   Contraction coefficients

    1.1 Ag    1  1s          99.106169     0.154329
              2  1s          18.052312     0.535328
                              4.885660     0.444635
    2.1 Ag    1  1s           3.780456    -0.099967
              2  1s           0.878497     0.399513
                              0.285714     0.700115
    3.1 Ag    1  2pz          3.780456     0.155916
              2 -2pz          0.878497     0.607684
                              0.285714     0.391957
    1.2 B3u   1  2px          3.780456     0.155916
              2  2px          0.878497     0.607684
                              0.285714     0.391957
    1.3 B2u   1  2py          3.780456     0.155916
              2  2py          0.878497     0.607684
                              0.285714     0.391957
    1.5 B1u   1  1s          99.106169     0.154329
              2 -1s          18.052312     0.535328
                              4.885660     0.444635
    2.5 B1u   1  1s           3.780456    -0.099967
              2 -1s           0.878497     0.399513
                              0.285714     0.700115
    3.5 B1u   1  2pz          3.780456     0.155916
              2  2pz          0.878497     0.607684
                              0.285714     0.391957
    1.6 B2g   1  2px          3.780456     0.155916
              2 -2px          0.878497     0.607684
                              0.285714     0.391957
    1.7 B3g   1  2py          3.780456     0.155916
              2 -2py          0.878497     0.607684
                              0.285714     0.391957

 NUCLEAR CHARGE:                   14
 NUMBER OF PRIMITIVE AOS:          30
 NUMBER OF SYMMETRY AOS:           30
 NUMBER OF CONTRACTIONS:           10   (    3Ag  +    1B3u +    1B2u +    0B1g +    3B1u +    1B2g +    1B3g +    0Au  )
 NUMBER OF CORE ORBITALS:           2   (    1Ag  +    0B3u +    0B2u +    0B1g +    1B1u +    0B2g +    0B3g +    0Au  )
 NUMBER OF VALENCE ORBITALS:        8   (    2Ag  +    1B3u +    1B2u +    0B1g +    2B1u +    1B2g +    1B3g +    0Au  )


 NUCLEAR REPULSION ENERGY   16.33333333

 Eigenvalues of metric

         1 0.796E+00 0.112E+01 0.154E+01
         2 0.110E+01
         3 0.110E+01
         5 0.487E+00 0.851E+00 0.120E+01
         6 0.901E+00
         7 0.901E+00


 Contracted 2-electron integrals neglected if value below      1.0D-11
 AO integral compression algorithm  1   Integral accuracy      1.0D-11

     0.262 MB (compressed) written to integral file (100.0%)


 NUMBER OF SORTED TWO-ELECTRON INTEGRALS:        373.     BUFFER LENGTH:  32768
 NUMBER OF SEGMENTS:   1  SEGMENT LENGTH:        373      RECORD LENGTH: 524288

 Memory used in sort:       0.56 MW

 SORT1 READ         776. AND WROTE         373. INTEGRALS IN      1 RECORDS. CPU TIME:     0.00 SEC, REAL TIME:     0.00 SEC
 SORT2 READ         373. AND WROTE         373. INTEGRALS IN      1 RECORDS. CPU TIME:     0.00 SEC, REAL TIME:     0.01 SEC

 FILE SIZES:   FILE 1:    30.2 MBYTE,  FILE 4:     4.2 MBYTE,   TOTAL:     34.4 MBYTE

 OPERATOR DM      FOR CENTER  0  COORDINATES:    0.000000    0.000000    0.000000


 **********************************************************************************************************************************
 DATASETS  * FILE   NREC   LENGTH (MB)   RECORD NAMES
              1      19       29.94       500      700      610      900      950      970     1000      129      960     1100   
                                          VAR     GEOM    BASINP   SYMINP    ZMAT    AOBASIS   BASIS     P2S    ABASIS      S 
                                         1400     1410     1200     1210     1080     1600     1650     1300     1700   
                                           T        V       H0       H01     AOSYM     SMH    MOLCAS    ERIS     OPER   

              3       5       14.77       500      610      700     1000     2100   
                                          VAR    BASINP    GEOM     BASIS     RHF  

 PROGRAMS   *        TOTAL       INT   RESTART
 CPU TIMES  *         0.26      0.14      0.01
 REAL TIME  *         0.42 SEC
 DISK USED  *        49.42 MB
 **********************************************************************************************************************************


 PROGRAM * CCSD (Closed-shell coupled cluster)     Authors: C. Hampel, H.-J. Werner, 1991, M. Deegan, P.J. Knowles, 1992


 Input parameters for THRESH:

 ENERGY   =    1.00D-10
 COEFF    =    1.00D-12
 PRINTCI  =    0.000000
 THRPRINT =    0.000000

 Convergence thresholds:  THRVAR = 1.00D-24  THRDEN = 1.00D-10

 Number of closed-shell orbitals:   7 (   3   1   1   0   2   0   0 )
 Number of external orbitals:       3 (   0   0   0   0   1   1   1 )

 Molecular orbitals read from record     2100.3  Type=RHF/CANONICAL (state 1.1)

 Number of N-1 electron functions:               7
 Number of N-2 electron functions:              18
 Number of singly external CSFs:                 2
 Number of doubly external CSFs:                47
 Total number of CSFs:                          50

 Length of J-op  integral file:               0.00 MB
 Length of K-op  integral file:               0.03 MB
 Length of 3-ext integral record:             0.00 MB

 Integral transformation finished. Total CPU:   0.01 sec, npass=  1  Memory used:   0.07 MW

 Reference energy:                   -107.19573485

 MP2 singlet pair energy:              -0.24981212
 MP2 triplet pair energy:              -0.19817827
 MP2 correlation energy:               -0.44799039
 MP2 total energy:                   -107.64372524

 SCS-MP2 correlation energy:           -0.42308546   (PS=  1.200000  PT=  0.333333)
 SCS-MP2 total energy:               -107.61882031

 ITER.      SQ.NORM     CORR.ENERGY   TOTAL ENERGY   ENERGY CHANGE        DEN1      VAR(S)    VAR(P)  DIIS     TIME  TIME/IT
   1      1.12575956    -0.34112240  -107.53685725     0.10686798     0.21495113  0.19D-02  0.11D+00  1  1     0.02     0.01
   2      1.19344534    -0.30964010  -107.50537495     0.03148230    -0.05798633  0.80D-04  0.57D-02  2  2     0.02     0.00
   3      1.25251893    -0.31921251  -107.51494736    -0.00957241    -0.01475935  0.13D-05  0.18D-02  3  3     0.03     0.00
   4      1.38956215    -0.33781789  -107.53355274    -0.01860538    -0.02464564  0.31D-05  0.42D-03  4  4     0.03     0.00
   5      1.42281335    -0.33880147  -107.53453632    -0.00098358    -0.00604425  0.16D-05  0.57D-04  5  5     0.03     0.00
   6      1.41916743    -0.33616205  -107.53189690     0.00263943     0.00056847  0.72D-06  0.45D-05  6  6     0.04     0.00
   7      1.43293461    -0.33766179  -107.53339664    -0.00149975    -0.00154819  0.35D-07  0.18D-05  6  1     0.04     0.00
   8      1.43534046    -0.33794854  -107.53368339    -0.00028675    -0.00070578  0.89D-08  0.34D-06  6  2     0.04     0.00
   9      1.43290117    -0.33780854  -107.53354339     0.00014000     0.00039183  0.14D-09  0.18D-07  6  3     0.05     0.00
  10      1.43331944    -0.33780582  -107.53354067     0.00000272    -0.00000805  0.26D-10  0.85D-08  6  2     0.05     0.00
  11      1.43361880    -0.33782876  -107.53356360    -0.00002294    -0.00005599  0.96D-12  0.68D-09  6  6     0.05     0.00
  12      1.43354125    -0.33782712  -107.53356197     0.00000163     0.00000552  0.90D-15  0.19D-10  6  5     0.06     0.00
  13      1.43354912    -0.33782684  -107.53356169     0.00000028     0.00000008  0.62D-13  0.85D-12  6  4     0.06     0.00
  14      1.43354772    -0.33782675  -107.53356160     0.00000009     0.00000019  0.23D-14  0.61D-13  6  1     0.06     0.00
  15      1.43354770    -0.33782674  -107.53356159     0.00000001    -0.00000000  0.49D-15  0.95D-14  6  3     0.06     0.00
  16      1.43354773    -0.33782674  -107.53356159     0.00000000    -0.00000001  0.12D-16  0.14D-14  6  6     0.07     0.00
  17      1.43354769    -0.33782674  -107.53356159     0.00000000     0.00000001  0.25D-19  0.78D-15  6  2     0.07     0.00
  18      1.43354764    -0.33782674  -107.53356159     0.00000000     0.00000001  0.43D-17  0.12D-15  6  5     0.07     0.00
  19      1.43354760    -0.33782674  -107.53356159     0.00000000     0.00000001  0.42D-17  0.20D-16  6  4     0.08     0.00
  20      1.43354760    -0.33782674  -107.53356159    -0.00000000    -0.00000000  0.71D-18  0.18D-17  6  1     0.08     0.00
  21      1.43354759    -0.33782674  -107.53356159     0.00000000     0.00000000  0.70D-19  0.24D-18  6  3     0.08     0.00
  22      1.43354759    -0.33782674  -107.53356159     0.00000000     0.00000000  0.27D-21  0.43D-19  6  6     0.08     0.00
  23      1.43354759    -0.33782674  -107.53356159     0.00000000     0.00000000  0.43D-22  0.11D-19  6  2     0.09     0.00
  24      1.43354759    -0.33782674  -107.53356159    -0.00000000    -0.00000000  0.76D-22  0.23D-20  6  5     0.09     0.00
  25      1.43354759    -0.33782674  -107.53356159     0.00000000     0.00000000  0.24D-24  0.34D-21  6  1     0.09     0.00
  26      1.43354759    -0.33782674  -107.53356159     0.00000000     0.00000000  0.24D-24  0.17D-22  6  4     0.09     0.00
  27      1.43354759    -0.33782674  -107.53356159     0.00000000     0.00000000  0.52D-26  0.19D-23  6  3     0.10     0.00
  28      1.43354759    -0.33782674  -107.53356159    -0.00000000    -0.00000000  0.56D-26  0.12D-24  6  6     0.10     0.00

 Norm of t1 vector:      0.03397833      S-energy:    -0.00000000      T1 diagnostic:  0.00642130
                                                                       D1 diagnostic:  0.02402631

 Singles amplitudes (print threshold =  0.000E+00):

         I         SYM. A    A   T(IA)

         6         5         1     -0.00006884
         7         5         1      0.02402621

 Doubles amplitudes (print threshold =  0.000E+00):

         I         J         SYM. A    SYM. B    A         B      T(IJ, AB)

         1         1         5         5         1         1     -0.00050321
         1         1         6         6         1         1     -0.00019236
         1         1         7         7         1         1     -0.00019236
         2         1         5         5         1         1     -0.00076445
         2         1         6         6         1         1     -0.00052194
         2         1         7         7         1         1     -0.00052194
         2         2         5         5         1         1     -0.03212189
         2         2         6         6         1         1     -0.01204027
         2         2         7         7         1         1     -0.01204027
         3         1         5         5         1         1      0.00004862
         3         1         6         6         1         1      0.00016955
         3         1         7         7         1         1      0.00016955
         3         2         5         5         1         1     -0.03413601
         3         2         6         6         1         1      0.00539087
         3         2         7         7         1         1      0.00539087
         3         3         5         5         1         1     -0.10569639
         3         3         6         6         1         1     -0.02148748
         3         3         7         7         1         1     -0.02148748
         4         4         5         5         1         1     -0.01862145
         4         4         6         6         1         1     -0.35553221
         4         4         7         7         1         1     -0.02940491
         5         5         5         5         1         1     -0.01862145
         5         5         6         6         1         1     -0.02940491
         5         5         7         7         1         1     -0.35553221
         6         6         5         5         1         1     -0.00051873
         6         6         6         6         1         1     -0.00020368
         6         6         7         7         1         1     -0.00020368
         7         6         5         5         1         1     -0.00088250
         7         6         6         6         1         1     -0.00069337
         7         6         7         7         1         1     -0.00069337
         7         7         5         5         1         1     -0.03030740
         7         7         6         6         1         1     -0.04150107
         7         7         7         7         1         1     -0.04150107
         4         1         5         6         1         1     -0.00052571
         4         1         6         5         1         1     -0.00005126
         4         2         5         6         1         1     -0.03752159
         4         2         6         5         1         1     -0.03383372
         4         3         5         6         1         1     -0.05225073
         4         3         6         5         1         1     -0.07874800
         5         1         5         7         1         1     -0.00052571
         5         1         7         5         1         1     -0.00005126
         5         2         5         7         1         1     -0.03752159
         5         2         7         5         1         1     -0.03383372
         5         3         5         7         1         1     -0.05225073
         5         3         7         5         1         1     -0.07874800
         5         4         6         7         1         1     -0.17532946
         5         4         7         6         1         1     -0.15079784


 RESULTS
 =======

  Reference energy                   -107.195734849517

  Correlated core orbitals:             1.1       1.5
  Orbital energies:                   -15.4200  -15.4204

  CCSD core-core energy                -0.000030227914
  CCSD core-valence energy             -0.000162957558
  CCSD valence correlation energy      -0.337633552320

  CCSD singlet pair energy             -0.328026879193
  CCSD triplet pair energy             -0.009799858595
  CCSD correlation energy              -0.337826737792

 !CCSD total energy                  -107.533561587309

 Timing summary (sec):

 STEP                 CPU(USER)    SYS     CPU(TOT)    WALL
 Transformation          0.01      0.00      0.01      0.01
 CCSD iterations         0.09      0.02      0.11      0.11

 Program statistics:

 Available memory in ccsd:                39999004
 Min. memory needed in ccsd:                  1340
 Max. memory used in ccsd:                    1340
 Max. memory used in cckext:                 34125 (28 integral passes)



 **********************************************************************************************************************************
 DATASETS  * FILE   NREC   LENGTH (MB)   RECORD NAMES
              1      20       29.95       500      700      610      900      950      970     1000      129      960     1100   
                                          VAR     GEOM    BASINP   SYMINP    ZMAT    AOBASIS   BASIS     P2S    ABASIS      S 
                                         1400     1410     1200     1210     1080     1600     1650     1300     1700     1380   
                                           T        V       H0       H01     AOSYM     SMH    MOLCAS    ERIS     OPER     JKOP   

              3       5       14.77       500      610      700     1000     2100   
                                          VAR    BASINP    GEOM     BASIS     RHF  

 PROGRAMS   *        TOTAL      CCSD       INT   RESTART
 CPU TIMES  *         0.41      0.15      0.14      0.01
 REAL TIME  *         0.59 SEC
 DISK USED  *        49.42 MB
 **********************************************************************************************************************************
 Molecular orbitals read from record     2100.3  Type=RHF/CANONICAL (state 1.1)
 Occupation numbers read from record     2100.3  Type=RHF/RHF (state 1.1)
 Orbital energies read from record       2100.3  Type=RHF/CANONICAL (state 1.1)
 Redundancy group numbers read from rec  2100.3  Type=RHF/RHF (state 1.1)

 CCSD/STO-3G energy=   -107.533561587309

            CCSD
   -107.53356159
 **********************************************************************************************************************************
 Molpro calculation terminated
