
 Primary working directories    : /scr/yuriaoto/job.023222/molpro.EpoFmJ94kz
 Secondary working directories  : /scr/yuriaoto/job.023222/molpro.EpoFmJ94kz
 Wavefunction directory         : /scr/yuriaoto/job.023222/
 Main file repository           : /scr/yuriaoto/job.023222/molpro.EpoFmJ94kz/

 id        : yuriaoto

 Nodes             nprocs
 t-rex.ufabc.int.br    1

 Using customized tuning parameters: mindgm=8; mindgv=16; mindgc=1; mindgr=1; noblas=0; minvec=7
 default implementation of scratch files=df  


 Variables initialized (933), CPU time= 0.01 sec
 ***,
 memory,40,m
 gprint,orbital=15,basis
 gthresh,thrprint=0
 file,3,wfu.dat,new
 
 r = 3.0
 basis = sto-3g
 
 symmetry,x,y,z
 geom={N1;N2,N1,r}
 
 {rhf
 wf,14,1,0
 orbital,2100.3
 }
 
 {put,xml,orbitals.xml; nosort; novariables}
 
 Commands  initialized (760), CPU time= 0.01 sec, 617 directives.
 Default parameters read. Elapsed time= 0.04 sec

 Checking input...
 Passed
1


                                         ***  PROGRAM SYSTEM MOLPRO  ***
                                       Copyright, TTI GmbH Stuttgart, 2015
                                    Version 2019.2 linked Abr  7 2019 15:10:35


 **********************************************************************************************************************************
 LABEL *                                                                                 
  64 bit serial version                                                                  DATE: 28-May-20          TIME: 22:10:50  
 **********************************************************************************************************************************

 SHA1:             3a8a58c585c929645742fb5a1b7541a4ad1da699
 **********************************************************************************************************************************


 THRESHOLDS:

 ZERO    =  1.00D-12  ONEINT  =  1.00D-12  TWOINT  =  1.00D-11  PREFAC  =  1.00D-14  XXXXXX  =  1.00D-09  EORDER  =  1.00D-04
 ENERGY  =  0.00D+00  ETEST   =  0.00D+00  EDENS   =  0.00D+00  THRDEDEF=  1.00D-06  GRADIENT=  1.00D-02  STEP    =  1.00D-03
 ORBITAL =  1.00D-05  CIVEC   =  1.00D-05  COEFF   =  1.00D-04  PRINTCI =  5.00D-02  PUNCHCI =  9.90D+01  OPTGRAD =  3.00D-04
 OPTENERG=  1.00D-06  OPTSTEP =  3.00D-04  THRGRAD =  1.00D-10  COMPRESS=  1.00D-11  VARMIN  =  1.00D-07  VARMAX  =  1.00D-03
 THRDOUB =  0.00D+00  THRDIV  =  1.00D-05  THRRED  =  1.00D-07  THRPSP  =  1.00D+00  THRDC   =  1.00D-10  THRCS   =  1.00D-10
 THRNRM  =  1.00D-08  THREQ   =  0.00D+00  THRDE   =  1.00D+00  THRREF  =  1.00D-05  SPARFAC =  1.00D+00  THRDLP  =  1.00D-07
 THRDIA  =  1.00D-10  THRDLS  =  1.00D-07  THRGPS  =  0.00D+00  THRKEX  =  0.00D+00  THRDIS  =  2.00D-01  THRVAR  =  1.00D-10
 THRLOC  =  1.00D-06  THRGAP  =  1.00D-06  THRLOCT = -1.00D+00  THRGAPT = -1.00D+00  THRORB  =  1.00D-06  THRMLTP =  0.00D+00
 THRCPQCI=  1.00D-10  KEXTA   =  0.00D+00  THRCOARS=  0.00D+00  SYMTOL  =  1.00D-06  GRADTOL =  1.00D-06  THROVL  =  1.00D-08
 THRORTH =  1.00D-08  GRID    =  1.00D-06  GRIDMAX =  1.00D-03  DTMAX   =  0.00D+00  THROCCDE=  1.00D-01  THROCCDE=  1.00D-01
 THRPRINT=  0.00D+00


 Variable memory set to   40000000 words,  buffer space 



 Permanent file  3  wfu.dat  assigned.  Implementation=df  



 **********************************************************************************************************************************
 DATASETS  * FILE   NREC   LENGTH (MB)   RECORD NAMES
              3       1        0.03       500   
                                          VAR  

 PROGRAMS   *        TOTAL      FILE
 CPU TIMES  *         0.10      0.00
 REAL TIME  *         0.11 SEC
 DISK USED  *         0.09 MB
 **********************************************************************************************************************************
 SETTING R              =         3.00000000                                  
 SETTING BASIS          =    STO-3G
 ZSYMEL=X  Y  Z  



 Recomputing integrals since basis changed


 Using spherical harmonics

 Library entry N      S STO-3G               selected for orbital group  1
 Library entry N      P STO-3G               selected for orbital group  1


 PROGRAM * SEWARD (Integral evaluation for generally contracted gaussian basis sets)     Author: Roland Lindh, 1990

 Geometry written to block  1 of record 700

 Orientation using atomic masses  
 Molecule type: Linear
 User-specified symmetry elements: X,Y,Z
 Symmetry elements: X,Y,Z
 Rotational constants:      28.6329822     28.6329822      0.0000000 GHz  (calculated with average atomic masses)

 Point group  D2h 



 ATOMIC COORDINATES

 NR  ATOM    CHARGE       X              Y              Z

   1  N1      7.00    0.000000000    0.000000000   -1.500000000
   2  N2      7.00    0.000000000    0.000000000    1.500000000

 Bond lengths in Bohr (Angstrom)

 1-2  3.000000000
     ( 1.587531633)


 BASIS DATA

   Nr Sym  Nuc  Type         Exponents   Contraction coefficients

    1.1 Ag    1  1s          99.106169     0.154329
              2  1s          18.052312     0.535328
                              4.885660     0.444635
    2.1 Ag    1  1s           3.780456    -0.099967
              2  1s           0.878497     0.399513
                              0.285714     0.700115
    3.1 Ag    1  2pz          3.780456     0.155916
              2 -2pz          0.878497     0.607684
                              0.285714     0.391957
    1.2 B3u   1  2px          3.780456     0.155916
              2  2px          0.878497     0.607684
                              0.285714     0.391957
    1.3 B2u   1  2py          3.780456     0.155916
              2  2py          0.878497     0.607684
                              0.285714     0.391957
    1.5 B1u   1  1s          99.106169     0.154329
              2 -1s          18.052312     0.535328
                              4.885660     0.444635
    2.5 B1u   1  1s           3.780456    -0.099967
              2 -1s           0.878497     0.399513
                              0.285714     0.700115
    3.5 B1u   1  2pz          3.780456     0.155916
              2  2pz          0.878497     0.607684
                              0.285714     0.391957
    1.6 B2g   1  2px          3.780456     0.155916
              2 -2px          0.878497     0.607684
                              0.285714     0.391957
    1.7 B3g   1  2py          3.780456     0.155916
              2 -2py          0.878497     0.607684
                              0.285714     0.391957

 NUCLEAR CHARGE:                   14
 NUMBER OF PRIMITIVE AOS:          30
 NUMBER OF SYMMETRY AOS:           30
 NUMBER OF CONTRACTIONS:           10   (    3Ag  +    1B3u +    1B2u +    0B1g +    3B1u +    1B2g +    1B3g +    0Au  )
 NUMBER OF CORE ORBITALS:           2   (    1Ag  +    0B3u +    0B2u +    0B1g +    1B1u +    0B2g +    0B3g +    0Au  )
 NUMBER OF VALENCE ORBITALS:        8   (    2Ag  +    1B3u +    1B2u +    0B1g +    2B1u +    1B2g +    1B3g +    0Au  )


 NUCLEAR REPULSION ENERGY   16.33333333

 Eigenvalues of metric

         1 0.796E+00 0.112E+01 0.154E+01
         2 0.110E+01
         3 0.110E+01
         5 0.487E+00 0.851E+00 0.120E+01
         6 0.901E+00
         7 0.901E+00


 Contracted 2-electron integrals neglected if value below      1.0D-11
 AO integral compression algorithm  1   Integral accuracy      1.0D-11

     0.262 MB (compressed) written to integral file (100.0%)


 NUMBER OF SORTED TWO-ELECTRON INTEGRALS:        373.     BUFFER LENGTH:  32768
 NUMBER OF SEGMENTS:   1  SEGMENT LENGTH:        373      RECORD LENGTH: 524288

 Memory used in sort:       0.56 MW

 SORT1 READ         776. AND WROTE         373. INTEGRALS IN      1 RECORDS. CPU TIME:     0.00 SEC, REAL TIME:     0.00 SEC
 SORT2 READ         373. AND WROTE         373. INTEGRALS IN      1 RECORDS. CPU TIME:     0.00 SEC, REAL TIME:     0.00 SEC

 FILE SIZES:   FILE 1:    30.2 MBYTE,  FILE 4:     4.2 MBYTE,   TOTAL:     34.4 MBYTE

 OPERATOR DM      FOR CENTER  0  COORDINATES:    0.000000    0.000000    0.000000


 **********************************************************************************************************************************
 DATASETS  * FILE   NREC   LENGTH (MB)   RECORD NAMES
              1      19       29.94       500      610      700      900      950      970     1000      129      960     1100   
                                          VAR    BASINP    GEOM    SYMINP    ZMAT    AOBASIS   BASIS     P2S    ABASIS      S 
                                         1400     1410     1200     1210     1080     1600     1650     1300     1700   
                                           T        V       H0       H01     AOSYM     SMH    MOLCAS    ERIS     OPER   

              3       4       12.28       500      610      700     1000   
                                          VAR    BASINP    GEOM     BASIS   

 PROGRAMS   *        TOTAL       INT      FILE
 CPU TIMES  *         0.25      0.15      0.00
 REAL TIME  *         0.39 SEC
 DISK USED  *        46.94 MB
 **********************************************************************************************************************************


 PROGRAM * RHF-SCF (CLOSED SHELL)       Authors: W. Meyer, H.-J. Werner


 NUMBER OF ELECTRONS:       7+    7-    SPACE SYMMETRY=1    SPIN SYMMETRY: Singlet 
 CONVERGENCE THRESHOLDS:    1.00E-05 (Density)    1.00E-07 (Energy)
 MAX. NUMBER OF ITERATIONS:       60
 INTERPOLATION TYPE:            DIIS
 INTERPOLATION STEPS:              2 (START)      1 (STEP)
 LEVEL SHIFTS:                  0.00 (CLOSED)  0.00 (OPEN) 




   Atom=N  basis=MINAO             lmin=0  lmax=1

 Orbital guess generated from atomic densities. Full valence occupancy:    3   1   1   0   3   1   1   0


 Molecular orbital dump at record        2100.3

 Initial occupancy:   3   1   1   0   2   0   0

 ITERATION    DDIFF          GRAD             ENERGY        2-EL.EN.            DIPOLE MOMENTS         DIIS   ORB.
    1      0.000D+00      0.000D+00      -107.19541367    111.842190    0.00000    0.00000    0.00000    0    start
    2      0.000D+00      0.856D-02      -107.19571358    111.801677    0.00000    0.00000    0.00000    1    diag
    3      0.894D-02      0.224D-02      -107.19573485    111.787886    0.00000    0.00000    0.00000    2    diag
    4      0.309D-02      0.270D-04      -107.19573485    111.787807    0.00000    0.00000    0.00000    3    diag
    5      0.177D-04      0.123D-06      -107.19573485    111.787808    0.00000    0.00000    0.00000    4    diag
    6      0.170D-06      0.213D-09      -107.19573485    111.787808    0.00000    0.00000    0.00000    0    orth

 Final occupancy:   3   1   1   0   2   0   0

 !RHF STATE  1.1 Energy              -107.195734849517
 Nuclear energy                        16.33333333
 One-electron energy                 -179.42297202
 Two-electron energy                   55.89390384
 Virial quotient                       -1.00956075
 !RHF STATE  1.1 Dipole moment          0.00000000     0.00000000     0.00000000
 Dipole moment /Debye                   0.00000000     0.00000000     0.00000000

 MOLECULAR ORBITALS
 ==================

   Orb  Occ    Energy       Coefficients

                            1 1s      1 1s      1 2pz  

   1.1   2   -15.4200     0.995161  0.018777 -0.000432

   2.1   2    -1.0991    -0.241906  0.882043  0.178424

   3.1   2    -0.4175     0.076189 -0.371399  0.891283

                            1 2px  

   1.2   2    -0.3351     0.953964

                            1 2py  

   1.3   2    -0.3351     0.953964

                            1 1s      1 1s      1 2pz  

   1.5   2   -15.4204     0.994302  0.025206  0.005564

   2.5   2    -0.7903    -0.263044  1.075701 -0.195337

   3.5   0     0.4365    -0.106853  0.569135  1.213195

                            1 2px  

   1.6   0     0.1318     1.053416

                            1 2py  

   1.7   0     0.1318     1.053416


 HOMO      1.2    -0.335150 =      -9.1199eV
 LUMO      1.6     0.131838 =       3.5875eV
 LUMO-HOMO         0.466988 =      12.7074eV


 **********************************************************************************************************************************
 DATASETS  * FILE   NREC   LENGTH (MB)   RECORD NAMES
              1      19       29.94       500      610      700      900      950      970     1000      129      960     1100   
                                          VAR    BASINP    GEOM    SYMINP    ZMAT    AOBASIS   BASIS     P2S    ABASIS      S 
                                         1400     1410     1200     1210     1080     1600     1650     1300     1700   
                                           T        V       H0       H01     AOSYM     SMH    MOLCAS    ERIS     OPER   

              3       5       14.77       500      610      700     1000     2100   
                                          VAR    BASINP    GEOM     BASIS     RHF  

 PROGRAMS   *        TOTAL   RHF-SCF       INT      FILE
 CPU TIMES  *         0.33      0.08      0.15      0.00
 REAL TIME  *         0.49 SEC
 DISK USED  *        46.94 MB
 **********************************************************************************************************************************

 Dump information in style XML to orbitals.xml                                                                    

 Variables will not be exported.
 Molecular orbitals read from record     2100.3  Type=RHF/CANONICAL (state 1.1)
 Occupation numbers read from record     2100.3  Type=RHF/RHF (state 1.1)
 Orbital energies read from record       2100.3  Type=RHF/CANONICAL (state 1.1)
 Redundancy group numbers read from rec  2100.3  Type=RHF/RHF (state 1.1)

 **********************************************************************************************************************************

 RHF/STO-3G energy=   -107.195734849517

         RHF-SCF
   -107.19573485
 **********************************************************************************************************************************
 Molpro calculation terminated
