
 Primary working directories    : /scr/yuriaoto/job.023724/molpro.njLS1h01ae
 Secondary working directories  : /scr/yuriaoto/job.023724/molpro.njLS1h01ae
 Wavefunction directory         : /scr/yuriaoto/job.023724/
 Main file repository           : /scr/yuriaoto/job.023724/molpro.njLS1h01ae/

 id        : yuriaoto

 Nodes             nprocs
 t-rex.ufabc.int.br    1

 Using customized tuning parameters: mindgm=8; mindgv=16; mindgc=1; mindgr=1; noblas=0; minvec=7
 default implementation of scratch files=df  


 Variables initialized (933), CPU time= 0.01 sec
 ***,
 memory,40,m
 gprint,orbital,basis,civector
 gthresh,thrprint=0,printci=0.0
 file,3,wfu.dat,old
 
 {ccsd,CC_NORM_MAX=10.0
 nosingle
 thresh,printci=0.0,ENERGY=1.0E-10,COEFF=1.0E-12
 print,ref=1
 core,0
 wf,6,1,0;
 }
 
 Commands  initialized (760), CPU time= 0.01 sec, 617 directives.
 Default parameters read. Elapsed time= 0.05 sec

 Checking input...
 Passed
1


                                         ***  PROGRAM SYSTEM MOLPRO  ***
                                       Copyright, TTI GmbH Stuttgart, 2015
                                    Version 2019.2 linked Abr  7 2019 15:10:35


 **********************************************************************************************************************************
 LABEL *                                                                                 
  64 bit serial version                                                                  DATE: 05-Jun-20          TIME: 23:41:26  
 **********************************************************************************************************************************

 SHA1:             3a8a58c585c929645742fb5a1b7541a4ad1da699
 **********************************************************************************************************************************


 THRESHOLDS:

 ZERO    =  1.00D-12  ONEINT  =  1.00D-12  TWOINT  =  1.00D-11  PREFAC  =  1.00D-14  XXXXXX  =  1.00D-09  EORDER  =  1.00D-04
 ENERGY  =  0.00D+00  ETEST   =  0.00D+00  EDENS   =  0.00D+00  THRDEDEF=  1.00D-06  GRADIENT=  1.00D-02  STEP    =  1.00D-03
 ORBITAL =  1.00D-05  CIVEC   =  1.00D-05  COEFF   =  1.00D-04  PRINTCI =  0.00D+00  PUNCHCI =  9.90D+01  OPTGRAD =  3.00D-04
 OPTENERG=  1.00D-06  OPTSTEP =  3.00D-04  THRGRAD =  1.00D-10  COMPRESS=  1.00D-11  VARMIN  =  1.00D-07  VARMAX  =  1.00D-03
 THRDOUB =  0.00D+00  THRDIV  =  1.00D-05  THRRED  =  1.00D-07  THRPSP  =  1.00D+00  THRDC   =  1.00D-10  THRCS   =  1.00D-10
 THRNRM  =  1.00D-08  THREQ   =  0.00D+00  THRDE   =  1.00D+00  THRREF  =  1.00D-05  SPARFAC =  1.00D+00  THRDLP  =  1.00D-07
 THRDIA  =  1.00D-10  THRDLS  =  1.00D-07  THRGPS  =  0.00D+00  THRKEX  =  0.00D+00  THRDIS  =  2.00D-01  THRVAR  =  1.00D-10
 THRLOC  =  1.00D-06  THRGAP  =  1.00D-06  THRLOCT = -1.00D+00  THRGAPT = -1.00D+00  THRORB  =  1.00D-06  THRMLTP =  0.00D+00
 THRCPQCI=  1.00D-10  KEXTA   =  0.00D+00  THRCOARS=  0.00D+00  SYMTOL  =  1.00D-06  GRADTOL =  1.00D-06  THROVL  =  1.00D-08
 THRORTH =  1.00D-08  GRID    =  1.00D-06  GRIDMAX =  1.00D-03  DTMAX   =  0.00D+00  THROCCDE=  1.00D-01  THROCCDE=  1.00D-01
 THRPRINT=  0.00D+00


 Variable memory set to   40000000 words,  buffer space 



 Permanent file  3  wfu.dat  assigned.  Implementation=df    Size= 14.08 MB


 PROGRAM * RESTART 


 Reading variables from file 3

 _FNUC           =      0.00000000
 _BASIS          =    6-31G
 _NELEC          =      6.00000000
 _PROGRAM        =    RHF-SCF
 _DMX_SCF        =      0.00000000
 _DMY_SCF        =      0.00000000
 _DMZ_SCF        =      0.00000000
 _HOMO           =      2.10000000
 _EHOMO          =     -0.17851736
 _LUMO           =      2.50000000
 _ELUMO          =      0.01777251
 _ENERGY         =    -14.86544674
 _ENERGY_METHOD  =    RHF
 _ENERGY_BASIS   =    6-31G
 _ENUC           =      1.80000000
 _EPS1(1:5)      =     -2.44083670    -0.17851736     0.06347959     0.19419351     0.22544151
 _EPS2(1:2)      =      0.04562594     0.20818036
 _EPS3(1:2)      =      0.04562594     0.20818036
 _EPS5(1:5)      =     -2.44048575     0.01777251     0.13971385     0.26575149     0.54809025
 _EPS6(1:2)      =      0.09250729     0.27049360
 _EPS7(1:2)      =      0.09250729     0.27049360
 _IPROC_MPP      =      0.00000000
 _IPROC_MPPX     =      0.00000000
 _ORBITAL        =   2100.30000000
 _STATUS         =      1.00000000
 _DATE           =    21-Oct-19
 _LASTORB        =    RHF
 _OUTPUT         =    /scr/yuriaoto/job.022400/RHF.xml
 _PGROUP         =    D2h 
 _TIME           =    10:18:24
 R               =      5.00000000

 Geometry written to block  1 of record 700


 **********************************************************************************************************************************
 DATASETS  * FILE   NREC   LENGTH (MB)   RECORD NAMES
              3       5       14.77       500      610      700     1000     2100   
                                          VAR    BASINP    GEOM     BASIS     RHF  

 PROGRAMS   *        TOTAL   RESTART
 CPU TIMES  *         0.12      0.02
 REAL TIME  *         0.15 SEC
 DISK USED  *        26.84 MB
 **********************************************************************************************************************************


 Recomputing integrals since basis changed


 Using spherical harmonics

 Library entry LI     S 6-31G                selected for orbital group  1
 Library entry LI     P 6-31G                selected for orbital group  1


 PROGRAM * SEWARD (Integral evaluation for generally contracted gaussian basis sets)     Author: Roland Lindh, 1990

 Geometry written to block  1 of record 700

 Orientation using atomic masses  
 Molecule type: Linear
 User-specified symmetry elements: X,Y,Z
 Symmetry elements: X,Y,Z
 Rotational constants:      20.8009354     20.8009354      0.0000000 GHz  (calculated with average atomic masses)

 Point group  D2h 



 ATOMIC COORDINATES

 NR  ATOM    CHARGE       X              Y              Z

   1  LI1     3.00    0.000000000    0.000000000   -2.500000000
   2  LI2     3.00    0.000000000    0.000000000    2.500000000

 Bond lengths in Bohr (Angstrom)

 1-2  5.000000000
     ( 2.645886055)


 BASIS DATA

   Nr Sym  Nuc  Type         Exponents   Contraction coefficients

    1.1 Ag    1  1s         642.418910     0.002143
              2  1s          96.798515     0.016209
                             22.091121     0.077316
                              6.201070     0.245786
                              1.935118     0.470189
                              0.636736     0.345471
    2.1 Ag    1  1s           2.324918    -0.035092
              2  1s           0.632430    -0.191233
                              0.079053     1.083988
    3.1 Ag    1  1s           0.035962     1.000000
              2  1s    
    4.1 Ag    1  2pz          2.324918     0.008942
              2 -2pz          0.632430     0.141009
                              0.079053     0.945364
    5.1 Ag    1  2pz          0.035962     1.000000
              2 -2pz   
    1.2 B3u   1  2px          2.324918     0.008942
              2  2px          0.632430     0.141009
                              0.079053     0.945364
    2.2 B3u   1  2px          0.035962     1.000000
              2  2px   
    1.3 B2u   1  2py          2.324918     0.008942
              2  2py          0.632430     0.141009
                              0.079053     0.945364
    2.3 B2u   1  2py          0.035962     1.000000
              2  2py   
    1.5 B1u   1  1s         642.418910     0.002143
              2 -1s          96.798515     0.016209
                             22.091121     0.077316
                              6.201070     0.245786
                              1.935118     0.470189
                              0.636736     0.345471
    2.5 B1u   1  1s           2.324918    -0.035092
              2 -1s           0.632430    -0.191233
                              0.079053     1.083988
    3.5 B1u   1  1s           0.035962     1.000000
              2 -1s    
    4.5 B1u   1  2pz          2.324918     0.008942
              2  2pz          0.632430     0.141009
                              0.079053     0.945364
    5.5 B1u   1  2pz          0.035962     1.000000
              2  2pz   
    1.6 B2g   1  2px          2.324918     0.008942
              2 -2px          0.632430     0.141009
                              0.079053     0.945364
    2.6 B2g   1  2px          0.035962     1.000000
              2 -2px   
    1.7 B3g   1  2py          2.324918     0.008942
              2 -2py          0.632430     0.141009
                              0.079053     0.945364
    2.7 B3g   1  2py          0.035962     1.000000
              2 -2py   

 NUCLEAR CHARGE:                    6
 NUMBER OF PRIMITIVE AOS:          44
 NUMBER OF SYMMETRY AOS:           44
 NUMBER OF CONTRACTIONS:           18   (    5Ag  +    2B3u +    2B2u +    0B1g +    5B1u +    2B2g +    2B3g +    0Au  )
 NUMBER OF CORE ORBITALS:           2   (    1Ag  +    0B3u +    0B2u +    0B1g +    1B1u +    0B2g +    0B3g +    0Au  )
 NUMBER OF VALENCE ORBITALS:        8   (    2Ag  +    1B3u +    1B2u +    0B1g +    2B1u +    1B2g +    1B3g +    0Au  )


 NUCLEAR REPULSION ENERGY    1.80000000

 Eigenvalues of metric

         1 0.103E+00 0.180E+00 0.946E+00 0.140E+01 0.370E+01
         2 0.252E+00 0.273E+01
         3 0.252E+00 0.273E+01
         5 0.422E-02 0.112E+00 0.166E+00 0.962E+00 0.242E+01
         6 0.108E+00 0.907E+00
         7 0.108E+00 0.907E+00


 Contracted 2-electron integrals neglected if value below      1.0D-11
 AO integral compression algorithm  1   Integral accuracy      1.0D-11

     0.262 MB (compressed) written to integral file (100.0%)


 NUMBER OF SORTED TWO-ELECTRON INTEGRALS:       2829.     BUFFER LENGTH:  32768
 NUMBER OF SEGMENTS:   1  SEGMENT LENGTH:       2829      RECORD LENGTH: 524288

 Memory used in sort:       0.56 MW

 SORT1 READ        8184. AND WROTE        2829. INTEGRALS IN      1 RECORDS. CPU TIME:     0.00 SEC, REAL TIME:     0.01 SEC
 SORT2 READ        2829. AND WROTE        2829. INTEGRALS IN      1 RECORDS. CPU TIME:     0.01 SEC, REAL TIME:     0.01 SEC

 FILE SIZES:   FILE 1:    30.2 MBYTE,  FILE 4:     4.2 MBYTE,   TOTAL:     34.4 MBYTE

 OPERATOR DM      FOR CENTER  0  COORDINATES:    0.000000    0.000000    0.000000


 **********************************************************************************************************************************
 DATASETS  * FILE   NREC   LENGTH (MB)   RECORD NAMES
              1      19       29.97       500      700      610      900      950      970     1000      129      960     1100   
                                          VAR     GEOM    BASINP   SYMINP    ZMAT    AOBASIS   BASIS     P2S    ABASIS      S 
                                         1400     1410     1200     1210     1080     1600     1650     1300     1700   
                                           T        V       H0       H01     AOSYM     SMH    MOLCAS    ERIS     OPER   

              3       5       14.77       500      610      700     1000     2100   
                                          VAR    BASINP    GEOM     BASIS     RHF  

 PROGRAMS   *        TOTAL       INT   RESTART
 CPU TIMES  *         0.26      0.14      0.02
 REAL TIME  *         0.39 SEC
 DISK USED  *        49.44 MB
 **********************************************************************************************************************************


 PROGRAM * CCSD (Closed-shell coupled cluster)     Authors: C. Hampel, H.-J. Werner, 1991, M. Deegan, P.J. Knowles, 1992


 Input parameters for THRESH:

 ENERGY   =    1.00D-10
 COEFF    =    1.00D-12
 PRINTCI  =    0.000000
 THRPRINT =    0.000000

 Convergence thresholds:  THRVAR = 1.00D-24  THRDEN = 1.00D-10

 Number of closed-shell orbitals:   3 (   2   0   0   0   1   0   0 )
 Number of external orbitals:      15 (   3   2   2   0   4   2   2 )

 Molecular orbitals read from record     2100.3  Type=RHF/CANONICAL (state 1.1)

 Number of N-1 electron functions:               0
 Number of N-2 electron functions:               6
 Number of singly external CSFs:                 0
 Number of doubly external CSFs:               205
 Total number of CSFs:                         206

 Length of J-op  integral file:               0.00 MB
 Length of K-op  integral file:               0.04 MB
 Length of 3-ext integral record:             0.00 MB

 Integral transformation finished. Total CPU:   0.00 sec, npass=  1  Memory used:   0.07 MW

 Reference energy:                    -14.86544674

 MP2 singlet pair energy:              -0.01624341
 MP2 triplet pair energy:              -0.00012344
 MP2 correlation energy:               -0.01636685
 MP2 total energy:                    -14.88181359

 SCS-MP2 correlation energy:           -0.01956890   (PS=  1.200000  PT=  0.333333)
 SCS-MP2 total energy:                -14.88501563

 ITER.      SQ.NORM     CORR.ENERGY   TOTAL ENERGY   ENERGY CHANGE        DEN1      VAR(S)    VAR(P)  DIIS     TIME  TIME/IT
   1      1.04764771    -0.02435243   -14.88979917    -0.00798558    -0.00431759  0.00D+00  0.27D-02  1  1     0.01     0.00
   2      1.08276091    -0.02753702   -14.89298376    -0.00318459    -0.00558726  0.00D+00  0.26D-03  2  2     0.02     0.00
   3      1.09274344    -0.02756882   -14.89301556    -0.00003180    -0.00100710  0.00D+00  0.48D-04  3  3     0.02     0.00
   4      1.09686679    -0.02762363   -14.89307037    -0.00005481    -0.00028329  0.00D+00  0.51D-05  4  4     0.02     0.00
   5      1.09802633    -0.02767394   -14.89312068    -0.00005031    -0.00009454  0.00D+00  0.67D-06  5  5     0.02     0.00
   6      1.09803848    -0.02765108   -14.89309782     0.00002286     0.00000890  0.00D+00  0.13D-06  6  6     0.03     0.00
   7      1.09810502    -0.02765233   -14.89309907    -0.00000125    -0.00000409  0.00D+00  0.16D-07  6  1     0.03     0.00
   8      1.09811369    -0.02765219   -14.89309893     0.00000013    -0.00000008  0.00D+00  0.18D-08  6  2     0.03     0.00
   9      1.09812053    -0.02765203   -14.89309877     0.00000016    -0.00000078  0.00D+00  0.21D-09  6  3     0.03     0.00
  10      1.09811785    -0.02765208   -14.89309882    -0.00000005     0.00000031  0.00D+00  0.26D-10  6  4     0.04     0.00
  11      1.09811656    -0.02765210   -14.89309884    -0.00000003     0.00000016  0.00D+00  0.25D-11  6  5     0.04     0.00
  12      1.09811597    -0.02765212   -14.89309886    -0.00000001     0.00000007  0.00D+00  0.35D-12  6  6     0.04     0.00
  13      1.09811579    -0.02765212   -14.89309886    -0.00000000     0.00000001  0.00D+00  0.42D-13  6  2     0.04     0.00
  14      1.09811574    -0.02765212   -14.89309886     0.00000000     0.00000000  0.00D+00  0.82D-14  6  1     0.05     0.00
  15      1.09811571    -0.02765212   -14.89309886    -0.00000000     0.00000000  0.00D+00  0.29D-14  6  3     0.05     0.00
  16      1.09811567    -0.02765212   -14.89309886    -0.00000000     0.00000000  0.00D+00  0.54D-15  6  4     0.05     0.00
  17      1.09811565    -0.02765212   -14.89309886    -0.00000000     0.00000000  0.00D+00  0.64D-16  6  5     0.05     0.00
  18      1.09811565    -0.02765212   -14.89309886    -0.00000000     0.00000000  0.00D+00  0.15D-16  6  6     0.05     0.00
  19      1.09811565    -0.02765212   -14.89309886     0.00000000    -0.00000000  0.00D+00  0.38D-17  6  2     0.06     0.00
  20      1.09811565    -0.02765212   -14.89309886     0.00000000    -0.00000000  0.00D+00  0.41D-18  6  1     0.06     0.00
  21      1.09811565    -0.02765212   -14.89309886     0.00000000    -0.00000000  0.00D+00  0.98D-19  6  3     0.06     0.00
  22      1.09811565    -0.02765212   -14.89309886     0.00000000    -0.00000000  0.00D+00  0.25D-19  6  4     0.06     0.00
  23      1.09811565    -0.02765212   -14.89309886     0.00000000    -0.00000000  0.00D+00  0.52D-20  6  6     0.07     0.00
  24      1.09811565    -0.02765212   -14.89309886     0.00000000    -0.00000000  0.00D+00  0.43D-21  6  5     0.07     0.00
  25      1.09811565    -0.02765212   -14.89309886     0.00000000    -0.00000000  0.00D+00  0.10D-21  6  2     0.07     0.00
  26      1.09811565    -0.02765212   -14.89309886     0.00000000    -0.00000000  0.00D+00  0.14D-22  6  1     0.07     0.00
  27      1.09811565    -0.02765212   -14.89309886    -0.00000000     0.00000000  0.00D+00  0.39D-23  6  3     0.07     0.00
  28      1.09811565    -0.02765212   -14.89309886    -0.00000000     0.00000000  0.00D+00  0.44D-24  6  4     0.08     0.00


 Doubles amplitudes (print threshold =  0.000E+00):

         I         J         SYM. A    SYM. B    A         B      T(IJ, AB)

         1         1         1         1         1         1     -0.00002341
         1         1         1         1         1         2      0.00022995
         1         1         1         1         1         3      0.00010873
         1         1         1         1         2         1      0.00022995
         1         1         1         1         2         2     -0.00072155
         1         1         1         1         2         3     -0.00042168
         1         1         1         1         3         1      0.00010873
         1         1         1         1         3         2     -0.00042168
         1         1         1         1         3         3     -0.00071100
         1         1         2         2         1         1      0.00016188
         1         1         2         2         1         2     -0.00016196
         1         1         2         2         2         1     -0.00016196
         1         1         2         2         2         2     -0.00096830
         1         1         3         3         1         1      0.00016188
         1         1         3         3         1         2     -0.00016196
         1         1         3         3         2         1     -0.00016196
         1         1         3         3         2         2     -0.00096830
         1         1         5         5         1         1     -0.00044757
         1         1         5         5         1         2      0.00075785
         1         1         5         5         1         3     -0.00022186
         1         1         5         5         1         4     -0.00001495
         1         1         5         5         2         1      0.00075785
         1         1         5         5         2         2     -0.00112847
         1         1         5         5         2         3      0.00032847
         1         1         5         5         2         4      0.00004060
         1         1         5         5         3         1     -0.00022186
         1         1         5         5         3         2      0.00032847
         1         1         5         5         3         3     -0.00079659
         1         1         5         5         3         4     -0.00080697
         1         1         5         5         4         1     -0.00001495
         1         1         5         5         4         2      0.00004060
         1         1         5         5         4         3     -0.00080697
         1         1         5         5         4         4     -0.00131095
         1         1         6         6         1         1     -0.00001428
         1         1         6         6         1         2     -0.00014164
         1         1         6         6         2         1     -0.00014164
         1         1         6         6         2         2     -0.00133828
         1         1         7         7         1         1     -0.00001428
         1         1         7         7         1         2     -0.00014164
         1         1         7         7         2         1     -0.00014164
         1         1         7         7         2         2     -0.00133828
         2         1         1         1         1         1     -0.00066779
         2         1         1         1         1         2      0.00139644
         2         1         1         1         1         3      0.00102957
         2         1         1         1         2         1      0.00080460
         2         1         1         1         2         2     -0.00175105
         2         1         1         1         2         3     -0.00134926
         2         1         1         1         3         1      0.00031277
         2         1         1         1         3         2     -0.00072399
         2         1         1         1         3         3     -0.00033374
         2         1         2         2         1         1     -0.00061255
         2         1         2         2         1         2     -0.00149517
         2         1         2         2         2         1     -0.00066742
         2         1         2         2         2         2     -0.00195234
         2         1         3         3         1         1     -0.00061255
         2         1         3         3         1         2     -0.00149517
         2         1         3         3         2         1     -0.00066742
         2         1         3         3         2         2     -0.00195234
         2         1         5         5         1         1      0.00025712
         2         1         5         5         1         2     -0.00028718
         2         1         5         5         1         3     -0.00052547
         2         1         5         5         1         4     -0.00084393
         2         1         5         5         2         1     -0.00045214
         2         1         5         5         2         2      0.00051656
         2         1         5         5         2         3      0.00015193
         2         1         5         5         2         4      0.00051189
         2         1         5         5         3         1     -0.00015161
         2         1         5         5         3         2      0.00022159
         2         1         5         5         3         3     -0.00083034
         2         1         5         5         3         4     -0.00090950
         2         1         5         5         4         1     -0.00032696
         2         1         5         5         4         2      0.00038895
         2         1         5         5         4         3     -0.00086403
         2         1         5         5         4         4     -0.00066405
         2         1         6         6         1         1     -0.00015938
         2         1         6         6         1         2     -0.00091367
         2         1         6         6         2         1     -0.00033402
         2         1         6         6         2         2     -0.00208056
         2         1         7         7         1         1     -0.00015938
         2         1         7         7         1         2     -0.00091367
         2         1         7         7         2         1     -0.00033402
         2         1         7         7         2         2     -0.00208056
         2         2         1         1         1         1     -0.06812919
         2         2         1         1         1         2      0.05615081
         2         2         1         1         1         3      0.00017953
         2         2         1         1         2         1      0.05615081
         2         2         1         1         2         2     -0.05555877
         2         2         1         1         2         3      0.00425627
         2         2         1         1         3         1      0.00017953
         2         2         1         1         3         2      0.00425627
         2         2         1         1         3         3     -0.00379559
         2         2         2         2         1         1     -0.14426608
         2         2         2         2         1         2     -0.06991839
         2         2         2         2         2         1     -0.06991839
         2         2         2         2         2         2     -0.03706126
         2         2         3         3         1         1     -0.14426608
         2         2         3         3         1         2     -0.06991839
         2         2         3         3         2         1     -0.06991839
         2         2         3         3         2         2     -0.03706126
         2         2         5         5         1         1     -0.09713446
         2         2         5         5         1         2      0.05849680
         2         2         5         5         1         3     -0.00182148
         2         2         5         5         1         4      0.02545528
         2         2         5         5         2         1      0.05849680
         2         2         5         5         2         2     -0.03801449
         2         2         5         5         2         3      0.00103703
         2         2         5         5         2         4     -0.01846928
         2         2         5         5         3         1     -0.00182148
         2         2         5         5         3         2      0.00103703
         2         2         5         5         3         3      0.00039800
         2         2         5         5         3         4      0.00059852
         2         2         5         5         4         1      0.02545528
         2         2         5         5         4         2     -0.01846928
         2         2         5         5         4         3      0.00059852
         2         2         5         5         4         4     -0.01220958
         2         2         6         6         1         1      0.00128507
         2         2         6         6         1         2     -0.00054432
         2         2         6         6         2         1     -0.00054432
         2         2         6         6         2         2     -0.00268389
         2         2         7         7         1         1      0.00128507
         2         2         7         7         1         2     -0.00054432
         2         2         7         7         2         1     -0.00054432
         2         2         7         7         2         2     -0.00268389
         3         3         1         1         1         1     -0.00000704
         3         3         1         1         1         2      0.00019380
         3         3         1         1         1         3      0.00008492
         3         3         1         1         2         1      0.00019380
         3         3         1         1         2         2     -0.00064144
         3         3         1         1         2         3     -0.00036928
         3         3         1         1         3         1      0.00008492
         3         3         1         1         3         2     -0.00036928
         3         3         1         1         3         3     -0.00067818
         3         3         2         2         1         1      0.00016932
         3         3         2         2         1         2     -0.00014151
         3         3         2         2         2         1     -0.00014151
         3         3         2         2         2         2     -0.00091383
         3         3         3         3         1         1      0.00016932
         3         3         3         3         1         2     -0.00014151
         3         3         3         3         2         1     -0.00014151
         3         3         3         3         2         2     -0.00091383
         3         3         5         5         1         1     -0.00045258
         3         3         5         5         1         2      0.00076405
         3         3         5         5         1         3     -0.00023747
         3         3         5         5         1         4     -0.00003092
         3         3         5         5         2         1      0.00076405
         3         3         5         5         2         2     -0.00113600
         3         3         5         5         2         3      0.00034760
         3         3         5         5         2         4      0.00006015
         3         3         5         5         3         1     -0.00023747
         3         3         5         5         3         2      0.00034760
         3         3         5         5         3         3     -0.00085148
         3         3         5         5         3         4     -0.00086437
         3         3         5         5         4         1     -0.00003092
         3         3         5         5         4         2      0.00006015
         3         3         5         5         4         3     -0.00086437
         3         3         5         5         4         4     -0.00137173
         3         3         6         6         1         1     -0.00001553
         3         3         6         6         1         2     -0.00014973
         3         3         6         6         2         1     -0.00014973
         3         3         6         6         2         2     -0.00138990
         3         3         7         7         1         1     -0.00001553
         3         3         7         7         1         2     -0.00014973
         3         3         7         7         2         1     -0.00014973
         3         3         7         7         2         2     -0.00138990
         3         1         1         5         1         1      0.00007967
         3         1         1         5         1         2     -0.00009477
         3         1         1         5         1         3     -0.00023383
         3         1         1         5         1         4     -0.00035854
         3         1         1         5         2         1     -0.00000645
         3         1         1         5         2         2     -0.00001681
         3         1         1         5         2         3      0.00066547
         3         1         1         5         2         4      0.00095399
         3         1         1         5         3         1      0.00050307
         3         1         1         5         3         2     -0.00070568
         3         1         1         5         3         3      0.00061852
         3         1         1         5         3         4      0.00040411
         3         1         2         6         1         1     -0.00003043
         3         1         2         6         1         2     -0.00029468
         3         1         2         6         2         1     -0.00012215
         3         1         2         6         2         2     -0.00114294
         3         1         3         7         1         1     -0.00003043
         3         1         3         7         1         2     -0.00029468
         3         1         3         7         2         1     -0.00012215
         3         1         3         7         2         2     -0.00114294
         3         1         5         1         1         1      0.00007115
         3         1         5         1         1         2      0.00001236
         3         1         5         1         1         3      0.00051560
         3         1         5         1         2         1     -0.00008415
         3         1         5         1         2         2     -0.00004030
         3         1         5         1         2         3     -0.00072124
         3         1         5         1         3         1     -0.00026342
         3         1         5         1         3         2      0.00073130
         3         1         5         1         3         3      0.00066004
         3         1         5         1         4         1     -0.00038873
         3         1         5         1         4         2      0.00102152
         3         1         5         1         4         3      0.00044638
         3         1         6         2         1         1     -0.00003336
         3         1         6         2         1         2     -0.00013001
         3         1         6         2         2         1     -0.00031411
         3         1         6         2         2         2     -0.00119478
         3         1         7         3         1         1     -0.00003336
         3         1         7         3         1         2     -0.00013001
         3         1         7         3         2         1     -0.00031411
         3         1         7         3         2         2     -0.00119478
         3         2         1         5         1         1     -0.00035634
         3         2         1         5         1         2      0.00023060
         3         2         1         5         1         3     -0.00030718
         3         2         1         5         1         4     -0.00019755
         3         2         1         5         2         1      0.00077901
         3         2         1         5         2         2     -0.00047237
         3         2         1         5         2         3      0.00077889
         3         2         1         5         2         4      0.00054612
         3         2         1         5         3         1      0.00017427
         3         2         1         5         3         2      0.00015136
         3         2         1         5         3         3      0.00061383
         3         2         1         5         3         4      0.00075483
         3         2         2         6         1         1     -0.00023424
         3         2         2         6         1         2     -0.00047769
         3         2         2         6         2         1     -0.00077601
         3         2         2         6         2         2     -0.00175658
         3         2         3         7         1         1     -0.00023424
         3         2         3         7         1         2     -0.00047769
         3         2         3         7         2         1     -0.00077601
         3         2         3         7         2         2     -0.00175658
         3         2         5         1         1         1     -0.00037255
         3         2         5         1         1         2      0.00053027
         3         2         5         1         1         3     -0.00013066
         3         2         5         1         2         1      0.00046350
         3         2         5         1         2         2     -0.00066045
         3         2         5         1         2         3      0.00010347
         3         2         5         1         3         1     -0.00129593
         3         2         5         1         3         2      0.00166309
         3         2         5         1         3         3      0.00061086
         3         2         5         1         4         1     -0.00129367
         3         2         5         1         4         2      0.00156403
         3         2         5         1         4         3      0.00088007
         3         2         6         2         1         1     -0.00024618
         3         2         6         2         1         2     -0.00033306
         3         2         6         2         2         1     -0.00154759
         3         2         6         2         2         2     -0.00214535
         3         2         7         3         1         1     -0.00024618
         3         2         7         3         1         2     -0.00033306
         3         2         7         3         2         1     -0.00154759
         3         2         7         3         2         2     -0.00214535


 RESULTS
 =======

  Reference energy                    -14.865446739187

  Correlated core orbitals:             1.1       1.5
  Orbital energies:                    -2.4408   -2.4405

  CCD core-core energy                 -0.000304654259
  CCD core-valence energy              -0.000489521818
  CCD valence correlation energy       -0.026857942434

  CCD singlet pair energy              -0.027541834452
  CCD triplet pair energy              -0.000110284059
  CCD correlation energy               -0.027652118511

 !CCD total energy                    -14.893098857698

 Timing summary (sec):

 STEP                 CPU(USER)    SYS     CPU(TOT)    WALL
 CCSD iterations         0.08      0.01      0.09      0.09

 Program statistics:

 Available memory in ccsd:                39999164
 Min. memory needed in ccsd:                  1955
 Max. memory used in ccsd:                    2057
 Max. memory used in cckext:                 34340 (28 integral passes)



 **********************************************************************************************************************************
 DATASETS  * FILE   NREC   LENGTH (MB)   RECORD NAMES
              1      20       29.99       500      700      610      900      950      970     1000      129      960     1100   
                                          VAR     GEOM    BASINP   SYMINP    ZMAT    AOBASIS   BASIS     P2S    ABASIS      S 
                                         1400     1410     1200     1210     1080     1600     1650     1300     1700     1380   
                                           T        V       H0       H01     AOSYM     SMH    MOLCAS    ERIS     OPER     JKOP   

              3       5       14.77       500      610      700     1000     2100   
                                          VAR    BASINP    GEOM     BASIS     RHF  

 PROGRAMS   *        TOTAL      CCSD       INT   RESTART
 CPU TIMES  *         0.41      0.15      0.14      0.02
 REAL TIME  *         0.56 SEC
 DISK USED  *        49.44 MB
 **********************************************************************************************************************************
 Molecular orbitals read from record     2100.3  Type=RHF/CANONICAL (state 1.1)
 Occupation numbers read from record     2100.3  Type=RHF/RHF (state 1.1)
 Orbital energies read from record       2100.3  Type=RHF/CANONICAL (state 1.1)
 Redundancy group numbers read from rec  2100.3  Type=RHF/RHF (state 1.1)

 CCSD/6-31G energy=    -14.893098857698

            CCSD
    -14.89309886
 **********************************************************************************************************************************
 Molpro calculation terminated
