
 Primary working directories    : /scr/yuriaoto/job.023600/molpro.3kviEI6dG7
 Secondary working directories  : /scr/yuriaoto/job.023600/molpro.3kviEI6dG7
 Wavefunction directory         : /scr/yuriaoto/job.023600/
 Main file repository           : /scr/yuriaoto/job.023600/molpro.3kviEI6dG7/

 id        : yuriaoto

 Nodes             nprocs
 t-rex.ufabc.int.br    1

 Using customized tuning parameters: mindgm=8; mindgv=16; mindgc=1; mindgr=1; noblas=0; minvec=7
 default implementation of scratch files=df  


 Variables initialized (933), CPU time= 0.00 sec
 ***,
 memory,40,m
 gprint,orbital,basis,civector
 gthresh,thrprint=0,printci=0.0
 file,3,wfu.dat,old
 
 {ccsd,CC_NORM_MAX=10.0
 nosingle
 thresh,printci=0.0,ENERGY=1.0E-10,COEFF=1.0E-12
 print,ref=1
 core,0
 wf,10,1,0;
 }
 
 Commands  initialized (760), CPU time= 0.01 sec, 617 directives.
 Default parameters read. Elapsed time= 0.03 sec

 Checking input...
 Passed
1


                                         ***  PROGRAM SYSTEM MOLPRO  ***
                                       Copyright, TTI GmbH Stuttgart, 2015
                                    Version 2019.2 linked Abr  7 2019 15:10:35


 **********************************************************************************************************************************
 LABEL *                                                                                 
  64 bit serial version                                                                  DATE: 05-Jun-20          TIME: 21:33:31  
 **********************************************************************************************************************************

 SHA1:             3a8a58c585c929645742fb5a1b7541a4ad1da699
 **********************************************************************************************************************************


 THRESHOLDS:

 ZERO    =  1.00D-12  ONEINT  =  1.00D-12  TWOINT  =  1.00D-11  PREFAC  =  1.00D-14  XXXXXX  =  1.00D-09  EORDER  =  1.00D-04
 ENERGY  =  0.00D+00  ETEST   =  0.00D+00  EDENS   =  0.00D+00  THRDEDEF=  1.00D-06  GRADIENT=  1.00D-02  STEP    =  1.00D-03
 ORBITAL =  1.00D-05  CIVEC   =  1.00D-05  COEFF   =  1.00D-04  PRINTCI =  0.00D+00  PUNCHCI =  9.90D+01  OPTGRAD =  3.00D-04
 OPTENERG=  1.00D-06  OPTSTEP =  3.00D-04  THRGRAD =  1.00D-10  COMPRESS=  1.00D-11  VARMIN  =  1.00D-07  VARMAX  =  1.00D-03
 THRDOUB =  0.00D+00  THRDIV  =  1.00D-05  THRRED  =  1.00D-07  THRPSP  =  1.00D+00  THRDC   =  1.00D-10  THRCS   =  1.00D-10
 THRNRM  =  1.00D-08  THREQ   =  0.00D+00  THRDE   =  1.00D+00  THRREF  =  1.00D-05  SPARFAC =  1.00D+00  THRDLP  =  1.00D-07
 THRDIA  =  1.00D-10  THRDLS  =  1.00D-07  THRGPS  =  0.00D+00  THRKEX  =  0.00D+00  THRDIS  =  2.00D-01  THRVAR  =  1.00D-10
 THRLOC  =  1.00D-06  THRGAP  =  1.00D-06  THRLOCT = -1.00D+00  THRGAPT = -1.00D+00  THRORB  =  1.00D-06  THRMLTP =  0.00D+00
 THRCPQCI=  1.00D-10  KEXTA   =  0.00D+00  THRCOARS=  0.00D+00  SYMTOL  =  1.00D-06  GRADTOL =  1.00D-06  THROVL  =  1.00D-08
 THRORTH =  1.00D-08  GRID    =  1.00D-06  GRIDMAX =  1.00D-03  DTMAX   =  0.00D+00  THROCCDE=  1.00D-01  THROCCDE=  1.00D-01
 THRPRINT=  0.00D+00


 Variable memory set to   40000000 words,  buffer space 



 Permanent file  3  wfu.dat  assigned.  Implementation=df    Size= 14.09 MB


 PROGRAM * RESTART 


 Reading variables from file 3

 _FNUC           =      0.00000000
 _BASIS          =    STO-3G
 _NELEC          =     10.00000000
 _PROGRAM        =    HF-SCF
 _DMZ            =      0.67784267
 _DMX_SCF        =      0.00000000
 _DMY_SCF        =      0.00000000
 _DMZ_SCF        =      0.67784267
 _HOMO           =      1.20000000
 _EHOMO          =     -0.39115060
 _LUMO           =      4.10000000
 _ELUMO          =      0.60309969
 _ENERGY         =    -74.96335037
 _ENERGY_METHOD  =    HF
 _ENERGY_BASIS   =    STO-3G
 _ENUC           =      9.16842912
 _EPS1(1:3)      =    -20.24223838    -1.26711910    -0.45294489
 _EPS2           =     -0.39115060
 _EPS3           =     -0.61626064
 _IPROC_MPP      =      0.00000000
 _IPROC_MPPX     =      0.00000000
 _ORBITAL        =   2100.30000000
 _STATUS         =      1.00000000
 _DATE           =    21-Oct-19
 _LASTORB        =    RHF
 _OUTPUT         =    /scr/yuriaoto/job.022423/RHF.xml
 _PGROUP         =    C2v 
 _TIME           =    13:17:41
 R               =      0.96000000
 A               =    104.40000000

 Geometry written to block  1 of record 700


 **********************************************************************************************************************************
 DATASETS  * FILE   NREC   LENGTH (MB)   RECORD NAMES
              3       5       14.78       500      610      700     1000     2100   
                                          VAR    BASINP    GEOM     BASIS     RHF  

 PROGRAMS   *        TOTAL   RESTART
 CPU TIMES  *         0.09      0.01
 REAL TIME  *         0.11 SEC
 DISK USED  *        26.85 MB
 **********************************************************************************************************************************


 Recomputing integrals since basis changed


 Using spherical harmonics

 Library entry H      S STO-3G               selected for orbital group  1
 Library entry O      S STO-3G               selected for orbital group  2
 Library entry O      P STO-3G               selected for orbital group  2


 PROGRAM * SEWARD (Integral evaluation for generally contracted gaussian basis sets)     Author: Roland Lindh, 1990

 Geometry written to block  1 of record 700

 Orientation using atomic masses  
 Molecule type: Asymmetric top,     Order of principal axis = 2
 Symmetry elements: X,Y
 Rotational constants:     283.9621697    815.3763831    435.6978814 GHz  (calculated with average atomic masses)

 Point group  C2v 



 ATOMIC COORDINATES

 NR  ATOM    CHARGE       X              Y              Z

   1  H1      1.00    0.000000000   -1.433449507    0.987477933
   2  H2      1.00    0.000000000    1.433449507    0.987477933
   3  O       8.00    0.000000000    0.000000000   -0.124419479

 Bond lengths in Bohr (Angstrom)

 1-3  1.814137080  2-3  1.814137080
     ( 0.960000000)     ( 0.960000000)

 Bond angles

  1-3-2  104.40000000


 BASIS DATA

   Nr Sym  Nuc  Type         Exponents   Contraction coefficients

    1.1 A1    1  1s           3.425251     0.154329
              2  1s           0.623914     0.535328
                              0.168855     0.444635
    2.1 A1    3  1s         130.709320     0.154329
                             23.808861     0.535328
                              6.443608     0.444635
    3.1 A1    3  1s           5.033151    -0.099967
                              1.169596     0.399513
                              0.380389     0.700115
    4.1 A1    3  2pz          5.033151     0.155916
                              1.169596     0.607684
                              0.380389     0.391957
    1.2 B1    3  2px          5.033151     0.155916
                              1.169596     0.607684
                              0.380389     0.391957
    1.3 B2    1  1s           3.425251     0.154329
              2 -1s           0.623914     0.535328
                              0.168855     0.444635
    2.3 B2    3  2py          5.033151     0.155916
                              1.169596     0.607684
                              0.380389     0.391957

 NUCLEAR CHARGE:                   10
 NUMBER OF PRIMITIVE AOS:          21
 NUMBER OF SYMMETRY AOS:           21
 NUMBER OF CONTRACTIONS:            7   (    4A1  +    1B1  +    2B2  +    0A2  )
 NUMBER OF CORE ORBITALS:           1   (    1A1  +    0B1  +    0B2  +    0A2  )
 NUMBER OF VALENCE ORBITALS:        6   (    3A1  +    1B1  +    2B2  +    0A2  )


 NUCLEAR REPULSION ENERGY    9.16842912

 Eigenvalues of metric

         1 0.344E+00 0.886E+00 0.109E+01 0.193E+01
         2 0.100E+01
         3 0.419E+00 0.133E+01


 Contracted 2-electron integrals neglected if value below      1.0D-11
 AO integral compression algorithm  1   Integral accuracy      1.0D-11

     0.262 MB (compressed) written to integral file (100.0%)


 NUMBER OF SORTED TWO-ELECTRON INTEGRALS:        191.     BUFFER LENGTH:  32768
 NUMBER OF SEGMENTS:   1  SEGMENT LENGTH:        191      RECORD LENGTH: 524288

 Memory used in sort:       0.56 MW

 SORT1 READ         227. AND WROTE         171. INTEGRALS IN      1 RECORDS. CPU TIME:     0.00 SEC, REAL TIME:     0.01 SEC
 SORT2 READ         171. AND WROTE         191. INTEGRALS IN      1 RECORDS. CPU TIME:     0.01 SEC, REAL TIME:     0.00 SEC

 FILE SIZES:   FILE 1:    30.2 MBYTE,  FILE 4:     4.2 MBYTE,   TOTAL:     34.4 MBYTE

 OPERATOR DM      FOR CENTER  0  COORDINATES:    0.000000    0.000000    0.000000


 **********************************************************************************************************************************
 DATASETS  * FILE   NREC   LENGTH (MB)   RECORD NAMES
              1      19       29.95       500      700      610      900      950      970     1000      129      960     1100   
                                          VAR     GEOM    BASINP   SYMINP    ZMAT    AOBASIS   BASIS     P2S    ABASIS      S 
                                         1400     1410     1200     1210     1080     1600     1650     1300     1700   
                                           T        V       H0       H01     AOSYM     SMH    MOLCAS    ERIS     OPER   

              3       5       14.78       500      610      700     1000     2100   
                                          VAR    BASINP    GEOM     BASIS     RHF  

 PROGRAMS   *        TOTAL       INT   RESTART
 CPU TIMES  *         0.21      0.11      0.01
 REAL TIME  *         0.32 SEC
 DISK USED  *        49.45 MB
 **********************************************************************************************************************************


 PROGRAM * CCSD (Closed-shell coupled cluster)     Authors: C. Hampel, H.-J. Werner, 1991, M. Deegan, P.J. Knowles, 1992


 Input parameters for THRESH:

 ENERGY   =    1.00D-10
 COEFF    =    1.00D-12
 PRINTCI  =    0.000000
 THRPRINT =    0.000000

 Convergence thresholds:  THRVAR = 1.00D-24  THRDEN = 1.00D-10

 Number of closed-shell orbitals:   5 (   3   1   1 )
 Number of external orbitals:       2 (   1   0   1 )

 Molecular orbitals read from record     2100.3  Type=RHF/CANONICAL (state 1.1)

 Number of N-1 electron functions:               0
 Number of N-2 electron functions:              11
 Number of singly external CSFs:                 0
 Number of doubly external CSFs:                22
 Total number of CSFs:                          23

 Length of J-op  integral file:               0.00 MB
 Length of K-op  integral file:               0.03 MB
 Length of 3-ext integral record:             0.00 MB

 Integral transformation finished. Total CPU:   0.00 sec, npass=  1  Memory used:   0.07 MW

 Reference energy:                    -74.96335037

 MP2 singlet pair energy:              -0.03267137
 MP2 triplet pair energy:              -0.00306878
 MP2 correlation energy:               -0.03574015
 MP2 total energy:                    -74.99909052

 SCS-MP2 correlation energy:           -0.04111511   (PS=  1.200000  PT=  0.333333)
 SCS-MP2 total energy:                -75.00446548

 ITER.      SQ.NORM     CORR.ENERGY   TOTAL ENERGY   ENERGY CHANGE        DEN1      VAR(S)    VAR(P)  DIIS     TIME  TIME/IT
   1      1.02082728    -0.04785920   -75.01120957    -0.01211905    -0.00875837  0.00D+00  0.95D-03  1  1     0.00     0.00
   2      1.02602360    -0.04946469   -75.01281506    -0.00160548    -0.00478748  0.00D+00  0.19D-04  2  2     0.00     0.00
   3      1.02635743    -0.04947569   -75.01282606    -0.00001100    -0.00018098  0.00D+00  0.39D-06  3  3     0.00     0.00
   4      1.02638995    -0.04948471   -75.01283508    -0.00000902    -0.00001570  0.00D+00  0.32D-07  4  4     0.00     0.00
   5      1.02639251    -0.04948375   -75.01283412     0.00000096    -0.00000105  0.00D+00  0.90D-09  5  5     0.00     0.00
   6      1.02639190    -0.04948340   -75.01283376     0.00000036     0.00000025  0.00D+00  0.28D-10  6  6     0.00     0.00
   7      1.02639198    -0.04948352   -75.01283389    -0.00000012    -0.00000006  0.00D+00  0.20D-11  6  1     0.00     0.00
   8      1.02639198    -0.04948352   -75.01283389    -0.00000000     0.00000001  0.00D+00  0.39D-13  6  2     0.00     0.00
   9      1.02639197    -0.04948352   -75.01283389    -0.00000000     0.00000001  0.00D+00  0.13D-14  6  3     0.00     0.00
  10      1.02639197    -0.04948352   -75.01283389    -0.00000000    -0.00000000  0.00D+00  0.78D-16  6  4     0.01     0.00
  11      1.02639197    -0.04948352   -75.01283389     0.00000000    -0.00000000  0.00D+00  0.43D-17  6  5     0.01     0.00
  12      1.02639197    -0.04948352   -75.01283389     0.00000000     0.00000000  0.00D+00  0.33D-18  6  6     0.01     0.00
  13      1.02639197    -0.04948352   -75.01283389    -0.00000000     0.00000000  0.00D+00  0.15D-19  6  1     0.01     0.00
  14      1.02639197    -0.04948352   -75.01283389    -0.00000000     0.00000000  0.00D+00  0.74D-21  6  2     0.01     0.00
  15      1.02639197    -0.04948352   -75.01283389     0.00000000    -0.00000000  0.00D+00  0.47D-22  6  3     0.01     0.00
  16      1.02639197    -0.04948352   -75.01283389     0.00000000    -0.00000000  0.00D+00  0.22D-23  6  4     0.01     0.00
  17      1.02639197    -0.04948352   -75.01283389     0.00000000     0.00000000  0.00D+00  0.52D-25  6  5     0.01     0.00


 Doubles amplitudes (print threshold =  0.000E+00):

         I         J         SYM. A    SYM. B    A         B      T(IJ, AB)

         1         1         1         1         1         1     -0.00064990
         1         1         3         3         1         1     -0.00042300
         2         1         1         1         1         1     -0.00026490
         2         1         3         3         1         1     -0.00072891
         2         2         1         1         1         1     -0.03222447
         2         2         3         3         1         1     -0.01666378
         3         1         1         1         1         1     -0.00012850
         3         1         3         3         1         1      0.00051282
         3         2         1         1         1         1     -0.03343183
         3         2         3         3         1         1      0.00364582
         3         3         1         1         1         1     -0.04560349
         3         3         3         3         1         1     -0.04115110
         4         4         1         1         1         1     -0.02625647
         4         4         3         3         1         1     -0.01056882
         5         5         1         1         1         1     -0.04398711
         5         5         3         3         1         1     -0.07842115
         5         1         1         3         1         1      0.00023870
         5         1         3         1         1         1     -0.00024834
         5         2         1         3         1         1      0.02085962
         5         2         3         1         1         1      0.03181167
         5         3         1         3         1         1      0.03429978
         5         3         3         1         1         1      0.04668112


 RESULTS
 =======

  Reference energy                    -74.963350369035

  Correlated core orbitals:             1.1
  Orbital energies:                   -20.2422

  CCD core-core energy                 -0.000029323717
  CCD core-valence energy              -0.000059606976
  CCD valence correlation energy       -0.049394590774

  CCD singlet pair energy              -0.046835664783
  CCD triplet pair energy              -0.002647856684
  CCD correlation energy               -0.049483521467

 !CCD total energy                    -75.012833890502

 Timing summary (sec):

 STEP                 CPU(USER)    SYS     CPU(TOT)    WALL
 CCSD iterations         0.01      0.01      0.02      0.03

 Program statistics:

 Available memory in ccsd:                39999100
 Min. memory needed in ccsd:                   865
 Max. memory used in ccsd:                     865
 Max. memory used in cckext:                 33876 (17 integral passes)



 **********************************************************************************************************************************
 DATASETS  * FILE   NREC   LENGTH (MB)   RECORD NAMES
              1      20       29.96       500      700      610      900      950      970     1000      129      960     1100   
                                          VAR     GEOM    BASINP   SYMINP    ZMAT    AOBASIS   BASIS     P2S    ABASIS      S 
                                         1400     1410     1200     1210     1080     1600     1650     1300     1700     1380   
                                           T        V       H0       H01     AOSYM     SMH    MOLCAS    ERIS     OPER     JKOP   

              3       5       14.78       500      610      700     1000     2100   
                                          VAR    BASINP    GEOM     BASIS     RHF  

 PROGRAMS   *        TOTAL      CCSD       INT   RESTART
 CPU TIMES  *         0.25      0.04      0.11      0.01
 REAL TIME  *         0.37 SEC
 DISK USED  *        49.45 MB
 **********************************************************************************************************************************
 Molecular orbitals read from record     2100.3  Type=RHF/CANONICAL (state 1.1)
 Occupation numbers read from record     2100.3  Type=RHF/RHF (state 1.1)
 Orbital energies read from record       2100.3  Type=RHF/CANONICAL (state 1.1)
 Redundancy group numbers read from rec  2100.3  Type=RHF/RHF (state 1.1)

 CCSD/STO-3G energy=    -75.012833890502

            CCSD
    -75.01283389
 **********************************************************************************************************************************
 Molpro calculation terminated
