
 Primary working directories    : /scr/yuriaoto/job.023398/molpro.Dth58q3z2W
 Secondary working directories  : /scr/yuriaoto/job.023398/molpro.Dth58q3z2W
 Wavefunction directory         : /scr/yuriaoto/job.023398/
 Main file repository           : /scr/yuriaoto/job.023398/molpro.Dth58q3z2W/

 id        : yuriaoto

 Nodes             nprocs
 t-rex.ufabc.int.br    1

 Using customized tuning parameters: mindgm=8; mindgv=16; mindgc=1; mindgr=1; noblas=0; minvec=7
 default implementation of scratch files=df  


 Variables initialized (933), CPU time= 0.01 sec
 ***,
 memory,400,m
 gprint,orbital,basis,civector
 gthresh,thrprint=0,printci=0.0
 file,3,wfu.dat,old
 
 {fci
 wf,2,1,0
 }
 
 Commands  initialized (760), CPU time= 0.01 sec, 617 directives.
 Default parameters read. Elapsed time= 0.06 sec

 Checking input...
 Passed
1


                                         ***  PROGRAM SYSTEM MOLPRO  ***
                                       Copyright, TTI GmbH Stuttgart, 2015
                                    Version 2019.2 linked Abr  7 2019 15:10:35


 **********************************************************************************************************************************
 LABEL *                                                                                 
  64 bit serial version                                                                  DATE: 02-Jun-20          TIME: 00:18:15  
 **********************************************************************************************************************************

 SHA1:             3a8a58c585c929645742fb5a1b7541a4ad1da699
 **********************************************************************************************************************************


 THRESHOLDS:

 ZERO    =  1.00D-12  ONEINT  =  1.00D-12  TWOINT  =  1.00D-11  PREFAC  =  1.00D-14  XXXXXX  =  1.00D-09  EORDER  =  1.00D-04
 ENERGY  =  0.00D+00  ETEST   =  0.00D+00  EDENS   =  0.00D+00  THRDEDEF=  1.00D-06  GRADIENT=  1.00D-02  STEP    =  1.00D-03
 ORBITAL =  1.00D-05  CIVEC   =  1.00D-05  COEFF   =  1.00D-04  PRINTCI =  0.00D+00  PUNCHCI =  9.90D+01  OPTGRAD =  3.00D-04
 OPTENERG=  1.00D-06  OPTSTEP =  3.00D-04  THRGRAD =  1.00D-10  COMPRESS=  1.00D-11  VARMIN  =  1.00D-07  VARMAX  =  1.00D-03
 THRDOUB =  0.00D+00  THRDIV  =  1.00D-05  THRRED  =  1.00D-07  THRPSP  =  1.00D+00  THRDC   =  1.00D-10  THRCS   =  1.00D-10
 THRNRM  =  1.00D-08  THREQ   =  0.00D+00  THRDE   =  1.00D+00  THRREF  =  1.00D-05  SPARFAC =  1.00D+00  THRDLP  =  1.00D-07
 THRDIA  =  1.00D-10  THRDLS  =  1.00D-07  THRGPS  =  0.00D+00  THRKEX  =  0.00D+00  THRDIS  =  2.00D-01  THRVAR  =  1.00D-10
 THRLOC  =  1.00D-06  THRGAP  =  1.00D-06  THRLOCT = -1.00D+00  THRGAPT = -1.00D+00  THRORB  =  1.00D-06  THRMLTP =  0.00D+00
 THRCPQCI=  1.00D-10  KEXTA   =  0.00D+00  THRCOARS=  0.00D+00  SYMTOL  =  1.00D-06  GRADTOL =  1.00D-06  THROVL  =  1.00D-08
 THRORTH =  1.00D-08  GRID    =  1.00D-06  GRIDMAX =  1.00D-03  DTMAX   =  0.00D+00  THROCCDE=  1.00D-01  THROCCDE=  1.00D-01
 THRPRINT=  0.00D+00


 Variable memory set to  400000000 words,  buffer space 



 Permanent file  3  wfu.dat  assigned.  Implementation=df    Size= 14.08 MB


 PROGRAM * RESTART 


 Reading variables from file 3

 _FNUC           =      0.00000000
 _BASIS          =    6-31G
 _NELEC          =      2.00000000
 _PROGRAM        =    RHF-SCF
 _DMX_SCF        =      0.00000000
 _DMY_SCF        =      0.00000000
 _DMZ_SCF        =      0.00000000
 _HOMO           =      1.10000000
 _EHOMO          =     -0.33079533
 _LUMO           =      1.50000000
 _ELUMO          =     -0.08434775
 _ENERGY         =     -0.84318559
 _ENERGY_METHOD  =    RHF
 _ENERGY_BASIS   =    6-31G
 _ENUC           =      0.20000000
 _EPS1(1:2)      =     -0.33079533     0.93794118
 _EPS5(1:2)      =     -0.08434775     1.05066757
 _IPROC_MPP      =      0.00000000
 _IPROC_MPPX     =      0.00000000
 _ORBITAL        =   2100.30000000
 _STATUS         =      1.00000000
 _DATE           =    16-Oct-19
 _LASTORB        =    RHF
 _OUTPUT         =    /scr/yuriaoto/job.022363/RHF.xml
 _PGROUP         =    D2h 
 _TIME           =    09:26:47
 R               =      5.00000000

 Geometry written to block  1 of record 700


 **********************************************************************************************************************************
 DATASETS  * FILE   NREC   LENGTH (MB)   RECORD NAMES
              3       5       14.77       500      610      700     1000     2100   
                                          VAR    BASINP    GEOM     BASIS     RHF  

 PROGRAMS   *        TOTAL   RESTART
 CPU TIMES  *         0.14      0.02
 REAL TIME  *         0.16 SEC
 DISK USED  *        26.83 MB
 **********************************************************************************************************************************


 Recomputing integrals since basis changed


 Using spherical harmonics

 Library entry H      S 6-31G                selected for orbital group  1


 PROGRAM * SEWARD (Integral evaluation for generally contracted gaussian basis sets)     Author: Roland Lindh, 1990

 Geometry written to block  1 of record 700

 Orientation using atomic masses  
 Molecule type: Linear
 User-specified symmetry elements: X,Y,Z
 Symmetry elements: X,Y,Z
 Rotational constants:     143.2419517    143.2419517      0.0000000 GHz  (calculated with average atomic masses)

 Point group  D2h 



 ATOMIC COORDINATES

 NR  ATOM    CHARGE       X              Y              Z

   1  H1      1.00    0.000000000    0.000000000   -2.500000000
   2  H2      1.00    0.000000000    0.000000000    2.500000000


 BASIS DATA

   Nr Sym  Nuc  Type         Exponents   Contraction coefficients

    1.1 Ag    1  1s          18.731137     0.033495
              2  1s           2.825394     0.234727
                              0.640122     0.813757
    2.1 Ag    1  1s           0.161278     1.000000
              2  1s    
    1.5 B1u   1  1s          18.731137     0.033495
              2 -1s           2.825394     0.234727
                              0.640122     0.813757
    2.5 B1u   1  1s           0.161278     1.000000
              2 -1s    

 NUCLEAR CHARGE:                    2
 NUMBER OF PRIMITIVE AOS:           8
 NUMBER OF SYMMETRY AOS:            8
 NUMBER OF CONTRACTIONS:            4   (    2Ag  +    0B3u +    0B2u +    0B1g +    2B1u +    0B2g +    0B3g +    0Au  )
 NUMBER OF CORE ORBITALS:           0   (    0Ag  +    0B3u +    0B2u +    0B1g +    0B1u +    0B2g +    0B3g +    0Au  )
 NUMBER OF VALENCE ORBITALS:        2   (    1Ag  +    0B3u +    0B2u +    0B1g +    1B1u +    0B2g +    0B3g +    0Au  )


 NUCLEAR REPULSION ENERGY    0.20000000

 Eigenvalues of metric

         1 0.380E+00 0.175E+01
         5 0.296E+00 0.157E+01


 Contracted 2-electron integrals neglected if value below      1.0D-11
 AO integral compression algorithm  1   Integral accuracy      1.0D-11

     0.262 MB (compressed) written to integral file (100.0%)


 NUMBER OF SORTED TWO-ELECTRON INTEGRALS:         39.     BUFFER LENGTH:  32768
 NUMBER OF SEGMENTS:   1  SEGMENT LENGTH:         39      RECORD LENGTH: 524288

 Memory used in sort:       0.56 MW

 SORT1 READ         128. AND WROTE          39. INTEGRALS IN      1 RECORDS. CPU TIME:     0.01 SEC, REAL TIME:     0.00 SEC
 SORT2 READ          39. AND WROTE          39. INTEGRALS IN      1 RECORDS. CPU TIME:     0.00 SEC, REAL TIME:     0.00 SEC

 FILE SIZES:   FILE 1:    30.2 MBYTE,  FILE 4:     4.2 MBYTE,   TOTAL:     34.4 MBYTE

 OPERATOR DM      FOR CENTER  0  COORDINATES:    0.000000    0.000000    0.000000


 **********************************************************************************************************************************
 DATASETS  * FILE   NREC   LENGTH (MB)   RECORD NAMES
              1      19       29.93       500      700      610      900      950      970     1000      129      960     1100   
                                          VAR     GEOM    BASINP   SYMINP    ZMAT    AOBASIS   BASIS     P2S    ABASIS      S 
                                         1400     1410     1200     1210     1080     1600     1650     1300     1700   
                                           T        V       H0       H01     AOSYM     SMH    MOLCAS    ERIS     OPER   

              3       5       14.77       500      610      700     1000     2100   
                                          VAR    BASINP    GEOM     BASIS     RHF  

 PROGRAMS   *        TOTAL       INT   RESTART
 CPU TIMES  *         0.35      0.21      0.02
 REAL TIME  *         0.85 SEC
 DISK USED  *        49.41 MB
 **********************************************************************************************************************************


 PROGRAM * FCI (Full CI)     Author: P.J. Knowles, 1984


 Molecular orbitals read from record     2100.3  Type=RHF/CANONICAL (state 1.1)

 Frozen orbitals:              0 (  0  0  0  0  0  0  0  0)
 Active orbitals:              4 (  2  0  0  0  2  0  0  0)
 Active electrons:             2
 Spin quantum number:          0.0
 Orbital pairs:                     6       0       0       0       4       0       0       0
 Strings:                           2       0       0       0       2       0       0       0
                                    2       0       0       0       2       0       0       0
 Determinants:                              8               0               0               0
                                            8               0               0               0

 Load integrals                1.4 sec
 Transform integrals           1.4 sec
 Storage for integrals:             88
 Remaining memory:           399999064

 Core energy:               0.20000000
 Run Hamiltonian processor DAVIDSON
 Symmetry:                   1
 Trial vector:                  0.00
 Result vector:                 0.00
 Maximum iterations:           90
 Convergence threshold:         0.0000100
 RHS vector:                    0.00
 Hamiltonian shift:             0.0000000
 Output threshold:              0.0000000
 Options:                        0
 Number of roots:             1

 Hamiltonian diagonaliser entered at time      1.39

 Initial configuration generated:
       1      1.0000000     -0.8431856

 It  Tr    CPU  Convergence   Energy       Pop     dE(next)

  1   1    1.4  1.00000000    -0.84318559
                                           0.12 -0.35649083 -0.34377276
  2   1    1.4  0.60730921    -0.98607634
                                           0.50 -0.01097902 -0.01094698
  3   1    1.4  0.11568827    -0.99919376
                                           0.12 -0.00009028 -0.00008256
  4   1    1.4  0.00604636    -0.99927741
                                           0.12 -0.00001402 -0.00001401
  5   1    1.4  0.00267827    -0.99929187
                                           0.50 -0.00000005 -0.00000005
  6   1    1.4  0.00016959    -0.99929191


RESULTS FOR STATE  1.1
=====================

 Correlation energy                    -0.156106320464
 !FCI STATE  1.1 Energy                -0.999291908687
 CI Vector (threshold=  0.00    )
       0.781771118691  1  1
       0.061389372097  1  2
       0.061389372097  2  1
       0.002689301125  2  2
      -0.612568505020  3  3
      -0.054814463832  3  4
      -0.054814463832  4  3
      -0.006320711524  4  4
 /EOF
 !FCI STATE  1.1 Dipole moment          0.00000000     0.00000000     0.00000000
 Dipole moment /Debye                   0.00000000     0.00000000     0.00000000


 **********************************************************************************************************************************
 DATASETS  * FILE   NREC   LENGTH (MB)   RECORD NAMES
              1      19       29.93       500      700      610      900      950      970     1000      129      960     1100   
                                          VAR     GEOM    BASINP   SYMINP    ZMAT    AOBASIS   BASIS     P2S    ABASIS      S 
                                         1400     1410     1200     1210     1080     1600     1650     1300     1700   
                                           T        V       H0       H01     AOSYM     SMH    MOLCAS    ERIS     OPER   

              3       5       14.77       500      610      700     1000     2100   
                                          VAR    BASINP    GEOM     BASIS     RHF  

 PROGRAMS   *        TOTAL       FCI       INT   RESTART
 CPU TIMES  *         0.36      0.01      0.21      0.02
 REAL TIME  *         0.86 SEC
 DISK USED  *        49.41 MB
 **********************************************************************************************************************************
 Molecular orbitals read from record     2100.3  Type=RHF/CANONICAL (state 1.1)
 Occupation numbers read from record     2100.3  Type=RHF/RHF (state 1.1)
 Orbital energies read from record       2100.3  Type=RHF/CANONICAL (state 1.1)
 Redundancy group numbers read from rec  2100.3  Type=RHF/RHF (state 1.1)

 FCI/6-31G energy=     -0.999291908687

             FCI
     -0.99929191
 **********************************************************************************************************************************
 Molpro calculation terminated
