
 Primary working directories    : /scr/yuriaoto/job.023488/molpro.z3mjIqNu45
 Secondary working directories  : /scr/yuriaoto/job.023488/molpro.z3mjIqNu45
 Wavefunction directory         : /scr/yuriaoto/job.023488/
 Main file repository           : /scr/yuriaoto/job.023488/molpro.z3mjIqNu45/

 id        : yuriaoto

 Nodes             nprocs
 t-rex.ufabc.int.br    1

 Using customized tuning parameters: mindgm=8; mindgv=16; mindgc=1; mindgr=1; noblas=0; minvec=7
 default implementation of scratch files=df  


 Variables initialized (933), CPU time= 0.00 sec
 ***,
 memory,40,m
 gprint,orbital,basis,civector
 gthresh,thrprint=0,printci=0.0
 file,3,wfu.dat,old
 
 {ccsd,CC_NORM_MAX=10.0
 thresh,printci=0.0,ENERGY=1.0E-10,COEFF=1.0E-12
 print,ref=1
 wf,6,1,0;
 }
 
 Commands  initialized (760), CPU time= 0.02 sec, 617 directives.
 Default parameters read. Elapsed time= 0.05 sec

 Checking input...
 Passed
1


                                         ***  PROGRAM SYSTEM MOLPRO  ***
                                       Copyright, TTI GmbH Stuttgart, 2015
                                    Version 2019.2 linked Abr  7 2019 15:10:35


 **********************************************************************************************************************************
 LABEL *                                                                                 
  64 bit serial version                                                                  DATE: 02-Jun-20          TIME: 00:55:15  
 **********************************************************************************************************************************

 SHA1:             3a8a58c585c929645742fb5a1b7541a4ad1da699
 **********************************************************************************************************************************


 THRESHOLDS:

 ZERO    =  1.00D-12  ONEINT  =  1.00D-12  TWOINT  =  1.00D-11  PREFAC  =  1.00D-14  XXXXXX  =  1.00D-09  EORDER  =  1.00D-04
 ENERGY  =  0.00D+00  ETEST   =  0.00D+00  EDENS   =  0.00D+00  THRDEDEF=  1.00D-06  GRADIENT=  1.00D-02  STEP    =  1.00D-03
 ORBITAL =  1.00D-05  CIVEC   =  1.00D-05  COEFF   =  1.00D-04  PRINTCI =  0.00D+00  PUNCHCI =  9.90D+01  OPTGRAD =  3.00D-04
 OPTENERG=  1.00D-06  OPTSTEP =  3.00D-04  THRGRAD =  1.00D-10  COMPRESS=  1.00D-11  VARMIN  =  1.00D-07  VARMAX  =  1.00D-03
 THRDOUB =  0.00D+00  THRDIV  =  1.00D-05  THRRED  =  1.00D-07  THRPSP  =  1.00D+00  THRDC   =  1.00D-10  THRCS   =  1.00D-10
 THRNRM  =  1.00D-08  THREQ   =  0.00D+00  THRDE   =  1.00D+00  THRREF  =  1.00D-05  SPARFAC =  1.00D+00  THRDLP  =  1.00D-07
 THRDIA  =  1.00D-10  THRDLS  =  1.00D-07  THRGPS  =  0.00D+00  THRKEX  =  0.00D+00  THRDIS  =  2.00D-01  THRVAR  =  1.00D-10
 THRLOC  =  1.00D-06  THRGAP  =  1.00D-06  THRLOCT = -1.00D+00  THRGAPT = -1.00D+00  THRORB  =  1.00D-06  THRMLTP =  0.00D+00
 THRCPQCI=  1.00D-10  KEXTA   =  0.00D+00  THRCOARS=  0.00D+00  SYMTOL  =  1.00D-06  GRADTOL =  1.00D-06  THROVL  =  1.00D-08
 THRORTH =  1.00D-08  GRID    =  1.00D-06  GRIDMAX =  1.00D-03  DTMAX   =  0.00D+00  THROCCDE=  1.00D-01  THROCCDE=  1.00D-01
 THRPRINT=  0.00D+00


 Variable memory set to   40000000 words,  buffer space 



 Permanent file  3  wfu.dat  assigned.  Implementation=df    Size= 14.09 MB


 PROGRAM * RESTART 


 Reading variables from file 3

 _FNUC           =      0.00000000
 _BASIS          =    6-31G
 _NELEC          =      6.00000000
 _PROGRAM        =    RHF-SCF
 _DMZ            =      0.00000000
 _DMX_SCF        =      0.00000000
 _DMY_SCF        =      0.00000000
 _DMZ_SCF        =      0.00000000
 _HOMO           =      3.10000000
 _EHOMO          =     -0.17851736
 _LUMO           =      4.10000000
 _ELUMO          =      0.01777251
 _ENERGY         =    -14.86544674
 _ENERGY_METHOD  =    RHF
 _ENERGY_BASIS   =    6-31G
 _ENUC           =      1.80000000
 _EPS1(1:10)     =     -2.44083670    -2.44048575    -0.17851736     0.01777251     0.06347959     0.13971386
                        0.19419351     0.22544151     0.26575149     0.54809026
 _EPS2(1:4)      =      0.04562594     0.09250729     0.20818036     0.27049360
 _EPS3(1:4)      =      0.04562594     0.09250729     0.20818036     0.27049360
 _IPROC_MPP      =      0.00000000
 _IPROC_MPPX     =      0.00000000
 _ORBITAL        =   2100.30000000
 _STATUS         =      1.00000000
 _DATE           =    21-Oct-19
 _LASTORB        =    RHF
 _OUTPUT         =    /scr/yuriaoto/job.022410/RHF.xml
 _PGROUP         =    C2v 
 _TIME           =    10:38:06
 R               =      5.00000000

 Geometry written to block  1 of record 700


 **********************************************************************************************************************************
 DATASETS  * FILE   NREC   LENGTH (MB)   RECORD NAMES
              3       5       14.77       500      610      700     1000     2100   
                                          VAR    BASINP    GEOM     BASIS     RHF  

 PROGRAMS   *        TOTAL   RESTART
 CPU TIMES  *         0.13      0.01
 REAL TIME  *         0.16 SEC
 DISK USED  *        26.84 MB
 **********************************************************************************************************************************


 Recomputing integrals since basis changed


 Using spherical harmonics

 Library entry LI     S 6-31G                selected for orbital group  1
 Library entry LI     P 6-31G                selected for orbital group  1


 PROGRAM * SEWARD (Integral evaluation for generally contracted gaussian basis sets)     Author: Roland Lindh, 1990

 Geometry written to block  1 of record 700

 Orientation using atomic masses  
 Molecule type: Linear
 User-specified symmetry elements: X,Y
 Symmetry elements: X,Y
 Rotational constants:      20.8009354     20.8009354      0.0000000 GHz  (calculated with average atomic masses)

 Point group  C2v 



 ATOMIC COORDINATES

 NR  ATOM    CHARGE       X              Y              Z

   1  LI1     3.00    0.000000000    0.000000000   -2.500000000
   2  LI2     3.00    0.000000000    0.000000000    2.500000000

 Bond lengths in Bohr (Angstrom)

 1-2  5.000000000
     ( 2.645886055)


 BASIS DATA

   Nr Sym  Nuc  Type         Exponents   Contraction coefficients

    1.1 A1    1  1s         642.418910     0.002143
                             96.798515     0.016209
                             22.091121     0.077316
                              6.201070     0.245786
                              1.935118     0.470189
                              0.636736     0.345471
    2.1 A1    1  1s           2.324918    -0.035092
                              0.632430    -0.191233
                              0.079053     1.083988
    3.1 A1    1  1s           0.035962     1.000000
    4.1 A1    1  2pz          2.324918     0.008942
                              0.632430     0.141009
                              0.079053     0.945364
    5.1 A1    1  2pz          0.035962     1.000000
    6.1 A1    2  1s         642.418910     0.002143
                             96.798515     0.016209
                             22.091121     0.077316
                              6.201070     0.245786
                              1.935118     0.470189
                              0.636736     0.345471
    7.1 A1    2  1s           2.324918    -0.035092
                              0.632430    -0.191233
                              0.079053     1.083988
    8.1 A1    2  1s           0.035962     1.000000
    9.1 A1    2  2pz          2.324918     0.008942
                              0.632430     0.141009
                              0.079053     0.945364
   10.1 A1    2  2pz          0.035962     1.000000
    1.2 B1    1  2px          2.324918     0.008942
                              0.632430     0.141009
                              0.079053     0.945364
    2.2 B1    1  2px          0.035962     1.000000
    3.2 B1    2  2px          2.324918     0.008942
                              0.632430     0.141009
                              0.079053     0.945364
    4.2 B1    2  2px          0.035962     1.000000
    1.3 B2    1  2py          2.324918     0.008942
                              0.632430     0.141009
                              0.079053     0.945364
    2.3 B2    1  2py          0.035962     1.000000
    3.3 B2    2  2py          2.324918     0.008942
                              0.632430     0.141009
                              0.079053     0.945364
    4.3 B2    2  2py          0.035962     1.000000

 NUCLEAR CHARGE:                    6
 NUMBER OF PRIMITIVE AOS:          44
 NUMBER OF SYMMETRY AOS:           44
 NUMBER OF CONTRACTIONS:           18   (   10A1  +    4B1  +    4B2  +    0A2  )
 NUMBER OF CORE ORBITALS:           2   (    2A1  +    0B1  +    0B2  +    0A2  )
 NUMBER OF VALENCE ORBITALS:        8   (    4A1  +    2B1  +    2B2  +    0A2  )


 NUCLEAR REPULSION ENERGY    1.80000000

 Eigenvalues of metric

         1 0.422E-02 0.103E+00 0.112E+00 0.166E+00 0.180E+00 0.946E+00 0.962E+00 0.140E+01
         2 0.108E+00 0.252E+00 0.907E+00 0.273E+01
         3 0.108E+00 0.252E+00 0.907E+00 0.273E+01


 Contracted 2-electron integrals neglected if value below      1.0D-11
 AO integral compression algorithm  1   Integral accuracy      1.0D-11

     0.262 MB (compressed) written to integral file (100.0%)


 NUMBER OF SORTED TWO-ELECTRON INTEGRALS:       5250.     BUFFER LENGTH:  32768
 NUMBER OF SEGMENTS:   1  SEGMENT LENGTH:       5250      RECORD LENGTH: 524288

 Memory used in sort:       0.56 MW

 SORT1 READ        7911. AND WROTE        4926. INTEGRALS IN      1 RECORDS. CPU TIME:     0.00 SEC, REAL TIME:     0.00 SEC
 SORT2 READ        4926. AND WROTE        5250. INTEGRALS IN      1 RECORDS. CPU TIME:     0.01 SEC, REAL TIME:     0.01 SEC

 FILE SIZES:   FILE 1:    30.2 MBYTE,  FILE 4:     4.2 MBYTE,   TOTAL:     34.4 MBYTE

 OPERATOR DM      FOR CENTER  0  COORDINATES:    0.000000    0.000000    0.000000


 **********************************************************************************************************************************
 DATASETS  * FILE   NREC   LENGTH (MB)   RECORD NAMES
              1      19       29.98       500      700      610      900      950      970     1000      129      960     1100   
                                          VAR     GEOM    BASINP   SYMINP    ZMAT    AOBASIS   BASIS     P2S    ABASIS      S 
                                         1400     1410     1200     1210     1080     1600     1650     1300     1700   
                                           T        V       H0       H01     AOSYM     SMH    MOLCAS    ERIS     OPER   

              3       5       14.77       500      610      700     1000     2100   
                                          VAR    BASINP    GEOM     BASIS     RHF  

 PROGRAMS   *        TOTAL       INT   RESTART
 CPU TIMES  *         0.28      0.15      0.01
 REAL TIME  *         0.48 SEC
 DISK USED  *        49.44 MB
 **********************************************************************************************************************************


 PROGRAM * CCSD (Closed-shell coupled cluster)     Authors: C. Hampel, H.-J. Werner, 1991, M. Deegan, P.J. Knowles, 1992


 Input parameters for THRESH:

 ENERGY   =    1.00D-10
 COEFF    =    1.00D-12
 PRINTCI  =    0.000000
 THRPRINT =    0.000000

 Convergence thresholds:  THRVAR = 1.00D-24  THRDEN = 1.00D-10

 Number of core orbitals:           2 (   2   0   0 )
 Number of closed-shell orbitals:   1 (   1   0   0 )
 Number of external orbitals:      15 (   7   4   4 )

 Molecular orbitals read from record     2100.3  Type=RHF/CANONICAL (state 1.1)

 Number of N-1 electron functions:               1
 Number of N-2 electron functions:               1
 Number of singly external CSFs:                 7
 Number of doubly external CSFs:                48
 Total number of CSFs:                          56

 Length of J-op  integral file:               0.00 MB
 Length of K-op  integral file:               0.04 MB
 Length of 3-ext integral record:             0.00 MB

 Integral transformation finished. Total CPU:   0.00 sec, npass=  1  Memory used:   0.07 MW

 Reference energy:                    -14.86544674

 MP2 singlet pair energy:              -0.01556723
 MP2 triplet pair energy:               0.00000000
 MP2 correlation energy:               -0.01556723
 MP2 total energy:                    -14.88101397

 SCS-MP2 correlation energy:           -0.01868067   (PS=  1.200000  PT=  0.333333)
 SCS-MP2 total energy:                -14.88412741

 ITER.      SQ.NORM     CORR.ENERGY   TOTAL ENERGY   ENERGY CHANGE        DEN1      VAR(S)    VAR(P)  DIIS     TIME  TIME/IT
   1      1.04771649    -0.02367079   -14.88911753    -0.00810356    -0.00434472  0.11D-03  0.28D-02  1  1     0.02     0.00
   2      1.08854398    -0.02716828   -14.89261502    -0.00349748    -0.00626752  0.16D-04  0.21D-03  2  2     0.02     0.00
   3      1.09756593    -0.02692918   -14.89237592     0.00023910    -0.00065327  0.25D-05  0.10D-04  3  3     0.02     0.00
   4      1.10276433    -0.02739066   -14.89283740    -0.00046149    -0.00052937  0.37D-07  0.11D-05  4  4     0.03     0.00
   5      1.09980917    -0.02700515   -14.89245189     0.00038552     0.00035234  0.73D-07  0.96D-07  5  5     0.03     0.00
   6      1.10165368    -0.02721632   -14.89266306    -0.00021117    -0.00020490  0.39D-08  0.21D-07  6  6     0.03     0.00
   7      1.10114712    -0.02715841   -14.89260515     0.00005791     0.00005509  0.21D-08  0.21D-08  6  1     0.03     0.00
   8      1.10132591    -0.02717812   -14.89262486    -0.00001971    -0.00001850  0.25D-10  0.30D-09  6  4     0.03     0.00
   9      1.10124893    -0.02717012   -14.89261686     0.00000801     0.00000786  0.40D-10  0.23D-10  6  3     0.04     0.00
  10      1.10126217    -0.02717157   -14.89261831    -0.00000146    -0.00000138  0.88D-11  0.54D-11  6  2     0.04     0.00
  11      1.10126200    -0.02717157   -14.89261831    -0.00000000     0.00000000  0.18D-11  0.12D-11  6  6     0.04     0.00
  12      1.10126156    -0.02717158   -14.89261832    -0.00000000     0.00000002  0.50D-13  0.30D-12  6  5     0.04     0.00
  13      1.10126147    -0.02717158   -14.89261832    -0.00000000     0.00000000  0.13D-13  0.11D-12  6  1     0.04     0.00
  14      1.10126146    -0.02717158   -14.89261832    -0.00000000     0.00000000  0.20D-14  0.11D-13  6  4     0.05     0.00
  15      1.10126148    -0.02717158   -14.89261832     0.00000000    -0.00000000  0.63D-15  0.18D-14  6  3     0.05     0.00
  16      1.10126149    -0.02717158   -14.89261832     0.00000000    -0.00000000  0.23D-15  0.40D-15  6  2     0.05     0.00
  17      1.10126149    -0.02717158   -14.89261832    -0.00000000     0.00000000  0.66D-16  0.18D-15  6  6     0.05     0.00
  18      1.10126147    -0.02717158   -14.89261832    -0.00000000     0.00000000  0.41D-17  0.11D-16  6  5     0.05     0.00
  19      1.10126147    -0.02717158   -14.89261832    -0.00000000     0.00000000  0.14D-17  0.13D-17  6  1     0.05     0.00
  20      1.10126147    -0.02717158   -14.89261832     0.00000000    -0.00000000  0.31D-18  0.31D-18  6  4     0.05     0.00
  21      1.10126147    -0.02717158   -14.89261832     0.00000000    -0.00000000  0.11D-18  0.14D-18  6  3     0.06     0.00
  22      1.10126147    -0.02717158   -14.89261832    -0.00000000     0.00000000  0.68D-20  0.28D-19  6  2     0.06     0.00
  23      1.10126147    -0.02717158   -14.89261832     0.00000000    -0.00000000  0.24D-21  0.29D-20  6  6     0.06     0.00
  24      1.10126147    -0.02717158   -14.89261832    -0.00000000     0.00000000  0.32D-21  0.80D-21  6  5     0.06     0.00
  25      1.10126147    -0.02717158   -14.89261832    -0.00000000     0.00000000  0.22D-21  0.29D-21  6  1     0.06     0.00
  26      1.10126147    -0.02717158   -14.89261832     0.00000000    -0.00000000  0.34D-23  0.26D-22  6  4     0.06     0.00
  27      1.10126147    -0.02717158   -14.89261832     0.00000000    -0.00000000  0.15D-23  0.24D-23  6  3     0.07     0.00
  28      1.10126147    -0.02717158   -14.89261832    -0.00000000    -0.00000000  0.33D-24  0.54D-24  6  2     0.07     0.00

 Norm of t1 vector:      0.03631721      S-energy:     0.00000000      T1 diagnostic:  0.01815860
                                                                       D1 diagnostic:  0.02568015

 Singles amplitudes (print threshold =  0.000E+00):

         I         SYM. A    A   T(IA)

         1         1         1     -0.00000000
         1         1         2     -0.01681135
         1         1         3      0.00000000
         1         1         4      0.00883413
         1         1         5      0.01728602
         1         1         6     -0.00000000
         1         1         7      0.00000000

 Doubles amplitudes (print threshold =  0.000E+00):

         I         J         SYM. A    SYM. B    A         B      T(IJ, AB)

         1         1         1         1         1         1     -0.10488277
         1         1         1         1         1         2     -0.00000000
         1         1         1         1         1         3      0.06201372
         1         1         1         1         1         4      0.00000000
         1         1         1         1         1         5      0.00000000
         1         1         1         1         1         6     -0.00401345
         1         1         1         1         1         7      0.02556298
         1         1         1         1         2         1     -0.00000000
         1         1         1         1         2         2     -0.07086895
         1         1         1         1         2         3     -0.00000000
         1         1         1         1         2         4      0.05700595
         1         1         1         1         2         5      0.00171054
         1         1         1         1         2         6      0.00000000
         1         1         1         1         2         7      0.00000000
         1         1         1         1         3         1      0.06201372
         1         1         1         1         3         2     -0.00000000
         1         1         1         1         3         3     -0.03954377
         1         1         1         1         3         4      0.00000000
         1         1         1         1         3         5      0.00000000
         1         1         1         1         3         6      0.00233390
         1         1         1         1         3         7     -0.01827984
         1         1         1         1         4         1      0.00000000
         1         1         1         1         4         2      0.05700595
         1         1         1         1         4         3      0.00000000
         1         1         1         1         4         4     -0.05464708
         1         1         1         1         4         5      0.00298987
         1         1         1         1         4         6     -0.00000000
         1         1         1         1         4         7      0.00000000
         1         1         1         1         5         1      0.00000000
         1         1         1         1         5         2      0.00171054
         1         1         1         1         5         3      0.00000000
         1         1         1         1         5         4      0.00298987
         1         1         1         1         5         5     -0.00432623
         1         1         1         1         5         6     -0.00000000
         1         1         1         1         5         7     -0.00000000
         1         1         1         1         6         1     -0.00401345
         1         1         1         1         6         2      0.00000000
         1         1         1         1         6         3      0.00233390
         1         1         1         1         6         4     -0.00000000
         1         1         1         1         6         5     -0.00000000
         1         1         1         1         6         6      0.00003434
         1         1         1         1         6         7      0.00109453
         1         1         1         1         7         1      0.02556298
         1         1         1         1         7         2      0.00000000
         1         1         1         1         7         3     -0.01827984
         1         1         1         1         7         4      0.00000000
         1         1         1         1         7         5     -0.00000000
         1         1         1         1         7         6      0.00109453
         1         1         1         1         7         7     -0.01161590
         1         1         2         2         1         1     -0.14314931
         1         1         2         2         1         2     -0.00000000
         1         1         2         2         1         3     -0.06952530
         1         1         2         2         1         4      0.00000000
         1         1         2         2         2         1     -0.00000000
         1         1         2         2         2         2      0.00085841
         1         1         2         2         2         3     -0.00000000
         1         1         2         2         2         4     -0.00096232
         1         1         2         2         3         1     -0.06952530
         1         1         2         2         3         2     -0.00000000
         1         1         2         2         3         3     -0.03689421
         1         1         2         2         3         4      0.00000000
         1         1         2         2         4         1      0.00000000
         1         1         2         2         4         2     -0.00096232
         1         1         2         2         4         3      0.00000000
         1         1         2         2         4         4     -0.00312530
         1         1         3         3         1         1     -0.14314931
         1         1         3         3         1         2     -0.00000000
         1         1         3         3         1         3     -0.06952530
         1         1         3         3         1         4      0.00000000
         1         1         3         3         2         1     -0.00000000
         1         1         3         3         2         2      0.00085841
         1         1         3         3         2         3     -0.00000000
         1         1         3         3         2         4     -0.00096232
         1         1         3         3         3         1     -0.06952530
         1         1         3         3         3         2     -0.00000000
         1         1         3         3         3         3     -0.03689421
         1         1         3         3         3         4      0.00000000
         1         1         3         3         4         1      0.00000000
         1         1         3         3         4         2     -0.00096232
         1         1         3         3         4         3      0.00000000
         1         1         3         3         4         4     -0.00312530


 RESULTS
 =======

  Reference energy                    -14.865446739068
  CCSD singlet pair energy             -0.027171582042
  CCSD triplet pair energy              0.000000000000
  CCSD correlation energy              -0.027171580480

 !CCSD total energy                   -14.892618319549

 Timing summary (sec):

 STEP                 CPU(USER)    SYS     CPU(TOT)    WALL
 CCSD iterations         0.07      0.02      0.09      0.07

 Program statistics:

 Available memory in ccsd:                39999196
 Min. memory needed in ccsd:                  1901
 Max. memory used in ccsd:                    1901
 Max. memory used in cckext:                 34415 (28 integral passes)



 **********************************************************************************************************************************
 DATASETS  * FILE   NREC   LENGTH (MB)   RECORD NAMES
              1      20       29.99       500      700      610      900      950      970     1000      129      960     1100   
                                          VAR     GEOM    BASINP   SYMINP    ZMAT    AOBASIS   BASIS     P2S    ABASIS      S 
                                         1400     1410     1200     1210     1080     1600     1650     1300     1700     1380   
                                           T        V       H0       H01     AOSYM     SMH    MOLCAS    ERIS     OPER     JKOP   

              3       5       14.77       500      610      700     1000     2100   
                                          VAR    BASINP    GEOM     BASIS     RHF  

 PROGRAMS   *        TOTAL      CCSD       INT   RESTART
 CPU TIMES  *         0.40      0.12      0.15      0.01
 REAL TIME  *         0.62 SEC
 DISK USED  *        49.44 MB
 **********************************************************************************************************************************
 Molecular orbitals read from record     2100.3  Type=RHF/CANONICAL (state 1.1)
 Occupation numbers read from record     2100.3  Type=RHF/RHF (state 1.1)
 Orbital energies read from record       2100.3  Type=RHF/CANONICAL (state 1.1)
 Redundancy group numbers read from rec  2100.3  Type=RHF/RHF (state 1.1)

 CCSD/6-31G energy=    -14.892618319549

            CCSD
    -14.89261832
 **********************************************************************************************************************************
 Molpro calculation terminated
