
 Primary working directories    : /scr/yuriaoto/job.023373/molpro.Lvmp19oGup
 Secondary working directories  : /scr/yuriaoto/job.023373/molpro.Lvmp19oGup
 Wavefunction directory         : /scr/yuriaoto/job.023373/
 Main file repository           : /scr/yuriaoto/job.023373/molpro.Lvmp19oGup/

 id        : yuriaoto

 Nodes             nprocs
 t-rex.ufabc.int.br    1

 Using customized tuning parameters: mindgm=8; mindgv=16; mindgc=1; mindgr=1; noblas=0; minvec=7
 default implementation of scratch files=df  


 Variables initialized (933), CPU time= 0.00 sec
 ***,
 memory,40,m
 gprint,orbital,basis,civector
 gthresh,thrprint=0,printci=0.0
 file,3,wfu.dat,old
 
 {cisd,CC_NORM_MAX=10.0
 thresh,printci=0.0,ENERGY=1.0E-10,COEFF=1.0E-12
 print,ref=1
 wf,10,1,0;
 }
 
 Commands  initialized (760), CPU time= 0.01 sec, 617 directives.
 Default parameters read. Elapsed time= 0.03 sec

 Checking input...
 Passed
1


                                         ***  PROGRAM SYSTEM MOLPRO  ***
                                       Copyright, TTI GmbH Stuttgart, 2015
                                    Version 2019.2 linked Abr  7 2019 15:10:35


 **********************************************************************************************************************************
 LABEL *                                                                                 
  64 bit serial version                                                                  DATE: 02-Jun-20          TIME: 00:09:48  
 **********************************************************************************************************************************

 SHA1:             3a8a58c585c929645742fb5a1b7541a4ad1da699
 **********************************************************************************************************************************


 THRESHOLDS:

 ZERO    =  1.00D-12  ONEINT  =  1.00D-12  TWOINT  =  1.00D-11  PREFAC  =  1.00D-14  XXXXXX  =  1.00D-09  EORDER  =  1.00D-04
 ENERGY  =  0.00D+00  ETEST   =  0.00D+00  EDENS   =  0.00D+00  THRDEDEF=  1.00D-06  GRADIENT=  1.00D-02  STEP    =  1.00D-03
 ORBITAL =  1.00D-05  CIVEC   =  1.00D-05  COEFF   =  1.00D-04  PRINTCI =  0.00D+00  PUNCHCI =  9.90D+01  OPTGRAD =  3.00D-04
 OPTENERG=  1.00D-06  OPTSTEP =  3.00D-04  THRGRAD =  1.00D-10  COMPRESS=  1.00D-11  VARMIN  =  1.00D-07  VARMAX  =  1.00D-03
 THRDOUB =  0.00D+00  THRDIV  =  1.00D-05  THRRED  =  1.00D-07  THRPSP  =  1.00D+00  THRDC   =  1.00D-10  THRCS   =  1.00D-10
 THRNRM  =  1.00D-08  THREQ   =  0.00D+00  THRDE   =  1.00D+00  THRREF  =  1.00D-05  SPARFAC =  1.00D+00  THRDLP  =  1.00D-07
 THRDIA  =  1.00D-10  THRDLS  =  1.00D-07  THRGPS  =  0.00D+00  THRKEX  =  0.00D+00  THRDIS  =  2.00D-01  THRVAR  =  1.00D-10
 THRLOC  =  1.00D-06  THRGAP  =  1.00D-06  THRLOCT = -1.00D+00  THRGAPT = -1.00D+00  THRORB  =  1.00D-06  THRMLTP =  0.00D+00
 THRCPQCI=  1.00D-10  KEXTA   =  0.00D+00  THRCOARS=  0.00D+00  SYMTOL  =  1.00D-06  GRADTOL =  1.00D-06  THROVL  =  1.00D-08
 THRORTH =  1.00D-08  GRID    =  1.00D-06  GRIDMAX =  1.00D-03  DTMAX   =  0.00D+00  THROCCDE=  1.00D-01  THROCCDE=  1.00D-01
 THRPRINT=  0.00D+00


 Variable memory set to   40000000 words,  buffer space 



 Permanent file  3  wfu.dat  assigned.  Implementation=df    Size= 14.09 MB


 PROGRAM * RESTART 


 Reading variables from file 3

 _FNUC           =      0.00000000
 _BASIS          =    6-31G
 _NELEC          =     10.00000000
 _PROGRAM        =    HF-SCF
 _DMZ            =      1.03598798
 _DMX_SCF        =      0.00000000
 _DMY_SCF        =      0.00000000
 _DMZ_SCF        =      1.03598798
 _HOMO           =      1.20000000
 _EHOMO          =     -0.50128600
 _LUMO           =      4.10000000
 _ELUMO          =      0.20310195
 _ENERGY         =    -75.98390244
 _ENERGY_METHOD  =    HF
 _ENERGY_BASIS   =    6-31G
 _ENUC           =      9.16842912
 _EPS1(1:3)      =    -20.56102543    -1.35503251    -0.56043835
 _EPS2           =     -0.50128600
 _EPS3           =     -0.70845397
 _IPROC_MPP      =      0.00000000
 _IPROC_MPPX     =      0.00000000
 _ORBITAL        =   2100.30000000
 _STATUS         =      1.00000000
 _DATE           =    21-Oct-19
 _LASTORB        =    RHF
 _OUTPUT         =    /scr/yuriaoto/job.022429/RHF.xml
 _PGROUP         =    C2v 
 _TIME           =    13:25:56
 R               =      0.96000000
 A               =    104.40000000

 Geometry written to block  1 of record 700


 **********************************************************************************************************************************
 DATASETS  * FILE   NREC   LENGTH (MB)   RECORD NAMES
              3       5       14.78       500      610      700     1000     2100   
                                          VAR    BASINP    GEOM     BASIS     RHF  

 PROGRAMS   *        TOTAL   RESTART
 CPU TIMES  *         0.09      0.02
 REAL TIME  *         0.11 SEC
 DISK USED  *        26.85 MB
 **********************************************************************************************************************************


 Recomputing integrals since basis changed


 Using spherical harmonics

 Library entry H      S 6-31G                selected for orbital group  1
 Library entry O      S 6-31G                selected for orbital group  2
 Library entry O      P 6-31G                selected for orbital group  2


 PROGRAM * SEWARD (Integral evaluation for generally contracted gaussian basis sets)     Author: Roland Lindh, 1990

 Geometry written to block  1 of record 700

 Orientation using atomic masses  
 Molecule type: Asymmetric top,     Order of principal axis = 2
 Symmetry elements: X,Y
 Rotational constants:     283.9621697    815.3763831    435.6978814 GHz  (calculated with average atomic masses)

 Point group  C2v 



 ATOMIC COORDINATES

 NR  ATOM    CHARGE       X              Y              Z

   1  H1      1.00    0.000000000   -1.433449507    0.987477933
   2  H2      1.00    0.000000000    1.433449507    0.987477933
   3  O       8.00    0.000000000    0.000000000   -0.124419479

 Bond lengths in Bohr (Angstrom)

 1-3  1.814137080  2-3  1.814137080
     ( 0.960000000)     ( 0.960000000)

 Bond angles

  1-3-2  104.40000000


 BASIS DATA

   Nr Sym  Nuc  Type         Exponents   Contraction coefficients

    1.1 A1    1  1s          18.731137     0.033495
              2  1s           2.825394     0.234727
                              0.640122     0.813757
    2.1 A1    1  1s           0.161278     1.000000
              2  1s    
    3.1 A1    3  1s        5484.671700     0.001831
                            825.234950     0.013950
                            188.046960     0.068445
                             52.964500     0.232714
                             16.897570     0.470193
                              5.799635     0.358521
    4.1 A1    3  1s          15.539616    -0.110778
                              3.599934    -0.148026
                              1.013762     1.130767
    5.1 A1    3  1s           0.270006     1.000000
    6.1 A1    3  2pz         15.539616     0.070874
                              3.599934     0.339753
                              1.013762     0.727159
    7.1 A1    3  2pz          0.270006     1.000000
    1.2 B1    3  2px         15.539616     0.070874
                              3.599934     0.339753
                              1.013762     0.727159
    2.2 B1    3  2px          0.270006     1.000000
    1.3 B2    1  1s          18.731137     0.033495
              2 -1s           2.825394     0.234727
                              0.640122     0.813757
    2.3 B2    1  1s           0.161278     1.000000
              2 -1s    
    3.3 B2    3  2py         15.539616     0.070874
                              3.599934     0.339753
                              1.013762     0.727159
    4.3 B2    3  2py          0.270006     1.000000

 NUCLEAR CHARGE:                   10
 NUMBER OF PRIMITIVE AOS:          30
 NUMBER OF SYMMETRY AOS:           30
 NUMBER OF CONTRACTIONS:           13   (    7A1  +    2B1  +    4B2  +    0A2  )
 NUMBER OF CORE ORBITALS:           1   (    1A1  +    0B1  +    0B2  +    0A2  )
 NUMBER OF VALENCE ORBITALS:        6   (    3A1  +    1B1  +    2B2  +    0A2  )


 NUCLEAR REPULSION ENERGY    9.16842912

 Eigenvalues of metric

         1 0.681E-01 0.322E+00 0.424E+00 0.681E+00 0.101E+01 0.163E+01 0.344E+01
         2 0.498E+00 0.150E+01
         3 0.120E+00 0.328E+00 0.742E+00 0.224E+01


 Contracted 2-electron integrals neglected if value below      1.0D-11
 AO integral compression algorithm  1   Integral accuracy      1.0D-11

     0.262 MB (compressed) written to integral file (100.0%)


 NUMBER OF SORTED TWO-ELECTRON INTEGRALS:       1649.     BUFFER LENGTH:  32768
 NUMBER OF SEGMENTS:   1  SEGMENT LENGTH:       1649      RECORD LENGTH: 524288

 Memory used in sort:       0.56 MW

 SORT1 READ        2701. AND WROTE        1487. INTEGRALS IN      1 RECORDS. CPU TIME:     0.00 SEC, REAL TIME:     0.00 SEC
 SORT2 READ        1487. AND WROTE        1649. INTEGRALS IN      1 RECORDS. CPU TIME:     0.01 SEC, REAL TIME:     0.01 SEC

 FILE SIZES:   FILE 1:    30.2 MBYTE,  FILE 4:     4.2 MBYTE,   TOTAL:     34.4 MBYTE

 OPERATOR DM      FOR CENTER  0  COORDINATES:    0.000000    0.000000    0.000000


 **********************************************************************************************************************************
 DATASETS  * FILE   NREC   LENGTH (MB)   RECORD NAMES
              1      19       29.97       500      700      610      900      950      970     1000      129      960     1100   
                                          VAR     GEOM    BASINP   SYMINP    ZMAT    AOBASIS   BASIS     P2S    ABASIS      S 
                                         1400     1410     1200     1210     1080     1600     1650     1300     1700   
                                           T        V       H0       H01     AOSYM     SMH    MOLCAS    ERIS     OPER   

              3       5       14.78       500      610      700     1000     2100   
                                          VAR    BASINP    GEOM     BASIS     RHF  

 PROGRAMS   *        TOTAL       INT   RESTART
 CPU TIMES  *         0.27      0.17      0.02
 REAL TIME  *         0.46 SEC
 DISK USED  *        49.46 MB
 **********************************************************************************************************************************


 PROGRAM * CISD (Closed-shell CI(SD))     Authors: C. Hampel, H.-J. Werner, 1991, M. Deegan, P.J. Knowles, 1992


 Input parameters for THRESH:

 ENERGY   =    1.00D-10
 COEFF    =    1.00D-12
 PRINTCI  =    0.000000
 THRPRINT =    0.000000

 Convergence thresholds:  THRVAR = 1.00D-24  THRDEN = 1.00D-10

 Number of core orbitals:           1 (   1   0   0 )
 Number of closed-shell orbitals:   4 (   2   1   1 )
 Number of external orbitals:       8 (   4   1   3 )

 Molecular orbitals read from record     2100.3  Type=RHF/CANONICAL (state 1.1)

 Number of N-1 electron functions:               4
 Number of N-2 electron functions:              10
 Number of singly external CSFs:                12
 Number of doubly external CSFs:               164
 Total number of CSFs:                         177

 Length of J-op  integral file:               0.00 MB
 Length of K-op  integral file:               0.04 MB

 Integral transformation finished. Total CPU:   0.00 sec, npass=  1  Memory used:   0.07 MW

 Reference energy:                    -75.98390244

 MP2 singlet pair energy:              -0.08318602
 MP2 triplet pair energy:              -0.04483730
 MP2 correlation energy:               -0.12802332
 MP2 total energy:                    -76.11192576

 SCS-MP2 correlation energy:           -0.12772199   (PS=  1.200000  PT=  0.333333)
 SCS-MP2 total energy:                -76.11162443

 ITER.      SQ.NORM     CORR.ENERGY   TOTAL ENERGY   ENERGY CHANGE        DEN1      VAR(S)    VAR(P)  DIIS     TIME  TIME/IT
   1      1.03713598    -0.12832663   -76.11222908    -0.00030331     0.00297961  0.33D-03  0.79D-03  1  1     0.02     0.00
   2      1.04012510    -0.12915064   -76.11305309    -0.00082401    -0.00354549  0.77D-05  0.83D-04  2  2     0.02     0.00
   3      1.04102515    -0.12937607   -76.11327851    -0.00022543    -0.00072835  0.17D-05  0.26D-05  3  3     0.03     0.00
   4      1.04114887    -0.12942079   -76.11332324    -0.00004472    -0.00008447  0.54D-07  0.17D-06  4  4     0.03     0.00
   5      1.04117935    -0.12942230   -76.11332475    -0.00000151    -0.00001903  0.16D-07  0.61D-08  5  5     0.03     0.00
   6      1.04118309    -0.12942242   -76.11332486    -0.00000011    -0.00000156  0.67D-09  0.30D-09  6  6     0.03     0.00
   7      1.04118366    -0.12942243   -76.11332487    -0.00000001    -0.00000000  0.95D-10  0.33D-10  6  1     0.04     0.00
   8      1.04118369    -0.12942243   -76.11332487    -0.00000000     0.00000022  0.26D-11  0.15D-11  6  2     0.04     0.00
   9      1.04118377    -0.12942243   -76.11332487    -0.00000000    -0.00000003  0.12D-12  0.81D-13  6  3     0.04     0.00
  10      1.04118378    -0.12942243   -76.11332487    -0.00000000    -0.00000000  0.17D-14  0.43D-14  6  4     0.04     0.00
  11      1.04118379    -0.12942243   -76.11332487    -0.00000000    -0.00000000  0.83D-16  0.15D-15  6  6     0.04     0.00
  12      1.04118379    -0.12942243   -76.11332487     0.00000000    -0.00000000  0.58D-17  0.46D-17  6  5     0.05     0.00
  13      1.04118379    -0.12942243   -76.11332487     0.00000000    -0.00000000  0.11D-18  0.18D-18  6  1     0.05     0.00
  14      1.04118379    -0.12942243   -76.11332487     0.00000000    -0.00000000  0.17D-19  0.10D-19  6  2     0.05     0.00
  15      1.04118379    -0.12942243   -76.11332487     0.00000000    -0.00000000  0.39D-21  0.46D-21  6  3     0.05     0.00
  16      1.04118379    -0.12942243   -76.11332487     0.00000000     0.00000000  0.32D-22  0.29D-22  6  6     0.05     0.00
  17      1.04118379    -0.12942243   -76.11332487     0.00000000     0.00000000  0.31D-24  0.99D-24  6  4     0.06     0.00
  18      1.04118379    -0.12942243   -76.11332487     0.00000000    -0.00000000  0.40D-25  0.68D-25  6  5     0.06     0.00


 ! DIPOLE MOMENTS:                      0.00000000     0.00000000     0.99871982



 Norm of t1 vector:      0.02294479      S-energy:    -0.00006544      T1 diagnostic:  0.00573620

 Singles amplitudes (print threshold =  0.000E+00):

         I         SYM. A    A   T(IA)

         1         1         1      0.00313632
         1         1         2     -0.00152375
         1         1         3     -0.00419919
         1         1         4     -0.00107281
         2         1         1      0.00838271
         2         1         2      0.00042011
         2         1         3     -0.00033484
         2         1         4     -0.00506019
         3         2         1      0.00533431
         4         3         1     -0.00625227
         4         3         2     -0.00264027
         4         3         3     -0.00784911

 Doubles amplitudes (print threshold =  0.000E+00):

         I         J         SYM. A    SYM. B    A         B      T(IJ, AB)

         1         1         1         1         1         1     -0.01553939
         1         1         1         1         1         2     -0.01207763
         1         1         1         1         1         3      0.00089658
         1         1         1         1         1         4     -0.00978365
         1         1         1         1         2         1     -0.01207763
         1         1         1         1         2         2     -0.01490914
         1         1         1         1         2         3      0.00060850
         1         1         1         1         2         4     -0.00647931
         1         1         1         1         3         1      0.00089658
         1         1         1         1         3         2      0.00060850
         1         1         1         1         3         3     -0.00600395
         1         1         1         1         3         4      0.00159287
         1         1         1         1         4         1     -0.00978365
         1         1         1         1         4         2     -0.00647931
         1         1         1         1         4         3      0.00159287
         1         1         1         1         4         4     -0.01231277
         1         1         2         2         1         1     -0.00868758
         1         1         3         3         1         1     -0.00778980
         1         1         3         3         1         2     -0.00328205
         1         1         3         3         1         3      0.00704319
         1         1         3         3         2         1     -0.00328205
         1         1         3         3         2         2     -0.00717481
         1         1         3         3         2         3      0.00309968
         1         1         3         3         3         1      0.00704319
         1         1         3         3         3         2      0.00309968
         1         1         3         3         3         3     -0.00902502
         2         1         1         1         1         1     -0.01477436
         2         1         1         1         1         2     -0.01163691
         2         1         1         1         1         3     -0.00082145
         2         1         1         1         1         4     -0.00619414
         2         1         1         1         2         1     -0.01360541
         2         1         1         1         2         2     -0.01315044
         2         1         1         1         2         3      0.00621635
         2         1         1         1         2         4     -0.00956349
         2         1         1         1         3         1     -0.00849735
         2         1         1         1         3         2      0.00045805
         2         1         1         1         3         3      0.00806393
         2         1         1         1         3         4     -0.01327177
         2         1         1         1         4         1     -0.00184358
         2         1         1         1         4         2     -0.00402757
         2         1         1         1         4         3     -0.00665794
         2         1         1         1         4         4     -0.00026582
         2         1         2         2         1         1      0.00303868
         2         1         3         3         1         1      0.00239356
         2         1         3         3         1         2     -0.00085341
         2         1         3         3         1         3     -0.00051343
         2         1         3         3         2         1      0.00285885
         2         1         3         3         2         2     -0.00498413
         2         1         3         3         2         3      0.00113727
         2         1         3         3         3         1     -0.00164535
         2         1         3         3         3         2      0.00198587
         2         1         3         3         3         3      0.00237754
         2         2         1         1         1         1     -0.02021689
         2         2         1         1         1         2     -0.01438356
         2         2         1         1         1         3     -0.00716572
         2         2         1         1         1         4     -0.00218627
         2         2         1         1         2         1     -0.01438356
         2         2         1         1         2         2     -0.02180763
         2         2         1         1         2         3     -0.01746762
         2         2         1         1         2         4      0.00303911
         2         2         1         1         3         1     -0.00716572
         2         2         1         1         3         2     -0.01746762
         2         2         1         1         3         3     -0.03289446
         2         2         1         1         3         4      0.00745395
         2         2         1         1         4         1     -0.00218627
         2         2         1         1         4         2      0.00303911
         2         2         1         1         4         3      0.00745395
         2         2         1         1         4         4     -0.00654577
         2         2         2         2         1         1     -0.00580402
         2         2         3         3         1         1     -0.01673058
         2         2         3         3         1         2     -0.01318731
         2         2         3         3         1         3      0.00564026
         2         2         3         3         2         1     -0.01318731
         2         2         3         3         2         2     -0.01622280
         2         2         3         3         2         3      0.00408489
         2         2         3         3         3         1      0.00564026
         2         2         3         3         3         2      0.00408489
         2         2         3         3         3         3     -0.00516887
         3         3         1         1         1         1     -0.01204035
         3         3         1         1         1         2     -0.00656310
         3         3         1         1         1         3      0.00332886
         3         3         1         1         1         4     -0.00588693
         3         3         1         1         2         1     -0.00656310
         3         3         1         1         2         2     -0.00667880
         3         3         1         1         2         3      0.00096595
         3         3         1         1         2         4      0.00019267
         3         3         1         1         3         1      0.00332886
         3         3         1         1         3         2      0.00096595
         3         3         1         1         3         3     -0.00682123
         3         3         1         1         3         4      0.00228742
         3         3         1         1         4         1     -0.00588693
         3         3         1         1         4         2      0.00019267
         3         3         1         1         4         3      0.00228742
         3         3         1         1         4         4     -0.01255766
         3         3         2         2         1         1     -0.05114775
         3         3         3         3         1         1     -0.00460864
         3         3         3         3         1         2     -0.00174002
         3         3         3         3         1         3      0.00346847
         3         3         3         3         2         1     -0.00174002
         3         3         3         3         2         2     -0.00124358
         3         3         3         3         2         3     -0.00002652
         3         3         3         3         3         1      0.00346847
         3         3         3         3         3         2     -0.00002652
         3         3         3         3         3         3     -0.00469244
         4         4         1         1         1         1     -0.01961063
         4         4         1         1         1         2     -0.01414954
         4         4         1         1         1         3      0.00571239
         4         4         1         1         1         4     -0.00333261
         4         4         1         1         2         1     -0.01414954
         4         4         1         1         2         2     -0.02275692
         4         4         1         1         2         3      0.00880368
         4         4         1         1         2         4      0.00058698
         4         4         1         1         3         1      0.00571239
         4         4         1         1         3         2      0.00880368
         4         4         1         1         3         3     -0.00663460
         4         4         1         1         3         4      0.00113452
         4         4         1         1         4         1     -0.00333261
         4         4         1         1         4         2      0.00058698
         4         4         1         1         4         3      0.00113452
         4         4         1         1         4         4     -0.00517291
         4         4         2         2         1         1     -0.00315292
         4         4         3         3         1         1     -0.03999901
         4         4         3         3         1         2     -0.01712172
         4         4         3         3         1         3      0.02483443
         4         4         3         3         2         1     -0.01712172
         4         4         3         3         2         2     -0.02698770
         4         4         3         3         2         3      0.01009824
         4         4         3         3         3         1      0.02483443
         4         4         3         3         3         2      0.01009824
         4         4         3         3         3         3     -0.02681628
         3         1         1         2         1         1     -0.00933251
         3         1         1         2         2         1     -0.00499616
         3         1         1         2         3         1      0.00512824
         3         1         1         2         4         1     -0.01005299
         3         1         2         1         1         1     -0.01852944
         3         1         2         1         1         2     -0.01012222
         3         1         2         1         1         3      0.00743557
         3         1         2         1         1         4     -0.01978702
         3         2         1         2         1         1     -0.00053153
         3         2         1         2         2         1     -0.00398967
         3         2         1         2         3         1     -0.00919514
         3         2         1         2         4         1      0.00266193
         3         2         2         1         1         1     -0.01127429
         3         2         2         1         1         2     -0.01900861
         3         2         2         1         1         3     -0.02677693
         3         2         2         1         1         4      0.00476862
         4         1         1         3         1         1      0.00982005
         4         1         1         3         1         2      0.00560069
         4         1         1         3         1         3     -0.00953161
         4         1         1         3         2         1      0.00573702
         4         1         1         3         2         2      0.01213817
         4         1         1         3         2         3     -0.00698454
         4         1         1         3         3         1     -0.00300140
         4         1         1         3         3         2     -0.00515627
         4         1         1         3         3         3      0.00517040
         4         1         1         3         4         1      0.00557900
         4         1         1         3         4         2     -0.00005929
         4         1         1         3         4         3     -0.00699894
         4         1         3         1         1         1      0.01642952
         4         1         3         1         1         2      0.01062864
         4         1         3         1         1         3     -0.00538523
         4         1         3         1         1         4      0.01118553
         4         1         3         1         2         1      0.00230155
         4         1         3         1         2         2      0.01002825
         4         1         3         1         2         3     -0.00514496
         4         1         3         1         2         4      0.00129498
         4         1         3         1         3         1     -0.01483850
         4         1         3         1         3         2     -0.01120730
         4         1         3         1         3         3      0.00750469
         4         1         3         1         3         4     -0.01391115
         4         2         1         3         1         1      0.01342169
         4         2         1         3         1         2      0.01002927
         4         2         1         3         1         3     -0.00330578
         4         2         1         3         2         1      0.01335353
         4         2         1         3         2         2      0.01666531
         4         2         1         3         2         3     -0.00772683
         4         2         1         3         3         1      0.00065708
         4         2         1         3         3         2     -0.00549856
         4         2         1         3         3         3     -0.00360206
         4         2         1         3         4         1     -0.00212463
         4         2         1         3         4         2     -0.00209572
         4         2         1         3         4         3      0.00318251
         4         2         3         1         1         1      0.02063225
         4         2         3         1         1         2      0.01848851
         4         2         3         1         1         3      0.01526845
         4         2         3         1         1         4     -0.00170301
         4         2         3         1         2         1      0.00965440
         4         2         3         1         2         2      0.01405148
         4         2         3         1         2         3     -0.00091331
         4         2         3         1         2         4      0.00036119
         4         2         3         1         3         1     -0.01005786
         4         2         3         1         3         2     -0.01699602
         4         2         3         1         3         3     -0.01672807
         4         2         3         1         3         4      0.00404730
         4         3         2         3         1         1      0.00618916
         4         3         2         3         1         2      0.00109920
         4         3         2         3         1         3     -0.00734869
         4         3         3         2         1         1      0.02356039
         4         3         3         2         2         1      0.00342226
         4         3         3         2         3         1     -0.02544285


 RESULTS
 =======

  Reference energy                    -75.983902444804
  CISD singlet pair energy             -0.095610978299
  CISD triplet pair energy             -0.033746006919
  CISD correlation energy              -0.129422426718

 !CISD total energy                   -76.113324871523

 Timing summary (sec):

 STEP                 CPU(USER)    SYS     CPU(TOT)    WALL
 CCSD iterations         0.06      0.00      0.06      0.07

 Program statistics:

 Available memory in ccsd:                39999136
 Min. memory needed in ccsd:                  1826
 Max. memory used in ccsd:                    1826
 Max. memory used in cckext:                 34846 (18 integral passes)



 **********************************************************************************************************************************
 DATASETS  * FILE   NREC   LENGTH (MB)   RECORD NAMES
              1      20       29.98       500      700      610      900      950      970     1000      129      960     1100   
                                          VAR     GEOM    BASINP   SYMINP    ZMAT    AOBASIS   BASIS     P2S    ABASIS      S 
                                         1400     1410     1200     1210     1080     1600     1650     1300     1700     1380   
                                           T        V       H0       H01     AOSYM     SMH    MOLCAS    ERIS     OPER     JKOP   

              3       5       14.78       500      610      700     1000     2100   
                                          VAR    BASINP    GEOM     BASIS     RHF  

 PROGRAMS   *        TOTAL      CISD       INT   RESTART
 CPU TIMES  *         0.41      0.14      0.17      0.02
 REAL TIME  *         0.61 SEC
 DISK USED  *        49.46 MB
 **********************************************************************************************************************************
 Molecular orbitals read from record     2100.3  Type=RHF/CANONICAL (state 1.1)
 Occupation numbers read from record     2100.3  Type=RHF/RHF (state 1.1)
 Orbital energies read from record       2100.3  Type=RHF/CANONICAL (state 1.1)
 Redundancy group numbers read from rec  2100.3  Type=RHF/RHF (state 1.1)

 CISD/6-31G energy=    -76.113324871523

            CISD
    -76.11332487
 **********************************************************************************************************************************
 Molpro calculation terminated
