
 Primary working directories    : /scr/yuriaoto/job.023645/molpro.u8m2gWcY97
 Secondary working directories  : /scr/yuriaoto/job.023645/molpro.u8m2gWcY97
 Wavefunction directory         : /scr/yuriaoto/job.023645/
 Main file repository           : /scr/yuriaoto/job.023645/molpro.u8m2gWcY97/

 id        : yuriaoto

 Nodes             nprocs
 t-rex.ufabc.int.br    1

 Using customized tuning parameters: mindgm=8; mindgv=16; mindgc=1; mindgr=1; noblas=0; minvec=7
 default implementation of scratch files=df  


 Variables initialized (933), CPU time= 0.00 sec
 ***,
 memory,40,m
 gprint,orbital,basis,civector
 gthresh,printci=0.0,thrprint=0
 file,3,wfu.dat,old
 
 {bccd,SAVEORB=2150.2,print,CC_NORM_MAX=10000.0
 thresh,printci=0.0,ENERGY=1.0E-10,COEFF=1.0E-12
 print,ref=1
 wf,24,1,0;
 }
 
 {put,xml,orbitals.xml; orbital,2150.2; nosort; novariables}
 
 Commands  initialized (760), CPU time= 0.01 sec, 617 directives.
 Default parameters read. Elapsed time= 0.04 sec

 Checking input...
 Passed
1


                                         ***  PROGRAM SYSTEM MOLPRO  ***
                                       Copyright, TTI GmbH Stuttgart, 2015
                                    Version 2019.2 linked Abr  7 2019 15:10:35


 **********************************************************************************************************************************
 LABEL *                                                                                 
  64 bit serial version                                                                  DATE: 05-Jun-20          TIME: 22:21:46  
 **********************************************************************************************************************************

 SHA1:             3a8a58c585c929645742fb5a1b7541a4ad1da699
 **********************************************************************************************************************************


 THRESHOLDS:

 ZERO    =  1.00D-12  ONEINT  =  1.00D-12  TWOINT  =  1.00D-11  PREFAC  =  1.00D-14  XXXXXX  =  1.00D-09  EORDER  =  1.00D-04
 ENERGY  =  0.00D+00  ETEST   =  0.00D+00  EDENS   =  0.00D+00  THRDEDEF=  1.00D-06  GRADIENT=  1.00D-02  STEP    =  1.00D-03
 ORBITAL =  1.00D-05  CIVEC   =  1.00D-05  COEFF   =  1.00D-04  PRINTCI =  0.00D+00  PUNCHCI =  9.90D+01  OPTGRAD =  3.00D-04
 OPTENERG=  1.00D-06  OPTSTEP =  3.00D-04  THRGRAD =  1.00D-10  COMPRESS=  1.00D-11  VARMIN  =  1.00D-07  VARMAX  =  1.00D-03
 THRDOUB =  0.00D+00  THRDIV  =  1.00D-05  THRRED  =  1.00D-07  THRPSP  =  1.00D+00  THRDC   =  1.00D-10  THRCS   =  1.00D-10
 THRNRM  =  1.00D-08  THREQ   =  0.00D+00  THRDE   =  1.00D+00  THRREF  =  1.00D-05  SPARFAC =  1.00D+00  THRDLP  =  1.00D-07
 THRDIA  =  1.00D-10  THRDLS  =  1.00D-07  THRGPS  =  0.00D+00  THRKEX  =  0.00D+00  THRDIS  =  2.00D-01  THRVAR  =  1.00D-10
 THRLOC  =  1.00D-06  THRGAP  =  1.00D-06  THRLOCT = -1.00D+00  THRGAPT = -1.00D+00  THRORB  =  1.00D-06  THRMLTP =  0.00D+00
 THRCPQCI=  1.00D-10  KEXTA   =  0.00D+00  THRCOARS=  0.00D+00  SYMTOL  =  1.00D-06  GRADTOL =  1.00D-06  THROVL  =  1.00D-08
 THRORTH =  1.00D-08  GRID    =  1.00D-06  GRIDMAX =  1.00D-03  DTMAX   =  0.00D+00  THROCCDE=  1.00D-01  THROCCDE=  1.00D-01
 THRPRINT=  0.00D+00


 Variable memory set to   40000000 words,  buffer space 



 Permanent file  3  wfu.dat  assigned.  Implementation=df    Size= 14.23 MB


 PROGRAM * RESTART 


 Reading variables from file 3

 _FNUC           =      0.00000000
 _BASIS          =    6-31G
 _NELEC          =     24.00000000
 _PROGRAM        =    RHF-SCF
 _DMZ            =      0.00000000
 _DMX_SCF        =      0.00000000
 _DMY_SCF        =      0.00000000
 _DMZ_SCF        =      0.00000000
 _HOMO           =      2.20000000
 _EHOMO          =     -0.16514840
 _LUMO           =      2.40000000
 _ELUMO          =      0.01204027
 _ENERGY         =    -59.51321462
 _ENERGY_METHOD  =    RHF
 _ENERGY_BASIS   =    6-31G
 _ENUC           =     36.18727945
 _EPS1(1:9)      =     -2.44606597    -0.27154166     0.01387583     0.01387583     0.01974738     0.16967502
                        0.16967502     0.17748779     0.65577377
 _EPS2(1:9)      =     -2.44595365    -0.16514840     0.06583970     0.08024304     0.10918713     0.20947133
                        0.21026523     0.32305975     0.77430831
 _EPS3(1:9)      =     -2.44595365    -0.16514840     0.06583970     0.08024304     0.10918713     0.20947133
                        0.21026523     0.32305975     0.77430831
 _EPS4(1:9)      =     -2.44586539     0.01204027     0.11857342     0.14587398     0.15178986     0.25645901
                        0.35040202     0.43718871     1.07484211
 _EPS5(1:9)      =     -2.44595365    -0.16514840     0.06583970     0.08024304     0.10918713     0.20947133
                        0.21026523     0.32305975     0.77430831
 _EPS6(1:9)      =     -2.44586539     0.01204027     0.11857342     0.14587398     0.15178986     0.25645901
                        0.35040202     0.43718871     1.07484211
 _EPS7(1:9)      =     -2.44586539     0.01204027     0.11857342     0.14587398     0.15178986     0.25645901
                        0.35040202     0.43718871     1.07484211
 _EPS8(1:9)      =     -2.44578039     0.06692471     0.18257294     0.18257294     0.19933103     0.41404808
                        0.41404808     0.60754299     1.43040756
 _IPROC_MPP      =      0.00000000
 _IPROC_MPPX     =      0.00000000
 _ORBITAL        =   2100.30000000
 _STATUS         =      1.00000000
 _DATE           =    23-Mar-20
 _LASTORB        =    RHF
 _OUTPUT         =    /scr/yuriaoto/job.022842/RHF.xml
 _PGROUP         =    D2h 
 _TIME           =    15:18:14
 R               =      1.50000000

 Geometry written to block  1 of record 700


 **********************************************************************************************************************************
 DATASETS  * FILE   NREC   LENGTH (MB)   RECORD NAMES
              3       5       14.92       500      610      700     1000     2100   
                                          VAR    BASINP    GEOM     BASIS     RHF  

 PROGRAMS   *        TOTAL   RESTART
 CPU TIMES  *         0.12      0.01
 REAL TIME  *         0.15 SEC
 DISK USED  *        27.01 MB
 **********************************************************************************************************************************


 Recomputing integrals since basis changed


 Using spherical harmonics

 Library entry LI     S 6-31G                selected for orbital group  1
 Library entry LI     P 6-31G                selected for orbital group  1


 PROGRAM * SEWARD (Integral evaluation for generally contracted gaussian basis sets)     Author: Roland Lindh, 1990

 Geometry written to block  1 of record 700


 Point group  D2h 



 ATOMIC COORDINATES

 NR  ATOM    CHARGE       X              Y              Z

   1  LI1     3.00    2.834589187    2.834589187    2.834589187
   2  LI2     3.00   -2.834589187   -2.834589187    2.834589187
   3  LI3     3.00    2.834589187   -2.834589187    2.834589187
   4  LI4     3.00   -2.834589187    2.834589187    2.834589187
   5  LI5     3.00    2.834589187    2.834589187   -2.834589187
   6  LI6     3.00   -2.834589187   -2.834589187   -2.834589187
   7  LI7     3.00    2.834589187   -2.834589187   -2.834589187
   8  LI8     3.00   -2.834589187    2.834589187   -2.834589187

 Bond lengths in Bohr (Angstrom)

 1-3  5.669178374  1-4  5.669178374  1-5  5.669178374  2-3  5.669178374  2-4  5.669178374
     ( 3.000000000)     ( 3.000000000)     ( 3.000000000)     ( 3.000000000)     ( 3.000000000)

 2-6  5.669178374  3-7  5.669178374  4-8  5.669178374  5-7  5.669178374  5-8  5.669178374
     ( 3.000000000)     ( 3.000000000)     ( 3.000000000)     ( 3.000000000)     ( 3.000000000)

 6-7  5.669178374  6-8  5.669178374
     ( 3.000000000)     ( 3.000000000)

 Bond angles

  1-3-2   90.00000000   1-3-7   90.00000000   1-4-2   90.00000000   1-4-8   90.00000000

  1-5-7   90.00000000   1-5-8   90.00000000   2-3-7   90.00000000   2-4-8   90.00000000

  2-6-7   90.00000000   2-6-8   90.00000000   3-1-4   90.00000000   3-1-5   90.00000000

  3-2-4   90.00000000   3-2-6   90.00000000   3-7-5   90.00000000   3-7-6   90.00000000

  4-1-5   90.00000000   4-2-6   90.00000000   4-8-5   90.00000000   4-8-6   90.00000000

  5-7-6   90.00000000   5-8-6   90.00000000   7-5-8   90.00000000   7-6-8   90.00000000


 BASIS DATA

   Nr Sym  Nuc  Type         Exponents   Contraction coefficients

    1.1 Ag    1  1s         642.418910     0.002143
              2  1s          96.798515     0.016209
              3  1s          22.091121     0.077316
              4  1s           6.201070     0.245786
              5  1s           1.935118     0.470189
              6  1s           0.636736     0.345471
              7  1s    
              8  1s    
    2.1 Ag    1  1s           2.324918    -0.035092
              2  1s           0.632430    -0.191233
              3  1s           0.079053     1.083988
              4  1s    
              5  1s    
              6  1s    
              7  1s    
              8  1s    
    3.1 Ag    1  1s           0.035962     1.000000
              2  1s    
              3  1s    
              4  1s    
              5  1s    
              6  1s    
              7  1s    
              8  1s    
    4.1 Ag    1  2px          2.324918     0.008942
              2 -2px          0.632430     0.141009
              3  2px          0.079053     0.945364
              4 -2px   
              5  2px   
              6 -2px   
              7  2px   
              8 -2px   
    5.1 Ag    1  2py          2.324918     0.008942
              2 -2py          0.632430     0.141009
              3 -2py          0.079053     0.945364
              4  2py   
              5  2py   
              6 -2py   
              7 -2py   
              8  2py   
    6.1 Ag    1  2pz          2.324918     0.008942
              2  2pz          0.632430     0.141009
              3  2pz          0.079053     0.945364
              4  2pz   
              5 -2pz   
              6 -2pz   
              7 -2pz   
              8 -2pz   
    7.1 Ag    1  2px          0.035962     1.000000
              2 -2px   
              3  2px   
              4 -2px   
              5  2px   
              6 -2px   
              7  2px   
              8 -2px   
    8.1 Ag    1  2py          0.035962     1.000000
              2 -2py   
              3 -2py   
              4  2py   
              5  2py   
              6 -2py   
              7 -2py   
              8  2py   
    9.1 Ag    1  2pz          0.035962     1.000000
              2  2pz   
              3  2pz   
              4  2pz   
              5 -2pz   
              6 -2pz   
              7 -2pz   
              8 -2pz   
    1.2 B3u   1  1s         642.418910     0.002143
              2 -1s          96.798515     0.016209
              3  1s          22.091121     0.077316
              4 -1s           6.201070     0.245786
              5  1s           1.935118     0.470189
              6 -1s           0.636736     0.345471
              7  1s    
              8 -1s    
    2.2 B3u   1  1s           2.324918    -0.035092
              2 -1s           0.632430    -0.191233
              3  1s           0.079053     1.083988
              4 -1s    
              5  1s    
              6 -1s    
              7  1s    
              8 -1s    
    3.2 B3u   1  1s           0.035962     1.000000
              2 -1s    
              3  1s    
              4 -1s    
              5  1s    
              6 -1s    
              7  1s    
              8 -1s    
    4.2 B3u   1  2px          2.324918     0.008942
              2  2px          0.632430     0.141009
              3  2px          0.079053     0.945364
              4  2px   
              5  2px   
              6  2px   
              7  2px   
              8  2px   
    5.2 B3u   1  2py          2.324918     0.008942
              2  2py          0.632430     0.141009
              3 -2py          0.079053     0.945364
              4 -2py   
              5  2py   
              6  2py   
              7 -2py   
              8 -2py   
    6.2 B3u   1  2pz          2.324918     0.008942
              2 -2pz          0.632430     0.141009
              3  2pz          0.079053     0.945364
              4 -2pz   
              5 -2pz   
              6  2pz   
              7 -2pz   
              8  2pz   
    7.2 B3u   1  2px          0.035962     1.000000
              2  2px   
              3  2px   
              4  2px   
              5  2px   
              6  2px   
              7  2px   
              8  2px   
    8.2 B3u   1  2py          0.035962     1.000000
              2  2py   
              3 -2py   
              4 -2py   
              5  2py   
              6  2py   
              7 -2py   
              8 -2py   
    9.2 B3u   1  2pz          0.035962     1.000000
              2 -2pz   
              3  2pz   
              4 -2pz   
              5 -2pz   
              6  2pz   
              7 -2pz   
              8  2pz   
    1.3 B2u   1  1s         642.418910     0.002143
              2 -1s          96.798515     0.016209
              3 -1s          22.091121     0.077316
              4  1s           6.201070     0.245786
              5  1s           1.935118     0.470189
              6 -1s           0.636736     0.345471
              7 -1s    
              8  1s    
    2.3 B2u   1  1s           2.324918    -0.035092
              2 -1s           0.632430    -0.191233
              3 -1s           0.079053     1.083988
              4  1s    
              5  1s    
              6 -1s    
              7 -1s    
              8  1s    
    3.3 B2u   1  1s           0.035962     1.000000
              2 -1s    
              3 -1s    
              4  1s    
              5  1s    
              6 -1s    
              7 -1s    
              8  1s    
    4.3 B2u   1  2py          2.324918     0.008942
              2  2py          0.632430     0.141009
              3  2py          0.079053     0.945364
              4  2py   
              5  2py   
              6  2py   
              7  2py   
              8  2py   
    5.3 B2u   1  2px          2.324918     0.008942
              2  2px          0.632430     0.141009
              3 -2px          0.079053     0.945364
              4 -2px   
              5  2px   
              6  2px   
              7 -2px   
              8 -2px   
    6.3 B2u   1  2pz          2.324918     0.008942
              2 -2pz          0.632430     0.141009
              3 -2pz          0.079053     0.945364
              4  2pz   
              5 -2pz   
              6  2pz   
              7  2pz   
              8 -2pz   
    7.3 B2u   1  2py          0.035962     1.000000
              2  2py   
              3  2py   
              4  2py   
              5  2py   
              6  2py   
              7  2py   
              8  2py   
    8.3 B2u   1  2px          0.035962     1.000000
              2  2px   
              3 -2px   
              4 -2px   
              5  2px   
              6  2px   
              7 -2px   
              8 -2px   
    9.3 B2u   1  2pz          0.035962     1.000000
              2 -2pz   
              3 -2pz   
              4  2pz   
              5 -2pz   
              6  2pz   
              7  2pz   
              8 -2pz   
    1.4 B1g   1  1s         642.418910     0.002143
              2  1s          96.798515     0.016209
              3 -1s          22.091121     0.077316
              4 -1s           6.201070     0.245786
              5  1s           1.935118     0.470189
              6  1s           0.636736     0.345471
              7 -1s    
              8 -1s    
    2.4 B1g   1  1s           2.324918    -0.035092
              2  1s           0.632430    -0.191233
              3 -1s           0.079053     1.083988
              4 -1s    
              5  1s    
              6  1s    
              7 -1s    
              8 -1s    
    3.4 B1g   1  1s           0.035962     1.000000
              2  1s    
              3 -1s    
              4 -1s    
              5  1s    
              6  1s    
              7 -1s    
              8 -1s    
    4.4 B1g   1  2py          2.324918     0.008942
              2 -2py          0.632430     0.141009
              3  2py          0.079053     0.945364
              4 -2py   
              5  2py   
              6 -2py   
              7  2py   
              8 -2py   
    5.4 B1g   1  2px          2.324918     0.008942
              2 -2px          0.632430     0.141009
              3 -2px          0.079053     0.945364
              4  2px   
              5  2px   
              6 -2px   
              7 -2px   
              8  2px   
    6.4 B1g   1  2pz          2.324918     0.008942
              2  2pz          0.632430     0.141009
              3 -2pz          0.079053     0.945364
              4 -2pz   
              5 -2pz   
              6 -2pz   
              7  2pz   
              8  2pz   
    7.4 B1g   1  2py          0.035962     1.000000
              2 -2py   
              3  2py   
              4 -2py   
              5  2py   
              6 -2py   
              7  2py   
              8 -2py   
    8.4 B1g   1  2px          0.035962     1.000000
              2 -2px   
              3 -2px   
              4  2px   
              5  2px   
              6 -2px   
              7 -2px   
              8  2px   
    9.4 B1g   1  2pz          0.035962     1.000000
              2  2pz   
              3 -2pz   
              4 -2pz   
              5 -2pz   
              6 -2pz   
              7  2pz   
              8  2pz   
    1.5 B1u   1  1s         642.418910     0.002143
              2  1s          96.798515     0.016209
              3  1s          22.091121     0.077316
              4  1s           6.201070     0.245786
              5 -1s           1.935118     0.470189
              6 -1s           0.636736     0.345471
              7 -1s    
              8 -1s    
    2.5 B1u   1  1s           2.324918    -0.035092
              2  1s           0.632430    -0.191233
              3  1s           0.079053     1.083988
              4  1s    
              5 -1s    
              6 -1s    
              7 -1s    
              8 -1s    
    3.5 B1u   1  1s           0.035962     1.000000
              2  1s    
              3  1s    
              4  1s    
              5 -1s    
              6 -1s    
              7 -1s    
              8 -1s    
    4.5 B1u   1  2pz          2.324918     0.008942
              2  2pz          0.632430     0.141009
              3  2pz          0.079053     0.945364
              4  2pz   
              5  2pz   
              6  2pz   
              7  2pz   
              8  2pz   
    5.5 B1u   1  2px          2.324918     0.008942
              2 -2px          0.632430     0.141009
              3  2px          0.079053     0.945364
              4 -2px   
              5 -2px   
              6  2px   
              7 -2px   
              8  2px   
    6.5 B1u   1  2py          2.324918     0.008942
              2 -2py          0.632430     0.141009
              3 -2py          0.079053     0.945364
              4  2py   
              5 -2py   
              6  2py   
              7  2py   
              8 -2py   
    7.5 B1u   1  2pz          0.035962     1.000000
              2  2pz   
              3  2pz   
              4  2pz   
              5  2pz   
              6  2pz   
              7  2pz   
              8  2pz   
    8.5 B1u   1  2px          0.035962     1.000000
              2 -2px   
              3  2px   
              4 -2px   
              5 -2px   
              6  2px   
              7 -2px   
              8  2px   
    9.5 B1u   1  2py          0.035962     1.000000
              2 -2py   
              3 -2py   
              4  2py   
              5 -2py   
              6  2py   
              7  2py   
              8 -2py   
    1.6 B2g   1  1s         642.418910     0.002143
              2 -1s          96.798515     0.016209
              3  1s          22.091121     0.077316
              4 -1s           6.201070     0.245786
              5 -1s           1.935118     0.470189
              6  1s           0.636736     0.345471
              7 -1s    
              8  1s    
    2.6 B2g   1  1s           2.324918    -0.035092
              2 -1s           0.632430    -0.191233
              3  1s           0.079053     1.083988
              4 -1s    
              5 -1s    
              6  1s    
              7 -1s    
              8  1s    
    3.6 B2g   1  1s           0.035962     1.000000
              2 -1s    
              3  1s    
              4 -1s    
              5 -1s    
              6  1s    
              7 -1s    
              8  1s    
    4.6 B2g   1  2pz          2.324918     0.008942
              2 -2pz          0.632430     0.141009
              3  2pz          0.079053     0.945364
              4 -2pz   
              5  2pz   
              6 -2pz   
              7  2pz   
              8 -2pz   
    5.6 B2g   1  2px          2.324918     0.008942
              2  2px          0.632430     0.141009
              3  2px          0.079053     0.945364
              4  2px   
              5 -2px   
              6 -2px   
              7 -2px   
              8 -2px   
    6.6 B2g   1  2py          2.324918     0.008942
              2  2py          0.632430     0.141009
              3 -2py          0.079053     0.945364
              4 -2py   
              5 -2py   
              6 -2py   
              7  2py   
              8  2py   
    7.6 B2g   1  2pz          0.035962     1.000000
              2 -2pz   
              3  2pz   
              4 -2pz   
              5  2pz   
              6 -2pz   
              7  2pz   
              8 -2pz   
    8.6 B2g   1  2px          0.035962     1.000000
              2  2px   
              3  2px   
              4  2px   
              5 -2px   
              6 -2px   
              7 -2px   
              8 -2px   
    9.6 B2g   1  2py          0.035962     1.000000
              2  2py   
              3 -2py   
              4 -2py   
              5 -2py   
              6 -2py   
              7  2py   
              8  2py   
    1.7 B3g   1  1s         642.418910     0.002143
              2 -1s          96.798515     0.016209
              3 -1s          22.091121     0.077316
              4  1s           6.201070     0.245786
              5 -1s           1.935118     0.470189
              6  1s           0.636736     0.345471
              7  1s    
              8 -1s    
    2.7 B3g   1  1s           2.324918    -0.035092
              2 -1s           0.632430    -0.191233
              3 -1s           0.079053     1.083988
              4  1s    
              5 -1s    
              6  1s    
              7  1s    
              8 -1s    
    3.7 B3g   1  1s           0.035962     1.000000
              2 -1s    
              3 -1s    
              4  1s    
              5 -1s    
              6  1s    
              7  1s    
              8 -1s    
    4.7 B3g   1  2pz          2.324918     0.008942
              2 -2pz          0.632430     0.141009
              3 -2pz          0.079053     0.945364
              4  2pz   
              5  2pz   
              6 -2pz   
              7 -2pz   
              8  2pz   
    5.7 B3g   1  2py          2.324918     0.008942
              2  2py          0.632430     0.141009
              3  2py          0.079053     0.945364
              4  2py   
              5 -2py   
              6 -2py   
              7 -2py   
              8 -2py   
    6.7 B3g   1  2px          2.324918     0.008942
              2  2px          0.632430     0.141009
              3 -2px          0.079053     0.945364
              4 -2px   
              5 -2px   
              6 -2px   
              7  2px   
              8  2px   
    7.7 B3g   1  2pz          0.035962     1.000000
              2 -2pz   
              3 -2pz   
              4  2pz   
              5  2pz   
              6 -2pz   
              7 -2pz   
              8  2pz   
    8.7 B3g   1  2py          0.035962     1.000000
              2  2py   
              3  2py   
              4  2py   
              5 -2py   
              6 -2py   
              7 -2py   
              8 -2py   
    9.7 B3g   1  2px          0.035962     1.000000
              2  2px   
              3 -2px   
              4 -2px   
              5 -2px   
              6 -2px   
              7  2px   
              8  2px   
    1.8 Au    1  1s         642.418910     0.002143
              2  1s          96.798515     0.016209
              3 -1s          22.091121     0.077316
              4 -1s           6.201070     0.245786
              5 -1s           1.935118     0.470189
              6 -1s           0.636736     0.345471
              7  1s    
              8  1s    
    2.8 Au    1  1s           2.324918    -0.035092
              2  1s           0.632430    -0.191233
              3 -1s           0.079053     1.083988
              4 -1s    
              5 -1s    
              6 -1s    
              7  1s    
              8  1s    
    3.8 Au    1  1s           0.035962     1.000000
              2  1s    
              3 -1s    
              4 -1s    
              5 -1s    
              6 -1s    
              7  1s    
              8  1s    
    4.8 Au    1  2pz          2.324918     0.008942
              2  2pz          0.632430     0.141009
              3 -2pz          0.079053     0.945364
              4 -2pz   
              5  2pz   
              6  2pz   
              7 -2pz   
              8 -2pz   
    5.8 Au    1  2py          2.324918     0.008942
              2 -2py          0.632430     0.141009
              3  2py          0.079053     0.945364
              4 -2py   
              5 -2py   
              6  2py   
              7 -2py   
              8  2py   
    6.8 Au    1  2px          2.324918     0.008942
              2 -2px          0.632430     0.141009
              3 -2px          0.079053     0.945364
              4  2px   
              5 -2px   
              6  2px   
              7  2px   
              8 -2px   
    7.8 Au    1  2pz          0.035962     1.000000
              2  2pz   
              3 -2pz   
              4 -2pz   
              5  2pz   
              6  2pz   
              7 -2pz   
              8 -2pz   
    8.8 Au    1  2py          0.035962     1.000000
              2 -2py   
              3  2py   
              4 -2py   
              5 -2py   
              6  2py   
              7 -2py   
              8  2py   
    9.8 Au    1  2px          0.035962     1.000000
              2 -2px   
              3 -2px   
              4  2px   
              5 -2px   
              6  2px   
              7  2px   
              8 -2px   

 NUCLEAR CHARGE:                   24
 NUMBER OF PRIMITIVE AOS:         176
 NUMBER OF SYMMETRY AOS:          176
 NUMBER OF CONTRACTIONS:           72   (    9Ag  +    9B3u +    9B2u +    9B1g +    9B1u +    9B2g +    9B3g +    9Au  )
 NUMBER OF CORE ORBITALS:           8   (    1Ag  +    1B3u +    1B2u +    1B1g +    1B1u +    1B2g +    1B3g +    1Au  )
 NUMBER OF VALENCE ORBITALS:       32   (    4Ag  +    4B3u +    4B2u +    4B1g +    4B1u +    4B2g +    4B3g +    4Au  )


 NUCLEAR REPULSION ENERGY   36.18727945

 Eigenvalues of metric

         1 0.236E-01 0.207E+00 0.293E+00 0.293E+00 0.956E+00 0.241E+01 0.382E+01 0.382E+01
         2 0.451E-02 0.101E+00 0.150E+00 0.186E+00 0.354E+00 0.968E+00 0.153E+01 0.162E+01
         3 0.451E-02 0.101E+00 0.150E+00 0.186E+00 0.354E+00 0.968E+00 0.153E+01 0.162E+01
         4 0.775E-03 0.268E-01 0.539E-01 0.110E+00 0.172E+00 0.338E+00 0.796E+00 0.964E+00
         5 0.451E-02 0.101E+00 0.150E+00 0.186E+00 0.354E+00 0.968E+00 0.153E+01 0.162E+01
         6 0.775E-03 0.268E-01 0.539E-01 0.110E+00 0.172E+00 0.338E+00 0.796E+00 0.964E+00
         7 0.775E-03 0.268E-01 0.539E-01 0.110E+00 0.172E+00 0.338E+00 0.796E+00 0.964E+00
         8 0.161E-03 0.932E-02 0.932E-02 0.480E-01 0.104E+00 0.201E+00 0.201E+00 0.930E+00


 Contracted 2-electron integrals neglected if value below      1.0D-11
 AO integral compression algorithm  1   Integral accuracy      1.0D-11

     8.126 MB (compressed) written to integral file ( 57.9%)


 NUMBER OF SORTED TWO-ELECTRON INTEGRALS:     453942.     BUFFER LENGTH:  32768
 NUMBER OF SEGMENTS:   1  SEGMENT LENGTH:     453942      RECORD LENGTH: 524288

 Memory used in sort:       1.01 MW

 SORT1 READ     1783296. AND WROTE      453942. INTEGRALS IN      2 RECORDS. CPU TIME:     0.02 SEC, REAL TIME:     0.03 SEC
 SORT2 READ      453942. AND WROTE      453942. INTEGRALS IN     31 RECORDS. CPU TIME:     0.06 SEC, REAL TIME:     0.06 SEC

 FILE SIZES:   FILE 1:    38.3 MBYTE,  FILE 4:     8.4 MBYTE,   TOTAL:     46.8 MBYTE

 OPERATOR DM      FOR CENTER  0  COORDINATES:    0.000000    0.000000    0.000000


 **********************************************************************************************************************************
 DATASETS  * FILE   NREC   LENGTH (MB)   RECORD NAMES
              1      19       32.37       500      700      610      900      950      970     1000      129      960     1100   
                                          VAR     GEOM    BASINP   SYMINP    ZMAT    AOBASIS   BASIS     P2S    ABASIS      S 
                                         1400     1410     1200     1210     1080     1600     1650     1300     1700   
                                           T        V       H0       H01     AOSYM     SMH    MOLCAS    ERIS     OPER   

              3       5       14.92       500      610      700     1000     2100   
                                          VAR    BASINP    GEOM     BASIS     RHF  

 PROGRAMS   *        TOTAL       INT   RESTART
 CPU TIMES  *         0.85      0.73      0.01
 REAL TIME  *         0.99 SEC
 DISK USED  *        62.05 MB
 **********************************************************************************************************************************


 PROGRAM * BCCD (Closed-shell Brueckner coupled-cluster)     Authors: C. Hampel, H.-J. Werner, 1991, M. Deegan, P.J. Knowles, 1992


 Input parameters for THRESH:

 ENERGY   =    1.00D-10
 COEFF    =    1.00D-12
 PRINTCI  =    0.000000
 THRPRINT =    0.000000

 Convergence thresholds:  THRVAR = 1.00D-24  THRDEN = 1.00D-10

 Number of core orbitals:           8 (   1   1   1   1   1   1   1   1 )
 Number of closed-shell orbitals:   4 (   1   1   1   0   1   0   0   0 )
 Number of external orbitals:      60 (   7   7   7   8   7   8   8   8 )

 Molecular orbitals read from record     2100.3  Type=RHF/CANONICAL (state 1.1)

 Number of N-1 electron functions:               4
 Number of N-2 electron functions:              10
 Number of singly external CSFs:                28
 Number of doubly external CSFs:              3724
 Total number of CSFs:                        3753

 Brueckner orbitals will be computed and saved on record    2150.2

 Length of J-op  integral file:               0.00 MB
 Length of K-op  integral file:               0.08 MB

 Integral transformation finished. Total CPU:   0.00 sec, npass=  1  Memory used:   0.08 MW

 Reference energy:                    -59.51321462

 MP2 singles energy:                   -0.00000000
 MP2 singlet pair energy:              -0.07480825
 MP2 triplet pair energy:              -0.04042225
 MP2 correlation energy:               -0.11523050
 MP2 total energy:                    -59.62844512

 SCS-MP2 correlation energy:           -0.11492152   (PS=  1.200000  PT=  0.333333)
 SCS-MP2 total energy:                -59.62813615

 ITER.      SQ.NORM     CORR.ENERGY   TOTAL ENERGY   ENERGY CHANGE        DEN1      VAR(S)    VAR(P)  DIIS     TIME  TIME/IT
   1      1.26770119    -0.13021131   -59.64342594    -0.01498082    -0.00703016  0.90D-03  0.66D-02  1  1     0.02     0.01
   2      1.31357495    -0.13379134   -59.64678744    -0.00358003    -0.00843493  0.14D-03  0.21D-02  2  2     0.03     0.01
   3      1.34794545    -0.13543550   -59.64812262    -0.00164416    -0.00454510  0.30D-04  0.47D-03  3  3     0.04     0.01
   4      1.35748312    -0.13581947   -59.64826813    -0.00038397    -0.00056849  0.51D-05  0.79D-04  4  4     0.05     0.01
   5      1.36091421    -0.13601173   -59.64837071    -0.00019225    -0.00020376  0.11D-05  0.10D-04  5  5     0.07     0.01
   6      1.36104337    -0.13607503   -59.64837810    -0.00006330    -0.00005344  0.13D-06  0.12D-05  6  6     0.07     0.01
   7      1.36115338    -0.13608529   -59.64837508    -0.00001026    -0.00002075  0.34D-07  0.15D-06  6  1     0.09     0.01
   8      1.36118537    -0.13608980   -59.64837187    -0.00000451    -0.00000529  0.85D-08  0.28D-07  6  2     0.10     0.01
   9      1.36116956    -0.13609317   -59.64837065    -0.00000338    -0.00000082  0.14D-08  0.37D-08  6  4     0.11     0.01
  10      1.36116308    -0.13609414   -59.64837017    -0.00000097    -0.00000136  0.29D-09  0.59D-09  6  3     0.12     0.01
  11      1.36116013    -0.13609442   -59.64836976    -0.00000027    -0.00000020  0.73D-10  0.13D-09  6  5     0.13     0.01
  12      1.36115801    -0.13609464   -59.64836960    -0.00000023     0.00000013  0.18D-10  0.38D-10  6  6     0.14     0.01
  13      1.36115764    -0.13609480   -59.64836951    -0.00000016    -0.00000009  0.28D-11  0.64D-11  6  1     0.15     0.01
  14      1.36115769    -0.13609485   -59.64836946    -0.00000005    -0.00000009  0.14D-12  0.81D-12  6  2     0.17     0.01
  15      1.36115763    -0.13609485   -59.64836945    -0.00000000    -0.00000000  0.64D-14  0.11D-12  6  3     0.18     0.01
  16      1.36115761    -0.13609485   -59.64836944    -0.00000000     0.00000000  0.13D-14  0.17D-13  6  4     0.19     0.01
  17      1.36115759    -0.13609485   -59.64836944     0.00000000     0.00000000  0.31D-15  0.31D-14  6  6     0.20     0.01
  18      1.36115757    -0.13609485   -59.64836944     0.00000000     0.00000000  0.65D-16  0.41D-15  6  5     0.22     0.01
  19      1.36115756    -0.13609485   -59.64836944     0.00000000     0.00000000  0.19D-16  0.87D-16  6  1     0.23     0.01
  20      1.36115756    -0.13609485   -59.64836944     0.00000000     0.00000000  0.21D-17  0.97D-17  6  2     0.24     0.01
  21      1.36115756    -0.13609485   -59.64836944     0.00000000     0.00000000  0.10D-18  0.16D-17  6  3     0.25     0.01
  22      1.36115756    -0.13609485   -59.64836944     0.00000000     0.00000000  0.84D-20  0.26D-18  6  4     0.26     0.01
  23      1.36115756    -0.13609485   -59.64836944     0.00000000     0.00000000  0.29D-20  0.29D-19  6  6     0.27     0.01
  24      1.36115756    -0.13609485   -59.64836944     0.00000000    -0.00000000  0.10D-20  0.42D-20  6  1     0.28     0.01
  25      1.36115756    -0.13609485   -59.64836944     0.00000000    -0.00000000  0.30D-21  0.81D-21  6  5     0.30     0.01
  26      1.36115756    -0.13609485   -59.64836944     0.00000000    -0.00000000  0.95D-22  0.14D-21  6  2     0.31     0.01
  27      1.36115756    -0.13609485   -59.64836944     0.00000000    -0.00000000  0.34D-22  0.39D-22  6  3     0.32     0.01
  28      1.36115756    -0.13609485   -59.64836944     0.00000000     0.00000000  0.26D-22  0.76D-23  6  4     0.33     0.01
  29      1.36115756    -0.13609485   -59.64836944     0.00000000     0.00000000  0.12D-22  0.40D-23  6  6     0.34     0.01
  30      1.36115756    -0.13609485   -59.64836944     0.00000000     0.00000000  0.73D-23  0.16D-23  6  1     0.35     0.01
  31      1.36115756    -0.13609485   -59.64836944     0.00000000     0.00000000  0.76D-23  0.85D-24  6  5     0.36     0.01
  32      1.36115756    -0.13609485   -59.64836944     0.00000000     0.00000000  0.23D-22  0.24D-24  6  2     0.37     0.01
  33      1.36115756    -0.13609485   -59.64836944     0.00000000    -0.00000000  0.23D-22  0.27D-24  6  3     0.38     0.01
  34      1.36115756    -0.13609485   -59.64836944     0.00000000     0.00000000  0.17D-22  0.29D-24  6  4     0.39     0.01
  35      1.36115756    -0.13609485   -59.64836944     0.00000000    -0.00000000  0.84D-23  0.27D-24  6  6     0.41     0.01
  36      1.36115756    -0.13609485   -59.64836944     0.00000000     0.00000000  0.13D-22  0.23D-24  6  1     0.42     0.01
  37      1.36115756    -0.13609485   -59.64836944     0.00000000    -0.00000000  0.16D-22  0.20D-24  6  4     0.43     0.01
  38      1.36115756    -0.13609485   -59.64836944     0.00000000    -0.00000000  0.16D-22  0.21D-24  6  1     0.44     0.01
  39      1.36115756    -0.13609485   -59.64836944     0.00000000    -0.00000000  0.13D-22  0.21D-24  6  6     0.46     0.01

 Norm of t1 vector:      0.00000000      S-energy:    -0.00000000      T1 diagnostic:  0.00000000

 ?CONVERGENCE NOT REACHED AFTER MAX. ITERATIONS


 RESULTS
 =======

  Reference energy                    -59.512274590778
  BCCD singlet pair energy             -0.100595454436
  BCCD triplet pair energy             -0.035499398459
  BCCD correlation energy              -0.136094852896

 !BCCD total energy                   -59.648369443674

 Approximate expectation values using Brueckner orbitals

 !BCCD(ref) STATE  1.1 Dipole momen     0.00000000     0.00000000     0.00000000
 Dipole moment /Debye                   0.00000000     0.00000000     0.00000000

 Brueckner orbitals saved on record           2150.2 (orbital set 1)
 Brueckner density (ref) saved on record      2150.2 (density set 1)

 Brueckner orbitals
 ==================

   Orb     Occ           Coefficients

                         1 1s      1 1s      1 1s      1 2px     1 2py     1 2pz     1 2px     1 2py     1 2pz  

   2.1    2.0000000   -0.194010  0.439896  0.178232 -0.112811 -0.112811 -0.112811  0.060429  0.060429  0.060429

                         1 1s      1 1s      1 1s      1 2px     1 2py     1 2pz     1 2px     1 2py     1 2pz  

   2.2    2.0000000   -0.175044  0.412819  0.088235  0.171425 -0.148396 -0.148396  0.214067  0.065667  0.065667

                         1 1s      1 1s      1 1s      1 2py     1 2px     1 2pz     1 2py     1 2px     1 2pz  

   2.3    2.0000000   -0.175044  0.412819  0.088235  0.171425 -0.148396 -0.148396  0.214067  0.065667  0.065667

                         1 1s      1 1s      1 1s      1 2pz     1 2px     1 2py     1 2pz     1 2px     1 2py  

   2.5    2.0000000   -0.175044  0.412819  0.088235  0.171425 -0.148396 -0.148396  0.214067  0.065667  0.065667

 Timing summary (sec):

 STEP                 CPU(USER)    SYS     CPU(TOT)    WALL
 Transformation          0.18      0.04      0.22      0.23
 CCSD iterations         0.29      0.04      0.33      0.32

 Program statistics:

 Available memory in ccsd:                39999136
 Min. memory needed in ccsd:                 19877
 Max. memory used in ccsd:                   22129
 Max. memory used in cckext:                 50297 (39 integral passes)


 ? Error
 ? No convergence. This error exit can be avoided using the NOCHECK option
 ? The problem occurs in ccsd
