
 Primary working directories    : /scr/yuriaoto/job.022845/molpro.QHiZMOrhsR
 Secondary working directories  : /scr/yuriaoto/job.022845/molpro.QHiZMOrhsR
 Wavefunction directory         : /scr/yuriaoto/job.022845/
 Main file repository           : /scr/yuriaoto/job.022845/molpro.QHiZMOrhsR/

 id        : yuriaoto

 Nodes             nprocs
 t-rex.ufabc.int.br    1

 Using customized tuning parameters: mindgm=8; mindgv=16; mindgc=1; mindgr=1; noblas=0; minvec=7
 default implementation of scratch files=df  


 Variables initialized (933), CPU time= 0.01 sec
 ***,
 memory,40,m
 gprint,orbital=15,basis
 gthresh,thrprint=0
 file,3,wfu.dat,new
 
 r = 1.5
 basis = 6-31g
 
 symmetry,x,y,z
 geomtyp=xyz
 geom={
 8
 He8 in a cube
 He1   r    r    r
 He2  -r   -r    r
 He3   r   -r    r
 He4  -r    r    r
 He5   r    r   -r
 He6  -r   -r   -r
 He7   r   -r   -r
 He8  -r    r   -r
 }
 
 {rhf
 occ,1,1,1,1, 1,1,1,1
 wf,16,1,0
 orbital,2100.3
 }
 
 {put,xml,orbitals.xml; nosort; novariables}
 
 Commands  initialized (760), CPU time= 0.01 sec, 617 directives.
 Default parameters read. Elapsed time= 0.04 sec

 Checking input...
 Passed
1


                                         ***  PROGRAM SYSTEM MOLPRO  ***
                                       Copyright, TTI GmbH Stuttgart, 2015
                                    Version 2019.2 linked Abr  7 2019 15:10:35


 **********************************************************************************************************************************
 LABEL *                                                                                 
  64 bit serial version                                                                  DATE: 23-Mar-20          TIME: 15:30:58  
 **********************************************************************************************************************************

 SHA1:             3a8a58c585c929645742fb5a1b7541a4ad1da699
 **********************************************************************************************************************************


 THRESHOLDS:

 ZERO    =  1.00D-12  ONEINT  =  1.00D-12  TWOINT  =  1.00D-11  PREFAC  =  1.00D-14  XXXXXX  =  1.00D-09  EORDER  =  1.00D-04
 ENERGY  =  0.00D+00  ETEST   =  0.00D+00  EDENS   =  0.00D+00  THRDEDEF=  1.00D-06  GRADIENT=  1.00D-02  STEP    =  1.00D-03
 ORBITAL =  1.00D-05  CIVEC   =  1.00D-05  COEFF   =  1.00D-04  PRINTCI =  5.00D-02  PUNCHCI =  9.90D+01  OPTGRAD =  3.00D-04
 OPTENERG=  1.00D-06  OPTSTEP =  3.00D-04  THRGRAD =  1.00D-10  COMPRESS=  1.00D-11  VARMIN  =  1.00D-07  VARMAX  =  1.00D-03
 THRDOUB =  0.00D+00  THRDIV  =  1.00D-05  THRRED  =  1.00D-07  THRPSP  =  1.00D+00  THRDC   =  1.00D-10  THRCS   =  1.00D-10
 THRNRM  =  1.00D-08  THREQ   =  0.00D+00  THRDE   =  1.00D+00  THRREF  =  1.00D-05  SPARFAC =  1.00D+00  THRDLP  =  1.00D-07
 THRDIA  =  1.00D-10  THRDLS  =  1.00D-07  THRGPS  =  0.00D+00  THRKEX  =  0.00D+00  THRDIS  =  2.00D-01  THRVAR  =  1.00D-10
 THRLOC  =  1.00D-06  THRGAP  =  1.00D-06  THRLOCT = -1.00D+00  THRGAPT = -1.00D+00  THRORB  =  1.00D-06  THRMLTP =  0.00D+00
 THRCPQCI=  1.00D-10  KEXTA   =  0.00D+00  THRCOARS=  0.00D+00  SYMTOL  =  1.00D-06  GRADTOL =  1.00D-06  THROVL  =  1.00D-08
 THRORTH =  1.00D-08  GRID    =  1.00D-06  GRIDMAX =  1.00D-03  DTMAX   =  0.00D+00  THROCCDE=  1.00D-01  THROCCDE=  1.00D-01
 THRPRINT=  0.00D+00


 Variable memory set to   40000000 words,  buffer space 



 Permanent file  3  wfu.dat  assigned.  Implementation=df  



 **********************************************************************************************************************************
 DATASETS  * FILE   NREC   LENGTH (MB)   RECORD NAMES
              3       1        0.03       500   
                                          VAR  

 PROGRAMS   *        TOTAL      FILE
 CPU TIMES  *         0.10      0.00
 REAL TIME  *         0.11 SEC
 DISK USED  *         0.09 MB
 **********************************************************************************************************************************
 SETTING R              =         1.50000000                                  
 SETTING BASIS          =    6-31G
 SETTING GEOMTYP        =    XYZ
 ZSYMEL=X  Y  Z  



 Recomputing integrals since basis changed


 Using spherical harmonics

 Library entry HE     S 6-31G                selected for orbital group  1


 PROGRAM * SEWARD (Integral evaluation for generally contracted gaussian basis sets)     Author: Roland Lindh, 1990

 Geometry written to block  1 of record 700


 Point group  D2h 



 ATOMIC COORDINATES

 NR  ATOM    CHARGE       X              Y              Z

   1  HE1     2.00    2.834589187    2.834589187    2.834589187
   2  HE2     2.00   -2.834589187   -2.834589187    2.834589187
   3  HE3     2.00    2.834589187   -2.834589187    2.834589187
   4  HE4     2.00   -2.834589187    2.834589187    2.834589187
   5  HE5     2.00    2.834589187    2.834589187   -2.834589187
   6  HE6     2.00   -2.834589187   -2.834589187   -2.834589187
   7  HE7     2.00    2.834589187   -2.834589187   -2.834589187
   8  HE8     2.00   -2.834589187    2.834589187   -2.834589187


 BASIS DATA

   Nr Sym  Nuc  Type         Exponents   Contraction coefficients

    1.1 Ag    1  1s          38.421634     0.023766
              2  1s           5.778030     0.154679
              3  1s           1.241774     0.469630
              4  1s    
              5  1s    
              6  1s    
              7  1s    
              8  1s    
    2.1 Ag    1  1s           0.297964     1.000000
              2  1s    
              3  1s    
              4  1s    
              5  1s    
              6  1s    
              7  1s    
              8  1s    
    1.2 B3u   1  1s          38.421634     0.023766
              2 -1s           5.778030     0.154679
              3  1s           1.241774     0.469630
              4 -1s    
              5  1s    
              6 -1s    
              7  1s    
              8 -1s    
    2.2 B3u   1  1s           0.297964     1.000000
              2 -1s    
              3  1s    
              4 -1s    
              5  1s    
              6 -1s    
              7  1s    
              8 -1s    
    1.3 B2u   1  1s          38.421634     0.023766
              2 -1s           5.778030     0.154679
              3 -1s           1.241774     0.469630
              4  1s    
              5  1s    
              6 -1s    
              7 -1s    
              8  1s    
    2.3 B2u   1  1s           0.297964     1.000000
              2 -1s    
              3 -1s    
              4  1s    
              5  1s    
              6 -1s    
              7 -1s    
              8  1s    
    1.4 B1g   1  1s          38.421634     0.023766
              2  1s           5.778030     0.154679
              3 -1s           1.241774     0.469630
              4 -1s    
              5  1s    
              6  1s    
              7 -1s    
              8 -1s    
    2.4 B1g   1  1s           0.297964     1.000000
              2  1s    
              3 -1s    
              4 -1s    
              5  1s    
              6  1s    
              7 -1s    
              8 -1s    
    1.5 B1u   1  1s          38.421634     0.023766
              2  1s           5.778030     0.154679
              3  1s           1.241774     0.469630
              4  1s    
              5 -1s    
              6 -1s    
              7 -1s    
              8 -1s    
    2.5 B1u   1  1s           0.297964     1.000000
              2  1s    
              3  1s    
              4  1s    
              5 -1s    
              6 -1s    
              7 -1s    
              8 -1s    
    1.6 B2g   1  1s          38.421634     0.023766
              2 -1s           5.778030     0.154679
              3  1s           1.241774     0.469630
              4 -1s    
              5 -1s    
              6  1s    
              7 -1s    
              8  1s    
    2.6 B2g   1  1s           0.297964     1.000000
              2 -1s    
              3  1s    
              4 -1s    
              5 -1s    
              6  1s    
              7 -1s    
              8  1s    
    1.7 B3g   1  1s          38.421634     0.023766
              2 -1s           5.778030     0.154679
              3 -1s           1.241774     0.469630
              4  1s    
              5 -1s    
              6  1s    
              7  1s    
              8 -1s    
    2.7 B3g   1  1s           0.297964     1.000000
              2 -1s    
              3 -1s    
              4  1s    
              5 -1s    
              6  1s    
              7  1s    
              8 -1s    
    1.8 Au    1  1s          38.421634     0.023766
              2  1s           5.778030     0.154679
              3 -1s           1.241774     0.469630
              4 -1s    
              5 -1s    
              6 -1s    
              7  1s    
              8  1s    
    2.8 Au    1  1s           0.297964     1.000000
              2  1s    
              3 -1s    
              4 -1s    
              5 -1s    
              6 -1s    
              7  1s    
              8  1s    

 NUCLEAR CHARGE:                   16
 NUMBER OF PRIMITIVE AOS:          32
 NUMBER OF SYMMETRY AOS:           32
 NUMBER OF CONTRACTIONS:           16   (    2Ag  +    2B3u +    2B2u +    2B1g +    2B1u +    2B2g +    2B3g +    2Au  )
 NUMBER OF CORE ORBITALS:           0   (    0Ag  +    0B3u +    0B2u +    0B1g +    0B1u +    0B2g +    0B3g +    0Au  )
 NUMBER OF VALENCE ORBITALS:        8   (    1Ag  +    1B3u +    1B2u +    1B1g +    1B1u +    1B2g +    1B3g +    1Au  )


 NUCLEAR REPULSION ENERGY   16.08323531

 Eigenvalues of metric

         1 0.378E+00 0.165E+01
         2 0.370E+00 0.164E+01
         3 0.370E+00 0.164E+01
         4 0.362E+00 0.163E+01
         5 0.370E+00 0.164E+01
         6 0.362E+00 0.163E+01
         7 0.362E+00 0.163E+01
         8 0.354E+00 0.162E+01


 Contracted 2-electron integrals neglected if value below      1.0D-11
 AO integral compression algorithm  1   Integral accuracy      1.0D-11

     0.262 MB (compressed) written to integral file (100.0%)


 NUMBER OF SORTED TWO-ELECTRON INTEGRALS:       1476.     BUFFER LENGTH:  32768
 NUMBER OF SEGMENTS:   1  SEGMENT LENGTH:       1476      RECORD LENGTH: 524288

 Memory used in sort:       0.56 MW

 SORT1 READ        8192. AND WROTE        1476. INTEGRALS IN      1 RECORDS. CPU TIME:     0.00 SEC, REAL TIME:     0.00 SEC
 SORT2 READ        1476. AND WROTE        1476. INTEGRALS IN      1 RECORDS. CPU TIME:     0.01 SEC, REAL TIME:     0.01 SEC

 FILE SIZES:   FILE 1:    30.3 MBYTE,  FILE 4:     4.2 MBYTE,   TOTAL:     34.6 MBYTE

 OPERATOR DM      FOR CENTER  0  COORDINATES:    0.000000    0.000000    0.000000


 **********************************************************************************************************************************
 DATASETS  * FILE   NREC   LENGTH (MB)   RECORD NAMES
              1      19       30.08       500      610      700      900      950      970     1000      129      960     1100   
                                          VAR    BASINP    GEOM    SYMINP    ZMAT    AOBASIS   BASIS     P2S    ABASIS      S 
                                         1400     1410     1200     1210     1080     1600     1650     1300     1700   
                                           T        V       H0       H01     AOSYM     SMH    MOLCAS    ERIS     OPER   

              3       4       12.40       500      610      700     1000   
                                          VAR    BASINP    GEOM     BASIS   

 PROGRAMS   *        TOTAL       INT      FILE
 CPU TIMES  *         0.31      0.20      0.00
 REAL TIME  *         0.47 SEC
 DISK USED  *        47.30 MB
 **********************************************************************************************************************************


 PROGRAM * RHF-SCF (CLOSED SHELL)       Authors: W. Meyer, H.-J. Werner


 NUMBER OF ELECTRONS:       8+    8-    SPACE SYMMETRY=1    SPIN SYMMETRY: Singlet 
 CONVERGENCE THRESHOLDS:    1.00E-05 (Density)    1.00E-07 (Energy)
 MAX. NUMBER OF ITERATIONS:       60
 INTERPOLATION TYPE:            DIIS
 INTERPOLATION STEPS:              2 (START)      1 (STEP)
 LEVEL SHIFTS:                  0.00 (CLOSED)  0.00 (OPEN) 

 Number of closed-shell orbitals:    8 (   1   1   1   1   1   1   1   1 )



   Atom=HE basis=MINAO             lmin=0  lmax=0

 Orbital guess generated from atomic densities. Full valence occupancy:    1   1   1   1   1   1   1   1


 Molecular orbital dump at record        2100.3

 ITERATION    DDIFF          GRAD             ENERGY        2-EL.EN.            DIPOLE MOMENTS         DIIS   ORB.
    1      0.000D+00      0.000D+00       -22.84122022     48.600146    0.00000    0.00000    0.00000    0    start
    2      0.000D+00      0.240D-02       -22.84126327     48.597368    0.00000    0.00000    0.00000    1    diag
    3      0.220D-02      0.183D-03       -22.84126352     48.597133    0.00000    0.00000    0.00000    2    diag
    4      0.181D-03      0.100D-06       -22.84126352     48.597132    0.00000    0.00000    0.00000    3    diag
    5      0.971D-07      0.110D-08       -22.84126352     48.597132    0.00000    0.00000    0.00000    0    orth

 Final occupancy:   1   1   1   1   1   1   1   1

 !RHF STATE  1.1 Energy               -22.841263521837
 Nuclear energy                        16.08323531
 One-electron energy                  -63.22306498
 Two-electron energy                   24.29856615
 Virial quotient                       -0.99992816
 !RHF STATE  1.1 Dipole moment          0.00000000     0.00000000     0.00000000
 Dipole moment /Debye                   0.00000000     0.00000000     0.00000000

 MOLECULAR ORBITALS
 ==================

   Orb  Occ    Energy       Coefficients

                            1 1s      1 1s   

   1.1   2    -0.9197     0.586134  0.515685

   2.1   0     1.3278    -1.142130  1.158270

                            1 1s      1 1s   

   1.2   2    -0.9159     0.590176  0.514236

   2.2   0     1.3758    -1.147195  1.177411

                            1 1s      1 1s   

   1.3   2    -0.9159     0.590176  0.514236

   2.3   0     1.3758    -1.147195  1.177411

                            1 1s      1 1s   

   1.4   2    -0.9123     0.594071  0.512860

   2.4   0     1.4252    -1.152554  1.196876

                            1 1s      1 1s   

   1.5   2    -0.9159     0.590176  0.514236

   2.5   0     1.3758    -1.147195  1.177411

                            1 1s      1 1s   

   1.6   2    -0.9123     0.594071  0.512860

   2.6   0     1.4252    -1.152554  1.196876

                            1 1s      1 1s   

   1.7   2    -0.9123     0.594071  0.512860

   2.7   0     1.4252    -1.152554  1.196876

                            1 1s      1 1s   

   1.8   2    -0.9088     0.597822  0.511557

   2.8   0     1.4760    -1.158213  1.216682


 HOMO      1.8    -0.908756 =     -24.7285eV
 LUMO      2.1     1.327768 =      36.1304eV
 LUMO-HOMO         2.236525 =      60.8589eV


 **********************************************************************************************************************************
 DATASETS  * FILE   NREC   LENGTH (MB)   RECORD NAMES
              1      19       30.08       500      610      700      900      950      970     1000      129      960     1100   
                                          VAR    BASINP    GEOM    SYMINP    ZMAT    AOBASIS   BASIS     P2S    ABASIS      S 
                                         1400     1410     1200     1210     1080     1600     1650     1300     1700   
                                           T        V       H0       H01     AOSYM     SMH    MOLCAS    ERIS     OPER   

              3       5       14.89       500      610      700     1000     2100   
                                          VAR    BASINP    GEOM     BASIS     RHF  

 PROGRAMS   *        TOTAL   RHF-SCF       INT      FILE
 CPU TIMES  *         0.43      0.12      0.20      0.00
 REAL TIME  *         0.62 SEC
 DISK USED  *        47.30 MB
 **********************************************************************************************************************************

 Dump information in style XML to orbitals.xml                                                                    

 Variables will not be exported.
 Molecular orbitals read from record     2100.3  Type=RHF/CANONICAL (state 1.1)
 Occupation numbers read from record     2100.3  Type=RHF/RHF (state 1.1)
 Orbital energies read from record       2100.3  Type=RHF/CANONICAL (state 1.1)
 Redundancy group numbers read from rec  2100.3  Type=RHF/RHF (state 1.1)

 **********************************************************************************************************************************

 RHF/6-31G energy=    -22.841263521837

         RHF-SCF
    -22.84126352
 **********************************************************************************************************************************
 Molpro calculation terminated
