
 Primary working directories    : /scr/yuriaoto/job.023700/molpro.Il5dAo42sF
 Secondary working directories  : /scr/yuriaoto/job.023700/molpro.Il5dAo42sF
 Wavefunction directory         : /scr/yuriaoto/job.023700/
 Main file repository           : /scr/yuriaoto/job.023700/molpro.Il5dAo42sF/

 id        : yuriaoto

 Nodes             nprocs
 t-rex.ufabc.int.br    1

 Using customized tuning parameters: mindgm=8; mindgv=16; mindgc=1; mindgr=1; noblas=0; minvec=7
 default implementation of scratch files=df  


 Variables initialized (933), CPU time= 0.01 sec
 ***,
 memory,40,m
 gprint,orbital,basis,civector
 gthresh,thrprint=0,printci=0.0
 file,3,wfu.dat,old
 
 {ccsd,CC_NORM_MAX=10.0
 nosingle
 thresh,printci=0.0,ENERGY=1.0E-10,COEFF=1.0E-12
 print,ref=1
 core,0
 wf,6,1,0;
 }
 
 Commands  initialized (760), CPU time= 0.00 sec, 617 directives.
 Default parameters read. Elapsed time= 0.03 sec

 Checking input...
 Passed
1


                                         ***  PROGRAM SYSTEM MOLPRO  ***
                                       Copyright, TTI GmbH Stuttgart, 2015
                                    Version 2019.2 linked Abr  7 2019 15:10:35


 **********************************************************************************************************************************
 LABEL *                                                                                 
  64 bit serial version                                                                  DATE: 05-Jun-20          TIME: 23:34:24  
 **********************************************************************************************************************************

 SHA1:             3a8a58c585c929645742fb5a1b7541a4ad1da699
 **********************************************************************************************************************************


 THRESHOLDS:

 ZERO    =  1.00D-12  ONEINT  =  1.00D-12  TWOINT  =  1.00D-11  PREFAC  =  1.00D-14  XXXXXX  =  1.00D-09  EORDER  =  1.00D-04
 ENERGY  =  0.00D+00  ETEST   =  0.00D+00  EDENS   =  0.00D+00  THRDEDEF=  1.00D-06  GRADIENT=  1.00D-02  STEP    =  1.00D-03
 ORBITAL =  1.00D-05  CIVEC   =  1.00D-05  COEFF   =  1.00D-04  PRINTCI =  0.00D+00  PUNCHCI =  9.90D+01  OPTGRAD =  3.00D-04
 OPTENERG=  1.00D-06  OPTSTEP =  3.00D-04  THRGRAD =  1.00D-10  COMPRESS=  1.00D-11  VARMIN  =  1.00D-07  VARMAX  =  1.00D-03
 THRDOUB =  0.00D+00  THRDIV  =  1.00D-05  THRRED  =  1.00D-07  THRPSP  =  1.00D+00  THRDC   =  1.00D-10  THRCS   =  1.00D-10
 THRNRM  =  1.00D-08  THREQ   =  0.00D+00  THRDE   =  1.00D+00  THRREF  =  1.00D-05  SPARFAC =  1.00D+00  THRDLP  =  1.00D-07
 THRDIA  =  1.00D-10  THRDLS  =  1.00D-07  THRGPS  =  0.00D+00  THRKEX  =  0.00D+00  THRDIS  =  2.00D-01  THRVAR  =  1.00D-10
 THRLOC  =  1.00D-06  THRGAP  =  1.00D-06  THRLOCT = -1.00D+00  THRGAPT = -1.00D+00  THRORB  =  1.00D-06  THRMLTP =  0.00D+00
 THRCPQCI=  1.00D-10  KEXTA   =  0.00D+00  THRCOARS=  0.00D+00  SYMTOL  =  1.00D-06  GRADTOL =  1.00D-06  THROVL  =  1.00D-08
 THRORTH =  1.00D-08  GRID    =  1.00D-06  GRIDMAX =  1.00D-03  DTMAX   =  0.00D+00  THROCCDE=  1.00D-01  THROCCDE=  1.00D-01
 THRPRINT=  0.00D+00


 Variable memory set to   40000000 words,  buffer space 



 Permanent file  3  wfu.dat  assigned.  Implementation=df    Size= 14.08 MB


 PROGRAM * RESTART 


 Reading variables from file 3

 _FNUC           =      0.00000000
 _BASIS          =    STO-3G
 _NELEC          =      6.00000000
 _PROGRAM        =    RHF-SCF
 _DMZ            =     -0.00000000
 _DMX_SCF        =      0.00000000
 _DMY_SCF        =      0.00000000
 _DMZ_SCF        =     -0.00000000
 _HOMO           =      3.10000000
 _EHOMO          =     -0.15007102
 _LUMO           =      4.10000000
 _ELUMO          =      0.08336193
 _ENERGY         =    -14.63864283
 _ENERGY_METHOD  =    RHF
 _ENERGY_BASIS   =    STO-3G
 _ENUC           =      1.80000000
 _EPS1(1:6)      =     -2.32975138    -2.32973347    -0.15007102     0.08336193     0.15828123     0.47434817
 _EPS2(1:2)      =      0.13305715     0.24181392
 _EPS3(1:2)      =      0.13305715     0.24181392
 _IPROC_MPP      =      0.00000000
 _IPROC_MPPX     =      0.00000000
 _ORBITAL        =   2100.30000000
 _STATUS         =      1.00000000
 _DATE           =    21-Oct-19
 _LASTORB        =    RHF
 _OUTPUT         =    /scr/yuriaoto/job.022398/RHF.xml
 _PGROUP         =    C2v 
 _TIME           =    10:12:38
 R               =      5.00000000

 Geometry written to block  1 of record 700


 **********************************************************************************************************************************
 DATASETS  * FILE   NREC   LENGTH (MB)   RECORD NAMES
              3       5       14.77       500      610      700     1000     2100   
                                          VAR    BASINP    GEOM     BASIS     RHF  

 PROGRAMS   *        TOTAL   RESTART
 CPU TIMES  *         0.08      0.01
 REAL TIME  *         0.12 SEC
 DISK USED  *        26.84 MB
 **********************************************************************************************************************************


 Recomputing integrals since basis changed


 Using spherical harmonics

 Library entry LI     S STO-3G               selected for orbital group  1
 Library entry LI     P STO-3G               selected for orbital group  1


 PROGRAM * SEWARD (Integral evaluation for generally contracted gaussian basis sets)     Author: Roland Lindh, 1990

 Geometry written to block  1 of record 700

 Orientation using atomic masses  
 Molecule type: Linear
 User-specified symmetry elements: X,Y
 Symmetry elements: X,Y
 Rotational constants:      20.8009354     20.8009354      0.0000000 GHz  (calculated with average atomic masses)

 Point group  C2v 



 ATOMIC COORDINATES

 NR  ATOM    CHARGE       X              Y              Z

   1  LI1     3.00    0.000000000    0.000000000   -2.500000000
   2  LI2     3.00    0.000000000    0.000000000    2.500000000

 Bond lengths in Bohr (Angstrom)

 1-2  5.000000000
     ( 2.645886055)


 BASIS DATA

   Nr Sym  Nuc  Type         Exponents   Contraction coefficients

    1.1 A1    1  1s          16.119575     0.154329
                              2.936201     0.535328
                              0.794651     0.444635
    2.1 A1    1  1s           0.636290    -0.099967
                              0.147860     0.399513
                              0.048089     0.700115
    3.1 A1    1  2pz          0.636290     0.155916
                              0.147860     0.607684
                              0.048089     0.391957
    4.1 A1    2  1s          16.119575     0.154329
                              2.936201     0.535328
                              0.794651     0.444635
    5.1 A1    2  1s           0.636290    -0.099967
                              0.147860     0.399513
                              0.048089     0.700115
    6.1 A1    2  2pz          0.636290     0.155916
                              0.147860     0.607684
                              0.048089     0.391957
    1.2 B1    1  2px          0.636290     0.155916
                              0.147860     0.607684
                              0.048089     0.391957
    2.2 B1    2  2px          0.636290     0.155916
                              0.147860     0.607684
                              0.048089     0.391957
    1.3 B2    1  2py          0.636290     0.155916
                              0.147860     0.607684
                              0.048089     0.391957
    2.3 B2    2  2py          0.636290     0.155916
                              0.147860     0.607684
                              0.048089     0.391957

 NUCLEAR CHARGE:                    6
 NUMBER OF PRIMITIVE AOS:          30
 NUMBER OF SYMMETRY AOS:           30
 NUMBER OF CONTRACTIONS:           10   (    6A1  +    2B1  +    2B2  +    0A2  )
 NUMBER OF CORE ORBITALS:           2   (    2A1  +    0B1  +    0B2  +    0A2  )
 NUMBER OF VALENCE ORBITALS:        8   (    4A1  +    2B1  +    2B2  +    0A2  )


 NUCLEAR REPULSION ENERGY    1.80000000

 Eigenvalues of metric

         1 0.155E+00 0.805E+00 0.846E+00 0.104E+01 0.123E+01 0.192E+01
         2 0.713E+00 0.129E+01
         3 0.713E+00 0.129E+01


 Contracted 2-electron integrals neglected if value below      1.0D-11
 AO integral compression algorithm  1   Integral accuracy      1.0D-11

     0.262 MB (compressed) written to integral file (100.0%)


 NUMBER OF SORTED TWO-ELECTRON INTEGRALS:        648.     BUFFER LENGTH:  32768
 NUMBER OF SEGMENTS:   1  SEGMENT LENGTH:        648      RECORD LENGTH: 524288

 Memory used in sort:       0.56 MW

 SORT1 READ         777. AND WROTE         608. INTEGRALS IN      1 RECORDS. CPU TIME:     0.00 SEC, REAL TIME:     0.00 SEC
 SORT2 READ         608. AND WROTE         648. INTEGRALS IN      1 RECORDS. CPU TIME:     0.00 SEC, REAL TIME:     0.00 SEC

 FILE SIZES:   FILE 1:    30.2 MBYTE,  FILE 4:     4.2 MBYTE,   TOTAL:     34.4 MBYTE

 OPERATOR DM      FOR CENTER  0  COORDINATES:    0.000000    0.000000    0.000000


 **********************************************************************************************************************************
 DATASETS  * FILE   NREC   LENGTH (MB)   RECORD NAMES
              1      19       29.94       500      700      610      900      950      970     1000      129      960     1100   
                                          VAR     GEOM    BASINP   SYMINP    ZMAT    AOBASIS   BASIS     P2S    ABASIS      S 
                                         1400     1410     1200     1210     1080     1600     1650     1300     1700   
                                           T        V       H0       H01     AOSYM     SMH    MOLCAS    ERIS     OPER   

              3       5       14.77       500      610      700     1000     2100   
                                          VAR    BASINP    GEOM     BASIS     RHF  

 PROGRAMS   *        TOTAL       INT   RESTART
 CPU TIMES  *         0.19      0.11      0.01
 REAL TIME  *         0.32 SEC
 DISK USED  *        49.42 MB
 **********************************************************************************************************************************


 PROGRAM * CCSD (Closed-shell coupled cluster)     Authors: C. Hampel, H.-J. Werner, 1991, M. Deegan, P.J. Knowles, 1992


 Input parameters for THRESH:

 ENERGY   =    1.00D-10
 COEFF    =    1.00D-12
 PRINTCI  =    0.000000
 THRPRINT =    0.000000

 Convergence thresholds:  THRVAR = 1.00D-24  THRDEN = 1.00D-10

 Number of closed-shell orbitals:   3 (   3   0   0 )
 Number of external orbitals:       7 (   3   2   2 )

 Molecular orbitals read from record     2100.3  Type=RHF/CANONICAL (state 1.1)

 Number of N-1 electron functions:               0
 Number of N-2 electron functions:               6
 Number of singly external CSFs:                 0
 Number of doubly external CSFs:                87
 Total number of CSFs:                          88

 Length of J-op  integral file:               0.00 MB
 Length of K-op  integral file:               0.03 MB
 Length of 3-ext integral record:             0.00 MB

 Integral transformation finished. Total CPU:   0.00 sec, npass=  1  Memory used:   0.07 MW

 Reference energy:                    -14.63864283

 MP2 singlet pair energy:              -0.01670946
 MP2 triplet pair energy:              -0.00004955
 MP2 correlation energy:               -0.01675902
 MP2 total energy:                    -14.65540185

 SCS-MP2 correlation energy:           -0.02008219   (PS=  1.200000  PT=  0.333333)
 SCS-MP2 total energy:                -14.65872502

 ITER.      SQ.NORM     CORR.ENERGY   TOTAL ENERGY   ENERGY CHANGE        DEN1      VAR(S)    VAR(P)  DIIS     TIME  TIME/IT
   1      1.04517324    -0.02476422   -14.66340705    -0.00800520    -0.00445304  0.00D+00  0.25D-02  1  1     0.01     0.00
   2      1.07356659    -0.02771095   -14.66635378    -0.00294673    -0.00503969  0.00D+00  0.32D-03  2  2     0.01     0.00
   3      1.08518324    -0.02798056   -14.66662339    -0.00026961    -0.00134557  0.00D+00  0.72D-04  3  3     0.01     0.00
   4      1.09070017    -0.02806767   -14.66671051    -0.00008711    -0.00039289  0.00D+00  0.62D-05  4  4     0.01     0.00
   5      1.09196182    -0.02812839   -14.66677122    -0.00006072    -0.00010827  0.00D+00  0.12D-05  5  5     0.01     0.00
   6      1.09211717    -0.02810666   -14.66674949     0.00002173    -0.00000165  0.00D+00  0.20D-06  6  6     0.01     0.00
   7      1.09219033    -0.02810482   -14.66674765     0.00000184    -0.00000371  0.00D+00  0.23D-07  6  1     0.01     0.00
   8      1.09221119    -0.02810514   -14.66674797    -0.00000032    -0.00000098  0.00D+00  0.90D-09  6  2     0.01     0.00
   9      1.09221386    -0.02810497   -14.66674781     0.00000016    -0.00000037  0.00D+00  0.66D-10  6  4     0.01     0.00
  10      1.09221367    -0.02810500   -14.66674784    -0.00000003     0.00000005  0.00D+00  0.31D-10  6  3     0.01     0.00
  11      1.09221270    -0.02810502   -14.66674786    -0.00000002     0.00000010  0.00D+00  0.67D-11  6  6     0.02     0.00
  12      1.09221232    -0.02810503   -14.66674786    -0.00000001     0.00000003  0.00D+00  0.53D-12  6  5     0.02     0.00
  13      1.09221234    -0.02810503   -14.66674786     0.00000000    -0.00000002  0.00D+00  0.57D-13  6  1     0.02     0.00
  14      1.09221236    -0.02810502   -14.66674786     0.00000000    -0.00000001  0.00D+00  0.86D-14  6  2     0.02     0.00
  15      1.09221236    -0.02810502   -14.66674786     0.00000000    -0.00000000  0.00D+00  0.22D-14  6  4     0.02     0.00
  16      1.09221235    -0.02810502   -14.66674786     0.00000000    -0.00000000  0.00D+00  0.44D-15  6  1     0.02     0.00
  17      1.09221235    -0.02810502   -14.66674786    -0.00000000     0.00000000  0.00D+00  0.71D-17  6  5     0.02     0.00
  18      1.09221234    -0.02810502   -14.66674786     0.00000000     0.00000000  0.00D+00  0.28D-18  6  3     0.02     0.00
  19      1.09221234    -0.02810502   -14.66674786     0.00000000     0.00000000  0.00D+00  0.99D-19  6  6     0.02     0.00
  20      1.09221234    -0.02810502   -14.66674786    -0.00000000     0.00000000  0.00D+00  0.38D-19  6  2     0.02     0.00
  21      1.09221234    -0.02810502   -14.66674786    -0.00000000     0.00000000  0.00D+00  0.32D-20  6  4     0.02     0.00
  22      1.09221234    -0.02810502   -14.66674786    -0.00000000     0.00000000  0.00D+00  0.94D-21  6  5     0.02     0.00
  23      1.09221234    -0.02810502   -14.66674786    -0.00000000     0.00000000  0.00D+00  0.24D-21  6  1     0.02     0.00
  24      1.09221234    -0.02810502   -14.66674786     0.00000000    -0.00000000  0.00D+00  0.23D-22  6  3     0.03     0.00
  25      1.09221234    -0.02810502   -14.66674786     0.00000000    -0.00000000  0.00D+00  0.11D-23  6  6     0.03     0.00
  26      1.09221234    -0.02810502   -14.66674786     0.00000000    -0.00000000  0.00D+00  0.10D-24  6  2     0.03     0.00


 Doubles amplitudes (print threshold =  0.000E+00):

         I         J         SYM. A    SYM. B    A         B      T(IJ, AB)

         1         1         1         1         1         1     -0.00202693
         1         1         1         1         1         2     -0.00000000
         1         1         1         1         1         3     -0.00092670
         1         1         1         1         2         1     -0.00000000
         1         1         1         1         2         2     -0.00091750
         1         1         1         1         2         3      0.00000000
         1         1         1         1         3         1     -0.00092670
         1         1         1         1         3         2      0.00000000
         1         1         1         1         3         3     -0.00260880
         1         1         2         2         1         1     -0.00042147
         1         1         2         2         1         2      0.00000000
         1         1         2         2         2         1      0.00000000
         1         1         2         2         2         2     -0.00114223
         1         1         3         3         1         1     -0.00042147
         1         1         3         3         1         2      0.00000000
         1         1         3         3         2         1      0.00000000
         1         1         3         3         2         2     -0.00114223
         2         1         1         1         1         1      0.00000000
         2         1         1         1         1         2      0.00091881
         2         1         1         1         1         3      0.00000000
         2         1         1         1         2         1      0.00085432
         2         1         1         1         2         2     -0.00000000
         2         1         1         1         2         3     -0.00086412
         2         1         1         1         3         1      0.00000000
         2         1         1         1         3         2     -0.00097751
         2         1         1         1         3         3     -0.00000000
         2         1         2         2         1         1     -0.00000000
         2         1         2         2         1         2     -0.00096368
         2         1         2         2         2         1     -0.00102550
         2         1         2         2         2         2     -0.00000000
         2         1         3         3         1         1     -0.00000000
         2         1         3         3         1         2     -0.00096368
         2         1         3         3         2         1     -0.00102550
         2         1         3         3         2         2     -0.00000000
         2         2         1         1         1         1     -0.00205421
         2         2         1         1         1         2      0.00000000
         2         2         1         1         1         3     -0.00085545
         2         2         1         1         2         1      0.00000000
         2         2         1         1         2         2     -0.00079094
         2         2         1         1         2         3     -0.00000000
         2         2         1         1         3         1     -0.00085545
         2         2         1         1         3         2     -0.00000000
         2         2         1         1         3         3     -0.00270249
         2         2         2         2         1         1     -0.00036760
         2         2         2         2         1         2     -0.00000000
         2         2         2         2         2         1     -0.00000000
         2         2         2         2         2         2     -0.00122080
         2         2         3         3         1         1     -0.00036760
         2         2         3         3         1         2     -0.00000000
         2         2         3         3         2         1     -0.00000000
         2         2         3         3         2         2     -0.00122080
         3         1         1         1         1         1      0.00117550
         3         1         1         1         1         2      0.00000000
         3         1         1         1         1         3      0.00252029
         3         1         1         1         2         1      0.00000000
         3         1         1         1         2         2     -0.00328470
         3         1         1         1         2         3     -0.00000000
         3         1         1         1         3         1      0.00227618
         3         1         1         1         3         2     -0.00000000
         3         1         1         1         3         3     -0.00113985
         3         1         2         2         1         1     -0.00284484
         3         1         2         2         1         2     -0.00000000
         3         1         2         2         2         1     -0.00000000
         3         1         2         2         2         2     -0.00280588
         3         1         3         3         1         1     -0.00284484
         3         1         3         3         1         2     -0.00000000
         3         1         3         3         2         1     -0.00000000
         3         1         3         3         2         2     -0.00280588
         3         2         1         1         1         1      0.00000000
         3         2         1         1         1         2      0.00089563
         3         2         1         1         1         3     -0.00000000
         3         2         1         1         2         1      0.00125126
         3         2         1         1         2         2      0.00000000
         3         2         1         1         2         3     -0.00347713
         3         2         1         1         3         1     -0.00000000
         3         2         1         1         3         2     -0.00190054
         3         2         1         1         3         3      0.00000000
         3         2         2         2         1         1      0.00000000
         3         2         2         2         1         2     -0.00291771
         3         2         2         2         2         1     -0.00223448
         3         2         2         2         2         2      0.00000000
         3         2         3         3         1         1      0.00000000
         3         2         3         3         1         2     -0.00291771
         3         2         3         3         2         1     -0.00223448
         3         2         3         3         2         2      0.00000000
         3         3         1         1         1         1     -0.12989194
         3         3         1         1         1         2      0.00000000
         3         3         1         1         1         3     -0.05293789
         3         3         1         1         2         1      0.00000000
         3         3         1         1         2         2     -0.09496718
         3         3         1         1         2         3     -0.00000000
         3         3         1         1         3         1     -0.05293789
         3         3         1         1         3         2     -0.00000000
         3         3         1         1         3         3     -0.02804540
         3         3         2         2         1         1     -0.17272984
         3         3         2         2         1         2      0.00000000
         3         3         2         2         2         1      0.00000000
         3         3         2         2         2         2      0.00007694
         3         3         3         3         1         1     -0.17272984
         3         3         3         3         1         2     -0.00000000
         3         3         3         3         2         1      0.00000000
         3         3         3         3         2         2      0.00007694


 RESULTS
 =======

  Reference energy                    -14.638642833983

  Correlated core orbitals:             1.1       2.1
  Orbital energies:                    -2.3298   -2.3297

  CCD core-core energy                 -0.000287013769
  CCD core-valence energy              -0.000562354494
  CCD valence correlation energy       -0.027255655930

  CCD singlet pair energy              -0.028065451820
  CCD triplet pair energy              -0.000039572374
  CCD correlation energy               -0.028105024194

 !CCD total energy                    -14.666747858177

 Timing summary (sec):

 STEP                 CPU(USER)    SYS     CPU(TOT)    WALL
 Transformation          0.01      0.00      0.01      0.01
 CCSD iterations         0.02      0.01      0.03      0.03

 Program statistics:

 Available memory in ccsd:                39999164
 Min. memory needed in ccsd:                  1211
 Max. memory used in ccsd:                    1211
 Max. memory used in cckext:                 33958 (26 integral passes)



 **********************************************************************************************************************************
 DATASETS  * FILE   NREC   LENGTH (MB)   RECORD NAMES
              1      20       29.95       500      700      610      900      950      970     1000      129      960     1100   
                                          VAR     GEOM    BASINP   SYMINP    ZMAT    AOBASIS   BASIS     P2S    ABASIS      S 
                                         1400     1410     1200     1210     1080     1600     1650     1300     1700     1380   
                                           T        V       H0       H01     AOSYM     SMH    MOLCAS    ERIS     OPER     JKOP   

              3       5       14.77       500      610      700     1000     2100   
                                          VAR    BASINP    GEOM     BASIS     RHF  

 PROGRAMS   *        TOTAL      CCSD       INT   RESTART
 CPU TIMES  *         0.24      0.05      0.11      0.01
 REAL TIME  *         0.38 SEC
 DISK USED  *        49.42 MB
 **********************************************************************************************************************************
 Molecular orbitals read from record     2100.3  Type=RHF/CANONICAL (state 1.1)
 Occupation numbers read from record     2100.3  Type=RHF/RHF (state 1.1)
 Orbital energies read from record       2100.3  Type=RHF/CANONICAL (state 1.1)
 Redundancy group numbers read from rec  2100.3  Type=RHF/RHF (state 1.1)

 CCSD/STO-3G energy=    -14.666747858177

            CCSD
    -14.66674786
 **********************************************************************************************************************************
 Molpro calculation terminated
