
 Primary working directories    : /scr/yuriaoto/job.022402/molpro.aDqGmvXy5M
 Secondary working directories  : /scr/yuriaoto/job.022402/molpro.aDqGmvXy5M
 Wavefunction directory         : /scr/yuriaoto/job.022402/
 Main file repository           : /scr/yuriaoto/job.022402/molpro.aDqGmvXy5M/

 id        : yuriaoto

 Nodes             nprocs
 t-rex.ufabc.int.br    1

 Using customized tuning parameters: mindgm=8; mindgv=16; mindgc=1; mindgr=1; noblas=0; minvec=7
 default implementation of scratch files=df  


 Variables initialized (933), CPU time= 0.01 sec
 ***,
 memory,40,m
 gprint,orbital=15,basis
 gthresh,thrprint=0
 file,3,wfu.dat,new
 
 r = 5.0
 basis = cc-pVDZ
 
 symmetry,x,y,z
 geom={Li1;Li2,Li1,r}
 
 {rhf
 wf,6,1,0
 orbital,2100.3
 }
 
 {put,xml,orbitals.xml; nosort; novariables}
 
 Commands  initialized (760), CPU time= 0.00 sec, 617 directives.
 Default parameters read. Elapsed time= 0.03 sec

 Checking input...
 Passed
1


                                         ***  PROGRAM SYSTEM MOLPRO  ***
                                       Copyright, TTI GmbH Stuttgart, 2015
                                    Version 2019.2 linked Abr  7 2019 15:10:35


 **********************************************************************************************************************************
 LABEL *                                                                                 
  64 bit serial version                                                                  DATE: 21-Oct-19          TIME: 10:20:37  
 **********************************************************************************************************************************

 SHA1:             3a8a58c585c929645742fb5a1b7541a4ad1da699
 **********************************************************************************************************************************


 THRESHOLDS:

 ZERO    =  1.00D-12  ONEINT  =  1.00D-12  TWOINT  =  1.00D-11  PREFAC  =  1.00D-14  XXXXXX  =  1.00D-09  EORDER  =  1.00D-04
 ENERGY  =  0.00D+00  ETEST   =  0.00D+00  EDENS   =  0.00D+00  THRDEDEF=  1.00D-06  GRADIENT=  1.00D-02  STEP    =  1.00D-03
 ORBITAL =  1.00D-05  CIVEC   =  1.00D-05  COEFF   =  1.00D-04  PRINTCI =  5.00D-02  PUNCHCI =  9.90D+01  OPTGRAD =  3.00D-04
 OPTENERG=  1.00D-06  OPTSTEP =  3.00D-04  THRGRAD =  1.00D-10  COMPRESS=  1.00D-11  VARMIN  =  1.00D-07  VARMAX  =  1.00D-03
 THRDOUB =  0.00D+00  THRDIV  =  1.00D-05  THRRED  =  1.00D-07  THRPSP  =  1.00D+00  THRDC   =  1.00D-10  THRCS   =  1.00D-10
 THRNRM  =  1.00D-08  THREQ   =  0.00D+00  THRDE   =  1.00D+00  THRREF  =  1.00D-05  SPARFAC =  1.00D+00  THRDLP  =  1.00D-07
 THRDIA  =  1.00D-10  THRDLS  =  1.00D-07  THRGPS  =  0.00D+00  THRKEX  =  0.00D+00  THRDIS  =  2.00D-01  THRVAR  =  1.00D-10
 THRLOC  =  1.00D-06  THRGAP  =  1.00D-06  THRLOCT = -1.00D+00  THRGAPT = -1.00D+00  THRORB  =  1.00D-06  THRMLTP =  0.00D+00
 THRCPQCI=  1.00D-10  KEXTA   =  0.00D+00  THRCOARS=  0.00D+00  SYMTOL  =  1.00D-06  GRADTOL =  1.00D-06  THROVL  =  1.00D-08
 THRORTH =  1.00D-08  GRID    =  1.00D-06  GRIDMAX =  1.00D-03  DTMAX   =  0.00D+00  THROCCDE=  1.00D-01  THROCCDE=  1.00D-01
 THRPRINT=  0.00D+00


 Variable memory set to   40000000 words,  buffer space 



 Permanent file  3  wfu.dat  assigned.  Implementation=df  



 **********************************************************************************************************************************
 DATASETS  * FILE   NREC   LENGTH (MB)   RECORD NAMES
              3       1        0.03       500   
                                          VAR  

 PROGRAMS   *        TOTAL      FILE
 CPU TIMES  *         0.07      0.00
 REAL TIME  *         0.08 SEC
 DISK USED  *         0.09 MB
 **********************************************************************************************************************************
 SETTING R              =         5.00000000                                  
 SETTING BASIS          =    CC-PVDZ
 ZSYMEL=X  Y  Z  



 Recomputing integrals since basis changed


 Using spherical harmonics

 Library entry LI     S cc-pVDZ              selected for orbital group  1
 Library entry LI     P cc-pVDZ              selected for orbital group  1
 Library entry LI     D cc-pVDZ              selected for orbital group  1


 PROGRAM * SEWARD (Integral evaluation for generally contracted gaussian basis sets)     Author: Roland Lindh, 1990

 Geometry written to block  1 of record 700

 Orientation using atomic masses  
 Molecule type: Linear
 User-specified symmetry elements: X,Y,Z
 Symmetry elements: X,Y,Z
 Rotational constants:      20.8009354     20.8009354      0.0000000 GHz  (calculated with average atomic masses)

 Point group  D2h 



 ATOMIC COORDINATES

 NR  ATOM    CHARGE       X              Y              Z

   1  LI1     3.00    0.000000000    0.000000000   -2.500000000
   2  LI2     3.00    0.000000000    0.000000000    2.500000000

 Bond lengths in Bohr (Angstrom)

 1-2  5.000000000
     ( 2.645886055)


 BASIS DATA

   Nr Sym  Nuc  Type         Exponents   Contraction coefficients

    1.1 Ag    1  1s        1469.000000     0.000766   -0.000120    0.000000
    2.1 Ag    2  1s         220.500000     0.005892   -0.000923    0.000000
    3.1 Ag                   50.260000     0.029671   -0.004689    0.000000
                             14.240000     0.109180   -0.017682    0.000000
                              4.581000     0.282789   -0.048902    0.000000
                              1.580000     0.453123   -0.096009    0.000000
                              0.564000     0.274774   -0.136380    0.000000
                              0.073450     0.009751    0.575102    0.000000
                              0.028050    -0.003180    0.517661    1.000000
    4.1 Ag    1  2pz          1.534000     0.022784    0.000000
    5.1 Ag    2 -2pz          0.274900     0.139107    0.000000
                              0.073620     0.500375    0.000000
                              0.024030     0.508474    1.000000
    6.1 Ag    1  3d0          0.114400     1.000000
              2  3d0   
    7.1 Ag    1  3d2+         0.114400     1.000000
              2  3d2+  
    1.2 B3u   1  2px          1.534000     0.022784    0.000000
    2.2 B3u   2  2px          0.274900     0.139107    0.000000
                              0.073620     0.500375    0.000000
                              0.024030     0.508474    1.000000
    3.2 B3u   1  3d1+         0.114400     1.000000
              2 -3d1+  
    1.3 B2u   1  2py          1.534000     0.022784    0.000000
    2.3 B2u   2  2py          0.274900     0.139107    0.000000
                              0.073620     0.500375    0.000000
                              0.024030     0.508474    1.000000
    3.3 B2u   1  3d1-         0.114400     1.000000
              2 -3d1-  
    1.4 B1g   1  3d2-         0.114400     1.000000
              2  3d2-  
    1.5 B1u   1  1s        1469.000000     0.000766   -0.000120    0.000000
    2.5 B1u   2 -1s         220.500000     0.005892   -0.000923    0.000000
    3.5 B1u                  50.260000     0.029671   -0.004689    0.000000
                             14.240000     0.109180   -0.017682    0.000000
                              4.581000     0.282789   -0.048902    0.000000
                              1.580000     0.453123   -0.096009    0.000000
                              0.564000     0.274774   -0.136380    0.000000
                              0.073450     0.009751    0.575102    0.000000
                              0.028050    -0.003180    0.517661    1.000000
    4.5 B1u   1  2pz          1.534000     0.022784    0.000000
    5.5 B1u   2  2pz          0.274900     0.139107    0.000000
                              0.073620     0.500375    0.000000
                              0.024030     0.508474    1.000000
    6.5 B1u   1  3d0          0.114400     1.000000
              2 -3d0   
    7.5 B1u   1  3d2+         0.114400     1.000000
              2 -3d2+  
    1.6 B2g   1  2px          1.534000     0.022784    0.000000
    2.6 B2g   2 -2px          0.274900     0.139107    0.000000
                              0.073620     0.500375    0.000000
                              0.024030     0.508474    1.000000
    3.6 B2g   1  3d1+         0.114400     1.000000
              2  3d1+  
    1.7 B3g   1  2py          1.534000     0.022784    0.000000
    2.7 B3g   2 -2py          0.274900     0.139107    0.000000
                              0.073620     0.500375    0.000000
                              0.024030     0.508474    1.000000
    3.7 B3g   1  3d1-         0.114400     1.000000
              2  3d1-  
    1.8 Au    1  3d2-         0.114400     1.000000
              2 -3d2-  

 NUCLEAR CHARGE:                    6
 NUMBER OF PRIMITIVE AOS:          54
 NUMBER OF SYMMETRY AOS:           52
 NUMBER OF CONTRACTIONS:           28   (    7Ag  +    3B3u +    3B2u +    1B1g +    7B1u +    3B2g +    3B3g +    1Au  )
 NUMBER OF CORE ORBITALS:           2   (    1Ag  +    0B3u +    0B2u +    0B1g +    1B1u +    0B2g +    0B3g +    0Au  )
 NUMBER OF VALENCE ORBITALS:        8   (    2Ag  +    1B3u +    1B2u +    0B1g +    2B1u +    1B2g +    1B3g +    0Au  )


 NUCLEAR REPULSION ENERGY    1.80000000

 EXTRA SYMMETRY OF AOS IN SYMMETRY 1:   1 1 1 1 1 1 2
 EXTRA SYMMETRY OF AOS IN SYMMETRY 5:   1 1 1 1 1 1 2

 Eigenvalues of metric

         1 0.313E-01 0.101E+00 0.792E+00 0.106E+01 0.116E+01 0.124E+01 0.385E+01
         2 0.135E+00 0.138E+01 0.322E+01
         3 0.135E+00 0.138E+01 0.322E+01
         4 0.124E+01
         5 0.256E-02 0.901E-02 0.995E-01 0.761E+00 0.899E+00 0.115E+01 0.285E+01
         6 0.586E-01 0.230E+00 0.973E+00
         7 0.586E-01 0.230E+00 0.973E+00
         8 0.761E+00


 Contracted 2-electron integrals neglected if value below      1.0D-11
 AO integral compression algorithm  1   Integral accuracy      1.0D-11

     0.262 MB (compressed) written to integral file (100.0%)


 NUMBER OF SORTED TWO-ELECTRON INTEGRALS:      13015.     BUFFER LENGTH:  32768
 NUMBER OF SEGMENTS:   1  SEGMENT LENGTH:      13015      RECORD LENGTH: 524288

 Memory used in sort:       0.57 MW

 SORT1 READ       27440. AND WROTE       11779. INTEGRALS IN      1 RECORDS. CPU TIME:     0.00 SEC, REAL TIME:     0.00 SEC
 SORT2 READ       11779. AND WROTE       13015. INTEGRALS IN      1 RECORDS. CPU TIME:     0.03 SEC, REAL TIME:     0.03 SEC

 FILE SIZES:   FILE 1:    30.2 MBYTE,  FILE 4:     4.2 MBYTE,   TOTAL:     34.5 MBYTE

 OPERATOR DM      FOR CENTER  0  COORDINATES:    0.000000    0.000000    0.000000


 **********************************************************************************************************************************
 DATASETS  * FILE   NREC   LENGTH (MB)   RECORD NAMES
              1      19       30.04       500      610      700      900      950      970     1000      129      960     1100   
                                          VAR    BASINP    GEOM    SYMINP    ZMAT    AOBASIS   BASIS     P2S    ABASIS      S 
                                         1400     1410     1200     1210     1080     1600     1650     1300     1700   
                                           T        V       H0       H01     AOSYM     SMH    MOLCAS    ERIS     OPER   

              3       4       12.28       500      610      700     1000   
                                          VAR    BASINP    GEOM     BASIS   

 PROGRAMS   *        TOTAL       INT      FILE
 CPU TIMES  *         0.22      0.15      0.00
 REAL TIME  *         0.39 SEC
 DISK USED  *        46.97 MB
 **********************************************************************************************************************************


 PROGRAM * RHF-SCF (CLOSED SHELL)       Authors: W. Meyer, H.-J. Werner


 NUMBER OF ELECTRONS:       3+    3-    SPACE SYMMETRY=1    SPIN SYMMETRY: Singlet 
 CONVERGENCE THRESHOLDS:    1.00E-05 (Density)    1.00E-07 (Energy)
 MAX. NUMBER OF ITERATIONS:       60
 INTERPOLATION TYPE:            DIIS
 INTERPOLATION STEPS:              2 (START)      1 (STEP)
 LEVEL SHIFTS:                  0.00 (CLOSED)  0.00 (OPEN) 



 Orbital guess generated from atomic densities. Full valence occupancy:    2   0   0   0   2   0   0   0


 Molecular orbital dump at record        2100.3

 Initial occupancy:   2   0   0   0   1   0   0   0

 ITERATION    DDIFF          GRAD             ENERGY        2-EL.EN.            DIPOLE MOMENTS         DIIS   ORB.
    1      0.000D+00      0.000D+00       -14.86794423     12.940541    0.00000    0.00000    0.00000    0    start
    2      0.000D+00      0.366D-02       -14.86901341     13.003377    0.00000    0.00000    0.00000    1    diag
    3      0.120D-01      0.132D-02       -14.86922512     13.035103    0.00000    0.00000    0.00000    2    diag
    4      0.757D-02      0.177D-03       -14.86923102     13.036363    0.00000    0.00000    0.00000    3    diag
    5      0.228D-02      0.244D-04       -14.86923112     13.036059    0.00000    0.00000    0.00000    4    diag
    6      0.403D-03      0.295D-05       -14.86923112     13.036024    0.00000    0.00000    0.00000    5    diag
    7      0.378D-04      0.437D-06       -14.86923112     13.036037    0.00000    0.00000    0.00000    6    diag
    8      0.586D-05      0.515D-07       -14.86923112     13.036038    0.00000    0.00000    0.00000    0    orth

 Final occupancy:   2   0   0   0   1   0   0   0

 !RHF STATE  1.1 Energy               -14.869231121713
 Nuclear energy                         1.80000000
 One-electron energy                  -23.18725017
 Two-electron energy                    6.51801905
 Virial quotient                       -0.99544569
 !RHF STATE  1.1 Dipole moment          0.00000000     0.00000000     0.00000000
 Dipole moment /Debye                   0.00000000     0.00000000     0.00000000

 MOLECULAR ORBITALS
 ==================

   Orb  Occ    Energy       Coefficients

                            1 1s      1 1s      1 1s      1 2pz     1 2pz     1 3d0     1 3d2+ 

   1.1   2    -2.4475     0.999853  0.000864 -0.000990 -0.003138  0.002738  0.000516  0.000000

   2.1   2    -0.1809    -0.075842  0.746513  0.001092  0.247769 -0.126164  0.009163 -0.000000

   3.1   0     0.0451     0.043470  0.368318 -0.958319  0.251631  1.049985  0.007933 -0.000000

   4.1   0     0.1419    -0.343885 -1.897698  1.653052 -1.302094  2.009024  0.073232  0.000000

   5.1   0     0.1763    -0.498786 -2.921900  2.832451  1.355959 -1.114774 -0.118040 -0.000000

   6.1   0     0.3187     0.000000  0.000000 -0.000000 -0.000000 -0.000000  0.000000  0.898277

   7.1   0     0.4599    -0.523257 -2.035179  1.662829 -0.140003  0.733836  1.209226  0.000000

                            1 2px     1 2px     1 3d1+ 

   1.2   0     0.0322     0.272654  0.516643 -0.005497

   2.2   0     0.1618     1.911774 -1.751839  0.021425

   3.2   0     0.3557    -0.629672  0.459479  0.873848

                            1 2py     1 2py     1 3d1- 

   1.3   0     0.0322     0.272654  0.516643 -0.005497

   2.3   0     0.1618     1.911774 -1.751839  0.021425

   3.3   0     0.3557    -0.629672  0.459479  0.873848

                            1 3d2- 

   1.4   0     0.3187     0.898277

                            1 1s      1 1s      1 1s      1 2pz     1 2pz     1 3d0     1 3d2+ 

   1.5   2    -2.4472     0.997648 -0.012103 -0.017270 -0.020774  0.003545 -0.004625 -0.000000

   2.5   0     0.0086     0.013135 -0.489212  1.610306  0.240521  1.188733  0.004850 -0.000000

   3.5   0     0.0843    -0.174687 -0.010467  8.146532 -0.084121  3.815305  0.131108 -0.000000

   4.5   0     0.2581    -0.649122 -3.217237 10.951632  2.154949  1.661942 -0.163954 -0.000000

   5.5   0     0.3186    -0.439581 -2.790652  9.524431  0.417171  2.618164  0.946106  0.000000

   6.5   0     0.3975    -0.000000 -0.000000  0.000000  0.000000  0.000000 -0.000000  1.146557

   7.5   0     0.9406     1.915568  8.979084 -4.891973  7.347521 -3.978580  2.033621 -0.000000

                            1 2px     1 2px     1 3d1+ 

   1.6   0     0.0672     0.027070  1.934570 -0.000399

   2.6   0     0.2164     2.176438 -2.492199 -0.291215

   3.6   0     0.5186     1.955844 -0.816322  1.783537

                            1 2py     1 2py     1 3d1- 

   1.7   0     0.0672     0.027070  1.934570 -0.000399

   2.7   0     0.2164     2.176438 -2.492199 -0.291215

   3.7   0     0.5186     1.955844 -0.816322  1.783537

                            1 3d2- 

   1.8   0     0.3975     1.146557


 HOMO      2.1    -0.180890 =      -4.9223eV
 LUMO      2.5     0.008602 =       0.2341eV
 LUMO-HOMO         0.189492 =       5.1563eV


 **********************************************************************************************************************************
 DATASETS  * FILE   NREC   LENGTH (MB)   RECORD NAMES
              1      19       30.04       500      610      700      900      950      970     1000      129      960     1100   
                                          VAR    BASINP    GEOM    SYMINP    ZMAT    AOBASIS   BASIS     P2S    ABASIS      S 
                                         1400     1410     1200     1210     1080     1600     1650     1300     1700   
                                           T        V       H0       H01     AOSYM     SMH    MOLCAS    ERIS     OPER   

              3       5       14.77       500      610      700     1000     2100   
                                          VAR    BASINP    GEOM     BASIS     RHF  

 PROGRAMS   *        TOTAL   RHF-SCF       INT      FILE
 CPU TIMES  *         0.35      0.13      0.15      0.00
 REAL TIME  *         0.55 SEC
 DISK USED  *        46.97 MB
 **********************************************************************************************************************************

 Dump information in style XML to orbitals.xml                                                                    

 Variables will not be exported.
 Molecular orbitals read from record     2100.3  Type=RHF/CANONICAL (state 1.1)
 Occupation numbers read from record     2100.3  Type=RHF/RHF (state 1.1)
 Orbital energies read from record       2100.3  Type=RHF/CANONICAL (state 1.1)
 Redundancy group numbers read from rec  2100.3  Type=RHF/RHF (state 1.1)

 **********************************************************************************************************************************

 RHF/cc-pVDZ energy=    -14.869231121713

         RHF-SCF
    -14.86923112
 **********************************************************************************************************************************
 Molpro calculation terminated
