
 Primary working directories    : /scr/yuriaoto/job.023425/molpro.DT6x4ye52D
 Secondary working directories  : /scr/yuriaoto/job.023425/molpro.DT6x4ye52D
 Wavefunction directory         : /scr/yuriaoto/job.023425/
 Main file repository           : /scr/yuriaoto/job.023425/molpro.DT6x4ye52D/

 id        : yuriaoto

 Nodes             nprocs
 t-rex.ufabc.int.br    1

 Using customized tuning parameters: mindgm=8; mindgv=16; mindgc=1; mindgr=1; noblas=0; minvec=7
 default implementation of scratch files=df  


 Variables initialized (933), CPU time= 0.01 sec
 ***,
 memory,40,m
 gprint,orbital,basis,civector
 gthresh,thrprint=0,printci=0.0
 file,3,wfu.dat,old
 
 {fci
 wf,4,1,0;
 }
 Commands  initialized (760), CPU time= 0.00 sec, 617 directives.
 Default parameters read. Elapsed time= 0.04 sec

 Checking input...
 Passed
1


                                         ***  PROGRAM SYSTEM MOLPRO  ***
                                       Copyright, TTI GmbH Stuttgart, 2015
                                    Version 2019.2 linked Abr  7 2019 15:10:35


 **********************************************************************************************************************************
 LABEL *                                                                                 
  64 bit serial version                                                                  DATE: 02-Jun-20          TIME: 00:28:58  
 **********************************************************************************************************************************

 SHA1:             3a8a58c585c929645742fb5a1b7541a4ad1da699
 **********************************************************************************************************************************


 THRESHOLDS:

 ZERO    =  1.00D-12  ONEINT  =  1.00D-12  TWOINT  =  1.00D-11  PREFAC  =  1.00D-14  XXXXXX  =  1.00D-09  EORDER  =  1.00D-04
 ENERGY  =  0.00D+00  ETEST   =  0.00D+00  EDENS   =  0.00D+00  THRDEDEF=  1.00D-06  GRADIENT=  1.00D-02  STEP    =  1.00D-03
 ORBITAL =  1.00D-05  CIVEC   =  1.00D-05  COEFF   =  1.00D-04  PRINTCI =  0.00D+00  PUNCHCI =  9.90D+01  OPTGRAD =  3.00D-04
 OPTENERG=  1.00D-06  OPTSTEP =  3.00D-04  THRGRAD =  1.00D-10  COMPRESS=  1.00D-11  VARMIN  =  1.00D-07  VARMAX  =  1.00D-03
 THRDOUB =  0.00D+00  THRDIV  =  1.00D-05  THRRED  =  1.00D-07  THRPSP  =  1.00D+00  THRDC   =  1.00D-10  THRCS   =  1.00D-10
 THRNRM  =  1.00D-08  THREQ   =  0.00D+00  THRDE   =  1.00D+00  THRREF  =  1.00D-05  SPARFAC =  1.00D+00  THRDLP  =  1.00D-07
 THRDIA  =  1.00D-10  THRDLS  =  1.00D-07  THRGPS  =  0.00D+00  THRKEX  =  0.00D+00  THRDIS  =  2.00D-01  THRVAR  =  1.00D-10
 THRLOC  =  1.00D-06  THRGAP  =  1.00D-06  THRLOCT = -1.00D+00  THRGAPT = -1.00D+00  THRORB  =  1.00D-06  THRMLTP =  0.00D+00
 THRCPQCI=  1.00D-10  KEXTA   =  0.00D+00  THRCOARS=  0.00D+00  SYMTOL  =  1.00D-06  GRADTOL =  1.00D-06  THROVL  =  1.00D-08
 THRORTH =  1.00D-08  GRID    =  1.00D-06  GRIDMAX =  1.00D-03  DTMAX   =  0.00D+00  THROCCDE=  1.00D-01  THROCCDE=  1.00D-01
 THRPRINT=  0.00D+00


 Variable memory set to   40000000 words,  buffer space 



 Permanent file  3  wfu.dat  assigned.  Implementation=df    Size= 14.08 MB


 PROGRAM * RESTART 


 Reading variables from file 3

 _FNUC           =      0.00000000
 _BASIS          =    6-31G
 _NELEC          =      4.00000000
 _PROGRAM        =    RHF-SCF
 _DMZ            =     -0.00000000
 _DMX_SCF        =      0.00000000
 _DMY_SCF        =      0.00000000
 _DMZ_SCF        =     -0.00000000
 _HOMO           =      2.10000000
 _EHOMO          =     -0.55877435
 _LUMO           =      3.10000000
 _ELUMO          =      1.36057243
 _ENERGY         =     -5.35141618
 _ENERGY_METHOD  =    RHF
 _ENERGY_BASIS   =    6-31G
 _ENUC           =      2.66666667
 _EPS1(1:4)      =     -1.30844083    -0.55877435     1.36057243     1.44878733
 _IPROC_MPP      =      0.00000000
 _IPROC_MPPX     =      0.00000000
 _ORBITAL        =   2100.30000000
 _STATUS         =      1.00000000
 _DATE           =    18-May-20
 _LASTORB        =    RHF
 _OUTPUT         =    /scr/yuriaoto/job.023203/RHF.xml
 _PGROUP         =    C2v 
 _TIME           =    01:46:53
 R               =      1.50000000

 Geometry written to block  1 of record 700


 **********************************************************************************************************************************
 DATASETS  * FILE   NREC   LENGTH (MB)   RECORD NAMES
              3       5       14.77       500      610      700     1000     2100   
                                          VAR    BASINP    GEOM     BASIS     RHF  

 PROGRAMS   *        TOTAL   RESTART
 CPU TIMES  *         0.09      0.02
 REAL TIME  *         0.12 SEC
 DISK USED  *        26.83 MB
 **********************************************************************************************************************************


 Recomputing integrals since basis changed


 Using spherical harmonics

 Library entry HE     S 6-31G                selected for orbital group  1


 PROGRAM * SEWARD (Integral evaluation for generally contracted gaussian basis sets)     Author: Roland Lindh, 1990

 Geometry written to block  1 of record 700

 Orientation using atomic masses  
 Molecule type: Linear
 User-specified symmetry elements: X,Y
 Symmetry elements: X,Y
 Rotational constants:     400.7930756    400.7930756      0.0000000 GHz  (calculated with average atomic masses)

 Point group  C2v 



 ATOMIC COORDINATES

 NR  ATOM    CHARGE       X              Y              Z

   1  HE1     2.00    0.000000000    0.000000000   -0.750000000
   2  HE2     2.00    0.000000000    0.000000000    0.750000000


 BASIS DATA

   Nr Sym  Nuc  Type         Exponents   Contraction coefficients

    1.1 A1    1  1s          38.421634     0.023766
                              5.778030     0.154679
                              1.241774     0.469630
    2.1 A1    1  1s           0.297964     1.000000
    3.1 A1    2  1s          38.421634     0.023766
                              5.778030     0.154679
                              1.241774     0.469630
    4.1 A1    2  1s           0.297964     1.000000

 NUCLEAR CHARGE:                    4
 NUMBER OF PRIMITIVE AOS:           8
 NUMBER OF SYMMETRY AOS:            8
 NUMBER OF CONTRACTIONS:            4   (    4A1  +    0B1  +    0B2  +    0A2  )
 NUMBER OF CORE ORBITALS:           0   (    0A1  +    0B1  +    0B2  +    0A2  )
 NUMBER OF VALENCE ORBITALS:        2   (    2A1  +    0B1  +    0B2  +    0A2  )


 NUCLEAR REPULSION ENERGY    2.66666667

 Eigenvalues of metric

         1 0.172E+00 0.416E+00 0.928E+00 0.248E+01


 Contracted 2-electron integrals neglected if value below      1.0D-11
 AO integral compression algorithm  1   Integral accuracy      1.0D-11

     0.262 MB (compressed) written to integral file (100.0%)


 NUMBER OF SORTED TWO-ELECTRON INTEGRALS:         55.     BUFFER LENGTH:  32768
 NUMBER OF SEGMENTS:   1  SEGMENT LENGTH:         55      RECORD LENGTH: 524288

 Memory used in sort:       0.56 MW

 SORT1 READ         112. AND WROTE          55. INTEGRALS IN      1 RECORDS. CPU TIME:     0.00 SEC, REAL TIME:     0.01 SEC
 SORT2 READ          55. AND WROTE          55. INTEGRALS IN      1 RECORDS. CPU TIME:     0.00 SEC, REAL TIME:     0.01 SEC

 FILE SIZES:   FILE 1:    30.2 MBYTE,  FILE 4:     4.2 MBYTE,   TOTAL:     34.4 MBYTE

 OPERATOR DM      FOR CENTER  0  COORDINATES:    0.000000    0.000000    0.000000


 **********************************************************************************************************************************
 DATASETS  * FILE   NREC   LENGTH (MB)   RECORD NAMES
              1      19       29.93       500      700      610      900      950      970     1000      129      960     1100   
                                          VAR     GEOM    BASINP   SYMINP    ZMAT    AOBASIS   BASIS     P2S    ABASIS      S 
                                         1400     1410     1200     1210     1080     1600     1650     1300     1700   
                                           T        V       H0       H01     AOSYM     SMH    MOLCAS    ERIS     OPER   

              3       5       14.77       500      610      700     1000     2100   
                                          VAR    BASINP    GEOM     BASIS     RHF  

 PROGRAMS   *        TOTAL       INT   RESTART
 CPU TIMES  *         0.20      0.11      0.02
 REAL TIME  *         0.37 SEC
 DISK USED  *        49.41 MB
 **********************************************************************************************************************************


 PROGRAM * FCI (Full CI)     Author: P.J. Knowles, 1984


 Molecular orbitals read from record     2100.3  Type=RHF/CANONICAL (state 1.1)

 Frozen orbitals:              0 (  0  0  0  0  0  0  0  0)
 Active orbitals:              4 (  4  0  0  0  0  0  0  0)
 Active electrons:             4
 Spin quantum number:          0.0
 Orbital pairs:                    10       0       0       0       0       0       0       0
 Strings:                           6       0       0       0       0       0       0       0
                                    6       0       0       0       0       0       0       0
 Determinants:                             36               0               0               0
                                            0               0               0               0

 Load integrals                0.9 sec
 Transform integrals           0.9 sec
 Storage for integrals:            136
 Remaining memory:            39999016

 Core energy:               2.66666667
 Run Hamiltonian processor DAVIDSON
 Symmetry:                   1
 Trial vector:                  0.00
 Result vector:                 0.00
 Maximum iterations:           90
 Convergence threshold:         0.0000100
 RHS vector:                    0.00
 Hamiltonian shift:             0.0000000
 Output threshold:              0.0000000
 Options:                        0
 Number of roots:             1

 Hamiltonian diagonaliser entered at time      0.91

 Initial configuration generated:
       1      1.0000000     -5.3514162

 It  Tr    CPU  Convergence   Energy       Pop     dE(next)

  1   1    0.9  1.00000000    -5.35141618
                                           0.22 -0.03090013 -0.03046198
  2   1    0.9  0.09495947    -5.38246943
                                           0.14 -0.00044164 -0.00040170
  3   1    0.9  0.01046690    -5.38288134
                                           0.31 -0.00004970 -0.00004805
  4   1    0.9  0.00411870    -5.38292470
                                           0.22 -0.00000233 -0.00000218
  5   1    0.9  0.00084676    -5.38292688
                                           0.19 -0.00000015 -0.00000014
  6   1    0.9  0.00018889    -5.38292701
                                           0.08 -0.00000000 -0.00000000
  7   1    0.9  0.00003966    -5.38292701
                                           0.22 -0.00000000 -0.00000000
  8   1    0.9  0.00000986    -5.38292701


RESULTS FOR STATE  1.1
=====================

 Correlation energy                    -0.031510828306
 !FCI STATE  1.1 Energy                -5.382927012720
 CI Vector (threshold=  0.00    )
       0.995379074095  1  2  1  2
       0.000000000000  1  2  1  3
       0.002263551723  1  2  1  4
      -0.003323494732  1  2  2  3
       0.000000000000  1  2  2  4
      -0.006055378514  1  2  3  4
       0.000000000000  1  3  1  2
      -0.031931832482  1  3  1  3
       0.000000000000  1  3  1  4
       0.000000000000  1  3  2  3
       0.028884683813  1  3  2  4
       0.000000000000  1  3  3  4
       0.002263551723  1  4  1  2
       0.000000000000  1  4  1  3
      -0.050079313551  1  4  1  4
       0.034938967743  1  4  2  3
       0.000000000000  1  4  2  4
       0.000539723942  1  4  3  4
      -0.003323494732  2  3  1  2
       0.000000000000  2  3  1  3
       0.034938967743  2  3  1  4
      -0.026829314916  2  3  2  3
       0.000000000000  2  3  2  4
      -0.000643082051  2  3  3  4
       0.000000000000  2  4  1  2
       0.028884683813  2  4  1  3
       0.000000000000  2  4  1  4
       0.000000000000  2  4  2  3
      -0.027164251452  2  4  2  4
       0.000000000000  2  4  3  4
      -0.006055378514  3  4  1  2
       0.000000000000  3  4  1  3
       0.000539723942  3  4  1  4
      -0.000643082051  3  4  2  3
       0.000000000000  3  4  2  4
       0.004244318200  3  4  3  4
 /EOF
 !FCI STATE  1.1 Dipole moment          0.00000000     0.00000000    -0.00000000
 Dipole moment /Debye                   0.00000000     0.00000000    -0.00000000


 **********************************************************************************************************************************
 DATASETS  * FILE   NREC   LENGTH (MB)   RECORD NAMES
              1      19       29.93       500      700      610      900      950      970     1000      129      960     1100   
                                          VAR     GEOM    BASINP   SYMINP    ZMAT    AOBASIS   BASIS     P2S    ABASIS      S 
                                         1400     1410     1200     1210     1080     1600     1650     1300     1700   
                                           T        V       H0       H01     AOSYM     SMH    MOLCAS    ERIS     OPER   

              3       5       14.77       500      610      700     1000     2100   
                                          VAR    BASINP    GEOM     BASIS     RHF  

 PROGRAMS   *        TOTAL       FCI       INT   RESTART
 CPU TIMES  *         0.20      0.00      0.11      0.02
 REAL TIME  *         0.38 SEC
 DISK USED  *        49.41 MB
 **********************************************************************************************************************************
 Molecular orbitals read from record     2100.3  Type=RHF/CANONICAL (state 1.1)
 Occupation numbers read from record     2100.3  Type=RHF/RHF (state 1.1)
 Orbital energies read from record       2100.3  Type=RHF/CANONICAL (state 1.1)
 Redundancy group numbers read from rec  2100.3  Type=RHF/RHF (state 1.1)

 FCI/6-31G energy=     -5.382927012720

             FCI
     -5.38292701
 **********************************************************************************************************************************
 Molpro calculation terminated
