
 Primary working directories    : /scr/yuriaoto/job.022378/molpro.PZnfUd2tIH
 Secondary working directories  : /scr/yuriaoto/job.022378/molpro.PZnfUd2tIH
 Wavefunction directory         : /scr/yuriaoto/job.022378/
 Main file repository           : /scr/yuriaoto/job.022378/molpro.PZnfUd2tIH/

 id        : yuriaoto

 Nodes             nprocs
 t-rex.ufabc.int.br    1

 Using customized tuning parameters: mindgm=8; mindgv=16; mindgc=1; mindgr=1; noblas=0; minvec=7
 default implementation of scratch files=df  


 Variables initialized (933), CPU time= 0.01 sec
 ***,
 memory,40,m
 gprint,orbital=15,basis
 gthresh,thrprint=0
 file,3,wfu.dat,new
 
 r = 5.0
 basis = cc-pVDZ
 
 symmetry,z
 geom={H1;H2,H1,r}
 
 {rhf
 wf,2,1,0
 orbital,2100.3
 }
 
 {put,xml,orbitals.xml; nosort; novariables}
 
 Commands  initialized (760), CPU time= 0.01 sec, 617 directives.
 Default parameters read. Elapsed time= 0.04 sec

 Checking input...
 Passed
1


                                         ***  PROGRAM SYSTEM MOLPRO  ***
                                       Copyright, TTI GmbH Stuttgart, 2015
                                    Version 2019.2 linked Abr  7 2019 15:10:35


 **********************************************************************************************************************************
 LABEL *                                                                                 
  64 bit serial version                                                                  DATE: 16-Oct-19          TIME: 09:37:43  
 **********************************************************************************************************************************

 SHA1:             3a8a58c585c929645742fb5a1b7541a4ad1da699
 **********************************************************************************************************************************


 THRESHOLDS:

 ZERO    =  1.00D-12  ONEINT  =  1.00D-12  TWOINT  =  1.00D-11  PREFAC  =  1.00D-14  XXXXXX  =  1.00D-09  EORDER  =  1.00D-04
 ENERGY  =  0.00D+00  ETEST   =  0.00D+00  EDENS   =  0.00D+00  THRDEDEF=  1.00D-06  GRADIENT=  1.00D-02  STEP    =  1.00D-03
 ORBITAL =  1.00D-05  CIVEC   =  1.00D-05  COEFF   =  1.00D-04  PRINTCI =  5.00D-02  PUNCHCI =  9.90D+01  OPTGRAD =  3.00D-04
 OPTENERG=  1.00D-06  OPTSTEP =  3.00D-04  THRGRAD =  1.00D-10  COMPRESS=  1.00D-11  VARMIN  =  1.00D-07  VARMAX  =  1.00D-03
 THRDOUB =  0.00D+00  THRDIV  =  1.00D-05  THRRED  =  1.00D-07  THRPSP  =  1.00D+00  THRDC   =  1.00D-10  THRCS   =  1.00D-10
 THRNRM  =  1.00D-08  THREQ   =  0.00D+00  THRDE   =  1.00D+00  THRREF  =  1.00D-05  SPARFAC =  1.00D+00  THRDLP  =  1.00D-07
 THRDIA  =  1.00D-10  THRDLS  =  1.00D-07  THRGPS  =  0.00D+00  THRKEX  =  0.00D+00  THRDIS  =  2.00D-01  THRVAR  =  1.00D-10
 THRLOC  =  1.00D-06  THRGAP  =  1.00D-06  THRLOCT = -1.00D+00  THRGAPT = -1.00D+00  THRORB  =  1.00D-06  THRMLTP =  0.00D+00
 THRCPQCI=  1.00D-10  KEXTA   =  0.00D+00  THRCOARS=  0.00D+00  SYMTOL  =  1.00D-06  GRADTOL =  1.00D-06  THROVL  =  1.00D-08
 THRORTH =  1.00D-08  GRID    =  1.00D-06  GRIDMAX =  1.00D-03  DTMAX   =  0.00D+00  THROCCDE=  1.00D-01  THROCCDE=  1.00D-01
 THRPRINT=  0.00D+00


 Variable memory set to   40000000 words,  buffer space 



 Permanent file  3  wfu.dat  assigned.  Implementation=df  



 **********************************************************************************************************************************
 DATASETS  * FILE   NREC   LENGTH (MB)   RECORD NAMES
              3       1        0.03       500   
                                          VAR  

 PROGRAMS   *        TOTAL      FILE
 CPU TIMES  *         0.10      0.00
 REAL TIME  *         0.11 SEC
 DISK USED  *         0.09 MB
 **********************************************************************************************************************************
 SETTING R              =         5.00000000                                  
 SETTING BASIS          =    CC-PVDZ
 ZSYMEL=Z  



 Recomputing integrals since basis changed


 Using spherical harmonics

 Library entry H      S cc-pVDZ              selected for orbital group  1
 Library entry H      P cc-pVDZ              selected for orbital group  1


 PROGRAM * SEWARD (Integral evaluation for generally contracted gaussian basis sets)     Author: Roland Lindh, 1990

 Geometry written to block  1 of record 700

 Orientation using atomic masses  
 Molecule type: Linear
 User-specified symmetry elements: Z
 Symmetry elements: Z
 Rotational constants:     143.2419517    143.2419517      0.0000000 GHz  (calculated with average atomic masses)

 Point group  Cs  



 ATOMIC COORDINATES

 NR  ATOM    CHARGE       X              Y              Z

   1  H1      1.00    0.000000000    0.000000000   -2.500000000
   2  H2      1.00    0.000000000    0.000000000    2.500000000


 BASIS DATA

   Nr Sym  Nuc  Type         Exponents   Contraction coefficients

    1.1 A'    1  1s          13.010000     0.019685    0.000000
    2.1 A'    2  1s           1.962000     0.137977    0.000000
                              0.444600     0.478148    0.000000
                              0.122000     0.501240    1.000000
    3.1 A'    1  2px          0.727000     1.000000
              2  2px   
    4.1 A'    1  2py          0.727000     1.000000
              2  2py   
    5.1 A'    1  2pz          0.727000     1.000000
              2 -2pz   
    1.2 A"    1  1s          13.010000     0.019685    0.000000
    2.2 A"    2 -1s           1.962000     0.137977    0.000000
                              0.444600     0.478148    0.000000
                              0.122000     0.501240    1.000000
    3.2 A"    1  2pz          0.727000     1.000000
              2  2pz   
    4.2 A"    1  2px          0.727000     1.000000
              2 -2px   
    5.2 A"    1  2py          0.727000     1.000000
              2 -2py   

 NUCLEAR CHARGE:                    2
 NUMBER OF PRIMITIVE AOS:          14
 NUMBER OF SYMMETRY AOS:           14
 NUMBER OF CONTRACTIONS:           10   (    5A'  +    5A"  )
 NUMBER OF CORE ORBITALS:           0   (    0A'  +    0A"  )
 NUMBER OF VALENCE ORBITALS:        2   (    1A'  +    1A"  )


 NUCLEAR REPULSION ENERGY    0.20000000

 EXTRA SYMMETRY OF AOS IN SYMMETRY 1:   1 1 2 3 1
 EXTRA SYMMETRY OF AOS IN SYMMETRY 2:   1 1 1 2 3

 Eigenvalues of metric

         1 0.104E+00 0.999E+00 0.100E+01 0.100E+01 0.221E+01
         2 0.832E-01 0.993E+00 0.100E+01 0.100E+01 0.161E+01


 Contracted 2-electron integrals neglected if value below      1.0D-11
 AO integral compression algorithm  1   Integral accuracy      1.0D-11

     0.262 MB (compressed) written to integral file ( 62.3%)


 NUMBER OF SORTED TWO-ELECTRON INTEGRALS:        915.     BUFFER LENGTH:  32768
 NUMBER OF SEGMENTS:   1  SEGMENT LENGTH:        915      RECORD LENGTH: 524288

 Memory used in sort:       0.56 MW

 SORT1 READ        2408. AND WROTE         347. INTEGRALS IN      1 RECORDS. CPU TIME:     0.00 SEC, REAL TIME:     0.00 SEC
 SORT2 READ         347. AND WROTE         915. INTEGRALS IN      1 RECORDS. CPU TIME:     0.00 SEC, REAL TIME:     0.01 SEC

 FILE SIZES:   FILE 1:    30.2 MBYTE,  FILE 4:     4.2 MBYTE,   TOTAL:     34.4 MBYTE

 OPERATOR DM      FOR CENTER  0  COORDINATES:    0.000000    0.000000    0.000000


 **********************************************************************************************************************************
 DATASETS  * FILE   NREC   LENGTH (MB)   RECORD NAMES
              1      19       29.94       500      610      700      900      950      970     1000      129      960     1100   
                                          VAR    BASINP    GEOM    SYMINP    ZMAT    AOBASIS   BASIS     P2S    ABASIS      S 
                                         1400     1410     1200     1210     1080     1600     1650     1300     1700   
                                           T        V       H0       H01     AOSYM     SMH    MOLCAS    ERIS     OPER   

              3       4       12.28       500      610      700     1000   
                                          VAR    BASINP    GEOM     BASIS   

 PROGRAMS   *        TOTAL       INT      FILE
 CPU TIMES  *         0.24      0.13      0.00
 REAL TIME  *         0.42 SEC
 DISK USED  *        46.93 MB
 **********************************************************************************************************************************


 PROGRAM * RHF-SCF (CLOSED SHELL)       Authors: W. Meyer, H.-J. Werner


 NUMBER OF ELECTRONS:       1+    1-    SPACE SYMMETRY=1    SPIN SYMMETRY: Singlet 
 CONVERGENCE THRESHOLDS:    1.00E-05 (Density)    1.00E-07 (Energy)
 MAX. NUMBER OF ITERATIONS:       60
 INTERPOLATION TYPE:            DIIS
 INTERPOLATION STEPS:              2 (START)      1 (STEP)
 LEVEL SHIFTS:                  0.00 (CLOSED)  0.00 (OPEN) 



 Orbital guess generated from atomic densities. Full valence occupancy:    1   1

 Molecular orbital dump at record        2100.3

 Initial occupancy:   1   0

 ITERATION    DDIFF          GRAD             ENERGY        2-EL.EN.            DIPOLE MOMENTS         DIIS   ORB.
    1      0.000D+00      0.000D+00        -0.85215994      0.745407   -0.00000    0.00000    0.00000    0    start
    2      0.000D+00      0.622D-02        -0.85241822      0.742140    0.00000    0.00000    0.00000    1    diag
    3      0.931D-02      0.892D-03        -0.85242436      0.741412    0.00000   -0.00000    0.00000    2    diag
    4      0.191D-02      0.299D-04        -0.85242437      0.741369    0.00000   -0.00000    0.00000    3    diag
    5      0.891D-04      0.945D-07        -0.85242437      0.741369    0.00000   -0.00000    0.00000    4    diag
    6      0.304D-06      0.449D-12        -0.85242437      0.741369    0.00000   -0.00000    0.00000    0    orth

 Final occupancy:   1   0

 !RHF STATE  1.1 Energy                -0.852424365607
 Nuclear energy                         0.20000000
 One-electron energy                   -1.42310908
 Two-electron energy                    0.37068472
 Virial quotient                       -1.27375347
 !RHF STATE  1.1 Dipole moment          0.00000000    -0.00000000     0.00000000
 Dipole moment /Debye                   0.00000000    -0.00000000     0.00000000

 MOLECULAR ORBITALS
 ==================

   Orb  Occ    Energy       Coefficients

                            1 1s      1 1s      1 2px     1 2py     1 2pz  

   1.1   2    -0.3409     0.717429  0.243225 -0.000000  0.000000  0.010646

   2.1   0     0.6131    -2.180024  2.155735 -0.000000  0.000000  0.045460

   3.1   0     1.4611     0.184277 -0.223964 -0.000000 -0.000000  0.999898

   4.1   0     1.4628     0.000000 -0.000000  0.707067  0.707067  0.000000

   5.1   0     1.4628     0.000000 -0.000000 -0.707067  0.707067  0.000000

                            1 1s      1 1s      1 2pz     1 2px     1 2py  

   1.2   0    -0.0952     0.773229  0.319491 -0.014321 -0.000000 -0.000000

   2.2   0     0.6728    -2.271524  2.560426 -0.065768  0.000000 -0.000000

   3.2   0     1.4677    -0.000000  0.000000  0.000000  0.460270  0.887843

   4.2   0     1.4677     0.000000 -0.000000 -0.000000  0.887843 -0.460270

   5.2   0     1.5015    -0.274503  0.373084  1.002107  0.000000 -0.000000


 HOMO      1.1    -0.340870 =      -9.2755eV
 LUMO      1.2    -0.095203 =      -2.5906eV
 LUMO-HOMO         0.245667 =       6.6849eV


 **********************************************************************************************************************************
 DATASETS  * FILE   NREC   LENGTH (MB)   RECORD NAMES
              1      19       29.94       500      610      700      900      950      970     1000      129      960     1100   
                                          VAR    BASINP    GEOM    SYMINP    ZMAT    AOBASIS   BASIS     P2S    ABASIS      S 
                                         1400     1410     1200     1210     1080     1600     1650     1300     1700   
                                           T        V       H0       H01     AOSYM     SMH    MOLCAS    ERIS     OPER   

              3       5       14.77       500      610      700     1000     2100   
                                          VAR    BASINP    GEOM     BASIS     RHF  

 PROGRAMS   *        TOTAL   RHF-SCF       INT      FILE
 CPU TIMES  *         0.36      0.11      0.13      0.00
 REAL TIME  *         0.58 SEC
 DISK USED  *        46.93 MB
 **********************************************************************************************************************************

 Dump information in style XML to orbitals.xml                                                                    

 Variables will not be exported.
 Molecular orbitals read from record     2100.3  Type=RHF/CANONICAL (state 1.1)
 Occupation numbers read from record     2100.3  Type=RHF/RHF (state 1.1)
 Orbital energies read from record       2100.3  Type=RHF/CANONICAL (state 1.1)
 Redundancy group numbers read from rec  2100.3  Type=RHF/RHF (state 1.1)

 **********************************************************************************************************************************

 RHF/cc-pVDZ energy=     -0.852424365607

         RHF-SCF
     -0.85242437
 **********************************************************************************************************************************
 Molpro calculation terminated
