
 Primary working directories    : /scr/yuriaoto/job.023703/molpro.KkiWlSyPAS
 Secondary working directories  : /scr/yuriaoto/job.023703/molpro.KkiWlSyPAS
 Wavefunction directory         : /scr/yuriaoto/job.023703/
 Main file repository           : /scr/yuriaoto/job.023703/molpro.KkiWlSyPAS/

 id        : yuriaoto

 Nodes             nprocs
 t-rex.ufabc.int.br    1

 Using customized tuning parameters: mindgm=8; mindgv=16; mindgc=1; mindgr=1; noblas=0; minvec=7
 default implementation of scratch files=df  


 Variables initialized (933), CPU time= 0.00 sec
 ***,
 memory,40,m
 gprint,orbital,basis,civector
 gthresh,printci=0.0,thrprint=0
 file,3,wfu.dat,old
 
 {bccd,SAVEORB=2150.2,print,CC_NORM_MAX=10.0
 thresh,printci=0.0,ENERGY=1.0E-10,COEFF=1.0E-12
 print,ref=1
 wf,6,1,0;
 }
 
 {put,xml,orbitals.xml; orbital,2150.2; nosort; novariables}
 
 Commands  initialized (760), CPU time= 0.01 sec, 617 directives.
 Default parameters read. Elapsed time= 0.04 sec

 Checking input...
 Passed
1


                                         ***  PROGRAM SYSTEM MOLPRO  ***
                                       Copyright, TTI GmbH Stuttgart, 2015
                                    Version 2019.2 linked Abr  7 2019 15:10:35


 **********************************************************************************************************************************
 LABEL *                                                                                 
  64 bit serial version                                                                  DATE: 05-Jun-20          TIME: 23:34:58  
 **********************************************************************************************************************************

 SHA1:             3a8a58c585c929645742fb5a1b7541a4ad1da699
 **********************************************************************************************************************************


 THRESHOLDS:

 ZERO    =  1.00D-12  ONEINT  =  1.00D-12  TWOINT  =  1.00D-11  PREFAC  =  1.00D-14  XXXXXX  =  1.00D-09  EORDER  =  1.00D-04
 ENERGY  =  0.00D+00  ETEST   =  0.00D+00  EDENS   =  0.00D+00  THRDEDEF=  1.00D-06  GRADIENT=  1.00D-02  STEP    =  1.00D-03
 ORBITAL =  1.00D-05  CIVEC   =  1.00D-05  COEFF   =  1.00D-04  PRINTCI =  0.00D+00  PUNCHCI =  9.90D+01  OPTGRAD =  3.00D-04
 OPTENERG=  1.00D-06  OPTSTEP =  3.00D-04  THRGRAD =  1.00D-10  COMPRESS=  1.00D-11  VARMIN  =  1.00D-07  VARMAX  =  1.00D-03
 THRDOUB =  0.00D+00  THRDIV  =  1.00D-05  THRRED  =  1.00D-07  THRPSP  =  1.00D+00  THRDC   =  1.00D-10  THRCS   =  1.00D-10
 THRNRM  =  1.00D-08  THREQ   =  0.00D+00  THRDE   =  1.00D+00  THRREF  =  1.00D-05  SPARFAC =  1.00D+00  THRDLP  =  1.00D-07
 THRDIA  =  1.00D-10  THRDLS  =  1.00D-07  THRGPS  =  0.00D+00  THRKEX  =  0.00D+00  THRDIS  =  2.00D-01  THRVAR  =  1.00D-10
 THRLOC  =  1.00D-06  THRGAP  =  1.00D-06  THRLOCT = -1.00D+00  THRGAPT = -1.00D+00  THRORB  =  1.00D-06  THRMLTP =  0.00D+00
 THRCPQCI=  1.00D-10  KEXTA   =  0.00D+00  THRCOARS=  0.00D+00  SYMTOL  =  1.00D-06  GRADTOL =  1.00D-06  THROVL  =  1.00D-08
 THRORTH =  1.00D-08  GRID    =  1.00D-06  GRIDMAX =  1.00D-03  DTMAX   =  0.00D+00  THROCCDE=  1.00D-01  THROCCDE=  1.00D-01
 THRPRINT=  0.00D+00


 Variable memory set to   40000000 words,  buffer space 



 Permanent file  3  wfu.dat  assigned.  Implementation=df    Size= 14.08 MB


 PROGRAM * RESTART 


 Reading variables from file 3

 _FNUC           =      0.00000000
 _BASIS          =    STO-3G
 _NELEC          =      6.00000000
 _PROGRAM        =    RHF-SCF
 _DMX_SCF        =      0.00000000
 _DMY_SCF        =      0.00000000
 _DMZ_SCF        =      0.00000000
 _HOMO           =      2.10000000
 _EHOMO          =     -0.15007102
 _LUMO           =      2.50000000
 _ELUMO          =      0.08336193
 _ENERGY         =    -14.63864283
 _ENERGY_METHOD  =    RHF
 _ENERGY_BASIS   =    STO-3G
 _ENUC           =      1.80000000
 _EPS1(1:3)      =     -2.32975138    -0.15007102     0.15828123
 _EPS2           =      0.13305715
 _EPS3           =      0.13305715
 _EPS5(1:3)      =     -2.32973347     0.08336193     0.47434817
 _EPS6           =      0.24181392
 _EPS7           =      0.24181392
 _IPROC_MPP      =      0.00000000
 _IPROC_MPPX     =      0.00000000
 _ORBITAL        =   2100.30000000
 _STATUS         =      1.00000000
 _DATE           =    21-Oct-19
 _LASTORB        =    RHF
 _OUTPUT         =    /scr/yuriaoto/job.022395/RHF.xml
 _PGROUP         =    D2h 
 _TIME           =    09:55:26
 R               =      5.00000000

 Geometry written to block  1 of record 700


 **********************************************************************************************************************************
 DATASETS  * FILE   NREC   LENGTH (MB)   RECORD NAMES
              3       5       14.77       500      610      700     1000     2100   
                                          VAR    BASINP    GEOM     BASIS     RHF  

 PROGRAMS   *        TOTAL   RESTART
 CPU TIMES  *         0.11      0.01
 REAL TIME  *         0.15 SEC
 DISK USED  *        26.84 MB
 **********************************************************************************************************************************


 Recomputing integrals since basis changed


 Using spherical harmonics

 Library entry LI     S STO-3G               selected for orbital group  1
 Library entry LI     P STO-3G               selected for orbital group  1


 PROGRAM * SEWARD (Integral evaluation for generally contracted gaussian basis sets)     Author: Roland Lindh, 1990

 Geometry written to block  1 of record 700

 Orientation using atomic masses  
 Molecule type: Linear
 User-specified symmetry elements: X,Y,Z
 Symmetry elements: X,Y,Z
 Rotational constants:      20.8009354     20.8009354      0.0000000 GHz  (calculated with average atomic masses)

 Point group  D2h 



 ATOMIC COORDINATES

 NR  ATOM    CHARGE       X              Y              Z

   1  LI1     3.00    0.000000000    0.000000000   -2.500000000
   2  LI2     3.00    0.000000000    0.000000000    2.500000000

 Bond lengths in Bohr (Angstrom)

 1-2  5.000000000
     ( 2.645886055)


 BASIS DATA

   Nr Sym  Nuc  Type         Exponents   Contraction coefficients

    1.1 Ag    1  1s          16.119575     0.154329
              2  1s           2.936201     0.535328
                              0.794651     0.444635
    2.1 Ag    1  1s           0.636290    -0.099967
              2  1s           0.147860     0.399513
                              0.048089     0.700115
    3.1 Ag    1  2pz          0.636290     0.155916
              2 -2pz          0.147860     0.607684
                              0.048089     0.391957
    1.2 B3u   1  2px          0.636290     0.155916
              2  2px          0.147860     0.607684
                              0.048089     0.391957
    1.3 B2u   1  2py          0.636290     0.155916
              2  2py          0.147860     0.607684
                              0.048089     0.391957
    1.5 B1u   1  1s          16.119575     0.154329
              2 -1s           2.936201     0.535328
                              0.794651     0.444635
    2.5 B1u   1  1s           0.636290    -0.099967
              2 -1s           0.147860     0.399513
                              0.048089     0.700115
    3.5 B1u   1  2pz          0.636290     0.155916
              2  2pz          0.147860     0.607684
                              0.048089     0.391957
    1.6 B2g   1  2px          0.636290     0.155916
              2 -2px          0.147860     0.607684
                              0.048089     0.391957
    1.7 B3g   1  2py          0.636290     0.155916
              2 -2py          0.147860     0.607684
                              0.048089     0.391957

 NUCLEAR CHARGE:                    6
 NUMBER OF PRIMITIVE AOS:          30
 NUMBER OF SYMMETRY AOS:           30
 NUMBER OF CONTRACTIONS:           10   (    3Ag  +    1B3u +    1B2u +    0B1g +    3B1u +    1B2g +    1B3g +    0Au  )
 NUMBER OF CORE ORBITALS:           2   (    1Ag  +    0B3u +    0B2u +    0B1g +    1B1u +    0B2g +    0B3g +    0Au  )
 NUMBER OF VALENCE ORBITALS:        8   (    2Ag  +    1B3u +    1B2u +    0B1g +    2B1u +    1B2g +    1B3g +    0Au  )


 NUCLEAR REPULSION ENERGY    1.80000000

 Eigenvalues of metric

         1 0.805E+00 0.104E+01 0.192E+01
         2 0.129E+01
         3 0.129E+01
         5 0.155E+00 0.846E+00 0.123E+01
         6 0.713E+00
         7 0.713E+00


 Contracted 2-electron integrals neglected if value below      1.0D-11
 AO integral compression algorithm  1   Integral accuracy      1.0D-11

     0.262 MB (compressed) written to integral file (100.0%)


 NUMBER OF SORTED TWO-ELECTRON INTEGRALS:        373.     BUFFER LENGTH:  32768
 NUMBER OF SEGMENTS:   1  SEGMENT LENGTH:        373      RECORD LENGTH: 524288

 Memory used in sort:       0.56 MW

 SORT1 READ         776. AND WROTE         373. INTEGRALS IN      1 RECORDS. CPU TIME:     0.00 SEC, REAL TIME:     0.00 SEC
 SORT2 READ         373. AND WROTE         373. INTEGRALS IN      1 RECORDS. CPU TIME:     0.00 SEC, REAL TIME:     0.00 SEC

 FILE SIZES:   FILE 1:    30.2 MBYTE,  FILE 4:     4.2 MBYTE,   TOTAL:     34.4 MBYTE

 OPERATOR DM      FOR CENTER  0  COORDINATES:    0.000000    0.000000    0.000000


 **********************************************************************************************************************************
 DATASETS  * FILE   NREC   LENGTH (MB)   RECORD NAMES
              1      19       29.94       500      700      610      900      950      970     1000      129      960     1100   
                                          VAR     GEOM    BASINP   SYMINP    ZMAT    AOBASIS   BASIS     P2S    ABASIS      S 
                                         1400     1410     1200     1210     1080     1600     1650     1300     1700   
                                           T        V       H0       H01     AOSYM     SMH    MOLCAS    ERIS     OPER   

              3       5       14.77       500      610      700     1000     2100   
                                          VAR    BASINP    GEOM     BASIS     RHF  

 PROGRAMS   *        TOTAL       INT   RESTART
 CPU TIMES  *         0.24      0.13      0.01
 REAL TIME  *         0.38 SEC
 DISK USED  *        49.42 MB
 **********************************************************************************************************************************


 PROGRAM * BCCD (Closed-shell Brueckner coupled-cluster)     Authors: C. Hampel, H.-J. Werner, 1991, M. Deegan, P.J. Knowles, 1992


 Input parameters for THRESH:

 ENERGY   =    1.00D-10
 COEFF    =    1.00D-12
 PRINTCI  =    0.000000
 THRPRINT =    0.000000

 Convergence thresholds:  THRVAR = 1.00D-24  THRDEN = 1.00D-10

 Number of core orbitals:           2 (   1   0   0   0   1   0   0 )
 Number of closed-shell orbitals:   1 (   1   0   0   0   0   0   0 )
 Number of external orbitals:       7 (   1   1   1   0   2   1   1 )

 Molecular orbitals read from record     2100.3  Type=RHF/CANONICAL (state 1.1)

 Number of N-1 electron functions:               1
 Number of N-2 electron functions:               1
 Number of singly external CSFs:                 1
 Number of doubly external CSFs:                 8
 Total number of CSFs:                          10

 Brueckner orbitals will be computed and saved on record    2150.2

 Length of J-op  integral file:               0.00 MB
 Length of K-op  integral file:               0.03 MB

 Integral transformation finished. Total CPU:   0.00 sec, npass=  1  Memory used:   0.07 MW

 Reference energy:                    -14.63864283

 MP2 singles energy:                   -0.00000000
 MP2 singlet pair energy:              -0.01589516
 MP2 triplet pair energy:               0.00000000
 MP2 correlation energy:               -0.01589516
 MP2 total energy:                    -14.65453799

 SCS-MP2 correlation energy:           -0.01907419   (PS=  1.200000  PT=  0.333333)
 SCS-MP2 total energy:                -14.65771702

 ITER.      SQ.NORM     CORR.ENERGY   TOTAL ENERGY   ENERGY CHANGE        DEN1      VAR(S)    VAR(P)  DIIS     TIME  TIME/IT
   1      1.04538541    -0.02409421   -14.66273705    -0.00819905    -0.00450123  0.23D-03  0.26D-02  1  1     0.01     0.00
   2      1.08428467    -0.02627852   -14.66488022    -0.00218431    -0.00676694  0.14D-03  0.11D-02  2  2     0.01     0.00
   3      1.09317006    -0.02815477   -14.66642281    -0.00187625    -0.00091981  0.15D-04  0.88D-04  3  3     0.01     0.00
   4      1.09773361    -0.02852260   -14.66657482    -0.00036782    -0.00064353  0.50D-07  0.44D-05  4  4     0.01     0.00
   5      1.09357054    -0.02851518   -14.66653063     0.00000742     0.00054216  0.27D-06  0.12D-05  5  5     0.01     0.00
   6      1.09672052    -0.02849670   -14.66657920     0.00001848    -0.00036236  0.13D-06  0.22D-05  6  6     0.02     0.00
   7      1.09590968    -0.02849811   -14.66654711    -0.00000141     0.00008268  0.20D-07  0.73D-07  6  3     0.02     0.00
   8      1.09617985    -0.02849474   -14.66655591     0.00000337    -0.00002576  0.38D-08  0.26D-07  6  2     0.02     0.00
   9      1.09621255    -0.02849549   -14.66655315    -0.00000074    -0.00000533  0.73D-11  0.35D-09  6  1     0.02     0.00
  10      1.09621241    -0.02849545   -14.66655280     0.00000003    -0.00000006  0.82D-11  0.94D-11  6  4     0.02     0.00
  11      1.09621234    -0.02849525   -14.66655280     0.00000021     0.00000012  0.85D-13  0.15D-11  6  5     0.02     0.00
  12      1.09621230    -0.02849520   -14.66655280     0.00000004     0.00000002  0.25D-14  0.17D-12  6  6     0.02     0.00
  13      1.09621230    -0.02849520   -14.66655280     0.00000000    -0.00000001  0.60D-14  0.77D-13  6  3     0.02     0.00
  14      1.09621230    -0.02849521   -14.66655280    -0.00000001    -0.00000000  0.48D-17  0.40D-16  6  2     0.02     0.00
  15      1.09621230    -0.02849521   -14.66655280     0.00000000     0.00000000  0.14D-17  0.81D-17  6  1     0.03     0.00
  16      1.09621230    -0.02849521   -14.66655280     0.00000000    -0.00000000  0.12D-19  0.18D-18  6  4     0.03     0.00
  17      1.09621230    -0.02849521   -14.66655280     0.00000000    -0.00000000  0.15D-21  0.17D-20  6  5     0.03     0.00
  18      1.09621230    -0.02849521   -14.66655280     0.00000000    -0.00000000  0.14D-21  0.37D-21  6  6     0.03     0.00
  19      1.09621230    -0.02849521   -14.66655280     0.00000000     0.00000000  0.12D-22  0.63D-22  6  3     0.03     0.00
  20      1.09621230    -0.02849521   -14.66655280     0.00000000    -0.00000000  0.72D-24  0.18D-22  6  2     0.03     0.00
  21      1.09621230    -0.02849521   -14.66655280    -0.00000000    -0.00000000  0.18D-24  0.83D-23  6  1     0.03     0.00
  22      1.09621230    -0.02849521   -14.66655280    -0.00000000    -0.00000000  0.16D-24  0.18D-24  6  4     0.03     0.00

 Norm of t1 vector:      0.00000000      S-energy:    -0.00000000      T1 diagnostic:  0.00000000

 Orbital rotation generators (print threshold =  0.000E+00):

         I         SYM. A    A   T(IA)

         1         1         1     -0.04024283

 Doubles amplitudes (print threshold =  0.000E+00):

         I         J         SYM. A    SYM. B    A         B      T(IJ, AB)

         1         1         1         1         1         1     -0.10135159
         1         1         2         2         1         1     -0.17032297
         1         1         3         3         1         1     -0.17032297
         1         1         5         5         1         1     -0.14798492
         1         1         5         5         1         2     -0.05195707
         1         1         5         5         2         1     -0.05195707
         1         1         5         5         2         2     -0.02488045
         1         1         6         6         1         1     -0.00115768
         1         1         7         7         1         1     -0.00115768


 RESULTS
 =======

  Reference energy                    -14.638057590323
  BCCD singlet pair energy             -0.028495205074
  BCCD triplet pair energy              0.000000000000
  BCCD correlation energy              -0.028495205074

 !BCCD total energy                   -14.666552795397

 Approximate expectation values using Brueckner orbitals

 !BCCD(ref) STATE  1.1 Dipole momen     0.00000000     0.00000000     0.00000000
 Dipole moment /Debye                   0.00000000     0.00000000     0.00000000

 Brueckner orbitals saved on record           2150.2 (orbital set 1)
 Brueckner density (ref) saved on record      2150.2 (density set 1)

 Brueckner orbitals
 ==================

   Orb     Occ           Coefficients

                         1 1s      1 1s      1 2pz  

   2.1    2.0000000   -0.282912  0.816309  0.106497

 Timing summary (sec):

 STEP                 CPU(USER)    SYS     CPU(TOT)    WALL
 Transformation          0.01      0.00      0.01      0.01
 CCSD iterations         0.04      0.02      0.06      0.06

 Program statistics:

 Available memory in ccsd:                39999196
 Min. memory needed in ccsd:                   306
 Max. memory used in ccsd:                     306
 Max. memory used in cckext:                 33019 (22 integral passes)



 **********************************************************************************************************************************
 DATASETS  * FILE   NREC   LENGTH (MB)   RECORD NAMES
              1      20       29.95       500      700      610      900      950      970     1000      129      960     1100   
                                          VAR     GEOM    BASINP   SYMINP    ZMAT    AOBASIS   BASIS     P2S    ABASIS      S 
                                         1400     1410     1200     1210     1080     1600     1650     1300     1700     1380   
                                           T        V       H0       H01     AOSYM     SMH    MOLCAS    ERIS     OPER     JKOP   

              2       4        2.74       700     1000      520     2150   
                                         GEOM     BASIS   MCVARS    BCCD   

              3       5       14.77       500      610      700     1000     2100   
                                          VAR    BASINP    GEOM     BASIS     RHF  

 PROGRAMS   *        TOTAL      BCCD       INT   RESTART
 CPU TIMES  *         0.32      0.08      0.13      0.01
 REAL TIME  *         0.47 SEC
 DISK USED  *        49.42 MB
 **********************************************************************************************************************************

 Dump information in style XML to orbitals.xml                                                                    

 Variables will not be exported.
 Molecular orbitals read from record     2150.2  Type=BCCD/BRUECKNER (state 1.1)
 Occupation numbers read from record     2150.2  Type=BCCD/BRUECKNER (state 1.1)

 No orbital energies found for orbital set 0

 No redundancy group numbers found for orbital set 0

 **********************************************************************************************************************************

 BCCD/STO-3G energy=    -14.666552795397

            BCCD
    -14.66655280
 **********************************************************************************************************************************
 Molpro calculation terminated
